----------- Loading graphs ------------
# vertices = 403394  # edges = 2199067  vlabel size = 6  elabel size = 1
Load Graphs Time: 1569.7579346ms
------------ Preprocessing ------------
Preprocessing: 127.4990311ms
----------- Initial Matching ----------
Initial Matching: 5488.3051758ms
226252450 matches. 

Peak Virtual Memory: 367.1640625 MB
--------- Incremental Matching --------
# update size = 244341
#Time: 18970.572266 ms 
query: /home/v-haibinlai/haibin/ParaCOSM/ParaCOSM/CSM/generated_slow_queries/8v/generated_queries/Q_gen_006
0 vertex updates.
244341 edge updates.
300898948 positive matches.
0 negative matches.
#num: 300898948

# edges in index in total: 0
# vertices in index in total: 0
Peak Virtual Memory: 447.4453125 MB

----------------- End -----------------
