----------- Loading graphs ------------
# vertices = 7
# edges = 6
# vertices = 4847571
# edges = 38566113
Load Graphs: 42741.5ms
------------ Preprocessing ------------
matching order: 
-vertex(backward neighbors)-
#0: 0-4(0)-2(4)-3(2)-5(0)-1(3)-6(5)
#1: 2-4(2)-0(4)-3(2)-5(0)-1(3)-6(5)
#2: 3-2(3)-4(2)-0(4)-5(0)-1(3)-6(5)
#3: 5-0(5)-4(0)-2(4)-3(2)-1(3)-6(5)
#4: 1-3(1)-2(3)-4(2)-0(4)-5(0)-6(5)
#5: 6-5(6)-0(5)-4(0)-2(4)-3(2)-1(3)

Preprocessing: 6.163ms
--------- Incremental Matching --------
auto_tuning off:0
use 8 threads for incresemental matching 
Start with 4285124 Update
Incremental Matching: 136320ms
0 vertex updates.
4285124 edge updates.
25290 unsafe updates.
3408289256 positive matches.
0 negative matches.

# edges in index in total: 0
# vertices in index in total: 0
Peak Virtual Memory: 2347812 KB

----------------- End -----------------
