----------- Loading graphs ------------
# vertices = 7
# edges = 6
# vertices = 4847571
# edges = 38566113
Load Graphs: 40144.8ms
------------ Preprocessing ------------
matching order: 
-vertex(backward neighbors)-
#0: 2-3(2)-1(3)-0(1)-4(0)-5(2)-6(2)
#1: 1-3(1)-2(3)-0(1)-4(0)-5(2)-6(2)
#2: 0-1(0)-3(1)-2(3)-4(0)-5(2)-6(2)
#3: 4-0(4)-1(0)-3(1)-2(3)-5(2)-6(2)
#4: 5-2(5)-3(2)-1(3)-0(1)-4(0)-6(2)
#5: 6-2(6)-3(2)-1(3)-0(1)-4(0)-5(2)

Preprocessing: 4.239ms
--------- Incremental Matching --------
auto_tuning off:0
use 8 threads for incresemental matching 
Start with 4285124 Update
Incremental Matching: 306931ms
0 vertex updates.
4285124 edge updates.
27104 unsafe updates.
8369736447 positive matches.
0 negative matches.

# edges in index in total: 0
# vertices in index in total: 0
Peak Virtual Memory: 2321792 KB

----------------- End -----------------
