----------- Loading graphs ------------
# vertices = 7
# edges = 10
# vertices = 4847571
# edges = 38566113
Load Graphs: 40213.2ms
------------ Preprocessing ------------
matching order: 
-vertex(backward neighbors)-
#0: 3-0(3)-4(0,3)-5(0,3,4)-6(0,3)-1(3)-2(1)
#1: 4-0(4)-3(0,4)-5(0,3,4)-6(0,3)-1(3)-2(1)
#2: 4-3(4)-0(3,4)-5(0,3,4)-6(0,3)-1(3)-2(1)
#3: 5-0(5)-3(0,5)-4(0,3,5)-6(0,3)-1(3)-2(1)
#4: 5-3(5)-0(3,5)-4(0,3,5)-6(0,3)-1(3)-2(1)
#5: 5-4(5)-3(4,5)-0(3,4,5)-6(0,3)-1(3)-2(1)
#6: 6-0(6)-3(0,6)-4(0,3)-5(0,3,4)-1(3)-2(1)
#7: 6-3(6)-0(3,6)-4(0,3)-5(0,3,4)-1(3)-2(1)
#8: 1-3(1)-0(3)-4(0,3)-5(0,3,4)-6(0,3)-2(1)
#9: 2-1(2)-3(1)-0(3)-4(0,3)-5(0,3,4)-6(0,3)

Preprocessing: 0.371ms
--------- Incremental Matching --------
auto_tuning off:0
use 1 threads for incresemental matching 
Start with 4285124 Update
