----------- Loading graphs ------------
# vertices = 7
# edges = 6
# vertices = 4847571
# edges = 38566113
Load Graphs: 43595.6ms
------------ Preprocessing ------------
matching order: 
-vertex(backward neighbors)-
#0: 1-2(1)-4(2)-5(4)-0(5)-3(1)-6(1)
#1: 4-2(4)-1(2)-5(4)-0(5)-3(1)-6(1)
#2: 5-4(5)-2(4)-1(2)-0(5)-3(1)-6(1)
#3: 0-5(0)-4(5)-2(4)-1(2)-3(1)-6(1)
#4: 3-1(3)-2(1)-4(2)-5(4)-0(5)-6(1)
#5: 6-1(6)-2(1)-4(2)-5(4)-0(5)-3(1)

Preprocessing: 4.536ms
--------- Incremental Matching --------
auto_tuning off:0
use 8 threads for incresemental matching 
Start with 4285124 Update
Incremental Matching: 537346ms
0 vertex updates.
4285124 edge updates.
26607 unsafe updates.
8862993387 positive matches.
0 negative matches.

# edges in index in total: 0
# vertices in index in total: 0
Peak Virtual Memory: 2403556 KB

----------------- End -----------------
