----------- Loading graphs ------------
# vertices = 7
# edges = 15
# vertices = 4847571
# edges = 38566113
Load Graphs: 41920.3ms
------------ Preprocessing ------------
matching order: 
-vertex(backward neighbors)-
#0: 0-1(0)-5(0,1)-6(0,1,5)-4(1,5,6)-3(0,4,5)-2(0,1,3)
#1: 5-0(5)-1(0,5)-6(0,1,5)-4(1,5,6)-3(0,4,5)-2(0,1,3)
#2: 5-1(5)-0(1,5)-6(0,1,5)-4(1,5,6)-3(0,4,5)-2(0,1,3)
#3: 6-0(6)-1(0,6)-5(0,1,6)-4(1,5,6)-3(0,4,5)-2(0,1,3)
#4: 6-1(6)-0(1,6)-5(0,1,6)-4(1,5,6)-3(0,4,5)-2(0,1,3)
#5: 6-5(6)-0(5,6)-1(0,5,6)-4(1,5,6)-3(0,4,5)-2(0,1,3)
#6: 4-1(4)-5(1,4)-6(1,4,5)-0(1,5,6)-3(0,4,5)-2(0,1,3)
#7: 4-5(4)-1(4,5)-6(1,4,5)-0(1,5,6)-3(0,4,5)-2(0,1,3)
#8: 4-6(4)-1(4,6)-5(1,4,6)-0(1,5,6)-3(0,4,5)-2(0,1,3)
#9: 3-0(3)-5(0,3)-1(0,5)-4(1,3,5)-6(0,1,4,5)-2(0,1,3)
#10: 3-4(3)-5(3,4)-0(3,5)-1(0,4,5)-6(0,1,4,5)-2(0,1,3)
#11: 3-5(3)-0(3,5)-1(0,5)-4(1,3,5)-6(0,1,4,5)-2(0,1,3)
#12: 2-0(2)-1(0,2)-5(0,1)-3(0,2,5)-4(1,3,5)-6(0,1,4,5)
#13: 2-1(2)-0(1,2)-5(0,1)-3(0,2,5)-4(1,3,5)-6(0,1,4,5)
#14: 2-3(2)-0(2,3)-1(0,2)-5(0,1,3)-4(1,3,5)-6(0,1,4,5)

Preprocessing: 5.292ms
--------- Incremental Matching --------
auto_tuning off:0
use 8 threads for incresemental matching 
Start with 4285124 Update
Incremental Matching: 21525.7ms
0 vertex updates.
4285124 edge updates.
8566 unsafe updates.
222816198 positive matches.
0 negative matches.

# edges in index in total: 0
# vertices in index in total: 0
Peak Virtual Memory: 2308960 KB

----------------- End -----------------
