----------- Loading graphs ------------
# vertices = 7
# edges = 7
# vertices = 4847571
# edges = 38566113
Load Graphs: 39723.5ms
------------ Preprocessing ------------
matching order: 
-vertex(backward neighbors)-
#0: 1-2(1)-5(1,2)-4(1)-3(4)-0(2)-6(3)
#1: 5-1(5)-2(1,5)-4(1)-3(4)-0(2)-6(3)
#2: 5-2(5)-1(2,5)-4(1)-3(4)-0(2)-6(3)
#3: 4-1(4)-2(1)-5(1,2)-3(4)-0(2)-6(3)
#4: 3-4(3)-1(4)-2(1)-5(1,2)-0(2)-6(3)
#5: 0-2(0)-1(2)-5(1,2)-4(1)-3(4)-6(3)
#6: 6-3(6)-4(3)-1(4)-2(1)-5(1,2)-0(2)

Preprocessing: 0.359ms
--------- Incremental Matching --------
auto_tuning off:0
use 1 threads for incresemental matching 
Start with 4285124 Update
Incremental Matching: 184489ms
0 vertex updates.
4285124 edge updates.
17984 unsafe updates.
1304322508 positive matches.
0 negative matches.

# edges in index in total: 0
# vertices in index in total: 0
Peak Virtual Memory: 1657416 KB

----------------- End -----------------
