----------- Loading graphs ------------
# vertices = 7
# edges = 11
# vertices = 4847571
# edges = 38566113
Load Graphs: 39460.5ms
------------ Preprocessing ------------
matching order: 
-vertex(backward neighbors)-
#0: 1-3(1)-2(1,3)-0(1,2,3)-4(1,2,3)-5(1)-6(3)
#1: 2-1(2)-3(1,2)-0(1,2,3)-4(1,2,3)-5(1)-6(3)
#2: 2-3(2)-1(2,3)-0(1,2,3)-4(1,2,3)-5(1)-6(3)
#3: 0-1(0)-3(0,1)-2(0,1,3)-4(1,2,3)-5(1)-6(3)
#4: 0-2(0)-1(0,2)-3(0,1,2)-4(1,2,3)-5(1)-6(3)
#5: 0-3(0)-1(0,3)-2(0,1,3)-4(1,2,3)-5(1)-6(3)
#6: 4-1(4)-3(1,4)-2(1,3,4)-0(1,2,3)-5(1)-6(3)
#7: 4-2(4)-1(2,4)-3(1,2,4)-0(1,2,3)-5(1)-6(3)
#8: 4-3(4)-1(3,4)-2(1,3,4)-0(1,2,3)-5(1)-6(3)
#9: 5-1(5)-3(1)-2(1,3)-0(1,2,3)-4(1,2,3)-6(3)
#10: 6-3(6)-1(3)-2(1,3)-0(1,2,3)-4(1,2,3)-5(1)

Preprocessing: 4.749ms
--------- Incremental Matching --------
auto_tuning off:0
use 8 threads for incresemental matching 
Start with 4285124 Update
Incremental Matching: 22688.2ms
0 vertex updates.
4285124 edge updates.
3120 unsafe updates.
405835546 positive matches.
0 negative matches.

# edges in index in total: 0
# vertices in index in total: 0
Peak Virtual Memory: 2318344 KB

----------------- End -----------------
