----------- Loading graphs ------------
# vertices = 7
# edges = 7
# vertices = 4847571
# edges = 38566113
Load Graphs: 39391.3ms
------------ Preprocessing ------------
matching order: 
-vertex(backward neighbors)-
#0: 0-1(0)-2(0)-6(0,2)-5(1)-3(5)-4(3)
#1: 2-0(2)-6(0,2)-1(0)-5(1)-3(5)-4(3)
#2: 6-0(6)-2(0,6)-1(0)-5(1)-3(5)-4(3)
#3: 6-2(6)-0(2,6)-1(0)-5(1)-3(5)-4(3)
#4: 5-1(5)-0(1)-2(0)-6(0,2)-3(5)-4(3)
#5: 3-5(3)-1(5)-0(1)-2(0)-6(0,2)-4(3)
#6: 4-3(4)-5(3)-1(5)-0(1)-2(0)-6(0,2)

Preprocessing: 4.783ms
--------- Incremental Matching --------
auto_tuning off:0
use 8 threads for incresemental matching 
Start with 4285124 Update
Incremental Matching: 39615.6ms
0 vertex updates.
4285124 edge updates.
18684 unsafe updates.
583127001 positive matches.
0 negative matches.

# edges in index in total: 0
# vertices in index in total: 0
Peak Virtual Memory: 2343012 KB

----------------- End -----------------
