----------- Loading graphs ------------
# vertices = 7
# edges = 11
# vertices = 4847571
# edges = 38566113
Load Graphs: 39178.9ms
------------ Preprocessing ------------
matching order: 
-vertex(backward neighbors)-
#0: 1-2(1)-3(1,2)-4(1,2,3)-5(1,3,4)-0(1)-6(2)
#1: 3-1(3)-2(1,3)-4(1,2,3)-5(1,3,4)-0(1)-6(2)
#2: 3-2(3)-1(2,3)-4(1,2,3)-5(1,3,4)-0(1)-6(2)
#3: 4-1(4)-2(1,4)-3(1,2,4)-5(1,3,4)-0(1)-6(2)
#4: 4-2(4)-1(2,4)-3(1,2,4)-5(1,3,4)-0(1)-6(2)
#5: 4-3(4)-1(3,4)-2(1,3,4)-5(1,3,4)-0(1)-6(2)
#6: 5-1(5)-3(1,5)-4(1,3,5)-2(1,3,4)-0(1)-6(2)
#7: 5-3(5)-1(3,5)-4(1,3,5)-2(1,3,4)-0(1)-6(2)
#8: 5-4(5)-1(4,5)-3(1,4,5)-2(1,3,4)-0(1)-6(2)
#9: 0-1(0)-2(1)-3(1,2)-4(1,2,3)-5(1,3,4)-6(2)
#10: 6-2(6)-1(2)-3(1,2)-4(1,2,3)-5(1,3,4)-0(1)

Preprocessing: 0.398ms
--------- Incremental Matching --------
auto_tuning off:0
use 1 threads for incresemental matching 
Start with 4285124 Update
Incremental Matching: 53435.6ms
0 vertex updates.
4285124 edge updates.
8295 unsafe updates.
400835310 positive matches.
0 negative matches.

# edges in index in total: 0
# vertices in index in total: 0
Peak Virtual Memory: 1657508 KB

----------------- End -----------------
