----------- Loading graphs ------------
# vertices = 7
# edges = 7
# vertices = 4847571
# edges = 38566113
Load Graphs: 41235.6ms
------------ Preprocessing ------------
matching order: 
-vertex(backward neighbors)-
#0: 3-0(3)-1(0)-2(3)-6(2,3)-4(1)-5(4)
#1: 1-0(1)-3(0)-2(3)-6(2,3)-4(1)-5(4)
#2: 2-3(2)-6(2,3)-0(3)-1(0)-4(1)-5(4)
#3: 6-2(6)-3(2,6)-0(3)-1(0)-4(1)-5(4)
#4: 6-3(6)-2(3,6)-0(3)-1(0)-4(1)-5(4)
#5: 4-1(4)-0(1)-3(0)-2(3)-6(2,3)-5(4)
#6: 5-4(5)-1(4)-0(1)-3(0)-2(3)-6(2,3)

Preprocessing: 4.165ms
--------- Incremental Matching --------
auto_tuning off:0
use 8 threads for incresemental matching 
Start with 4285124 Update
Incremental Matching: 58140ms
0 vertex updates.
4285124 edge updates.
19230 unsafe updates.
855785572 positive matches.
0 negative matches.

# edges in index in total: 0
# vertices in index in total: 0
Peak Virtual Memory: 2323628 KB

----------------- End -----------------
