----------- Loading graphs ------------
# vertices = 7
# edges = 11
# vertices = 4847571
# edges = 38566113
Load Graphs: 40551.4ms
------------ Preprocessing ------------
matching order: 
-vertex(backward neighbors)-
#0: 0-3(0)-4(0,3)-5(0,3,4)-1(0,5)-2(3,4)-6(1)
#1: 4-0(4)-3(0,4)-5(0,3,4)-1(0,5)-2(3,4)-6(1)
#2: 4-3(4)-0(3,4)-5(0,3,4)-1(0,5)-2(3,4)-6(1)
#3: 5-0(5)-3(0,5)-4(0,3,5)-1(0,5)-2(3,4)-6(1)
#4: 5-3(5)-0(3,5)-4(0,3,5)-1(0,5)-2(3,4)-6(1)
#5: 5-4(5)-0(4,5)-3(0,4,5)-1(0,5)-2(3,4)-6(1)
#6: 1-0(1)-5(0,1)-3(0,5)-4(0,3,5)-2(3,4)-6(1)
#7: 1-5(1)-0(1,5)-3(0,5)-4(0,3,5)-2(3,4)-6(1)
#8: 2-3(2)-4(2,3)-0(3,4)-5(0,3,4)-1(0,5)-6(1)
#9: 2-4(2)-3(2,4)-0(3,4)-5(0,3,4)-1(0,5)-6(1)
#10: 6-1(6)-0(1)-5(0,1)-3(0,5)-4(0,3,5)-2(3,4)

Preprocessing: 0.402ms
--------- Incremental Matching --------
auto_tuning off:0
use 1 threads for incresemental matching 
Start with 4285124 Update
Incremental Matching: 72541.9ms
0 vertex updates.
4285124 edge updates.
7737 unsafe updates.
416868253 positive matches.
0 negative matches.

# edges in index in total: 0
# vertices in index in total: 0
Peak Virtual Memory: 1657432 KB

----------------- End -----------------
