----------- Loading graphs ------------
# vertices = 7
# edges = 7
# vertices = 4847571
# edges = 38566113
Load Graphs: 41264.6ms
------------ Preprocessing ------------
matching order: 
-vertex(backward neighbors)-
#0: 1-4(1)-3(1,4)-2(4)-5(2)-0(1)-6(5)
#1: 3-1(3)-4(1,3)-2(4)-5(2)-0(1)-6(5)
#2: 3-4(3)-1(3,4)-2(4)-5(2)-0(1)-6(5)
#3: 2-4(2)-1(4)-3(1,4)-5(2)-0(1)-6(5)
#4: 5-2(5)-4(2)-1(4)-3(1,4)-0(1)-6(5)
#5: 0-1(0)-4(1)-3(1,4)-2(4)-5(2)-6(5)
#6: 6-5(6)-2(5)-4(2)-1(4)-3(1,4)-0(1)

Preprocessing: 4.539ms
--------- Incremental Matching --------
auto_tuning off:0
use 8 threads for incresemental matching 
Start with 4285124 Update
Incremental Matching: 53350.6ms
0 vertex updates.
4285124 edge updates.
15683 unsafe updates.
1027842341 positive matches.
0 negative matches.

# edges in index in total: 0
# vertices in index in total: 0
Peak Virtual Memory: 2313464 KB

----------------- End -----------------
