----------- Loading graphs ------------
# vertices = 7
# edges = 8
# vertices = 4847571
# edges = 38566113
Load Graphs: 42572.5ms
------------ Preprocessing ------------
matching order: 
-vertex(backward neighbors)-
#0: 4-0(4)-3(0,4)-2(0,3)-1(2)-5(4)-6(4)
#1: 3-0(3)-4(0,3)-2(0,3)-1(2)-5(4)-6(4)
#2: 3-4(3)-0(3,4)-2(0,3)-1(2)-5(4)-6(4)
#3: 2-0(2)-3(0,2)-4(0,3)-1(2)-5(4)-6(4)
#4: 2-3(2)-0(2,3)-4(0,3)-1(2)-5(4)-6(4)
#5: 1-2(1)-0(2)-3(0,2)-4(0,3)-5(4)-6(4)
#6: 5-4(5)-0(4)-3(0,4)-2(0,3)-1(2)-6(4)
#7: 6-4(6)-0(4)-3(0,4)-2(0,3)-1(2)-5(4)

Preprocessing: 4.494ms
--------- Incremental Matching --------
auto_tuning off:0
use 8 threads for incresemental matching 
Start with 4285124 Update
Incremental Matching: 137442ms
0 vertex updates.
4285124 edge updates.
11540 unsafe updates.
2281114837 positive matches.
0 negative matches.

# edges in index in total: 0
# vertices in index in total: 0
Peak Virtual Memory: 2313244 KB

----------------- End -----------------
