----------- Loading graphs ------------
# vertices = 8
# edges = 10
# vertices = 4847571
# edges = 38566113
Load Graphs: 39156ms
------------ Preprocessing ------------
matching order: 
-vertex(backward neighbors)-
#0: 1-0(1)-5(0,1)-3(1)-7(0,3)-2(1)-4(2)-6(3,4)
#1: 5-0(5)-1(0,5)-3(1)-7(0,3)-2(1)-4(2)-6(3,4)
#2: 5-1(5)-0(1,5)-3(1)-7(0,3)-2(1)-4(2)-6(3,4)
#3: 3-1(3)-0(1)-5(0,1)-7(0,3)-2(1)-4(2)-6(3,4)
#4: 7-0(7)-1(0)-3(1,7)-5(0,1)-2(1)-4(2)-6(3,4)
#5: 7-3(7)-1(3)-0(1,7)-5(0,1)-2(1)-4(2)-6(3,4)
#6: 2-1(2)-0(1)-5(0,1)-3(1)-7(0,3)-4(2)-6(3,4)
#7: 4-2(4)-1(2)-0(1)-5(0,1)-3(1)-6(3,4)-7(0,3)
#8: 6-3(6)-1(3)-0(1)-5(0,1)-7(0,3)-2(1)-4(2,6)
#9: 6-4(6)-3(6)-1(3)-2(1,4)-0(1)-5(0,1)-7(0,3)

Preprocessing: 4.936ms
--------- Incremental Matching --------
auto_tuning off:0
use 8 threads for incresemental matching 
Start with 4285124 Update
