----------- Loading graphs ------------
# vertices = 8
# edges = 15
# vertices = 4847571
# edges = 38566113
Load Graphs: 39613.3ms
------------ Preprocessing ------------
matching order: 
-vertex(backward neighbors)-
#0: 1-2(1)-6(1,2)-3(1,2,6)-0(2,3,6)-7(1,6)-4(1,2,7)-5(7)
#1: 6-1(6)-2(1,6)-3(1,2,6)-0(2,3,6)-7(1,6)-4(1,2,7)-5(7)
#2: 6-2(6)-1(2,6)-3(1,2,6)-0(2,3,6)-7(1,6)-4(1,2,7)-5(7)
#3: 3-1(3)-2(1,3)-6(1,2,3)-0(2,3,6)-7(1,6)-4(1,2,7)-5(7)
#4: 3-2(3)-1(2,3)-6(1,2,3)-0(2,3,6)-7(1,6)-4(1,2,7)-5(7)
#5: 3-6(3)-1(3,6)-2(1,3,6)-0(2,3,6)-7(1,6)-4(1,2,7)-5(7)
#6: 0-2(0)-6(0,2)-3(0,2,6)-1(2,3,6)-7(1,6)-4(1,2,7)-5(7)
#7: 0-3(0)-2(0,3)-6(0,2,3)-1(2,3,6)-7(1,6)-4(1,2,7)-5(7)
#8: 0-6(0)-2(0,6)-3(0,2,6)-1(2,3,6)-7(1,6)-4(1,2,7)-5(7)
#9: 7-1(7)-6(1,7)-2(1,6)-3(1,2,6)-0(2,3,6)-4(1,2,7)-5(7)
#10: 7-6(7)-1(6,7)-2(1,6)-3(1,2,6)-0(2,3,6)-4(1,2,7)-5(7)
#11: 4-1(4)-2(1,4)-6(1,2)-3(1,2,6)-7(1,4,6)-0(2,3,6)-5(7)
#12: 4-2(4)-1(2,4)-6(1,2)-3(1,2,6)-7(1,4,6)-0(2,3,6)-5(7)
#13: 4-7(4)-1(4,7)-2(1,4)-6(1,2,7)-3(1,2,6)-0(2,3,6)-5(7)
#14: 5-7(5)-1(7)-6(1,7)-2(1,6)-3(1,2,6)-0(2,3,6)-4(1,2,7)

Preprocessing: 4.755ms
--------- Incremental Matching --------
auto_tuning off:0
use 8 threads for incresemental matching 
Start with 4285124 Update
