----------- Loading graphs ------------
# vertices = 8
# edges = 14
# vertices = 4847571
# edges = 38566113
Load Graphs: 40771.6ms
------------ Preprocessing ------------
matching order: 
-vertex(backward neighbors)-
#0: 0-1(0)-6(0,1)-7(0,1)-2(0,1)-5(0,2,7)-3(6,7)-4(0,6)
#1: 6-0(6)-1(0,6)-7(0,1)-2(0,1)-5(0,2,7)-3(6,7)-4(0,6)
#2: 6-1(6)-0(1,6)-7(0,1)-2(0,1)-5(0,2,7)-3(6,7)-4(0,6)
#3: 7-0(7)-1(0,7)-6(0,1)-2(0,1)-5(0,2,7)-3(6,7)-4(0,6)
#4: 7-1(7)-0(1,7)-6(0,1)-2(0,1)-5(0,2,7)-3(6,7)-4(0,6)
#5: 2-0(2)-1(0,2)-6(0,1)-7(0,1)-5(0,2,7)-3(6,7)-4(0,6)
#6: 2-1(2)-0(1,2)-6(0,1)-7(0,1)-5(0,2,7)-3(6,7)-4(0,6)
#7: 5-0(5)-7(0,5)-1(0,7)-2(0,1,5)-6(0,1)-3(6,7)-4(0,6)
#8: 5-2(5)-0(2,5)-1(0,2)-7(0,1,5)-6(0,1)-3(6,7)-4(0,6)
#9: 5-7(5)-0(5,7)-1(0,7)-2(0,1,5)-6(0,1)-3(6,7)-4(0,6)
#10: 3-6(3)-0(6)-1(0,6)-7(0,1,3)-2(0,1)-5(0,2,7)-4(0,6)
#11: 3-7(3)-0(7)-1(0,7)-6(0,1,3)-2(0,1)-5(0,2,7)-4(0,6)
#12: 4-0(4)-6(0,4)-1(0,6)-7(0,1)-2(0,1)-5(0,2,7)-3(6,7)
#13: 4-6(4)-0(4,6)-1(0,6)-7(0,1)-2(0,1)-5(0,2,7)-3(6,7)

Preprocessing: 4.777ms
--------- Incremental Matching --------
auto_tuning off:0
use 8 threads for incresemental matching 
Start with 4285124 Update
