----------- Loading graphs ------------
# vertices = 8
# edges = 8
# vertices = 4847571
# edges = 38566113
Load Graphs: 40341.5ms
------------ Preprocessing ------------
matching order: 
-vertex(backward neighbors)-
#0: 7-3(7)-1(7)-5(1,3)-0(3)-2(7)-4(7)-6(7)
#1: 1-7(1)-3(7)-5(1,3)-0(3)-2(7)-4(7)-6(7)
#2: 5-1(5)-7(1)-3(5,7)-0(3)-2(7)-4(7)-6(7)
#3: 5-3(5)-7(3)-1(5,7)-0(3)-2(7)-4(7)-6(7)
#4: 0-3(0)-7(3)-1(7)-5(1,3)-2(7)-4(7)-6(7)
#5: 2-7(2)-3(7)-1(7)-5(1,3)-0(3)-4(7)-6(7)
#6: 4-7(4)-3(7)-1(7)-5(1,3)-0(3)-2(7)-6(7)
#7: 6-7(6)-3(7)-1(7)-5(1,3)-0(3)-2(7)-4(7)

Preprocessing: 4.704ms
--------- Incremental Matching --------
auto_tuning off:0
use 8 threads for incresemental matching 
Start with 4285124 Update
