----------- Loading graphs ------------
# vertices = 403394  # edges = 2199067  vlabel size = 6  elabel size = 1
Load Graphs Time: 1453.8454590ms
------------ Preprocessing ------------
Preprocessing: 118.4844131ms
----------- Initial Matching ----------
Initial Matching: 328.5258484ms
94682488 matches. 

Peak Virtual Memory: 367.2929688 MB
--------- Incremental Matching --------
# update size = 244341
#Time: 1603.927368 ms 
query: /home/v-haibinlai/haibin/ParaCOSM/ParaCOSM/CSM/generated_slow_queries/9v/generated_queries/Q_gen_014
0 vertex updates.
244341 edge updates.
303803471 positive matches.
0 negative matches.
#num: 303803471

# edges in index in total: 0
# vertices in index in total: 0
Peak Virtual Memory: 447.4531250 MB

----------------- End -----------------
