----------- Loading graphs ------------
# vertices = 403394  # edges = 2199067  vlabel size = 6  elabel size = 1
Load Graphs Time: 1718.8620605ms
------------ Preprocessing ------------
Preprocessing: 131.3522949ms
----------- Initial Matching ----------
Initial Matching: 1203.8980713ms
7136570 matches. 

Peak Virtual Memory: 367.2929688 MB
--------- Incremental Matching --------
# update size = 244341
#Time: 2943.885986 ms 
query: /home/v-haibinlai/haibin/ParaCOSM/ParaCOSM/CSM/generated_slow_queries/9v/generated_queries/Q_gen_021
0 vertex updates.
244341 edge updates.
24189519 positive matches.
0 negative matches.
#num: 24189519

# edges in index in total: 0
# vertices in index in total: 0
Peak Virtual Memory: 583.4570312 MB

----------------- End -----------------
