----------- Loading graphs ------------
# vertices = 403394  # edges = 2199067  vlabel size = 6  elabel size = 1
Load Graphs Time: 1454.3330078ms
------------ Preprocessing ------------
Preprocessing: 121.5880203ms
----------- Initial Matching ----------
Initial Matching: 1332.3978271ms
1355086 matches. 

Peak Virtual Memory: 367.2929688 MB
--------- Incremental Matching --------
# update size = 244341
#Time: 4309.683594 ms 
query: /home/v-haibinlai/haibin/ParaCOSM/ParaCOSM/CSM/generated_slow_queries/9v/generated_queries/Q_gen_009
0 vertex updates.
244341 edge updates.
3685779 positive matches.
0 negative matches.
#num: 3685779

# edges in index in total: 0
# vertices in index in total: 0
Peak Virtual Memory: 447.4531250 MB

----------------- End -----------------
