----------- Loading graphs ------------
# vertices = 403394  # edges = 2199067  vlabel size = 6  elabel size = 1
Load Graphs Time: 1496.8199463ms
------------ Preprocessing ------------
Preprocessing: 124.7902145ms
----------- Initial Matching ----------
Initial Matching: 3713.4436035ms
24536909 matches. 

Peak Virtual Memory: 367.2929688 MB
--------- Incremental Matching --------
# update size = 244341
#Time: 12386.394531 ms 
query: /home/v-haibinlai/haibin/ParaCOSM/ParaCOSM/CSM/generated_slow_queries/9v/generated_queries/Q_gen_013
0 vertex updates.
244341 edge updates.
52646600 positive matches.
0 negative matches.
#num: 52646600

# edges in index in total: 0
# vertices in index in total: 0
Peak Virtual Memory: 447.4531250 MB

----------------- End -----------------
