----------- Loading graphs ------------
# vertices = 403394  # edges = 2199067  vlabel size = 6  elabel size = 1
Load Graphs Time: 1493.9196777ms
------------ Preprocessing ------------
Preprocessing: 120.3691864ms
----------- Initial Matching ----------
Initial Matching: 365.1453857ms
911708 matches. 

Peak Virtual Memory: 367.2929688 MB
--------- Incremental Matching --------
# update size = 244341
#Time: 1788.879395 ms 
query: /home/v-haibinlai/haibin/ParaCOSM/ParaCOSM/CSM/generated_slow_queries/9v/generated_queries/Q_gen_005
0 vertex updates.
244341 edge updates.
2581245 positive matches.
0 negative matches.
#num: 2581245

# edges in index in total: 0
# vertices in index in total: 0
Peak Virtual Memory: 719.4609375 MB

----------------- End -----------------
