----------- Loading graphs ------------
# vertices = 403394  # edges = 2199067  vlabel size = 6  elabel size = 1
Load Graphs Time: 1519.6718750ms
------------ Preprocessing ------------
Preprocessing: 123.7341766ms
----------- Initial Matching ----------
Initial Matching: 321.0417480ms
11022528 matches. 

Peak Virtual Memory: 367.2929688 MB
--------- Incremental Matching --------
# update size = 244341
#Time: 1996.977051 ms 
query: /home/v-haibinlai/haibin/ParaCOSM/ParaCOSM/CSM/generated_slow_queries/9v/generated_queries/Q_gen_024
0 vertex updates.
244341 edge updates.
21229434 positive matches.
0 negative matches.
#num: 21229434

# edges in index in total: 0
# vertices in index in total: 0
Peak Virtual Memory: 591.4609375 MB

----------------- End -----------------
