----------- Loading graphs ------------
# vertices = 403394  # edges = 2199067  vlabel size = 6  elabel size = 1
Load Graphs Time: 1483.9417725ms
------------ Preprocessing ------------
Preprocessing: 123.4796295ms
----------- Initial Matching ----------
Initial Matching: 10188.7666016ms
3908228254768 matches. 

Peak Virtual Memory: 367.2929688 MB
--------- Incremental Matching --------
# update size = 244341
Timeout 30s
#Time: 32419.943359 ms 
query: /home/v-haibinlai/haibin/ParaCOSM/ParaCOSM/CSM/generated_slow_queries/9v/generated_queries/Q_gen_002
0 vertex updates.
19214 edge updates.
236722653358 positive matches.
0 negative matches.
#num: 236722653358

# edges in index in total: 0
# vertices in index in total: 0
Peak Virtual Memory: 455.4531250 MB

----------------- End -----------------
