----------- Loading graphs ------------
# vertices = 403394  # edges = 2199067  vlabel size = 6  elabel size = 1
Load Graphs Time: 1538.9035645ms
------------ Preprocessing ------------
Preprocessing: 123.4284744ms
----------- Initial Matching ----------
Initial Matching: 19543.9316406ms
856738425 matches. 

Peak Virtual Memory: 367.2929688 MB
--------- Incremental Matching --------
# update size = 244341
Timeout 30s
#Time: 30017.882812 ms 
query: /home/v-haibinlai/haibin/ParaCOSM/ParaCOSM/CSM/generated_slow_queries/9v/generated_queries/Q_gen_025
0 vertex updates.
126160 edge updates.
582902036 positive matches.
0 negative matches.
#num: 582902036

# edges in index in total: 0
# vertices in index in total: 0
Peak Virtual Memory: 447.4492188 MB

----------------- End -----------------
