----------- Loading graphs ------------
# vertices = 403394  # edges = 2199067  vlabel size = 6  elabel size = 1
Load Graphs Time: 1449.6130371ms
------------ Preprocessing ------------
Preprocessing: 118.3199921ms
----------- Initial Matching ----------
Initial Matching: 727.3090820ms
70233212 matches. 

Peak Virtual Memory: 367.2929688 MB
--------- Incremental Matching --------
# update size = 244341
#Time: 6734.037109 ms 
query: /home/v-haibinlai/haibin/ParaCOSM/ParaCOSM/CSM/generated_slow_queries/9v/generated_queries/Q_gen_010
0 vertex updates.
244341 edge updates.
171277618 positive matches.
0 negative matches.
#num: 171277618

# edges in index in total: 0
# vertices in index in total: 0
Peak Virtual Memory: 719.4609375 MB

----------------- End -----------------
