----------- Loading graphs ------------
# vertices = 403394  # edges = 2199067  vlabel size = 6  elabel size = 1
Load Graphs Time: 1463.3572998ms
------------ Preprocessing ------------
Preprocessing: 123.3944244ms
----------- Initial Matching ----------
Initial Matching: 1147.7750244ms
3581267 matches. 

Peak Virtual Memory: 367.2929688 MB
--------- Incremental Matching --------
# update size = 244341
#Time: 3289.164551 ms 
query: /home/v-haibinlai/haibin/ParaCOSM/ParaCOSM/CSM/generated_slow_queries/9v/generated_queries/Q_gen_006
0 vertex updates.
244341 edge updates.
9091836 positive matches.
0 negative matches.
#num: 9091836

# edges in index in total: 0
# vertices in index in total: 0
Peak Virtual Memory: 447.4531250 MB

----------------- End -----------------
