----------- Loading graphs ------------
# vertices = 403394  # edges = 2199067  vlabel size = 6  elabel size = 1
Load Graphs Time: 1527.2338867ms
------------ Preprocessing ------------
Preprocessing: 125.8443756ms
----------- Initial Matching ----------
Initial Matching: 2518.0961914ms
14812429 matches. 

Peak Virtual Memory: 367.2929688 MB
--------- Incremental Matching --------
# update size = 244341
#Time: 8797.952148 ms 
query: /home/v-haibinlai/haibin/ParaCOSM/ParaCOSM/CSM/generated_slow_queries/9v/generated_queries/Q_gen_017
0 vertex updates.
244341 edge updates.
35465554 positive matches.
0 negative matches.
#num: 35465554

# edges in index in total: 0
# vertices in index in total: 0
Peak Virtual Memory: 591.4609375 MB

----------------- End -----------------
