----------- Loading graphs ------------
# vertices = 403394  # edges = 2199067  vlabel size = 6  elabel size = 1
Load Graphs Time: 1428.3193359ms
------------ Preprocessing ------------
Preprocessing: 115.5127716ms
----------- Initial Matching ----------
Initial Matching: 8217.4257812ms
115287574112 matches. 

Peak Virtual Memory: 367.2929688 MB
--------- Incremental Matching --------
# update size = 244341
Timeout 30s
#Time: 30003.115234 ms 
query: /home/v-haibinlai/haibin/ParaCOSM/ParaCOSM/CSM/generated_slow_queries/9v/generated_queries/Q_gen_001
0 vertex updates.
227073 edge updates.
172955583024 positive matches.
0 negative matches.
#num: 172955583024

# edges in index in total: 0
# vertices in index in total: 0
Peak Virtual Memory: 447.4492188 MB

----------------- End -----------------
