----------- Loading graphs ------------
# vertices = 8
# edges = 7
# vertices = 403394
# edges = 2199067
Load Graphs: 1460.64ms
------------ Preprocessing ------------
matching order: 
-vertex(backward neighbors)-
#0: 0-1(0)-3(0)-6(3)-4(6)-5(4)-2(1)-7(5)
#1: 3-0(3)-1(0)-6(3)-4(6)-5(4)-2(1)-7(5)
#2: 6-3(6)-0(3)-1(0)-4(6)-5(4)-2(1)-7(5)
#3: 4-6(4)-3(6)-0(3)-1(0)-5(4)-2(1)-7(5)
#4: 5-4(5)-6(4)-3(6)-0(3)-1(0)-2(1)-7(5)
#5: 2-1(2)-0(1)-3(0)-6(3)-4(6)-5(4)-7(5)
#6: 7-5(7)-4(5)-6(4)-3(6)-0(3)-1(0)-2(1)

Preprocessing: 1.341ms
----------- Initial Matching ----------
Initial Matching: 64039.1ms
986375350 matches. 
--------- Incremental Matching --------
auto_tuning off:0
use 8 threads for incresemental matching 
Incremental Matching: 25687.3ms
0 vertex updates.
244355 edge updates.
28243 unsafe updates.
1066321514 positive matches.
0 negative matches.

# edges in index in total: 0
# vertices in index in total: 0
Peak Virtual Memory: 843812 KB

----------------- End -----------------
