----------- Loading graphs ------------
# vertices = 8
# edges = 7
# vertices = 403394
# edges = 2199067
Load Graphs: 1404.45ms
------------ Preprocessing ------------
matching order: 
-vertex(backward neighbors)-
#0: 3-6(3)-0(3)-4(6)-1(0)-2(3)-5(4)-7(6)
#1: 0-3(0)-6(3)-4(6)-1(0)-2(3)-5(4)-7(6)
#2: 4-6(4)-3(6)-0(3)-1(0)-2(3)-5(4)-7(6)
#3: 1-0(1)-3(0)-6(3)-4(6)-2(3)-5(4)-7(6)
#4: 2-3(2)-6(3)-0(3)-4(6)-1(0)-5(4)-7(6)
#5: 5-4(5)-6(4)-3(6)-0(3)-1(0)-2(3)-7(6)
#6: 7-6(7)-3(6)-0(3)-4(6)-1(0)-2(3)-5(4)

Preprocessing: 1.277ms
----------- Initial Matching ----------
Initial Matching: 144881ms
4294978902 matches. 
--------- Incremental Matching --------
auto_tuning off:0
use 8 threads for incresemental matching 
Incremental Matching: 350678ms
0 vertex updates.
244355 edge updates.
20129 unsafe updates.
13186225589 positive matches.
0 negative matches.

# edges in index in total: 0
# vertices in index in total: 0
Peak Virtual Memory: 826668 KB

----------------- End -----------------
