----------- Loading graphs ------------
# vertices = 8
# edges = 7
# vertices = 403394
# edges = 2199067
Load Graphs: 1456.03ms
------------ Preprocessing ------------
matching order: 
-vertex(backward neighbors)-
#0: 1-0(1)-5(1)-4(5)-6(4)-2(1)-3(0)-7(6)
#1: 5-1(5)-0(1)-4(5)-6(4)-2(1)-3(0)-7(6)
#2: 4-5(4)-1(5)-0(1)-6(4)-2(1)-3(0)-7(6)
#3: 6-4(6)-5(4)-1(5)-0(1)-2(1)-3(0)-7(6)
#4: 2-1(2)-0(1)-5(1)-4(5)-6(4)-3(0)-7(6)
#5: 3-0(3)-1(0)-5(1)-4(5)-6(4)-2(1)-7(6)
#6: 7-6(7)-4(6)-5(4)-1(5)-0(1)-2(1)-3(0)

Preprocessing: 1.097ms
----------- Initial Matching ----------
Timeout 180s
Initial Matching: 180005ms
3554826538 matches. 
