----------- Loading graphs ------------
# vertices = 8
# edges = 7
# vertices = 403394
# edges = 2199067
Load Graphs: 1571.15ms
------------ Preprocessing ------------
matching order: 
-vertex(backward neighbors)-
#0: 3-6(3)-0(3)-4(6)-1(0)-2(3)-5(4)-7(6)
#1: 0-3(0)-6(3)-4(6)-1(0)-2(3)-5(4)-7(6)
#2: 4-6(4)-3(6)-0(3)-1(0)-2(3)-5(4)-7(6)
#3: 1-0(1)-3(0)-6(3)-4(6)-2(3)-5(4)-7(6)
#4: 2-3(2)-6(3)-0(3)-4(6)-1(0)-5(4)-7(6)
#5: 5-4(5)-6(4)-3(6)-0(3)-1(0)-2(3)-7(6)
#6: 7-6(7)-3(6)-0(3)-4(6)-1(0)-2(3)-5(4)

Preprocessing: 0.104ms
----------- Initial Matching ----------
Timeout 180s
Timeout 180s
Initial Matching: 526843ms
17833667633 matches. 
