----------- Loading graphs ------------
# vertices = 8
# edges = 7
# vertices = 403394
# edges = 2199067
Load Graphs: 1466.66ms
------------ Preprocessing ------------
matching order: 
-vertex(backward neighbors)-
#0: 3-6(3)-1(3)-4(6)-0(3)-2(1)-5(4)-7(6)
#1: 1-3(1)-6(3)-4(6)-0(3)-2(1)-5(4)-7(6)
#2: 4-6(4)-3(6)-1(3)-0(3)-2(1)-5(4)-7(6)
#3: 0-3(0)-6(3)-1(3)-4(6)-2(1)-5(4)-7(6)
#4: 2-1(2)-3(1)-6(3)-4(6)-0(3)-5(4)-7(6)
#5: 5-4(5)-6(4)-3(6)-1(3)-0(3)-2(1)-7(6)
#6: 7-6(7)-3(6)-1(3)-4(6)-0(3)-2(1)-5(4)

Preprocessing: 1.29ms
----------- Initial Matching ----------
Initial Matching: 141294ms
4294979921 matches. 
--------- Incremental Matching --------
auto_tuning off:0
use 8 threads for incresemental matching 
Incremental Matching: 341436ms
0 vertex updates.
244355 edge updates.
22950 unsafe updates.
13372363093 positive matches.
0 negative matches.

# edges in index in total: 0
# vertices in index in total: 0
Peak Virtual Memory: 843812 KB

----------------- End -----------------
