----------- Loading graphs ------------
# vertices = 8
# edges = 7
# vertices = 403394
# edges = 2199067
Load Graphs: 1408.72ms
------------ Preprocessing ------------
matching order: 
-vertex(backward neighbors)-
#0: 4-3(4)-0(3)-1(0)-6(4)-2(1)-5(4)-7(6)
#1: 0-3(0)-4(3)-1(0)-6(4)-2(1)-5(4)-7(6)
#2: 1-0(1)-3(0)-4(3)-6(4)-2(1)-5(4)-7(6)
#3: 6-4(6)-3(4)-0(3)-1(0)-2(1)-5(4)-7(6)
#4: 2-1(2)-0(1)-3(0)-4(3)-6(4)-5(4)-7(6)
#5: 5-4(5)-3(4)-0(3)-1(0)-6(4)-2(1)-7(6)
#6: 7-6(7)-4(6)-3(4)-0(3)-1(0)-2(1)-5(4)

Preprocessing: 0.093ms
----------- Initial Matching ----------
Timeout 180s
Initial Matching: 260172ms
5290583577 matches. 
