----------- Loading graphs ------------
# vertices = 403394  # edges = 2199067  vlabel size = 6  elabel size = 1
Load Graphs Time: 1477.3776855ms
------------ Preprocessing ------------
Preprocessing: 120.5303650ms
----------- Initial Matching ----------
Initial Matching: 38280.3203125ms
5212118564 matches. 

Peak Virtual Memory: 367.1679688 MB
--------- Incremental Matching --------
# update size = 244341
#Time: 111547.046875 ms 
query: /home/v-haibinlai/haibin/ParaCOSM/ParaCOSM/CSM/formal_graphflow_queryset_20/generated_queries/Q_gen_027
0 vertex updates.
244341 edge updates.
5071551675 positive matches.
0 negative matches.
#num: 5071551675

# edges in index in total: 0
# vertices in index in total: 0
Peak Virtual Memory: 583.4531250 MB

----------------- End -----------------
