----------- Loading graphs ------------
# vertices = 403394  # edges = 2199067  vlabel size = 6  elabel size = 1
Load Graphs Time: 1516.8459473ms
------------ Preprocessing ------------
Preprocessing: 127.1955185ms
----------- Initial Matching ----------
Initial Matching: 38589.6914062ms
5420752921 matches. 

Peak Virtual Memory: 367.1679688 MB
--------- Incremental Matching --------
# update size = 244341
#Time: 108595.539062 ms 
query: /home/v-haibinlai/haibin/ParaCOSM/ParaCOSM/CSM/formal_graphflow_queryset_20/generated_queries/Q_gen_015
0 vertex updates.
244341 edge updates.
5150898932 positive matches.
0 negative matches.
#num: 5150898932

# edges in index in total: 0
# vertices in index in total: 0
Peak Virtual Memory: 463.4570312 MB

----------------- End -----------------
