----------- Loading graphs ------------
# vertices = 403394  # edges = 2199067  vlabel size = 6  elabel size = 1
Load Graphs Time: 1457.3901367ms
------------ Preprocessing ------------
Preprocessing: 121.0423126ms
----------- Initial Matching ----------
Initial Matching: 40485.4648438ms
5069679055 matches. 

Peak Virtual Memory: 367.1679688 MB
--------- Incremental Matching --------
# update size = 244341
#Time: 113783.453125 ms 
query: /home/v-haibinlai/haibin/ParaCOSM/ParaCOSM/CSM/formal_graphflow_queryset_20/generated_queries/Q_gen_010
0 vertex updates.
244341 edge updates.
5923793183 positive matches.
0 negative matches.
#num: 5923793183

# edges in index in total: 0
# vertices in index in total: 0
Peak Virtual Memory: 463.4570312 MB

----------------- End -----------------
