----------- Loading graphs ------------
# vertices = 403394  # edges = 2199067  vlabel size = 6  elabel size = 1
Load Graphs Time: 1501.1146240ms
------------ Preprocessing ------------
Preprocessing: 122.1403809ms
----------- Initial Matching ----------
Initial Matching: 28274.7343750ms
7799998435 matches. 

Peak Virtual Memory: 367.1679688 MB
--------- Incremental Matching --------
# update size = 244341
Timeout 120s
#Time: 120604.359375 ms 
query: /home/v-haibinlai/haibin/ParaCOSM/ParaCOSM/CSM/formal_graphflow_queryset_20/generated_queries/Q_gen_019
0 vertex updates.
162972 edge updates.
5353606324 positive matches.
0 negative matches.
#num: 5353606324

# edges in index in total: 0
# vertices in index in total: 0
Peak Virtual Memory: 583.4531250 MB

----------------- End -----------------
