----------- Loading graphs ------------
# vertices = 403394  # edges = 2199067  vlabel size = 6  elabel size = 1
Load Graphs Time: 1498.1340332ms
------------ Preprocessing ------------
Preprocessing: 121.5319443ms
----------- Initial Matching ----------
Initial Matching: 38439.2031250ms
5287580607 matches. 

Peak Virtual Memory: 367.1679688 MB
--------- Incremental Matching --------
# update size = 244341
#Time: 103071.789062 ms 
query: /home/v-haibinlai/haibin/ParaCOSM/ParaCOSM/CSM/formal_graphflow_queryset_20/generated_queries/Q_gen_024
0 vertex updates.
244341 edge updates.
5069363599 positive matches.
0 negative matches.
#num: 5069363599

# edges in index in total: 0
# vertices in index in total: 0
Peak Virtual Memory: 527.4570312 MB

----------------- End -----------------
