----------- Loading graphs ------------
# vertices = 403394  # edges = 2199067  vlabel size = 6  elabel size = 1
Load Graphs Time: 1558.6367188ms
------------ Preprocessing ------------
Preprocessing: 121.6262283ms
----------- Initial Matching ----------
Initial Matching: 51768.7890625ms
75004040697 matches. 

Peak Virtual Memory: 367.1679688 MB
--------- Incremental Matching --------
# update size = 244341
#Time: 29670.878906 ms 
query: /home/v-haibinlai/haibin/ParaCOSM/ParaCOSM/CSM/formal_graphflow_queryset_20/generated_queries/Q_gen_004
0 vertex updates.
244341 edge updates.
66148607066 positive matches.
0 negative matches.
#num: 66148607066

# edges in index in total: 0
# vertices in index in total: 0
Peak Virtual Memory: 583.4531250 MB

----------------- End -----------------
