----------- Loading graphs ------------
# vertices = 403394  # edges = 2199067  vlabel size = 6  elabel size = 1
Load Graphs Time: 1538.8181152ms
------------ Preprocessing ------------
Preprocessing: 121.7113876ms
----------- Initial Matching ----------
Initial Matching: 37930.6757812ms
5063853165 matches. 

Peak Virtual Memory: 367.1679688 MB
--------- Incremental Matching --------
# update size = 244341
Timeout 120s
#Time: 120000.828125 ms 
query: /home/v-haibinlai/haibin/ParaCOSM/ParaCOSM/CSM/formal_graphflow_queryset_20/generated_queries/Q_gen_003
0 vertex updates.
240158 edge updates.
5030474866 positive matches.
0 negative matches.
#num: 5030474866

# edges in index in total: 0
# vertices in index in total: 0
Peak Virtual Memory: 735.4648438 MB

----------------- End -----------------
