----------- Loading graphs ------------
# vertices = 403394  # edges = 2199067  vlabel size = 6  elabel size = 1
Load Graphs Time: 1486.3784180ms
------------ Preprocessing ------------
Preprocessing: 124.8520050ms
----------- Initial Matching ----------
Initial Matching: 43669.9765625ms
6153585777 matches. 

Peak Virtual Memory: 367.1679688 MB
--------- Incremental Matching --------
# update size = 244341
Timeout 120s
#Time: 121045.515625 ms 
query: /home/v-haibinlai/haibin/ParaCOSM/ParaCOSM/CSM/formal_graphflow_queryset_20/generated_queries/Q_gen_023
0 vertex updates.
232424 edge updates.
5351609707 positive matches.
0 negative matches.
#num: 5351609707

# edges in index in total: 0
# vertices in index in total: 0
Peak Virtual Memory: 519.4531250 MB

----------------- End -----------------
