----------- Loading graphs ------------
# vertices = 403394  # edges = 2199067  vlabel size = 6  elabel size = 1
Load Graphs Time: 1510.3857422ms
------------ Preprocessing ------------
Preprocessing: 121.9318924ms
----------- Initial Matching ----------
Initial Matching: 15879.6259766ms
4519475363 matches. 

Peak Virtual Memory: 367.1679688 MB
--------- Incremental Matching --------
# update size = 244341
#Time: 58279.453125 ms 
query: /home/v-haibinlai/haibin/ParaCOSM/ParaCOSM/CSM/formal_graphflow_queryset_20/generated_queries/Q_gen_011
0 vertex updates.
244341 edge updates.
4972363120 positive matches.
0 negative matches.
#num: 4972363120

# edges in index in total: 0
# vertices in index in total: 0
Peak Virtual Memory: 583.4531250 MB

----------------- End -----------------
