----------- Loading graphs ------------
# vertices = 403394  # edges = 2199067  vlabel size = 6  elabel size = 1
Load Graphs Time: 1550.7714844ms
------------ Preprocessing ------------
Preprocessing: 123.5152893ms
----------- Initial Matching ----------
Initial Matching: 24698.4199219ms
4467659986 matches. 

Peak Virtual Memory: 367.1679688 MB
--------- Incremental Matching --------
# update size = 244341
#Time: 71280.593750 ms 
query: /home/v-haibinlai/haibin/ParaCOSM/ParaCOSM/CSM/formal_graphflow_queryset_20/generated_queries/Q_gen_016
0 vertex updates.
244341 edge updates.
4455163497 positive matches.
0 negative matches.
#num: 4455163497

# edges in index in total: 0
# vertices in index in total: 0
Peak Virtual Memory: 583.4531250 MB

----------------- End -----------------
