----------- Loading graphs ------------
# vertices = 403394  # edges = 2199067  vlabel size = 6  elabel size = 1
Load Graphs Time: 1569.9537354ms
------------ Preprocessing ------------
Preprocessing: 128.6226196ms
----------- Initial Matching ----------
Initial Matching: 24525.5136719ms
4364763503 matches. 

Peak Virtual Memory: 367.1679688 MB
--------- Incremental Matching --------
# update size = 244341
#Time: 62509.976562 ms 
query: /home/v-haibinlai/haibin/ParaCOSM/ParaCOSM/CSM/formal_graphflow_queryset_20/generated_queries/Q_gen_030
0 vertex updates.
244341 edge updates.
4424840425 positive matches.
0 negative matches.
#num: 4424840425

# edges in index in total: 0
# vertices in index in total: 0
Peak Virtual Memory: 455.4531250 MB

----------------- End -----------------
