----------- Loading graphs ------------
# vertices = 403394  # edges = 2199067  vlabel size = 6  elabel size = 1
Load Graphs Time: 1605.1754150ms
------------ Preprocessing ------------
Preprocessing: 124.4039230ms
----------- Initial Matching ----------
Initial Matching: 37169.0859375ms
1127309353 matches. 

Peak Virtual Memory: 367.1679688 MB
--------- Incremental Matching --------
# update size = 244341
#Time: 102267.320312 ms 
query: /home/v-haibinlai/haibin/ParaCOSM/ParaCOSM/CSM/formal_graphflow_queryset_20/generated_queries/Q_gen_021
0 vertex updates.
244341 edge updates.
1313485511 positive matches.
0 negative matches.
#num: 1313485511

# edges in index in total: 0
# vertices in index in total: 0
Peak Virtual Memory: 583.4531250 MB

----------------- End -----------------
