----------- Loading graphs ------------
# vertices = 403394  # edges = 2199067  vlabel size = 6  elabel size = 1
Load Graphs Time: 1599.4335938ms
------------ Preprocessing ------------
Preprocessing: 125.9079666ms
----------- Initial Matching ----------
Initial Matching: 37516.0859375ms
1016255246 matches. 

Peak Virtual Memory: 367.1679688 MB
--------- Incremental Matching --------
# update size = 244341
#Time: 94713.695312 ms 
query: /home/v-haibinlai/haibin/ParaCOSM/ParaCOSM/CSM/formal_graphflow_queryset_20/generated_queries/Q_gen_008
0 vertex updates.
244341 edge updates.
1071658701 positive matches.
0 negative matches.
#num: 1071658701

# edges in index in total: 0
# vertices in index in total: 0
Peak Virtual Memory: 719.4570312 MB

----------------- End -----------------
