----------- Loading graphs ------------
# vertices = 403394  # edges = 2199067  vlabel size = 6  elabel size = 1
Load Graphs Time: 1528.6815186ms
------------ Preprocessing ------------
Preprocessing: 122.4087296ms
----------- Initial Matching ----------
Initial Matching: 57936.0390625ms
986375350 matches. 

Peak Virtual Memory: 367.1679688 MB
--------- Incremental Matching --------
# update size = 244341
#Time: 93219.320312 ms 
query: /home/v-haibinlai/haibin/ParaCOSM/ParaCOSM/CSM/formal_graphflow_queryset_20/generated_queries/Q_gen_025
0 vertex updates.
244341 edge updates.
1066321514 positive matches.
0 negative matches.
#num: 1066321514

# edges in index in total: 0
# vertices in index in total: 0
Peak Virtual Memory: 591.4570312 MB

----------------- End -----------------
