----------- Loading graphs ------------
# vertices = 403394  # edges = 2199067  vlabel size = 6  elabel size = 1
Load Graphs Time: 1476.8114014ms
------------ Preprocessing ------------
Preprocessing: 119.8178177ms
----------- Initial Matching ----------
Initial Matching: 36043.4023438ms
4986617132 matches. 

Peak Virtual Memory: 367.1679688 MB
--------- Incremental Matching --------
# update size = 244341
#Time: 104677.304688 ms 
query: /home/v-haibinlai/haibin/ParaCOSM/ParaCOSM/CSM/formal_graphflow_queryset_20/generated_queries/Q_gen_001
0 vertex updates.
244341 edge updates.
5007347470 positive matches.
0 negative matches.
#num: 5007347470

# edges in index in total: 0
# vertices in index in total: 0
Peak Virtual Memory: 463.4570312 MB

----------------- End -----------------
