----------- Loading graphs ------------
# vertices = 403394  # edges = 2199067  vlabel size = 6  elabel size = 1
Load Graphs Time: 1497.5863037ms
------------ Preprocessing ------------
Preprocessing: 124.5929108ms
----------- Initial Matching ----------
Initial Matching: 108452.9843750ms
17970163099 matches. 

Peak Virtual Memory: 367.1679688 MB
--------- Incremental Matching --------
# update size = 244341
#Time: 29588.914062 ms 
query: /home/v-haibinlai/haibin/ParaCOSM/ParaCOSM/CSM/formal_graphflow_queryset_20/generated_queries/Q_gen_029
0 vertex updates.
244341 edge updates.
13372363093 positive matches.
0 negative matches.
#num: 13372363093

# edges in index in total: 0
# vertices in index in total: 0
Peak Virtual Memory: 591.4570312 MB

----------------- End -----------------
