----------- Loading graphs ------------
# vertices = 403394  # edges = 2199067  vlabel size = 6  elabel size = 1
Load Graphs Time: 1514.3930664ms
------------ Preprocessing ------------
Preprocessing: 124.1081161ms
----------- Initial Matching ----------
Initial Matching: 21473.9296875ms
5290583577 matches. 

Peak Virtual Memory: 367.1679688 MB
--------- Incremental Matching --------
# update size = 244341
#Time: 97917.171875 ms 
query: /home/v-haibinlai/haibin/ParaCOSM/ParaCOSM/CSM/formal_graphflow_queryset_20/generated_queries/Q_gen_022
0 vertex updates.
244341 edge updates.
5076947366 positive matches.
0 negative matches.
#num: 5076947366

# edges in index in total: 0
# vertices in index in total: 0
Peak Virtual Memory: 455.4531250 MB

----------------- End -----------------
