----------- Loading graphs ------------
# vertices = 8
# edges = 14
# vertices = 403394
# edges = 2199067
Load Graphs: 1441.34ms
------------ Preprocessing ------------
matching order: 
-vertex(backward neighbors)-
#0: 4-5(4)-6(4,5)-7(4,6)-0(4,5,7)-1(5,6,7)-2(4)-3(2,5)
#1: 6-4(6)-5(4,6)-7(4,6)-0(4,5,7)-1(5,6,7)-2(4)-3(2,5)
#2: 6-5(6)-4(5,6)-7(4,6)-0(4,5,7)-1(5,6,7)-2(4)-3(2,5)
#3: 7-4(7)-6(4,7)-5(4,6)-0(4,5,7)-1(5,6,7)-2(4)-3(2,5)
#4: 7-6(7)-4(6,7)-5(4,6)-0(4,5,7)-1(5,6,7)-2(4)-3(2,5)
#5: 0-4(0)-5(0,4)-6(4,5)-7(0,4,6)-1(5,6,7)-2(4)-3(2,5)
#6: 0-5(0)-4(0,5)-6(4,5)-7(0,4,6)-1(5,6,7)-2(4)-3(2,5)
#7: 0-7(0)-4(0,7)-5(0,4)-6(4,5,7)-1(5,6,7)-2(4)-3(2,5)
#8: 1-5(1)-6(1,5)-4(5,6)-7(1,4,6)-0(4,5,7)-2(4)-3(2,5)
#9: 1-6(1)-5(1,6)-4(5,6)-7(1,4,6)-0(4,5,7)-2(4)-3(2,5)
#10: 1-7(1)-6(1,7)-4(6,7)-5(1,4,6)-0(4,5,7)-2(4)-3(2,5)
#11: 2-4(2)-5(4)-6(4,5)-7(4,6)-0(4,5,7)-1(5,6,7)-3(2,5)
#12: 3-2(3)-4(2)-5(3,4)-6(4,5)-7(4,6)-0(4,5,7)-1(5,6,7)
#13: 3-5(3)-4(5)-6(4,5)-7(4,6)-0(4,5,7)-1(5,6,7)-2(3,4)

Preprocessing: 0.166ms
--------- Incremental Matching --------
auto_tuning off:0
use 1 threads for incresemental matching 
Start with 244341 Update
Incremental Matching: 599.13ms
0 vertex updates.
244341 edge updates.
3326 unsafe updates.
194127 positive matches.
0 negative matches.

# edges in index in total: 0
# vertices in index in total: 0
Peak Virtual Memory: 125848 KB

----------------- End -----------------
