----------- Loading graphs ------------
# vertices = 8
# edges = 15
# vertices = 403394
# edges = 2199067
Load Graphs: 1470.78ms
------------ Preprocessing ------------
matching order: 
-vertex(backward neighbors)-
#0: 0-2(0)-4(0,2)-1(0,2,4)-3(0,1,4)-5(2,3,4)-6(2,5)-7(0)
#1: 4-0(4)-2(0,4)-1(0,2,4)-3(0,1,4)-5(2,3,4)-6(2,5)-7(0)
#2: 4-2(4)-0(2,4)-1(0,2,4)-3(0,1,4)-5(2,3,4)-6(2,5)-7(0)
#3: 1-0(1)-2(0,1)-4(0,1,2)-3(0,1,4)-5(2,3,4)-6(2,5)-7(0)
#4: 1-2(1)-0(1,2)-4(0,1,2)-3(0,1,4)-5(2,3,4)-6(2,5)-7(0)
#5: 1-4(1)-0(1,4)-2(0,1,4)-3(0,1,4)-5(2,3,4)-6(2,5)-7(0)
#6: 3-0(3)-4(0,3)-1(0,3,4)-2(0,1,4)-5(2,3,4)-6(2,5)-7(0)
#7: 3-1(3)-0(1,3)-4(0,1,3)-2(0,1,4)-5(2,3,4)-6(2,5)-7(0)
#8: 3-4(3)-0(3,4)-1(0,3,4)-2(0,1,4)-5(2,3,4)-6(2,5)-7(0)
#9: 5-2(5)-4(2,5)-0(2,4)-1(0,2,4)-3(0,1,4,5)-6(2,5)-7(0)
#10: 5-3(5)-4(3,5)-0(3,4)-2(0,4,5)-1(0,2,3,4)-6(2,5)-7(0)
#11: 5-4(5)-2(4,5)-0(2,4)-1(0,2,4)-3(0,1,4,5)-6(2,5)-7(0)
#12: 6-2(6)-5(2,6)-4(2,5)-0(2,4)-1(0,2,4)-3(0,1,4,5)-7(0)
#13: 6-5(6)-2(5,6)-4(2,5)-0(2,4)-1(0,2,4)-3(0,1,4,5)-7(0)
#14: 7-0(7)-2(0)-4(0,2)-1(0,2,4)-3(0,1,4)-5(2,3,4)-6(2,5)

Preprocessing: 1.315ms
--------- Incremental Matching --------
auto_tuning off:0
use 8 threads for incresemental matching 
Start with 244341 Update
Incremental Matching: 956.011ms
0 vertex updates.
244341 edge updates.
5663 unsafe updates.
339330 positive matches.
0 negative matches.

# edges in index in total: 0
# vertices in index in total: 0
Peak Virtual Memory: 835640 KB

----------------- End -----------------
