----------- Loading graphs ------------
# vertices = 8
# edges = 10
# vertices = 403394
# edges = 2199067
Load Graphs: 1437.45ms
------------ Preprocessing ------------
matching order: 
-vertex(backward neighbors)-
#0: 7-3(7)-5(3,7)-1(5,7)-0(3)-4(0,7)-2(0)-6(4)
#1: 5-3(5)-7(3,5)-1(5,7)-0(3)-4(0,7)-2(0)-6(4)
#2: 5-7(5)-3(5,7)-1(5,7)-0(3)-4(0,7)-2(0)-6(4)
#3: 1-5(1)-7(1,5)-3(5,7)-0(3)-4(0,7)-2(0)-6(4)
#4: 1-7(1)-5(1,7)-3(5,7)-0(3)-4(0,7)-2(0)-6(4)
#5: 0-3(0)-7(3)-4(0,7)-5(3,7)-1(5,7)-2(0)-6(4)
#6: 4-0(4)-7(4)-3(0,7)-5(3,7)-1(5,7)-2(0)-6(4)
#7: 4-7(4)-0(4)-3(0,7)-5(3,7)-1(5,7)-2(0)-6(4)
#8: 2-0(2)-3(0)-7(3)-4(0,7)-5(3,7)-1(5,7)-6(4)
#9: 6-4(6)-7(4)-0(4)-3(0,7)-5(3,7)-1(5,7)-2(0)

Preprocessing: 1.408ms
--------- Incremental Matching --------
auto_tuning off:0
use 8 threads for incresemental matching 
Start with 244341 Update
Incremental Matching: 3375.11ms
0 vertex updates.
244341 edge updates.
14905 unsafe updates.
26501040 positive matches.
0 negative matches.

# edges in index in total: 0
# vertices in index in total: 0
Peak Virtual Memory: 835632 KB

----------------- End -----------------
