----------- Loading graphs ------------
# vertices = 8
# edges = 19
# vertices = 403394
# edges = 2199067
Load Graphs: 1498.14ms
------------ Preprocessing ------------
matching order: 
-vertex(backward neighbors)-
#0: 1-3(1)-4(1,3)-6(1,3,4)-7(1,3,4)-2(1,3,7)-0(2,6,7)-5(0,1,4,6)
#1: 4-1(4)-3(1,4)-6(1,3,4)-7(1,3,4)-2(1,3,7)-0(2,6,7)-5(0,1,4,6)
#2: 4-3(4)-1(3,4)-6(1,3,4)-7(1,3,4)-2(1,3,7)-0(2,6,7)-5(0,1,4,6)
#3: 6-1(6)-3(1,6)-4(1,3,6)-7(1,3,4)-2(1,3,7)-0(2,6,7)-5(0,1,4,6)
#4: 6-3(6)-1(3,6)-4(1,3,6)-7(1,3,4)-2(1,3,7)-0(2,6,7)-5(0,1,4,6)
#5: 6-4(6)-1(4,6)-3(1,4,6)-7(1,3,4)-2(1,3,7)-0(2,6,7)-5(0,1,4,6)
#6: 7-1(7)-3(1,7)-4(1,3,7)-6(1,3,4)-2(1,3,7)-0(2,6,7)-5(0,1,4,6)
#7: 7-3(7)-1(3,7)-4(1,3,7)-6(1,3,4)-2(1,3,7)-0(2,6,7)-5(0,1,4,6)
#8: 7-4(7)-1(4,7)-3(1,4,7)-6(1,3,4)-2(1,3,7)-0(2,6,7)-5(0,1,4,6)
#9: 2-1(2)-3(1,2)-7(1,2,3)-4(1,3,7)-6(1,3,4)-0(2,6,7)-5(0,1,4,6)
#10: 2-3(2)-1(2,3)-7(1,2,3)-4(1,3,7)-6(1,3,4)-0(2,6,7)-5(0,1,4,6)
#11: 2-7(2)-1(2,7)-3(1,2,7)-4(1,3,7)-6(1,3,4)-0(2,6,7)-5(0,1,4,6)
#12: 0-2(0)-7(0,2)-1(2,7)-3(1,2,7)-4(1,3,7)-6(0,1,3,4)-5(0,1,4,6)
#13: 0-6(0)-5(0,6)-1(5,6)-4(1,5,6)-3(1,4,6)-7(0,1,3,4)-2(0,1,3,7)
#14: 0-7(0)-2(0,7)-1(2,7)-3(1,2,7)-4(1,3,7)-6(0,1,3,4)-5(0,1,4,6)
#15: 5-0(5)-6(0,5)-1(5,6)-4(1,5,6)-3(1,4,6)-7(0,1,3,4)-2(0,1,3,7)
#16: 5-1(5)-4(1,5)-6(1,4,5)-3(1,4,6)-7(1,3,4)-0(5,6,7)-2(0,1,3,7)
#17: 5-4(5)-1(4,5)-6(1,4,5)-3(1,4,6)-7(1,3,4)-0(5,6,7)-2(0,1,3,7)
#18: 5-6(5)-1(5,6)-4(1,5,6)-3(1,4,6)-7(1,3,4)-0(5,6,7)-2(0,1,3,7)

Preprocessing: 1.227ms
--------- Incremental Matching --------
auto_tuning off:0
use 8 threads for incresemental matching 
Start with 244341 Update
Incremental Matching: 769.696ms
0 vertex updates.
244341 edge updates.
2070 unsafe updates.
21984 positive matches.
0 negative matches.

# edges in index in total: 0
# vertices in index in total: 0
Peak Virtual Memory: 770824 KB

----------------- End -----------------
