----------- Loading graphs ------------
# vertices = 8
# edges = 22
# vertices = 403394
# edges = 2199067
Load Graphs: 1499.69ms
------------ Preprocessing ------------
matching order: 
-vertex(backward neighbors)-
#0: 6-1(6)-4(1,6)-5(1,4,6)-2(1,4,5,6)-0(1,2,4,6)-7(0,1,5,6)-3(4,5,6,7)
#1: 4-1(4)-6(1,4)-5(1,4,6)-2(1,4,5,6)-0(1,2,4,6)-7(0,1,5,6)-3(4,5,6,7)
#2: 4-6(4)-1(4,6)-5(1,4,6)-2(1,4,5,6)-0(1,2,4,6)-7(0,1,5,6)-3(4,5,6,7)
#3: 5-1(5)-6(1,5)-4(1,5,6)-2(1,4,5,6)-0(1,2,4,6)-7(0,1,5,6)-3(4,5,6,7)
#4: 5-4(5)-6(4,5)-1(4,5,6)-2(1,4,5,6)-0(1,2,4,6)-7(0,1,5,6)-3(4,5,6,7)
#5: 5-6(5)-1(5,6)-4(1,5,6)-2(1,4,5,6)-0(1,2,4,6)-7(0,1,5,6)-3(4,5,6,7)
#6: 2-1(2)-6(1,2)-4(1,2,6)-5(1,2,4,6)-0(1,2,4,6)-7(0,1,5,6)-3(4,5,6,7)
#7: 2-4(2)-6(2,4)-1(2,4,6)-5(1,2,4,6)-0(1,2,4,6)-7(0,1,5,6)-3(4,5,6,7)
#8: 2-5(2)-6(2,5)-1(2,5,6)-4(1,2,5,6)-0(1,2,4,6)-7(0,1,5,6)-3(4,5,6,7)
#9: 2-6(2)-1(2,6)-4(1,2,6)-5(1,2,4,6)-0(1,2,4,6)-7(0,1,5,6)-3(4,5,6,7)
#10: 0-1(0)-6(0,1)-4(0,1,6)-2(0,1,4,6)-5(1,2,4,6)-7(0,1,5,6)-3(4,5,6,7)
#11: 0-2(0)-6(0,2)-1(0,2,6)-4(0,1,2,6)-5(1,2,4,6)-7(0,1,5,6)-3(4,5,6,7)
#12: 0-4(0)-6(0,4)-1(0,4,6)-2(0,1,4,6)-5(1,2,4,6)-7(0,1,5,6)-3(4,5,6,7)
#13: 0-6(0)-1(0,6)-4(0,1,6)-2(0,1,4,6)-5(1,2,4,6)-7(0,1,5,6)-3(4,5,6,7)
#14: 7-0(7)-6(0,7)-1(0,6,7)-4(0,1,6)-5(1,4,6,7)-2(0,1,4,5,6)-3(4,5,6,7)
#15: 7-1(7)-6(1,7)-5(1,6,7)-4(1,5,6)-0(1,4,6,7)-2(0,1,4,5,6)-3(4,5,6,7)
#16: 7-5(7)-6(5,7)-1(5,6,7)-4(1,5,6)-0(1,4,6,7)-2(0,1,4,5,6)-3(4,5,6,7)
#17: 7-6(7)-1(6,7)-5(1,6,7)-4(1,5,6)-0(1,4,6,7)-2(0,1,4,5,6)-3(4,5,6,7)
#18: 3-4(3)-6(3,4)-5(3,4,6)-1(4,5,6)-2(1,4,5,6)-0(1,2,4,6)-7(0,1,3,5,6)
#19: 3-5(3)-6(3,5)-4(3,5,6)-1(4,5,6)-2(1,4,5,6)-0(1,2,4,6)-7(0,1,3,5,6)
#20: 3-6(3)-4(3,6)-5(3,4,6)-1(4,5,6)-2(1,4,5,6)-0(1,2,4,6)-7(0,1,3,5,6)
#21: 3-7(3)-6(3,7)-5(3,6,7)-1(5,6,7)-4(1,3,5,6)-0(1,4,6,7)-2(0,1,4,5,6)

Preprocessing: 0.224ms
--------- Incremental Matching --------
auto_tuning off:0
use 1 threads for incresemental matching 
Start with 244341 Update
Incremental Matching: 471.296ms
0 vertex updates.
244341 edge updates.
817 unsafe updates.
15371 positive matches.
0 negative matches.

# edges in index in total: 0
# vertices in index in total: 0
Peak Virtual Memory: 125860 KB

----------------- End -----------------
