----------- Loading graphs ------------
# vertices = 8
# edges = 12
# vertices = 403394
# edges = 2199067
Load Graphs: 1466.16ms
------------ Preprocessing ------------
matching order: 
-vertex(backward neighbors)-
#0: 3-5(3)-7(3,5)-4(3,5)-0(7)-6(0,5)-1(0,3)-2(3,6)
#1: 7-3(7)-5(3,7)-4(3,5)-0(7)-6(0,5)-1(0,3)-2(3,6)
#2: 7-5(7)-3(5,7)-4(3,5)-0(7)-6(0,5)-1(0,3)-2(3,6)
#3: 4-3(4)-5(3,4)-7(3,5)-0(7)-6(0,5)-1(0,3)-2(3,6)
#4: 4-5(4)-3(4,5)-7(3,5)-0(7)-6(0,5)-1(0,3)-2(3,6)
#5: 0-7(0)-3(7)-5(3,7)-6(0,5)-1(0,3)-2(3,6)-4(3,5)
#6: 6-0(6)-5(6)-7(0,5)-3(5,7)-1(0,3)-2(3,6)-4(3,5)
#7: 6-5(6)-3(5)-7(3,5)-0(6,7)-1(0,3)-2(3,6)-4(3,5)
#8: 1-0(1)-3(1)-7(0,3)-5(3,7)-6(0,5)-2(3,6)-4(3,5)
#9: 1-3(1)-5(3)-7(3,5)-0(1,7)-6(0,5)-2(3,6)-4(3,5)
#10: 2-3(2)-5(3)-6(2,5)-7(3,5)-0(6,7)-1(0,3)-4(3,5)
#11: 2-6(2)-3(2)-5(3,6)-7(3,5)-0(6,7)-1(0,3)-4(3,5)

Preprocessing: 0.14ms
--------- Incremental Matching --------
auto_tuning off:0
use 1 threads for incresemental matching 
Start with 244341 Update
Incremental Matching: 940.107ms
0 vertex updates.
244341 edge updates.
9676 unsafe updates.
1225363 positive matches.
0 negative matches.

# edges in index in total: 0
# vertices in index in total: 0
Peak Virtual Memory: 125852 KB

----------------- End -----------------
