----------- Loading graphs ------------
# vertices = 8
# edges = 21
# vertices = 403394
# edges = 2199067
Load Graphs: 1510.8ms
------------ Preprocessing ------------
matching order: 
-vertex(backward neighbors)-
#0: 4-5(4)-7(4,5)-0(4,5,7)-1(0,4,5,7)-6(4,5,7)-2(0,4,5,6)-3(1,4,6,7)
#1: 7-4(7)-5(4,7)-0(4,5,7)-1(0,4,5,7)-6(4,5,7)-2(0,4,5,6)-3(1,4,6,7)
#2: 7-5(7)-4(5,7)-0(4,5,7)-1(0,4,5,7)-6(4,5,7)-2(0,4,5,6)-3(1,4,6,7)
#3: 0-4(0)-5(0,4)-7(0,4,5)-1(0,4,5,7)-6(4,5,7)-2(0,4,5,6)-3(1,4,6,7)
#4: 0-5(0)-4(0,5)-7(0,4,5)-1(0,4,5,7)-6(4,5,7)-2(0,4,5,6)-3(1,4,6,7)
#5: 0-7(0)-4(0,7)-5(0,4,7)-1(0,4,5,7)-6(4,5,7)-2(0,4,5,6)-3(1,4,6,7)
#6: 1-0(1)-4(0,1)-5(0,1,4)-7(0,1,4,5)-6(4,5,7)-2(0,4,5,6)-3(1,4,6,7)
#7: 1-4(1)-5(1,4)-7(1,4,5)-0(1,4,5,7)-6(4,5,7)-2(0,4,5,6)-3(1,4,6,7)
#8: 1-5(1)-4(1,5)-7(1,4,5)-0(1,4,5,7)-6(4,5,7)-2(0,4,5,6)-3(1,4,6,7)
#9: 1-7(1)-4(1,7)-5(1,4,7)-0(1,4,5,7)-6(4,5,7)-2(0,4,5,6)-3(1,4,6,7)
#10: 6-4(6)-5(4,6)-7(4,5,6)-0(4,5,7)-1(0,4,5,7)-2(0,4,5,6)-3(1,4,6,7)
#11: 6-5(6)-4(5,6)-7(4,5,6)-0(4,5,7)-1(0,4,5,7)-2(0,4,5,6)-3(1,4,6,7)
#12: 6-7(6)-4(6,7)-5(4,6,7)-0(4,5,7)-1(0,4,5,7)-2(0,4,5,6)-3(1,4,6,7)
#13: 2-0(2)-4(0,2)-5(0,2,4)-7(0,4,5)-1(0,4,5,7)-6(2,4,5,7)-3(1,4,6,7)
#14: 2-4(2)-5(2,4)-0(2,4,5)-7(0,4,5)-1(0,4,5,7)-6(2,4,5,7)-3(1,4,6,7)
#15: 2-5(2)-4(2,5)-0(2,4,5)-7(0,4,5)-1(0,4,5,7)-6(2,4,5,7)-3(1,4,6,7)
#16: 2-6(2)-4(2,6)-5(2,4,6)-7(4,5,6)-0(2,4,5,7)-1(0,4,5,7)-3(1,4,6,7)
#17: 3-1(3)-4(1,3)-7(1,3,4)-5(1,4,7)-0(1,4,5,7)-6(3,4,5,7)-2(0,4,5,6)
#18: 3-4(3)-7(3,4)-1(3,4,7)-5(1,4,7)-0(1,4,5,7)-6(3,4,5,7)-2(0,4,5,6)
#19: 3-6(3)-4(3,6)-7(3,4,6)-5(4,6,7)-1(3,4,5,7)-0(1,4,5,7)-2(0,4,5,6)
#20: 3-7(3)-4(3,7)-1(3,4,7)-5(1,4,7)-0(1,4,5,7)-6(3,4,5,7)-2(0,4,5,6)

Preprocessing: 1.271ms
--------- Incremental Matching --------
auto_tuning off:0
use 8 threads for incresemental matching 
Start with 244341 Update
Incremental Matching: 677.159ms
0 vertex updates.
244341 edge updates.
639 unsafe updates.
14939 positive matches.
0 negative matches.

# edges in index in total: 0
# vertices in index in total: 0
Peak Virtual Memory: 770792 KB

----------------- End -----------------
