----------- Loading graphs ------------
# vertices = 8
# edges = 22
# vertices = 403394
# edges = 2199067
Load Graphs: 1447.87ms
------------ Preprocessing ------------
matching order: 
-vertex(backward neighbors)-
#0: 2-5(2)-7(2,5)-3(2,5,7)-6(3,5,7)-1(2,3,6,7)-0(1,2,5,6)-4(0,2,5,6,7)
#1: 7-2(7)-5(2,7)-3(2,5,7)-6(3,5,7)-1(2,3,6,7)-0(1,2,5,6)-4(0,2,5,6,7)
#2: 7-5(7)-2(5,7)-3(2,5,7)-6(3,5,7)-1(2,3,6,7)-0(1,2,5,6)-4(0,2,5,6,7)
#3: 3-2(3)-5(2,3)-7(2,3,5)-6(3,5,7)-1(2,3,6,7)-0(1,2,5,6)-4(0,2,5,6,7)
#4: 3-5(3)-2(3,5)-7(2,3,5)-6(3,5,7)-1(2,3,6,7)-0(1,2,5,6)-4(0,2,5,6,7)
#5: 3-7(3)-2(3,7)-5(2,3,7)-6(3,5,7)-1(2,3,6,7)-0(1,2,5,6)-4(0,2,5,6,7)
#6: 6-3(6)-5(3,6)-7(3,5,6)-2(3,5,7)-1(2,3,6,7)-0(1,2,5,6)-4(0,2,5,6,7)
#7: 6-5(6)-7(5,6)-3(5,6,7)-2(3,5,7)-1(2,3,6,7)-0(1,2,5,6)-4(0,2,5,6,7)
#8: 6-7(6)-5(6,7)-3(5,6,7)-2(3,5,7)-1(2,3,6,7)-0(1,2,5,6)-4(0,2,5,6,7)
#9: 1-2(1)-7(1,2)-3(1,2,7)-5(2,3,7)-6(1,3,5,7)-0(1,2,5,6)-4(0,2,5,6,7)
#10: 1-3(1)-2(1,3)-7(1,2,3)-5(2,3,7)-6(1,3,5,7)-0(1,2,5,6)-4(0,2,5,6,7)
#11: 1-6(1)-7(1,6)-3(1,6,7)-2(1,3,7)-5(2,3,6,7)-0(1,2,5,6)-4(0,2,5,6,7)
#12: 1-7(1)-2(1,7)-3(1,2,7)-5(2,3,7)-6(1,3,5,7)-0(1,2,5,6)-4(0,2,5,6,7)
#13: 0-1(0)-2(0,1)-5(0,2)-6(0,1,5)-7(1,2,5,6)-3(1,2,5,6,7)-4(0,2,5,6,7)
#14: 0-2(0)-5(0,2)-4(0,2,5)-6(0,4,5)-7(2,4,5,6)-1(0,2,6,7)-3(1,2,5,6,7)
#15: 0-5(0)-2(0,5)-4(0,2,5)-6(0,4,5)-7(2,4,5,6)-1(0,2,6,7)-3(1,2,5,6,7)
#16: 0-6(0)-5(0,6)-4(0,5,6)-2(0,4,5)-7(2,4,5,6)-1(0,2,6,7)-3(1,2,5,6,7)
#17: 4-0(4)-2(0,4)-5(0,2,4)-6(0,4,5)-7(2,4,5,6)-1(0,2,6,7)-3(1,2,5,6,7)
#18: 4-2(4)-5(2,4)-7(2,4,5)-6(4,5,7)-0(2,4,5,6)-1(0,2,6,7)-3(1,2,5,6,7)
#19: 4-5(4)-2(4,5)-7(2,4,5)-6(4,5,7)-0(2,4,5,6)-1(0,2,6,7)-3(1,2,5,6,7)
#20: 4-6(4)-5(4,6)-7(4,5,6)-2(4,5,7)-0(2,4,5,6)-1(0,2,6,7)-3(1,2,5,6,7)
#21: 4-7(4)-2(4,7)-5(2,4,7)-6(4,5,7)-0(2,4,5,6)-1(0,2,6,7)-3(1,2,5,6,7)

Preprocessing: 1.4ms
--------- Incremental Matching --------
auto_tuning off:0
use 8 threads for incresemental matching 
Start with 244341 Update
Incremental Matching: 812.301ms
0 vertex updates.
244341 edge updates.
1200 unsafe updates.
13872 positive matches.
0 negative matches.

# edges in index in total: 0
# vertices in index in total: 0
Peak Virtual Memory: 835644 KB

----------------- End -----------------
