----------- Loading graphs ------------
# vertices = 8
# edges = 15
# vertices = 403394
# edges = 2199067
Load Graphs: 1523.15ms
------------ Preprocessing ------------
matching order: 
-vertex(backward neighbors)-
#0: 2-3(2)-1(2,3)-4(1,2,3)-7(3,4)-0(1,3,7)-6(2,7)-5(2,6)
#1: 1-2(1)-3(1,2)-4(1,2,3)-7(3,4)-0(1,3,7)-6(2,7)-5(2,6)
#2: 1-3(1)-2(1,3)-4(1,2,3)-7(3,4)-0(1,3,7)-6(2,7)-5(2,6)
#3: 4-1(4)-2(1,4)-3(1,2,4)-7(3,4)-0(1,3,7)-6(2,7)-5(2,6)
#4: 4-2(4)-3(2,4)-1(2,3,4)-7(3,4)-0(1,3,7)-6(2,7)-5(2,6)
#5: 4-3(4)-2(3,4)-1(2,3,4)-7(3,4)-0(1,3,7)-6(2,7)-5(2,6)
#6: 7-3(7)-4(3,7)-2(3,4)-1(2,3,4)-0(1,3,7)-6(2,7)-5(2,6)
#7: 7-4(7)-3(4,7)-2(3,4)-1(2,3,4)-0(1,3,7)-6(2,7)-5(2,6)
#8: 0-1(0)-3(0,1)-2(1,3)-4(1,2,3)-7(0,3,4)-6(2,7)-5(2,6)
#9: 0-3(0)-1(0,3)-2(1,3)-4(1,2,3)-7(0,3,4)-6(2,7)-5(2,6)
#10: 0-7(0)-3(0,7)-1(0,3)-4(1,3,7)-2(1,3,4)-6(2,7)-5(2,6)
#11: 6-2(6)-5(2,6)-3(2)-1(2,3)-4(1,2,3)-7(3,4,6)-0(1,3,7)
#12: 6-7(6)-2(6)-3(2,7)-4(2,3,7)-1(2,3,4)-0(1,3,7)-5(2,6)
#13: 5-2(5)-6(2,5)-3(2)-1(2,3)-4(1,2,3)-7(3,4,6)-0(1,3,7)
#14: 5-6(5)-2(5,6)-3(2)-1(2,3)-4(1,2,3)-7(3,4,6)-0(1,3,7)

Preprocessing: 1.291ms
--------- Incremental Matching --------
auto_tuning off:0
use 8 threads for incresemental matching 
Start with 244341 Update
Incremental Matching: 1006.95ms
0 vertex updates.
244341 edge updates.
5449 unsafe updates.
100134 positive matches.
0 negative matches.

# edges in index in total: 0
# vertices in index in total: 0
Peak Virtual Memory: 771288 KB

----------------- End -----------------
