----------- Loading graphs ------------
# vertices = 8
# edges = 9
# vertices = 403394
# edges = 2199067
Load Graphs: 1305.48ms
------------ Preprocessing ------------
matching order: 
-vertex(backward neighbors)-
#0: 1-6(1)-2(6)-7(1,2)-0(6)-5(0,1)-3(2)-4(7)
#1: 2-6(2)-1(6)-7(1,2)-0(6)-5(0,1)-3(2)-4(7)
#2: 7-1(7)-2(7)-6(1,2)-0(6)-5(0,1)-3(2)-4(7)
#3: 7-2(7)-1(7)-6(1,2)-0(6)-5(0,1)-3(2)-4(7)
#4: 0-6(0)-1(6)-5(0,1)-2(6)-7(1,2)-3(2)-4(7)
#5: 5-0(5)-1(5)-6(0,1)-2(6)-7(1,2)-3(2)-4(7)
#6: 5-1(5)-6(1)-0(5,6)-2(6)-7(1,2)-3(2)-4(7)
#7: 3-2(3)-6(2)-1(6)-7(1,2)-0(6)-5(0,1)-4(7)
#8: 4-7(4)-1(7)-2(7)-6(1,2)-0(6)-5(0,1)-3(2)

Preprocessing: 0.106ms
--------- Incremental Matching --------
auto_tuning off:0
use 1 threads for incresemental matching 
Start with 244341 Update
Incremental Matching: 2880.3ms
0 vertex updates.
244341 edge updates.
22782 unsafe updates.
34355018 positive matches.
0 negative matches.

# edges in index in total: 0
# vertices in index in total: 0
Peak Virtual Memory: 125848 KB

----------------- End -----------------
