----------- Loading graphs ------------
# vertices = 8
# edges = 8
# vertices = 403394
# edges = 2199067
Load Graphs: 1544.34ms
------------ Preprocessing ------------
matching order: 
-vertex(backward neighbors)-
#0: 1-3(1)-4(1)-7(3,4)-0(1)-2(3)-5(4)-6(7)
#1: 4-1(4)-3(1)-7(3,4)-0(1)-2(3)-5(4)-6(7)
#2: 7-3(7)-1(3)-4(1,7)-0(1)-2(3)-5(4)-6(7)
#3: 7-4(7)-1(4)-3(1,7)-0(1)-2(3)-5(4)-6(7)
#4: 0-1(0)-3(1)-4(1)-7(3,4)-2(3)-5(4)-6(7)
#5: 2-3(2)-1(3)-4(1)-7(3,4)-0(1)-5(4)-6(7)
#6: 5-4(5)-1(4)-3(1)-7(3,4)-0(1)-2(3)-6(7)
#7: 6-7(6)-3(7)-1(3)-4(1,7)-0(1)-2(3)-5(4)

Preprocessing: 1.173ms
--------- Incremental Matching --------
auto_tuning off:0
use 8 threads for incresemental matching 
Start with 244341 Update
Incremental Matching: 59546.7ms
0 vertex updates.
244341 edge updates.
31048 unsafe updates.
2637562599 positive matches.
0 negative matches.

# edges in index in total: 0
# vertices in index in total: 0
Peak Virtual Memory: 964324 KB

----------------- End -----------------
