----------- Loading graphs ------------
# vertices = 8
# edges = 8
# vertices = 403394
# edges = 2199067
Load Graphs: 1502.42ms
------------ Preprocessing ------------
matching order: 
-vertex(backward neighbors)-
#0: 0-1(0)-2(0)-4(2)-3(4)-6(1,3)-5(1)-7(0)
#1: 2-0(2)-1(0)-4(2)-3(4)-6(1,3)-5(1)-7(0)
#2: 4-2(4)-0(2)-1(0)-3(4)-6(1,3)-5(1)-7(0)
#3: 3-4(3)-2(4)-0(2)-1(0)-6(1,3)-5(1)-7(0)
#4: 6-1(6)-0(1)-2(0)-3(6)-4(2,3)-5(1)-7(0)
#5: 6-3(6)-1(6)-0(1)-2(0)-4(2,3)-5(1)-7(0)
#6: 5-1(5)-0(1)-2(0)-4(2)-3(4)-6(1,3)-7(0)
#7: 7-0(7)-1(0)-2(0)-4(2)-3(4)-6(1,3)-5(1)

Preprocessing: 1.184ms
--------- Incremental Matching --------
auto_tuning off:0
use 8 threads for incresemental matching 
Start with 244341 Update
Incremental Matching: 13586.1ms
0 vertex updates.
244341 edge updates.
30282 unsafe updates.
154327668 positive matches.
0 negative matches.

# edges in index in total: 0
# vertices in index in total: 0
Peak Virtual Memory: 865224 KB

----------------- End -----------------
