----------- Loading graphs ------------
# vertices = 8
# edges = 14
# vertices = 403394
# edges = 2199067
Load Graphs: 1506.92ms
------------ Preprocessing ------------
matching order: 
-vertex(backward neighbors)-
#0: 0-2(0)-7(0,2)-3(0,2,7)-6(0,2,7)-4(2,3)-5(0,6)-1(7)
#1: 7-0(7)-2(0,7)-3(0,2,7)-6(0,2,7)-4(2,3)-5(0,6)-1(7)
#2: 7-2(7)-0(2,7)-3(0,2,7)-6(0,2,7)-4(2,3)-5(0,6)-1(7)
#3: 3-0(3)-2(0,3)-7(0,2,3)-6(0,2,7)-4(2,3)-5(0,6)-1(7)
#4: 3-2(3)-0(2,3)-7(0,2,3)-6(0,2,7)-4(2,3)-5(0,6)-1(7)
#5: 3-7(3)-0(3,7)-2(0,3,7)-6(0,2,7)-4(2,3)-5(0,6)-1(7)
#6: 6-0(6)-2(0,6)-7(0,2,6)-3(0,2,7)-4(2,3)-5(0,6)-1(7)
#7: 6-2(6)-0(2,6)-7(0,2,6)-3(0,2,7)-4(2,3)-5(0,6)-1(7)
#8: 6-7(6)-0(6,7)-2(0,6,7)-3(0,2,7)-4(2,3)-5(0,6)-1(7)
#9: 4-2(4)-3(2,4)-0(2,3)-7(0,2,3)-6(0,2,7)-5(0,6)-1(7)
#10: 4-3(4)-2(3,4)-0(2,3)-7(0,2,3)-6(0,2,7)-5(0,6)-1(7)
#11: 5-0(5)-6(0,5)-2(0,6)-7(0,2,6)-3(0,2,7)-4(2,3)-1(7)
#12: 5-6(5)-0(5,6)-2(0,6)-7(0,2,6)-3(0,2,7)-4(2,3)-1(7)
#13: 1-7(1)-0(7)-2(0,7)-3(0,2,7)-6(0,2,7)-4(2,3)-5(0,6)

Preprocessing: 1.197ms
--------- Incremental Matching --------
auto_tuning off:0
use 8 threads for incresemental matching 
Start with 244341 Update
Incremental Matching: 971.326ms
0 vertex updates.
244341 edge updates.
5867 unsafe updates.
1178430 positive matches.
0 negative matches.

# edges in index in total: 0
# vertices in index in total: 0
Peak Virtual Memory: 838712 KB

----------------- End -----------------
