----------- Loading graphs ------------
# vertices = 8
# edges = 20
# vertices = 403394
# edges = 2199067
Load Graphs: 1537.43ms
------------ Preprocessing ------------
matching order: 
-vertex(backward neighbors)-
#0: 4-5(4)-3(4,5)-6(3,4,5)-7(3,4,5)-2(3,4,5,7)-0(4,6,7)-1(0,4,5,6)
#1: 3-4(3)-5(3,4)-6(3,4,5)-7(3,4,5)-2(3,4,5,7)-0(4,6,7)-1(0,4,5,6)
#2: 3-5(3)-4(3,5)-6(3,4,5)-7(3,4,5)-2(3,4,5,7)-0(4,6,7)-1(0,4,5,6)
#3: 6-3(6)-4(3,6)-5(3,4,6)-7(3,4,5)-2(3,4,5,7)-0(4,6,7)-1(0,4,5,6)
#4: 6-4(6)-5(4,6)-3(4,5,6)-7(3,4,5)-2(3,4,5,7)-0(4,6,7)-1(0,4,5,6)
#5: 6-5(6)-4(5,6)-3(4,5,6)-7(3,4,5)-2(3,4,5,7)-0(4,6,7)-1(0,4,5,6)
#6: 7-3(7)-4(3,7)-5(3,4,7)-2(3,4,5,7)-6(3,4,5)-0(4,6,7)-1(0,4,5,6)
#7: 7-4(7)-5(4,7)-3(4,5,7)-2(3,4,5,7)-6(3,4,5)-0(4,6,7)-1(0,4,5,6)
#8: 7-5(7)-4(5,7)-3(4,5,7)-2(3,4,5,7)-6(3,4,5)-0(4,6,7)-1(0,4,5,6)
#9: 2-3(2)-4(2,3)-5(2,3,4)-7(2,3,4,5)-6(3,4,5)-0(4,6,7)-1(0,4,5,6)
#10: 2-4(2)-5(2,4)-3(2,4,5)-7(2,3,4,5)-6(3,4,5)-0(4,6,7)-1(0,4,5,6)
#11: 2-5(2)-4(2,5)-3(2,4,5)-7(2,3,4,5)-6(3,4,5)-0(4,6,7)-1(0,4,5,6)
#12: 2-7(2)-4(2,7)-5(2,4,7)-3(2,4,5,7)-6(3,4,5)-0(4,6,7)-1(0,4,5,6)
#13: 0-4(0)-6(0,4)-1(0,4,6)-5(1,4,6)-3(4,5,6)-7(0,3,4,5)-2(3,4,5,7)
#14: 0-6(0)-4(0,6)-1(0,4,6)-5(1,4,6)-3(4,5,6)-7(0,3,4,5)-2(3,4,5,7)
#15: 0-7(0)-4(0,7)-5(4,7)-3(4,5,7)-6(0,3,4,5)-1(0,4,5,6)-2(3,4,5,7)
#16: 1-0(1)-4(0,1)-6(0,1,4)-5(1,4,6)-3(4,5,6)-7(0,3,4,5)-2(3,4,5,7)
#17: 1-4(1)-5(1,4)-6(1,4,5)-3(4,5,6)-7(3,4,5)-0(1,4,6,7)-2(3,4,5,7)
#18: 1-5(1)-4(1,5)-6(1,4,5)-3(4,5,6)-7(3,4,5)-0(1,4,6,7)-2(3,4,5,7)
#19: 1-6(1)-4(1,6)-5(1,4,6)-3(4,5,6)-7(3,4,5)-0(1,4,6,7)-2(3,4,5,7)

Preprocessing: 1.307ms
--------- Incremental Matching --------
auto_tuning off:0
use 8 threads for incresemental matching 
Start with 244341 Update
Incremental Matching: 743.085ms
0 vertex updates.
244341 edge updates.
2861 unsafe updates.
22166 positive matches.
0 negative matches.

# edges in index in total: 0
# vertices in index in total: 0
Peak Virtual Memory: 770780 KB

----------------- End -----------------
