----------- Loading graphs ------------
# vertices = 8
# edges = 21
# vertices = 403394
# edges = 2199067
Load Graphs: 1441.67ms
------------ Preprocessing ------------
matching order: 
-vertex(backward neighbors)-
#0: 3-7(3)-0(3,7)-2(0,3,7)-4(0,3,7)-5(0,3,4,7)-6(2,3,4,5,7)-1(2,3,7)
#1: 0-3(0)-7(0,3)-2(0,3,7)-4(0,3,7)-5(0,3,4,7)-6(2,3,4,5,7)-1(2,3,7)
#2: 0-7(0)-3(0,7)-2(0,3,7)-4(0,3,7)-5(0,3,4,7)-6(2,3,4,5,7)-1(2,3,7)
#3: 2-0(2)-3(0,2)-7(0,2,3)-4(0,3,7)-5(0,3,4,7)-6(2,3,4,5,7)-1(2,3,7)
#4: 2-3(2)-7(2,3)-0(2,3,7)-4(0,3,7)-5(0,3,4,7)-6(2,3,4,5,7)-1(2,3,7)
#5: 2-7(2)-3(2,7)-0(2,3,7)-4(0,3,7)-5(0,3,4,7)-6(2,3,4,5,7)-1(2,3,7)
#6: 4-0(4)-3(0,4)-7(0,3,4)-5(0,3,4,7)-6(3,4,5,7)-2(0,3,6,7)-1(2,3,7)
#7: 4-3(4)-7(3,4)-0(3,4,7)-5(0,3,4,7)-6(3,4,5,7)-2(0,3,6,7)-1(2,3,7)
#8: 4-7(4)-3(4,7)-0(3,4,7)-5(0,3,4,7)-6(3,4,5,7)-2(0,3,6,7)-1(2,3,7)
#9: 5-0(5)-3(0,5)-7(0,3,5)-4(0,3,5,7)-6(3,4,5,7)-2(0,3,6,7)-1(2,3,7)
#10: 5-3(5)-7(3,5)-0(3,5,7)-4(0,3,5,7)-6(3,4,5,7)-2(0,3,6,7)-1(2,3,7)
#11: 5-4(5)-3(4,5)-7(3,4,5)-0(3,4,5,7)-6(3,4,5,7)-2(0,3,6,7)-1(2,3,7)
#12: 5-7(5)-3(5,7)-0(3,5,7)-4(0,3,5,7)-6(3,4,5,7)-2(0,3,6,7)-1(2,3,7)
#13: 6-2(6)-3(2,6)-7(2,3,6)-0(2,3,7)-4(0,3,6,7)-5(0,3,4,6,7)-1(2,3,7)
#14: 6-3(6)-7(3,6)-2(3,6,7)-0(2,3,7)-4(0,3,6,7)-5(0,3,4,6,7)-1(2,3,7)
#15: 6-4(6)-3(4,6)-7(3,4,6)-5(3,4,6,7)-0(3,4,5,7)-2(0,3,6,7)-1(2,3,7)
#16: 6-5(6)-3(5,6)-7(3,5,6)-4(3,5,6,7)-0(3,4,5,7)-2(0,3,6,7)-1(2,3,7)
#17: 6-7(6)-3(6,7)-2(3,6,7)-0(2,3,7)-4(0,3,6,7)-5(0,3,4,6,7)-1(2,3,7)
#18: 1-2(1)-3(1,2)-7(1,2,3)-0(2,3,7)-4(0,3,7)-5(0,3,4,7)-6(2,3,4,5,7)
#19: 1-3(1)-7(1,3)-2(1,3,7)-0(2,3,7)-4(0,3,7)-5(0,3,4,7)-6(2,3,4,5,7)
#20: 1-7(1)-3(1,7)-2(1,3,7)-0(2,3,7)-4(0,3,7)-5(0,3,4,7)-6(2,3,4,5,7)

Preprocessing: 0.223ms
--------- Incremental Matching --------
auto_tuning off:0
use 1 threads for incresemental matching 
Start with 244341 Update
Incremental Matching: 453.451ms
0 vertex updates.
244341 edge updates.
2138 unsafe updates.
18274 positive matches.
0 negative matches.

# edges in index in total: 0
# vertices in index in total: 0
Peak Virtual Memory: 125868 KB

----------------- End -----------------
