----------- Loading graphs ------------
# vertices = 8
# edges = 19
# vertices = 403394
# edges = 2199067
Load Graphs: 1266.95ms
------------ Preprocessing ------------
matching order: 
-vertex(backward neighbors)-
#0: 5-2(5)-4(2,5)-0(2,4,5)-1(0,2,5)-7(1,2,5)-6(2,4,5,7)-3(4,5,7)
#1: 4-2(4)-5(2,4)-0(2,4,5)-1(0,2,5)-7(1,2,5)-6(2,4,5,7)-3(4,5,7)
#2: 4-5(4)-2(4,5)-0(2,4,5)-1(0,2,5)-7(1,2,5)-6(2,4,5,7)-3(4,5,7)
#3: 0-2(0)-5(0,2)-4(0,2,5)-1(0,2,5)-7(1,2,5)-6(2,4,5,7)-3(4,5,7)
#4: 0-4(0)-5(0,4)-2(0,4,5)-1(0,2,5)-7(1,2,5)-6(2,4,5,7)-3(4,5,7)
#5: 0-5(0)-2(0,5)-4(0,2,5)-1(0,2,5)-7(1,2,5)-6(2,4,5,7)-3(4,5,7)
#6: 1-0(1)-5(0,1)-2(0,1,5)-4(0,2,5)-7(1,2,5)-6(2,4,5,7)-3(4,5,7)
#7: 1-2(1)-5(1,2)-7(1,2,5)-0(1,2,5)-4(0,2,5)-6(2,4,5,7)-3(4,5,7)
#8: 1-5(1)-2(1,5)-7(1,2,5)-0(1,2,5)-4(0,2,5)-6(2,4,5,7)-3(4,5,7)
#9: 7-1(7)-5(1,7)-2(1,5,7)-0(1,2,5)-4(0,2,5)-6(2,4,5,7)-3(4,5,7)
#10: 7-2(7)-5(2,7)-1(2,5,7)-0(1,2,5)-4(0,2,5)-6(2,4,5,7)-3(4,5,7)
#11: 7-5(7)-2(5,7)-1(2,5,7)-0(1,2,5)-4(0,2,5)-6(2,4,5,7)-3(4,5,7)
#12: 6-2(6)-5(2,6)-4(2,5,6)-7(2,5,6)-0(2,4,5)-1(0,2,5,7)-3(4,5,7)
#13: 6-4(6)-5(4,6)-2(4,5,6)-7(2,5,6)-0(2,4,5)-1(0,2,5,7)-3(4,5,7)
#14: 6-5(6)-2(5,6)-4(2,5,6)-7(2,5,6)-0(2,4,5)-1(0,2,5,7)-3(4,5,7)
#15: 6-7(6)-5(6,7)-2(5,6,7)-4(2,5,6)-0(2,4,5)-1(0,2,5,7)-3(4,5,7)
#16: 3-4(3)-5(3,4)-2(4,5)-7(2,3,5)-6(2,4,5,7)-0(2,4,5)-1(0,2,5,7)
#17: 3-5(3)-4(3,5)-2(4,5)-7(2,3,5)-6(2,4,5,7)-0(2,4,5)-1(0,2,5,7)
#18: 3-7(3)-5(3,7)-2(5,7)-4(2,3,5)-6(2,4,5,7)-0(2,4,5)-1(0,2,5,7)

Preprocessing: 1.337ms
--------- Incremental Matching --------
auto_tuning off:0
use 8 threads for incresemental matching 
Start with 244341 Update
Incremental Matching: 664.483ms
0 vertex updates.
244341 edge updates.
1696 unsafe updates.
23625 positive matches.
0 negative matches.

# edges in index in total: 0
# vertices in index in total: 0
Peak Virtual Memory: 770892 KB

----------------- End -----------------
