----------- Loading graphs ------------
# vertices = 8
# edges = 22
# vertices = 403394
# edges = 2199067
Load Graphs: 1487.48ms
------------ Preprocessing ------------
matching order: 
-vertex(backward neighbors)-
#0: 1-2(1)-7(1,2)-3(1,2,7)-4(1,2,3,7)-5(1,2,4,7)-6(1,2,5,7)-0(1,2,3,6)
#1: 7-1(7)-2(1,7)-3(1,2,7)-4(1,2,3,7)-5(1,2,4,7)-6(1,2,5,7)-0(1,2,3,6)
#2: 7-2(7)-1(2,7)-3(1,2,7)-4(1,2,3,7)-5(1,2,4,7)-6(1,2,5,7)-0(1,2,3,6)
#3: 3-1(3)-2(1,3)-7(1,2,3)-4(1,2,3,7)-5(1,2,4,7)-6(1,2,5,7)-0(1,2,3,6)
#4: 3-2(3)-1(2,3)-7(1,2,3)-4(1,2,3,7)-5(1,2,4,7)-6(1,2,5,7)-0(1,2,3,6)
#5: 3-7(3)-1(3,7)-2(1,3,7)-4(1,2,3,7)-5(1,2,4,7)-6(1,2,5,7)-0(1,2,3,6)
#6: 4-1(4)-2(1,4)-7(1,2,4)-3(1,2,4,7)-5(1,2,4,7)-6(1,2,5,7)-0(1,2,3,6)
#7: 4-2(4)-1(2,4)-7(1,2,4)-3(1,2,4,7)-5(1,2,4,7)-6(1,2,5,7)-0(1,2,3,6)
#8: 4-3(4)-1(3,4)-2(1,3,4)-7(1,2,3,4)-5(1,2,4,7)-6(1,2,5,7)-0(1,2,3,6)
#9: 4-7(4)-1(4,7)-2(1,4,7)-3(1,2,4,7)-5(1,2,4,7)-6(1,2,5,7)-0(1,2,3,6)
#10: 5-1(5)-2(1,5)-7(1,2,5)-4(1,2,5,7)-3(1,2,4,7)-6(1,2,5,7)-0(1,2,3,6)
#11: 5-2(5)-1(2,5)-7(1,2,5)-4(1,2,5,7)-3(1,2,4,7)-6(1,2,5,7)-0(1,2,3,6)
#12: 5-4(5)-1(4,5)-2(1,4,5)-7(1,2,4,5)-3(1,2,4,7)-6(1,2,5,7)-0(1,2,3,6)
#13: 5-7(5)-1(5,7)-2(1,5,7)-4(1,2,5,7)-3(1,2,4,7)-6(1,2,5,7)-0(1,2,3,6)
#14: 6-1(6)-2(1,6)-7(1,2,6)-5(1,2,6,7)-4(1,2,5,7)-3(1,2,4,7)-0(1,2,3,6)
#15: 6-2(6)-1(2,6)-7(1,2,6)-5(1,2,6,7)-4(1,2,5,7)-3(1,2,4,7)-0(1,2,3,6)
#16: 6-5(6)-1(5,6)-2(1,5,6)-7(1,2,5,6)-4(1,2,5,7)-3(1,2,4,7)-0(1,2,3,6)
#17: 6-7(6)-1(6,7)-2(1,6,7)-5(1,2,6,7)-4(1,2,5,7)-3(1,2,4,7)-0(1,2,3,6)
#18: 0-1(0)-2(0,1)-3(0,1,2)-7(1,2,3)-4(1,2,3,7)-5(1,2,4,7)-6(0,1,2,5,7)
#19: 0-2(0)-1(0,2)-3(0,1,2)-7(1,2,3)-4(1,2,3,7)-5(1,2,4,7)-6(0,1,2,5,7)
#20: 0-3(0)-1(0,3)-2(0,1,3)-7(1,2,3)-4(1,2,3,7)-5(1,2,4,7)-6(0,1,2,5,7)
#21: 0-6(0)-1(0,6)-2(0,1,6)-7(1,2,6)-3(0,1,2,7)-4(1,2,3,7)-5(1,2,4,6,7)

Preprocessing: 1.29ms
--------- Incremental Matching --------
auto_tuning off:0
use 8 threads for incresemental matching 
Start with 244341 Update
Incremental Matching: 711.867ms
0 vertex updates.
244341 edge updates.
1392 unsafe updates.
15315 positive matches.
0 negative matches.

# edges in index in total: 0
# vertices in index in total: 0
Peak Virtual Memory: 836692 KB

----------------- End -----------------
