----------- Loading graphs ------------
# vertices = 8
# edges = 20
# vertices = 403394
# edges = 2199067
Load Graphs: 1250.83ms
------------ Preprocessing ------------
matching order: 
-vertex(backward neighbors)-
#0: 2-3(2)-0(2,3)-1(0,2,3)-6(0,1,2,3)-5(1,2,3)-7(2,3,5,6)-4(0,2,3)
#1: 0-2(0)-3(0,2)-1(0,2,3)-6(0,1,2,3)-5(1,2,3)-7(2,3,5,6)-4(0,2,3)
#2: 0-3(0)-2(0,3)-1(0,2,3)-6(0,1,2,3)-5(1,2,3)-7(2,3,5,6)-4(0,2,3)
#3: 1-0(1)-2(0,1)-3(0,1,2)-6(0,1,2,3)-5(1,2,3)-7(2,3,5,6)-4(0,2,3)
#4: 1-2(1)-3(1,2)-0(1,2,3)-6(0,1,2,3)-5(1,2,3)-7(2,3,5,6)-4(0,2,3)
#5: 1-3(1)-2(1,3)-0(1,2,3)-6(0,1,2,3)-5(1,2,3)-7(2,3,5,6)-4(0,2,3)
#6: 6-0(6)-2(0,6)-3(0,2,6)-1(0,2,3,6)-5(1,2,3)-7(2,3,5,6)-4(0,2,3)
#7: 6-1(6)-2(1,6)-3(1,2,6)-0(1,2,3,6)-5(1,2,3)-7(2,3,5,6)-4(0,2,3)
#8: 6-2(6)-3(2,6)-0(2,3,6)-1(0,2,3,6)-5(1,2,3)-7(2,3,5,6)-4(0,2,3)
#9: 6-3(6)-2(3,6)-0(2,3,6)-1(0,2,3,6)-5(1,2,3)-7(2,3,5,6)-4(0,2,3)
#10: 5-1(5)-2(1,5)-3(1,2,5)-0(1,2,3)-6(0,1,2,3)-7(2,3,5,6)-4(0,2,3)
#11: 5-2(5)-3(2,5)-1(2,3,5)-0(1,2,3)-6(0,1,2,3)-7(2,3,5,6)-4(0,2,3)
#12: 5-3(5)-2(3,5)-1(2,3,5)-0(1,2,3)-6(0,1,2,3)-7(2,3,5,6)-4(0,2,3)
#13: 7-2(7)-3(2,7)-6(2,3,7)-0(2,3,6)-1(0,2,3,6)-5(1,2,3,7)-4(0,2,3)
#14: 7-3(7)-2(3,7)-6(2,3,7)-0(2,3,6)-1(0,2,3,6)-5(1,2,3,7)-4(0,2,3)
#15: 7-5(7)-2(5,7)-3(2,5,7)-1(2,3,5)-6(1,2,3,7)-0(1,2,3,6)-4(0,2,3)
#16: 7-6(7)-2(6,7)-3(2,6,7)-0(2,3,6)-1(0,2,3,6)-5(1,2,3,7)-4(0,2,3)
#17: 4-0(4)-2(0,4)-3(0,2,4)-1(0,2,3)-6(0,1,2,3)-5(1,2,3)-7(2,3,5,6)
#18: 4-2(4)-3(2,4)-0(2,3,4)-1(0,2,3)-6(0,1,2,3)-5(1,2,3)-7(2,3,5,6)
#19: 4-3(4)-2(3,4)-0(2,3,4)-1(0,2,3)-6(0,1,2,3)-5(1,2,3)-7(2,3,5,6)

Preprocessing: 1.382ms
--------- Incremental Matching --------
auto_tuning off:0
use 8 threads for incresemental matching 
Start with 244341 Update
Incremental Matching: 611.344ms
0 vertex updates.
244341 edge updates.
841 unsafe updates.
30408 positive matches.
0 negative matches.

# edges in index in total: 0
# vertices in index in total: 0
Peak Virtual Memory: 835656 KB

----------------- End -----------------
