----------- Loading graphs ------------
# vertices = 8
# edges = 7
# vertices = 403394
# edges = 2199067
Load Graphs: 1243.28ms
------------ Preprocessing ------------
matching order: 
-vertex(backward neighbors)-
#0: 5-1(5)-3(1)-6(3)-0(5)-2(6)-4(5)-7(6)
#1: 3-1(3)-5(1)-6(3)-0(5)-2(6)-4(5)-7(6)
#2: 6-3(6)-1(3)-5(1)-0(5)-2(6)-4(5)-7(6)
#3: 0-5(0)-1(5)-3(1)-6(3)-2(6)-4(5)-7(6)
#4: 2-6(2)-3(6)-1(3)-5(1)-0(5)-4(5)-7(6)
#5: 4-5(4)-1(5)-3(1)-6(3)-0(5)-2(6)-7(6)
#6: 7-6(7)-3(6)-1(3)-5(1)-0(5)-2(6)-4(5)

Preprocessing: 1.289ms
--------- Incremental Matching --------
auto_tuning off:0
use 8 threads for incresemental matching 
Start with 244341 Update
