----------- Loading graphs ------------
# vertices = 8
# edges = 20
# vertices = 403394
# edges = 2199067
Load Graphs: 1546.38ms
------------ Preprocessing ------------
matching order: 
-vertex(backward neighbors)-
#0: 0-6(0)-1(0,6)-2(0,1,6)-5(0,2,6)-7(0,1,5)-3(1,5,6,7)-4(0,2,6,7)
#1: 1-0(1)-6(0,1)-2(0,1,6)-5(0,2,6)-7(0,1,5)-3(1,5,6,7)-4(0,2,6,7)
#2: 1-6(1)-0(1,6)-2(0,1,6)-5(0,2,6)-7(0,1,5)-3(1,5,6,7)-4(0,2,6,7)
#3: 2-0(2)-6(0,2)-1(0,2,6)-5(0,2,6)-7(0,1,5)-3(1,5,6,7)-4(0,2,6,7)
#4: 2-1(2)-0(1,2)-6(0,1,2)-5(0,2,6)-7(0,1,5)-3(1,5,6,7)-4(0,2,6,7)
#5: 2-6(2)-0(2,6)-1(0,2,6)-5(0,2,6)-7(0,1,5)-3(1,5,6,7)-4(0,2,6,7)
#6: 5-0(5)-6(0,5)-2(0,5,6)-1(0,2,6)-7(0,1,5)-3(1,5,6,7)-4(0,2,6,7)
#7: 5-2(5)-0(2,5)-6(0,2,5)-1(0,2,6)-7(0,1,5)-3(1,5,6,7)-4(0,2,6,7)
#8: 5-6(5)-0(5,6)-2(0,5,6)-1(0,2,6)-7(0,1,5)-3(1,5,6,7)-4(0,2,6,7)
#9: 7-0(7)-1(0,7)-6(0,1)-2(0,1,6)-5(0,2,6,7)-3(1,5,6,7)-4(0,2,6,7)
#10: 7-1(7)-0(1,7)-6(0,1)-2(0,1,6)-5(0,2,6,7)-3(1,5,6,7)-4(0,2,6,7)
#11: 7-5(7)-0(5,7)-6(0,5)-1(0,6,7)-2(0,1,5,6)-3(1,5,6,7)-4(0,2,6,7)
#12: 3-1(3)-6(1,3)-0(1,6)-2(0,1,6)-5(0,2,3,6)-7(0,1,3,5)-4(0,2,6,7)
#13: 3-5(3)-6(3,5)-0(5,6)-1(0,3,6)-2(0,1,5,6)-7(0,1,3,5)-4(0,2,6,7)
#14: 3-6(3)-1(3,6)-0(1,6)-2(0,1,6)-5(0,2,3,6)-7(0,1,3,5)-4(0,2,6,7)
#15: 3-7(3)-1(3,7)-0(1,7)-6(0,1,3)-5(0,3,6,7)-2(0,1,5,6)-4(0,2,6,7)
#16: 4-0(4)-6(0,4)-2(0,4,6)-1(0,2,6)-5(0,2,6)-7(0,1,4,5)-3(1,5,6,7)
#17: 4-2(4)-0(2,4)-6(0,2,4)-1(0,2,6)-5(0,2,6)-7(0,1,4,5)-3(1,5,6,7)
#18: 4-6(4)-0(4,6)-2(0,4,6)-1(0,2,6)-5(0,2,6)-7(0,1,4,5)-3(1,5,6,7)
#19: 4-7(4)-0(4,7)-6(0,4)-1(0,6,7)-2(0,1,4,6)-5(0,2,6,7)-3(1,5,6,7)

Preprocessing: 0.202ms
--------- Incremental Matching --------
auto_tuning off:0
use 1 threads for incresemental matching 
Start with 244341 Update
Incremental Matching: 477.374ms
0 vertex updates.
244341 edge updates.
476 unsafe updates.
17060 positive matches.
0 negative matches.

# edges in index in total: 0
# vertices in index in total: 0
Peak Virtual Memory: 125864 KB

----------------- End -----------------
