----------- Loading graphs ------------
# vertices = 8
# edges = 19
# vertices = 403394
# edges = 2199067
Load Graphs: 1514.95ms
------------ Preprocessing ------------
matching order: 
-vertex(backward neighbors)-
#0: 1-2(1)-7(1,2)-3(1,7)-4(2,3,7)-6(2,3,7)-0(1,2,4,6)-5(1,3,4,6)
#1: 7-1(7)-2(1,7)-3(1,7)-4(2,3,7)-6(2,3,7)-0(1,2,4,6)-5(1,3,4,6)
#2: 7-2(7)-1(2,7)-3(1,7)-4(2,3,7)-6(2,3,7)-0(1,2,4,6)-5(1,3,4,6)
#3: 3-1(3)-7(1,3)-2(1,7)-4(2,3,7)-6(2,3,7)-0(1,2,4,6)-5(1,3,4,6)
#4: 3-7(3)-1(3,7)-2(1,7)-4(2,3,7)-6(2,3,7)-0(1,2,4,6)-5(1,3,4,6)
#5: 4-2(4)-7(2,4)-1(2,7)-3(1,4,7)-6(2,3,7)-0(1,2,4,6)-5(1,3,4,6)
#6: 4-3(4)-7(3,4)-1(3,7)-2(1,4,7)-6(2,3,7)-0(1,2,4,6)-5(1,3,4,6)
#7: 4-7(4)-2(4,7)-1(2,7)-3(1,4,7)-6(2,3,7)-0(1,2,4,6)-5(1,3,4,6)
#8: 6-2(6)-7(2,6)-1(2,7)-3(1,6,7)-4(2,3,7)-0(1,2,4,6)-5(1,3,4,6)
#9: 6-3(6)-7(3,6)-1(3,7)-2(1,6,7)-4(2,3,7)-0(1,2,4,6)-5(1,3,4,6)
#10: 6-7(6)-2(6,7)-1(2,7)-3(1,6,7)-4(2,3,7)-0(1,2,4,6)-5(1,3,4,6)
#11: 0-1(0)-2(0,1)-4(0,2)-7(1,2,4)-3(1,4,7)-6(0,2,3,7)-5(1,3,4,6)
#12: 0-2(0)-1(0,2)-4(0,2)-7(1,2,4)-3(1,4,7)-6(0,2,3,7)-5(1,3,4,6)
#13: 0-4(0)-2(0,4)-1(0,2)-7(1,2,4)-3(1,4,7)-6(0,2,3,7)-5(1,3,4,6)
#14: 0-6(0)-2(0,6)-1(0,2)-7(1,2,6)-3(1,6,7)-4(0,2,3,7)-5(1,3,4,6)
#15: 5-1(5)-3(1,5)-4(3,5)-7(1,3,4)-2(1,4,7)-6(2,3,5,7)-0(1,2,4,6)
#16: 5-3(5)-1(3,5)-4(3,5)-7(1,3,4)-2(1,4,7)-6(2,3,5,7)-0(1,2,4,6)
#17: 5-4(5)-3(4,5)-1(3,5)-7(1,3,4)-2(1,4,7)-6(2,3,5,7)-0(1,2,4,6)
#18: 5-6(5)-3(5,6)-1(3,5)-7(1,3,6)-2(1,6,7)-4(2,3,5,7)-0(1,2,4,6)

Preprocessing: 1.56ms
--------- Incremental Matching --------
auto_tuning off:0
use 8 threads for incresemental matching 
Start with 244341 Update
Incremental Matching: 825.566ms
0 vertex updates.
244341 edge updates.
1773 unsafe updates.
21408 positive matches.
0 negative matches.

# edges in index in total: 0
# vertices in index in total: 0
Peak Virtual Memory: 771048 KB

----------------- End -----------------
