----------- Loading graphs ------------
# vertices = 8
# edges = 10
# vertices = 403394
# edges = 2199067
Load Graphs: 1462.26ms
------------ Preprocessing ------------
matching order: 
-vertex(backward neighbors)-
#0: 1-0(1)-4(0,1)-3(1)-2(3,4)-5(0)-7(3,5)-6(1)
#1: 4-0(4)-1(0,4)-3(1)-2(3,4)-5(0)-7(3,5)-6(1)
#2: 4-1(4)-0(1,4)-3(1)-2(3,4)-5(0)-7(3,5)-6(1)
#3: 3-1(3)-0(1)-4(0,1)-2(3,4)-5(0)-7(3,5)-6(1)
#4: 2-3(2)-1(3)-4(1,2)-0(1,4)-5(0)-7(3,5)-6(1)
#5: 2-4(2)-1(4)-0(1,4)-3(1,2)-5(0)-7(3,5)-6(1)
#6: 5-0(5)-1(0)-4(0,1)-3(1)-2(3,4)-7(3,5)-6(1)
#7: 7-3(7)-1(3)-0(1)-4(0,1)-2(3,4)-5(0,7)-6(1)
#8: 7-5(7)-0(5)-1(0)-3(1,7)-4(0,1)-2(3,4)-6(1)
#9: 6-1(6)-0(1)-4(0,1)-3(1)-2(3,4)-5(0)-7(3,5)

Preprocessing: 0.131ms
--------- Incremental Matching --------
auto_tuning off:0
use 1 threads for incresemental matching 
Start with 244341 Update
Incremental Matching: 2096.51ms
0 vertex updates.
244341 edge updates.
7991 unsafe updates.
7240812 positive matches.
0 negative matches.

# edges in index in total: 0
# vertices in index in total: 0
Peak Virtual Memory: 125848 KB

----------------- End -----------------
