----------- Loading graphs ------------
# vertices = 8
# edges = 18
# vertices = 403394
# edges = 2199067
Load Graphs: 1501.15ms
------------ Preprocessing ------------
matching order: 
-vertex(backward neighbors)-
#0: 0-2(0)-1(0,2)-3(0,1,2)-6(0,1,2,3)-4(0,2,3)-5(0,2,4,6)-7(1)
#1: 1-0(1)-2(0,1)-3(0,1,2)-6(0,1,2,3)-4(0,2,3)-5(0,2,4,6)-7(1)
#2: 1-2(1)-0(1,2)-3(0,1,2)-6(0,1,2,3)-4(0,2,3)-5(0,2,4,6)-7(1)
#3: 3-0(3)-2(0,3)-1(0,2,3)-6(0,1,2,3)-4(0,2,3)-5(0,2,4,6)-7(1)
#4: 3-1(3)-0(1,3)-2(0,1,3)-6(0,1,2,3)-4(0,2,3)-5(0,2,4,6)-7(1)
#5: 3-2(3)-0(2,3)-1(0,2,3)-6(0,1,2,3)-4(0,2,3)-5(0,2,4,6)-7(1)
#6: 6-0(6)-2(0,6)-1(0,2,6)-3(0,1,2,6)-4(0,2,3)-5(0,2,4,6)-7(1)
#7: 6-1(6)-0(1,6)-2(0,1,6)-3(0,1,2,6)-4(0,2,3)-5(0,2,4,6)-7(1)
#8: 6-2(6)-0(2,6)-1(0,2,6)-3(0,1,2,6)-4(0,2,3)-5(0,2,4,6)-7(1)
#9: 6-3(6)-0(3,6)-2(0,3,6)-1(0,2,3,6)-4(0,2,3)-5(0,2,4,6)-7(1)
#10: 4-0(4)-2(0,4)-3(0,2,4)-1(0,2,3)-6(0,1,2,3)-5(0,2,4,6)-7(1)
#11: 4-2(4)-0(2,4)-3(0,2,4)-1(0,2,3)-6(0,1,2,3)-5(0,2,4,6)-7(1)
#12: 4-3(4)-0(3,4)-2(0,3,4)-1(0,2,3)-6(0,1,2,3)-5(0,2,4,6)-7(1)
#13: 5-0(5)-2(0,5)-6(0,2,5)-1(0,2,6)-3(0,1,2,6)-4(0,2,3,5)-7(1)
#14: 5-2(5)-0(2,5)-6(0,2,5)-1(0,2,6)-3(0,1,2,6)-4(0,2,3,5)-7(1)
#15: 5-4(5)-0(4,5)-2(0,4,5)-3(0,2,4)-6(0,2,3,5)-1(0,2,3,6)-7(1)
#16: 5-6(5)-0(5,6)-2(0,5,6)-1(0,2,6)-3(0,1,2,6)-4(0,2,3,5)-7(1)
#17: 7-1(7)-0(1)-2(0,1)-3(0,1,2)-6(0,1,2,3)-4(0,2,3)-5(0,2,4,6)

Preprocessing: 1.31ms
--------- Incremental Matching --------
auto_tuning off:0
use 8 threads for incresemental matching 
Start with 244341 Update
Incremental Matching: 806.366ms
0 vertex updates.
244341 edge updates.
1361 unsafe updates.
95988 positive matches.
0 negative matches.

# edges in index in total: 0
# vertices in index in total: 0
Peak Virtual Memory: 835660 KB

----------------- End -----------------
