----------- Loading graphs ------------
# vertices = 8
# edges = 8
# vertices = 403394
# edges = 2199067
Load Graphs: 1365.5ms
------------ Preprocessing ------------
matching order: 
-vertex(backward neighbors)-
#0: 3-4(3)-6(4)-2(3)-7(2,6)-0(6)-1(3)-5(4)
#1: 6-4(6)-3(4)-2(3)-7(2,6)-0(6)-1(3)-5(4)
#2: 2-3(2)-4(3)-6(4)-7(2,6)-0(6)-1(3)-5(4)
#3: 7-2(7)-3(2)-4(3)-6(4,7)-0(6)-1(3)-5(4)
#4: 7-6(7)-4(6)-3(4)-2(3,7)-0(6)-1(3)-5(4)
#5: 0-6(0)-4(6)-3(4)-2(3)-7(2,6)-1(3)-5(4)
#6: 1-3(1)-4(3)-6(4)-2(3)-7(2,6)-0(6)-5(4)
#7: 5-4(5)-3(4)-6(4)-2(3)-7(2,6)-0(6)-1(3)

Preprocessing: 0.107ms
--------- Incremental Matching --------
auto_tuning off:0
use 1 threads for incresemental matching 
Start with 244341 Update
Incremental Matching: 26210.8ms
0 vertex updates.
244341 edge updates.
26009 unsafe updates.
687473601 positive matches.
0 negative matches.

# edges in index in total: 0
# vertices in index in total: 0
Peak Virtual Memory: 125848 KB

----------------- End -----------------
