----------- Loading graphs ------------
# vertices = 8
# edges = 13
# vertices = 403394
# edges = 2199067
Load Graphs: 1570.11ms
------------ Preprocessing ------------
matching order: 
-vertex(backward neighbors)-
#0: 1-2(1)-3(1,2)-4(2,3)-0(1,3)-5(1,4)-6(0,2)-7(4,5)
#1: 3-1(3)-2(1,3)-4(2,3)-0(1,3)-5(1,4)-6(0,2)-7(4,5)
#2: 3-2(3)-1(2,3)-4(2,3)-0(1,3)-5(1,4)-6(0,2)-7(4,5)
#3: 4-2(4)-3(2,4)-1(2,3)-0(1,3)-5(1,4)-6(0,2)-7(4,5)
#4: 4-3(4)-2(3,4)-1(2,3)-0(1,3)-5(1,4)-6(0,2)-7(4,5)
#5: 0-1(0)-3(0,1)-2(1,3)-4(2,3)-5(1,4)-6(0,2)-7(4,5)
#6: 0-3(0)-1(0,3)-2(1,3)-4(2,3)-5(1,4)-6(0,2)-7(4,5)
#7: 5-1(5)-2(1)-3(1,2)-4(2,3,5)-0(1,3)-6(0,2)-7(4,5)
#8: 5-4(5)-7(4,5)-1(5)-2(1,4)-3(1,2,4)-0(1,3)-6(0,2)
#9: 6-0(6)-1(0)-2(1,6)-3(0,1,2)-4(2,3)-5(1,4)-7(4,5)
#10: 6-2(6)-1(2)-3(1,2)-0(1,3,6)-4(2,3)-5(1,4)-7(4,5)
#11: 7-4(7)-5(4,7)-1(5)-2(1,4)-3(1,2,4)-0(1,3)-6(0,2)
#12: 7-5(7)-4(5,7)-1(5)-2(1,4)-3(1,2,4)-0(1,3)-6(0,2)

Preprocessing: 1.171ms
--------- Incremental Matching --------
auto_tuning off:0
use 8 threads for incresemental matching 
Start with 244341 Update
Incremental Matching: 1530.41ms
0 vertex updates.
244341 edge updates.
11047 unsafe updates.
242262 positive matches.
0 negative matches.

# edges in index in total: 0
# vertices in index in total: 0
Peak Virtual Memory: 835632 KB

----------------- End -----------------
