----------- Loading graphs ------------
# vertices = 8
# edges = 14
# vertices = 403394
# edges = 2199067
Load Graphs: 1459.91ms
------------ Preprocessing ------------
matching order: 
-vertex(backward neighbors)-
#0: 0-1(0)-3(0,1)-2(1,3)-5(0,1)-4(0,5)-7(0,2,4)-6(1,4)
#1: 3-0(3)-1(0,3)-2(1,3)-5(0,1)-4(0,5)-7(0,2,4)-6(1,4)
#2: 3-1(3)-0(1,3)-2(1,3)-5(0,1)-4(0,5)-7(0,2,4)-6(1,4)
#3: 2-1(2)-3(1,2)-0(1,3)-5(0,1)-4(0,5)-7(0,2,4)-6(1,4)
#4: 2-3(2)-1(2,3)-0(1,3)-5(0,1)-4(0,5)-7(0,2,4)-6(1,4)
#5: 5-0(5)-1(0,5)-4(0,5)-3(0,1)-2(1,3)-7(0,2,4)-6(1,4)
#6: 5-1(5)-0(1,5)-4(0,5)-3(0,1)-2(1,3)-7(0,2,4)-6(1,4)
#7: 4-0(4)-5(0,4)-1(0,5)-3(0,1)-2(1,3)-7(0,2,4)-6(1,4)
#8: 4-5(4)-0(4,5)-1(0,5)-3(0,1)-2(1,3)-7(0,2,4)-6(1,4)
#9: 7-0(7)-4(0,7)-5(0,4)-1(0,5)-2(1,7)-3(0,1,2)-6(1,4)
#10: 7-2(7)-0(7)-1(0,2)-3(0,1,2)-4(0,7)-5(0,1,4)-6(1,4)
#11: 7-4(7)-0(4,7)-5(0,4)-1(0,5)-2(1,7)-3(0,1,2)-6(1,4)
#12: 6-1(6)-0(1)-4(0,6)-5(0,1,4)-3(0,1)-2(1,3)-7(0,2,4)
#13: 6-4(6)-0(4)-1(0,6)-5(0,1,4)-3(0,1)-2(1,3)-7(0,2,4)

Preprocessing: 1.237ms
--------- Incremental Matching --------
auto_tuning off:0
use 8 threads for incresemental matching 
Start with 244341 Update
Incremental Matching: 1093.85ms
0 vertex updates.
244341 edge updates.
2811 unsafe updates.
177005 positive matches.
0 negative matches.

# edges in index in total: 0
# vertices in index in total: 0
Peak Virtual Memory: 835644 KB

----------------- End -----------------
