----------- Loading graphs ------------
# vertices = 8
# edges = 12
# vertices = 403394
# edges = 2199067
Load Graphs: 1566.93ms
------------ Preprocessing ------------
matching order: 
-vertex(backward neighbors)-
#0: 2-4(2)-0(2,4)-1(2,4)-7(1,2,4)-6(0,2)-5(4)-3(5)
#1: 0-2(0)-4(0,2)-1(2,4)-7(1,2,4)-6(0,2)-5(4)-3(5)
#2: 0-4(0)-2(0,4)-1(2,4)-7(1,2,4)-6(0,2)-5(4)-3(5)
#3: 1-2(1)-4(1,2)-7(1,2,4)-0(2,4)-6(0,2)-5(4)-3(5)
#4: 1-4(1)-2(1,4)-7(1,2,4)-0(2,4)-6(0,2)-5(4)-3(5)
#5: 7-1(7)-2(1,7)-4(1,2,7)-0(2,4)-6(0,2)-5(4)-3(5)
#6: 7-2(7)-4(2,7)-1(2,4,7)-0(2,4)-6(0,2)-5(4)-3(5)
#7: 7-4(7)-2(4,7)-1(2,4,7)-0(2,4)-6(0,2)-5(4)-3(5)
#8: 6-0(6)-2(0,6)-4(0,2)-1(2,4)-7(1,2,4)-5(4)-3(5)
#9: 6-2(6)-0(2,6)-4(0,2)-1(2,4)-7(1,2,4)-5(4)-3(5)
#10: 5-4(5)-2(4)-0(2,4)-1(2,4)-7(1,2,4)-6(0,2)-3(5)
#11: 3-5(3)-4(5)-2(4)-0(2,4)-1(2,4)-7(1,2,4)-6(0,2)

Preprocessing: 0.191ms
--------- Incremental Matching --------
auto_tuning off:0
use 1 threads for incresemental matching 
Start with 244341 Update
Incremental Matching: 1041.33ms
0 vertex updates.
244341 edge updates.
12576 unsafe updates.
4361295 positive matches.
0 negative matches.

# edges in index in total: 0
# vertices in index in total: 0
Peak Virtual Memory: 125852 KB

----------------- End -----------------
