----------- Loading graphs ------------
# vertices = 8
# edges = 21
# vertices = 403394
# edges = 2199067
Load Graphs: 1484.15ms
------------ Preprocessing ------------
matching order: 
-vertex(backward neighbors)-
#0: 1-4(1)-6(1,4)-7(1,4,6)-5(1,4,6,7)-2(1,6,7)-0(2,4,5,7)-3(1,2,4,6)
#1: 6-1(6)-4(1,6)-7(1,4,6)-5(1,4,6,7)-2(1,6,7)-0(2,4,5,7)-3(1,2,4,6)
#2: 6-4(6)-1(4,6)-7(1,4,6)-5(1,4,6,7)-2(1,6,7)-0(2,4,5,7)-3(1,2,4,6)
#3: 7-1(7)-4(1,7)-6(1,4,7)-5(1,4,6,7)-2(1,6,7)-0(2,4,5,7)-3(1,2,4,6)
#4: 7-4(7)-1(4,7)-6(1,4,7)-5(1,4,6,7)-2(1,6,7)-0(2,4,5,7)-3(1,2,4,6)
#5: 7-6(7)-1(6,7)-4(1,6,7)-5(1,4,6,7)-2(1,6,7)-0(2,4,5,7)-3(1,2,4,6)
#6: 5-1(5)-4(1,5)-6(1,4,5)-7(1,4,5,6)-2(1,6,7)-0(2,4,5,7)-3(1,2,4,6)
#7: 5-4(5)-1(4,5)-6(1,4,5)-7(1,4,5,6)-2(1,6,7)-0(2,4,5,7)-3(1,2,4,6)
#8: 5-6(5)-1(5,6)-4(1,5,6)-7(1,4,5,6)-2(1,6,7)-0(2,4,5,7)-3(1,2,4,6)
#9: 5-7(5)-1(5,7)-4(1,5,7)-6(1,4,5,7)-2(1,6,7)-0(2,4,5,7)-3(1,2,4,6)
#10: 2-1(2)-6(1,2)-7(1,2,6)-4(1,6,7)-5(1,4,6,7)-0(2,4,5,7)-3(1,2,4,6)
#11: 2-6(2)-1(2,6)-7(1,2,6)-4(1,6,7)-5(1,4,6,7)-0(2,4,5,7)-3(1,2,4,6)
#12: 2-7(2)-1(2,7)-6(1,2,7)-4(1,6,7)-5(1,4,6,7)-0(2,4,5,7)-3(1,2,4,6)
#13: 0-2(0)-7(0,2)-1(2,7)-4(0,1,7)-6(1,2,4,7)-5(0,1,4,6,7)-3(1,2,4,6)
#14: 0-4(0)-7(0,4)-5(0,4,7)-1(4,5,7)-6(1,4,5,7)-2(0,1,6,7)-3(1,2,4,6)
#15: 0-5(0)-4(0,5)-7(0,4,5)-1(4,5,7)-6(1,4,5,7)-2(0,1,6,7)-3(1,2,4,6)
#16: 0-7(0)-4(0,7)-5(0,4,7)-1(4,5,7)-6(1,4,5,7)-2(0,1,6,7)-3(1,2,4,6)
#17: 3-1(3)-4(1,3)-6(1,3,4)-7(1,4,6)-2(1,3,6,7)-5(1,4,6,7)-0(2,4,5,7)
#18: 3-2(3)-1(2,3)-6(1,2,3)-4(1,3,6)-7(1,2,4,6)-5(1,4,6,7)-0(2,4,5,7)
#19: 3-4(3)-1(3,4)-6(1,3,4)-7(1,4,6)-2(1,3,6,7)-5(1,4,6,7)-0(2,4,5,7)
#20: 3-6(3)-1(3,6)-4(1,3,6)-7(1,4,6)-2(1,3,6,7)-5(1,4,6,7)-0(2,4,5,7)

Preprocessing: 0.21ms
--------- Incremental Matching --------
auto_tuning off:0
use 1 threads for incresemental matching 
Start with 244341 Update
Incremental Matching: 459.346ms
0 vertex updates.
244341 edge updates.
785 unsafe updates.
17009 positive matches.
0 negative matches.

# edges in index in total: 0
# vertices in index in total: 0
Peak Virtual Memory: 125844 KB

----------------- End -----------------
