----------- Loading graphs ------------
# vertices = 8
# edges = 17
# vertices = 403394
# edges = 2199067
Load Graphs: 1452.1ms
------------ Preprocessing ------------
matching order: 
-vertex(backward neighbors)-
#0: 0-4(0)-7(0,4)-1(0,7)-2(1,4,7)-5(0,1,4)-3(4,5,7)-6(0,2,3)
#1: 7-0(7)-4(0,7)-1(0,7)-2(1,4,7)-5(0,1,4)-3(4,5,7)-6(0,2,3)
#2: 7-4(7)-0(4,7)-1(0,7)-2(1,4,7)-5(0,1,4)-3(4,5,7)-6(0,2,3)
#3: 1-0(1)-7(0,1)-4(0,7)-2(1,4,7)-5(0,1,4)-3(4,5,7)-6(0,2,3)
#4: 1-7(1)-0(1,7)-4(0,7)-2(1,4,7)-5(0,1,4)-3(4,5,7)-6(0,2,3)
#5: 2-1(2)-7(1,2)-0(1,7)-4(0,2,7)-5(0,1,4)-3(4,5,7)-6(0,2,3)
#6: 2-4(2)-7(2,4)-0(4,7)-1(0,2,7)-5(0,1,4)-3(4,5,7)-6(0,2,3)
#7: 2-7(2)-4(2,7)-0(4,7)-1(0,2,7)-5(0,1,4)-3(4,5,7)-6(0,2,3)
#8: 5-0(5)-4(0,5)-7(0,4)-1(0,5,7)-2(1,4,7)-3(4,5,7)-6(0,2,3)
#9: 5-1(5)-0(1,5)-4(0,5)-7(0,1,4)-2(1,4,7)-3(4,5,7)-6(0,2,3)
#10: 5-4(5)-0(4,5)-7(0,4)-1(0,5,7)-2(1,4,7)-3(4,5,7)-6(0,2,3)
#11: 3-4(3)-7(3,4)-0(4,7)-5(0,3,4)-1(0,5,7)-2(1,4,7)-6(0,2,3)
#12: 3-5(3)-4(3,5)-0(4,5)-7(0,3,4)-1(0,5,7)-2(1,4,7)-6(0,2,3)
#13: 3-7(3)-4(3,7)-0(4,7)-5(0,3,4)-1(0,5,7)-2(1,4,7)-6(0,2,3)
#14: 6-0(6)-4(0)-7(0,4)-2(4,6,7)-1(0,2,7)-3(4,6,7)-5(0,1,3,4)
#15: 6-2(6)-0(6)-4(0,2)-7(0,2,4)-1(0,2,7)-3(4,6,7)-5(0,1,3,4)
#16: 6-3(6)-0(6)-4(0,3)-7(0,3,4)-2(4,6,7)-1(0,2,7)-5(0,1,3,4)

Preprocessing: 1.3ms
--------- Incremental Matching --------
auto_tuning off:0
use 8 threads for incresemental matching 
Start with 244341 Update
Incremental Matching: 1184.2ms
0 vertex updates.
244341 edge updates.
2162 unsafe updates.
33490 positive matches.
0 negative matches.

# edges in index in total: 0
# vertices in index in total: 0
Peak Virtual Memory: 770768 KB

----------------- End -----------------
