----------- Loading graphs ------------
# vertices = 8
# edges = 10
# vertices = 403394
# edges = 2199067
Load Graphs: 1426.76ms
------------ Preprocessing ------------
matching order: 
-vertex(backward neighbors)-
#0: 0-2(0)-3(2)-6(2,3)-5(0,6)-1(3,5)-4(1)-7(0)
#1: 3-2(3)-6(2,3)-0(2)-5(0,6)-1(3,5)-4(1)-7(0)
#2: 6-2(6)-3(2,6)-0(2)-5(0,6)-1(3,5)-4(1)-7(0)
#3: 6-3(6)-2(3,6)-0(2)-5(0,6)-1(3,5)-4(1)-7(0)
#4: 5-0(5)-1(5)-2(0)-3(1,2)-6(2,3,5)-4(1)-7(0)
#5: 5-6(5)-0(5)-2(0,6)-3(2,6)-1(3,5)-4(1)-7(0)
#6: 1-3(1)-2(3)-6(2,3)-5(1,6)-0(2,5)-4(1)-7(0)
#7: 1-5(1)-0(5)-2(0)-3(1,2)-6(2,3,5)-4(1)-7(0)
#8: 4-1(4)-3(1)-2(3)-6(2,3)-5(1,6)-0(2,5)-7(0)
#9: 7-0(7)-2(0)-3(2)-6(2,3)-5(0,6)-1(3,5)-4(1)

Preprocessing: 0.118ms
--------- Incremental Matching --------
auto_tuning off:0
use 1 threads for incresemental matching 
Start with 244341 Update
Incremental Matching: 1380.43ms
0 vertex updates.
244341 edge updates.
18803 unsafe updates.
9378937 positive matches.
0 negative matches.

# edges in index in total: 0
# vertices in index in total: 0
Peak Virtual Memory: 125848 KB

----------------- End -----------------
