----------- Loading graphs ------------
# vertices = 8
# edges = 9
# vertices = 403394
# edges = 2199067
Load Graphs: 1483.89ms
------------ Preprocessing ------------
matching order: 
-vertex(backward neighbors)-
#0: 2-7(2)-4(7)-0(2,4)-3(7)-1(3)-6(1,2)-5(4)
#1: 4-7(4)-2(7)-0(2,4)-3(7)-1(3)-6(1,2)-5(4)
#2: 0-2(0)-4(0)-7(2,4)-3(7)-1(3)-6(1,2)-5(4)
#3: 0-4(0)-2(0)-7(2,4)-3(7)-1(3)-6(1,2)-5(4)
#4: 3-7(3)-2(7)-4(7)-0(2,4)-1(3)-6(1,2)-5(4)
#5: 1-3(1)-7(3)-2(7)-6(1,2)-4(7)-0(2,4)-5(4)
#6: 6-1(6)-2(6)-7(2)-3(1,7)-4(7)-0(2,4)-5(4)
#7: 6-2(6)-7(2)-4(7)-0(2,4)-1(6)-3(1,7)-5(4)
#8: 5-4(5)-7(4)-2(7)-0(2,4)-3(7)-1(3)-6(1,2)

Preprocessing: 0.129ms
--------- Incremental Matching --------
auto_tuning off:0
use 1 threads for incresemental matching 
Start with 244341 Update
Incremental Matching: 4187.21ms
0 vertex updates.
244341 edge updates.
12173 unsafe updates.
11626240 positive matches.
0 negative matches.

# edges in index in total: 0
# vertices in index in total: 0
Peak Virtual Memory: 125848 KB

----------------- End -----------------
