----------- Loading graphs ------------
# vertices = 8
# edges = 8
# vertices = 403394
# edges = 2199067
Load Graphs: 1470ms
------------ Preprocessing ------------
matching order: 
-vertex(backward neighbors)-
#0: 4-1(4)-6(1,4)-5(4)-0(5)-2(5)-3(1)-7(4)
#1: 6-1(6)-4(1,6)-5(4)-0(5)-2(5)-3(1)-7(4)
#2: 6-4(6)-1(4,6)-5(4)-0(5)-2(5)-3(1)-7(4)
#3: 5-4(5)-1(4)-6(1,4)-0(5)-2(5)-3(1)-7(4)
#4: 0-5(0)-4(5)-1(4)-6(1,4)-2(5)-3(1)-7(4)
#5: 2-5(2)-4(5)-1(4)-6(1,4)-0(5)-3(1)-7(4)
#6: 3-1(3)-4(1)-6(1,4)-5(4)-0(5)-2(5)-7(4)
#7: 7-4(7)-1(4)-6(1,4)-5(4)-0(5)-2(5)-3(1)

Preprocessing: 1.167ms
--------- Incremental Matching --------
auto_tuning off:0
use 8 threads for incresemental matching 
Start with 244341 Update
