----------- Loading graphs ------------
# vertices = 8
# edges = 10
# vertices = 403394
# edges = 2199067
Load Graphs: 1566.93ms
------------ Preprocessing ------------
matching order: 
-vertex(backward neighbors)-
#0: 4-1(4)-3(1,4)-0(1)-5(4)-2(0,5)-7(4,5)-6(0)
#1: 3-1(3)-4(1,3)-0(1)-5(4)-2(0,5)-7(4,5)-6(0)
#2: 3-4(3)-1(3,4)-0(1)-5(4)-2(0,5)-7(4,5)-6(0)
#3: 0-1(0)-4(1)-3(1,4)-5(4)-2(0,5)-7(4,5)-6(0)
#4: 5-4(5)-7(4,5)-1(4)-3(1,4)-0(1)-2(0,5)-6(0)
#5: 2-0(2)-1(0)-4(1)-5(2,4)-3(1,4)-7(4,5)-6(0)
#6: 2-5(2)-4(5)-7(4,5)-0(2)-1(0,4)-3(1,4)-6(0)
#7: 7-4(7)-5(4,7)-1(4)-3(1,4)-0(1)-2(0,5)-6(0)
#8: 7-5(7)-4(5,7)-1(4)-3(1,4)-0(1)-2(0,5)-6(0)
#9: 6-0(6)-1(0)-4(1)-3(1,4)-5(4)-2(0,5)-7(4,5)

Preprocessing: 1.213ms
--------- Incremental Matching --------
auto_tuning off:0
use 8 threads for incresemental matching 
Start with 244341 Update
Incremental Matching: 2446.79ms
0 vertex updates.
244341 edge updates.
17049 unsafe updates.
13133737 positive matches.
0 negative matches.

# edges in index in total: 0
# vertices in index in total: 0
Peak Virtual Memory: 771600 KB

----------------- End -----------------
