----------- Loading graphs ------------
# vertices = 8
# edges = 22
# vertices = 403394
# edges = 2199067
Load Graphs: 1487.02ms
------------ Preprocessing ------------
matching order: 
-vertex(backward neighbors)-
#0: 0-3(0)-4(0,3)-1(0,3,4)-6(0,1,3,4)-7(0,1,3,4)-5(0,3,6,7)-2(0,3,4,5)
#1: 4-0(4)-3(0,4)-1(0,3,4)-6(0,1,3,4)-7(0,1,3,4)-5(0,3,6,7)-2(0,3,4,5)
#2: 4-3(4)-0(3,4)-1(0,3,4)-6(0,1,3,4)-7(0,1,3,4)-5(0,3,6,7)-2(0,3,4,5)
#3: 1-0(1)-3(0,1)-4(0,1,3)-6(0,1,3,4)-7(0,1,3,4)-5(0,3,6,7)-2(0,3,4,5)
#4: 1-3(1)-0(1,3)-4(0,1,3)-6(0,1,3,4)-7(0,1,3,4)-5(0,3,6,7)-2(0,3,4,5)
#5: 1-4(1)-0(1,4)-3(0,1,4)-6(0,1,3,4)-7(0,1,3,4)-5(0,3,6,7)-2(0,3,4,5)
#6: 6-0(6)-3(0,6)-4(0,3,6)-1(0,3,4,6)-7(0,1,3,4)-5(0,3,6,7)-2(0,3,4,5)
#7: 6-1(6)-0(1,6)-3(0,1,6)-4(0,1,3,6)-7(0,1,3,4)-5(0,3,6,7)-2(0,3,4,5)
#8: 6-3(6)-0(3,6)-4(0,3,6)-1(0,3,4,6)-7(0,1,3,4)-5(0,3,6,7)-2(0,3,4,5)
#9: 6-4(6)-0(4,6)-3(0,4,6)-1(0,3,4,6)-7(0,1,3,4)-5(0,3,6,7)-2(0,3,4,5)
#10: 7-0(7)-3(0,7)-4(0,3,7)-1(0,3,4,7)-6(0,1,3,4)-5(0,3,6,7)-2(0,3,4,5)
#11: 7-1(7)-0(1,7)-3(0,1,7)-4(0,1,3,7)-6(0,1,3,4)-5(0,3,6,7)-2(0,3,4,5)
#12: 7-3(7)-0(3,7)-4(0,3,7)-1(0,3,4,7)-6(0,1,3,4)-5(0,3,6,7)-2(0,3,4,5)
#13: 7-4(7)-0(4,7)-3(0,4,7)-1(0,3,4,7)-6(0,1,3,4)-5(0,3,6,7)-2(0,3,4,5)
#14: 5-0(5)-3(0,5)-6(0,3,5)-4(0,3,6)-1(0,3,4,6)-7(0,1,3,4,5)-2(0,3,4,5)
#15: 5-3(5)-0(3,5)-6(0,3,5)-4(0,3,6)-1(0,3,4,6)-7(0,1,3,4,5)-2(0,3,4,5)
#16: 5-6(5)-0(5,6)-3(0,5,6)-4(0,3,6)-1(0,3,4,6)-7(0,1,3,4,5)-2(0,3,4,5)
#17: 5-7(5)-0(5,7)-3(0,5,7)-4(0,3,7)-1(0,3,4,7)-6(0,1,3,4,5)-2(0,3,4,5)
#18: 2-0(2)-3(0,2)-4(0,2,3)-1(0,3,4)-6(0,1,3,4)-5(0,2,3,6)-7(0,1,3,4,5)
#19: 2-3(2)-0(2,3)-4(0,2,3)-1(0,3,4)-6(0,1,3,4)-5(0,2,3,6)-7(0,1,3,4,5)
#20: 2-4(2)-0(2,4)-3(0,2,4)-1(0,3,4)-6(0,1,3,4)-5(0,2,3,6)-7(0,1,3,4,5)
#21: 2-5(2)-0(2,5)-3(0,2,5)-4(0,2,3)-6(0,3,4,5)-1(0,3,4,6)-7(0,1,3,4,5)

Preprocessing: 1.312ms
--------- Incremental Matching --------
auto_tuning off:0
use 8 threads for incresemental matching 
Start with 244341 Update
Incremental Matching: 665.475ms
0 vertex updates.
244341 edge updates.
381 unsafe updates.
12592 positive matches.
0 negative matches.

# edges in index in total: 0
# vertices in index in total: 0
Peak Virtual Memory: 835664 KB

----------------- End -----------------
