----------- Loading graphs ------------
# vertices = 8
# edges = 7
# vertices = 403394
# edges = 2199067
Load Graphs: 1474.68ms
------------ Preprocessing ------------
matching order: 
-vertex(backward neighbors)-
#0: 0-1(0)-2(0)-4(0)-3(2)-5(4)-6(1)-7(1)
#1: 2-0(2)-1(0)-4(0)-3(2)-5(4)-6(1)-7(1)
#2: 4-0(4)-1(0)-2(0)-3(2)-5(4)-6(1)-7(1)
#3: 3-2(3)-0(2)-1(0)-4(0)-5(4)-6(1)-7(1)
#4: 5-4(5)-0(4)-1(0)-2(0)-3(2)-6(1)-7(1)
#5: 6-1(6)-0(1)-2(0)-4(0)-3(2)-5(4)-7(1)
#6: 7-1(7)-0(1)-2(0)-4(0)-3(2)-5(4)-6(1)

Preprocessing: 1.36ms
--------- Incremental Matching --------
auto_tuning off:0
use 8 threads for incresemental matching 
Start with 244341 Update
