----------- Loading graphs ------------
# vertices = 8
# edges = 21
# vertices = 403394
# edges = 2199067
Load Graphs: 1500.09ms
------------ Preprocessing ------------
matching order: 
-vertex(backward neighbors)-
#0: 1-2(1)-6(1,2)-4(1,2,6)-5(1,4,6)-7(1,2,5,6)-0(2,5,6,7)-3(1,2,4,5)
#1: 6-1(6)-2(1,6)-4(1,2,6)-5(1,4,6)-7(1,2,5,6)-0(2,5,6,7)-3(1,2,4,5)
#2: 6-2(6)-1(2,6)-4(1,2,6)-5(1,4,6)-7(1,2,5,6)-0(2,5,6,7)-3(1,2,4,5)
#3: 4-1(4)-2(1,4)-6(1,2,4)-5(1,4,6)-7(1,2,5,6)-0(2,5,6,7)-3(1,2,4,5)
#4: 4-2(4)-1(2,4)-6(1,2,4)-5(1,4,6)-7(1,2,5,6)-0(2,5,6,7)-3(1,2,4,5)
#5: 4-6(4)-1(4,6)-2(1,4,6)-5(1,4,6)-7(1,2,5,6)-0(2,5,6,7)-3(1,2,4,5)
#6: 5-1(5)-6(1,5)-4(1,5,6)-2(1,4,6)-7(1,2,5,6)-0(2,5,6,7)-3(1,2,4,5)
#7: 5-4(5)-1(4,5)-6(1,4,5)-2(1,4,6)-7(1,2,5,6)-0(2,5,6,7)-3(1,2,4,5)
#8: 5-6(5)-1(5,6)-4(1,5,6)-2(1,4,6)-7(1,2,5,6)-0(2,5,6,7)-3(1,2,4,5)
#9: 7-1(7)-2(1,7)-6(1,2,7)-5(1,6,7)-4(1,2,5,6)-0(2,5,6,7)-3(1,2,4,5)
#10: 7-2(7)-1(2,7)-6(1,2,7)-5(1,6,7)-4(1,2,5,6)-0(2,5,6,7)-3(1,2,4,5)
#11: 7-5(7)-1(5,7)-6(1,5,7)-2(1,6,7)-4(1,2,5,6)-0(2,5,6,7)-3(1,2,4,5)
#12: 7-6(7)-1(6,7)-2(1,6,7)-5(1,6,7)-4(1,2,5,6)-0(2,5,6,7)-3(1,2,4,5)
#13: 0-2(0)-6(0,2)-7(0,2,6)-1(2,6,7)-5(0,1,6,7)-4(1,2,5,6)-3(1,2,4,5)
#14: 0-5(0)-6(0,5)-7(0,5,6)-1(5,6,7)-2(0,1,6,7)-4(1,2,5,6)-3(1,2,4,5)
#15: 0-6(0)-2(0,6)-7(0,2,6)-1(2,6,7)-5(0,1,6,7)-4(1,2,5,6)-3(1,2,4,5)
#16: 0-7(0)-2(0,7)-6(0,2,7)-1(2,6,7)-5(0,1,6,7)-4(1,2,5,6)-3(1,2,4,5)
#17: 3-1(3)-2(1,3)-4(1,2,3)-5(1,3,4)-6(1,2,4,5)-7(1,2,5,6)-0(2,5,6,7)
#18: 3-2(3)-1(2,3)-4(1,2,3)-5(1,3,4)-6(1,2,4,5)-7(1,2,5,6)-0(2,5,6,7)
#19: 3-4(3)-1(3,4)-2(1,3,4)-5(1,3,4)-6(1,2,4,5)-7(1,2,5,6)-0(2,5,6,7)
#20: 3-5(3)-1(3,5)-4(1,3,5)-2(1,3,4)-6(1,2,4,5)-7(1,2,5,6)-0(2,5,6,7)

Preprocessing: 0.222ms
--------- Incremental Matching --------
auto_tuning off:0
use 1 threads for incresemental matching 
Start with 244341 Update
Incremental Matching: 460.506ms
0 vertex updates.
244341 edge updates.
1438 unsafe updates.
16470 positive matches.
0 negative matches.

# edges in index in total: 0
# vertices in index in total: 0
Peak Virtual Memory: 125864 KB

----------------- End -----------------
