----------- Loading graphs ------------
# vertices = 8
# edges = 10
# vertices = 403394
# edges = 2199067
Load Graphs: 1285.5ms
------------ Preprocessing ------------
matching order: 
-vertex(backward neighbors)-
#0: 0-1(0)-4(0,1)-6(0,4)-3(1,6)-2(0)-5(0)-7(0)
#1: 4-0(4)-1(0,4)-6(0,4)-3(1,6)-2(0)-5(0)-7(0)
#2: 4-1(4)-0(1,4)-6(0,4)-3(1,6)-2(0)-5(0)-7(0)
#3: 6-0(6)-4(0,6)-1(0,4)-3(1,6)-2(0)-5(0)-7(0)
#4: 6-4(6)-0(4,6)-1(0,4)-3(1,6)-2(0)-5(0)-7(0)
#5: 3-1(3)-0(1)-4(0,1)-6(0,3,4)-2(0)-5(0)-7(0)
#6: 3-6(3)-0(6)-1(0,3)-4(0,1,6)-2(0)-5(0)-7(0)
#7: 2-0(2)-1(0)-4(0,1)-6(0,4)-3(1,6)-5(0)-7(0)
#8: 5-0(5)-1(0)-4(0,1)-6(0,4)-3(1,6)-2(0)-7(0)
#9: 7-0(7)-1(0)-4(0,1)-6(0,4)-3(1,6)-2(0)-5(0)

Preprocessing: 1.201ms
--------- Incremental Matching --------
auto_tuning off:0
use 8 threads for incresemental matching 
Start with 244341 Update
Incremental Matching: 15778.7ms
0 vertex updates.
244341 edge updates.
9139 unsafe updates.
746997646 positive matches.
0 negative matches.

# edges in index in total: 0
# vertices in index in total: 0
Peak Virtual Memory: 835656 KB

----------------- End -----------------
