----------- Loading graphs ------------
# vertices = 8
# edges = 23
# vertices = 403394
# edges = 2199067
Load Graphs: 1456.33ms
------------ Preprocessing ------------
matching order: 
-vertex(backward neighbors)-
#0: 3-4(3)-7(3,4)-1(3,4,7)-6(1,3,4,7)-0(1,3,4,6,7)-2(1,3,4,7)-5(3,4,6,7)
#1: 7-3(7)-4(3,7)-1(3,4,7)-6(1,3,4,7)-0(1,3,4,6,7)-2(1,3,4,7)-5(3,4,6,7)
#2: 7-4(7)-3(4,7)-1(3,4,7)-6(1,3,4,7)-0(1,3,4,6,7)-2(1,3,4,7)-5(3,4,6,7)
#3: 1-3(1)-4(1,3)-7(1,3,4)-6(1,3,4,7)-0(1,3,4,6,7)-2(1,3,4,7)-5(3,4,6,7)
#4: 1-4(1)-3(1,4)-7(1,3,4)-6(1,3,4,7)-0(1,3,4,6,7)-2(1,3,4,7)-5(3,4,6,7)
#5: 1-7(1)-3(1,7)-4(1,3,7)-6(1,3,4,7)-0(1,3,4,6,7)-2(1,3,4,7)-5(3,4,6,7)
#6: 6-1(6)-3(1,6)-4(1,3,6)-7(1,3,4,6)-0(1,3,4,6,7)-2(1,3,4,7)-5(3,4,6,7)
#7: 6-3(6)-4(3,6)-7(3,4,6)-1(3,4,6,7)-0(1,3,4,6,7)-2(1,3,4,7)-5(3,4,6,7)
#8: 6-4(6)-3(4,6)-7(3,4,6)-1(3,4,6,7)-0(1,3,4,6,7)-2(1,3,4,7)-5(3,4,6,7)
#9: 6-7(6)-3(6,7)-4(3,6,7)-1(3,4,6,7)-0(1,3,4,6,7)-2(1,3,4,7)-5(3,4,6,7)
#10: 0-1(0)-3(0,1)-4(0,1,3)-7(0,1,3,4)-6(0,1,3,4,7)-2(1,3,4,7)-5(3,4,6,7)
#11: 0-3(0)-4(0,3)-7(0,3,4)-1(0,3,4,7)-6(0,1,3,4,7)-2(1,3,4,7)-5(3,4,6,7)
#12: 0-4(0)-3(0,4)-7(0,3,4)-1(0,3,4,7)-6(0,1,3,4,7)-2(1,3,4,7)-5(3,4,6,7)
#13: 0-6(0)-3(0,6)-4(0,3,6)-7(0,3,4,6)-1(0,3,4,6,7)-2(1,3,4,7)-5(3,4,6,7)
#14: 0-7(0)-3(0,7)-4(0,3,7)-1(0,3,4,7)-6(0,1,3,4,7)-2(1,3,4,7)-5(3,4,6,7)
#15: 2-1(2)-3(1,2)-4(1,2,3)-7(1,2,3,4)-6(1,3,4,7)-0(1,3,4,6,7)-5(3,4,6,7)
#16: 2-3(2)-4(2,3)-7(2,3,4)-1(2,3,4,7)-6(1,3,4,7)-0(1,3,4,6,7)-5(3,4,6,7)
#17: 2-4(2)-3(2,4)-7(2,3,4)-1(2,3,4,7)-6(1,3,4,7)-0(1,3,4,6,7)-5(3,4,6,7)
#18: 2-7(2)-3(2,7)-4(2,3,7)-1(2,3,4,7)-6(1,3,4,7)-0(1,3,4,6,7)-5(3,4,6,7)
#19: 5-3(5)-4(3,5)-7(3,4,5)-6(3,4,5,7)-1(3,4,6,7)-0(1,3,4,6,7)-2(1,3,4,7)
#20: 5-4(5)-3(4,5)-7(3,4,5)-6(3,4,5,7)-1(3,4,6,7)-0(1,3,4,6,7)-2(1,3,4,7)
#21: 5-6(5)-3(5,6)-4(3,5,6)-7(3,4,5,6)-1(3,4,6,7)-0(1,3,4,6,7)-2(1,3,4,7)
#22: 5-7(5)-3(5,7)-4(3,5,7)-6(3,4,5,7)-1(3,4,6,7)-0(1,3,4,6,7)-2(1,3,4,7)

Preprocessing: 0.242ms
--------- Incremental Matching --------
auto_tuning off:0
use 1 threads for incresemental matching 
Start with 244341 Update
Incremental Matching: 465.129ms
0 vertex updates.
244341 edge updates.
236 unsafe updates.
14408 positive matches.
0 negative matches.

# edges in index in total: 0
# vertices in index in total: 0
Peak Virtual Memory: 125864 KB

----------------- End -----------------
