----------- Loading graphs ------------
# vertices = 8
# edges = 9
# vertices = 403394
# edges = 2199067
Load Graphs: 1467.12ms
------------ Preprocessing ------------
matching order: 
-vertex(backward neighbors)-
#0: 0-4(0)-6(0,4)-1(0)-5(0)-2(5)-7(2,4)-3(1)
#1: 6-0(6)-4(0,6)-1(0)-5(0)-2(5)-7(2,4)-3(1)
#2: 6-4(6)-0(4,6)-1(0)-5(0)-2(5)-7(2,4)-3(1)
#3: 1-0(1)-4(0)-6(0,4)-5(0)-2(5)-7(2,4)-3(1)
#4: 5-0(5)-4(0)-6(0,4)-1(0)-2(5)-7(2,4)-3(1)
#5: 2-5(2)-0(5)-4(0)-6(0,4)-7(2,4)-1(0)-3(1)
#6: 7-2(7)-4(7)-0(4)-5(0,2)-6(0,4)-1(0)-3(1)
#7: 7-4(7)-0(4)-6(0,4)-1(0)-2(7)-5(0,2)-3(1)
#8: 3-1(3)-0(1)-4(0)-6(0,4)-5(0)-2(5)-7(2,4)

Preprocessing: 1.175ms
--------- Incremental Matching --------
auto_tuning off:0
use 8 threads for incresemental matching 
Start with 244341 Update
Incremental Matching: 5149.59ms
0 vertex updates.
244341 edge updates.
23347 unsafe updates.
31241029 positive matches.
0 negative matches.

# edges in index in total: 0
# vertices in index in total: 0
Peak Virtual Memory: 772400 KB

----------------- End -----------------
