----------- Loading graphs ------------
# vertices = 8
# edges = 19
# vertices = 403394
# edges = 2199067
Load Graphs: 1316.7ms
------------ Preprocessing ------------
matching order: 
-vertex(backward neighbors)-
#0: 1-0(1)-3(0,1)-5(0,1,3)-4(0,1,5)-2(1,3,4)-7(1,2,4,5)-6(0,1,3)
#1: 3-0(3)-1(0,3)-5(0,1,3)-4(0,1,5)-2(1,3,4)-7(1,2,4,5)-6(0,1,3)
#2: 3-1(3)-0(1,3)-5(0,1,3)-4(0,1,5)-2(1,3,4)-7(1,2,4,5)-6(0,1,3)
#3: 5-0(5)-1(0,5)-3(0,1,5)-4(0,1,5)-2(1,3,4)-7(1,2,4,5)-6(0,1,3)
#4: 5-1(5)-0(1,5)-3(0,1,5)-4(0,1,5)-2(1,3,4)-7(1,2,4,5)-6(0,1,3)
#5: 5-3(5)-1(3,5)-0(1,3,5)-4(0,1,5)-2(1,3,4)-7(1,2,4,5)-6(0,1,3)
#6: 4-0(4)-1(0,4)-5(0,1,4)-3(0,1,5)-2(1,3,4)-7(1,2,4,5)-6(0,1,3)
#7: 4-1(4)-0(1,4)-5(0,1,4)-3(0,1,5)-2(1,3,4)-7(1,2,4,5)-6(0,1,3)
#8: 4-5(4)-1(4,5)-0(1,4,5)-3(0,1,5)-2(1,3,4)-7(1,2,4,5)-6(0,1,3)
#9: 2-1(2)-3(1,2)-0(1,3)-4(0,1,2)-5(0,1,3,4)-7(1,2,4,5)-6(0,1,3)
#10: 2-3(2)-1(2,3)-0(1,3)-4(0,1,2)-5(0,1,3,4)-7(1,2,4,5)-6(0,1,3)
#11: 2-4(2)-1(2,4)-7(1,2,4)-5(1,4,7)-0(1,4,5)-3(0,1,2,5)-6(0,1,3)
#12: 7-1(7)-4(1,7)-5(1,4,7)-0(1,4,5)-3(0,1,5)-2(1,3,4,7)-6(0,1,3)
#13: 7-2(7)-1(2,7)-4(1,2,7)-5(1,4,7)-0(1,4,5)-3(0,1,2,5)-6(0,1,3)
#14: 7-4(7)-1(4,7)-5(1,4,7)-0(1,4,5)-3(0,1,5)-2(1,3,4,7)-6(0,1,3)
#15: 7-5(7)-1(5,7)-4(1,5,7)-0(1,4,5)-3(0,1,5)-2(1,3,4,7)-6(0,1,3)
#16: 6-0(6)-1(0,6)-3(0,1,6)-5(0,1,3)-4(0,1,5)-2(1,3,4)-7(1,2,4,5)
#17: 6-1(6)-0(1,6)-3(0,1,6)-5(0,1,3)-4(0,1,5)-2(1,3,4)-7(1,2,4,5)
#18: 6-3(6)-1(3,6)-0(1,3,6)-5(0,1,3)-4(0,1,5)-2(1,3,4)-7(1,2,4,5)

Preprocessing: 1.291ms
--------- Incremental Matching --------
auto_tuning off:0
use 8 threads for incresemental matching 
Start with 244341 Update
Incremental Matching: 652.688ms
0 vertex updates.
244341 edge updates.
1533 unsafe updates.
56079 positive matches.
0 negative matches.

# edges in index in total: 0
# vertices in index in total: 0
Peak Virtual Memory: 770780 KB

----------------- End -----------------
