----------- Loading graphs ------------
# vertices = 8
# edges = 22
# vertices = 403394
# edges = 2199067
Load Graphs: 1520.78ms
------------ Preprocessing ------------
matching order: 
-vertex(backward neighbors)-
#0: 1-0(1)-3(0,1)-5(0,1,3)-6(0,1,3,5)-4(0,1,3,6)-2(0,1,4,5)-7(1,3,5,6)
#1: 3-0(3)-1(0,3)-5(0,1,3)-6(0,1,3,5)-4(0,1,3,6)-2(0,1,4,5)-7(1,3,5,6)
#2: 3-1(3)-0(1,3)-5(0,1,3)-6(0,1,3,5)-4(0,1,3,6)-2(0,1,4,5)-7(1,3,5,6)
#3: 5-0(5)-1(0,5)-3(0,1,5)-6(0,1,3,5)-4(0,1,3,6)-2(0,1,4,5)-7(1,3,5,6)
#4: 5-1(5)-0(1,5)-3(0,1,5)-6(0,1,3,5)-4(0,1,3,6)-2(0,1,4,5)-7(1,3,5,6)
#5: 5-3(5)-1(3,5)-0(1,3,5)-6(0,1,3,5)-4(0,1,3,6)-2(0,1,4,5)-7(1,3,5,6)
#6: 6-0(6)-1(0,6)-3(0,1,6)-5(0,1,3,6)-4(0,1,3,6)-2(0,1,4,5)-7(1,3,5,6)
#7: 6-1(6)-0(1,6)-3(0,1,6)-5(0,1,3,6)-4(0,1,3,6)-2(0,1,4,5)-7(1,3,5,6)
#8: 6-3(6)-1(3,6)-0(1,3,6)-5(0,1,3,6)-4(0,1,3,6)-2(0,1,4,5)-7(1,3,5,6)
#9: 6-5(6)-1(5,6)-0(1,5,6)-3(0,1,5,6)-4(0,1,3,6)-2(0,1,4,5)-7(1,3,5,6)
#10: 4-0(4)-1(0,4)-3(0,1,4)-6(0,1,3,4)-5(0,1,3,6)-2(0,1,4,5)-7(1,3,5,6)
#11: 4-1(4)-0(1,4)-3(0,1,4)-6(0,1,3,4)-5(0,1,3,6)-2(0,1,4,5)-7(1,3,5,6)
#12: 4-3(4)-1(3,4)-0(1,3,4)-6(0,1,3,4)-5(0,1,3,6)-2(0,1,4,5)-7(1,3,5,6)
#13: 4-6(4)-1(4,6)-0(1,4,6)-3(0,1,4,6)-5(0,1,3,6)-2(0,1,4,5)-7(1,3,5,6)
#14: 2-0(2)-1(0,2)-5(0,1,2)-3(0,1,5)-6(0,1,3,5)-4(0,1,2,3,6)-7(1,3,5,6)
#15: 2-1(2)-0(1,2)-5(0,1,2)-3(0,1,5)-6(0,1,3,5)-4(0,1,2,3,6)-7(1,3,5,6)
#16: 2-4(2)-1(2,4)-0(1,2,4)-3(0,1,4)-5(0,1,2,3)-6(0,1,3,4,5)-7(1,3,5,6)
#17: 2-5(2)-1(2,5)-0(1,2,5)-3(0,1,5)-6(0,1,3,5)-4(0,1,2,3,6)-7(1,3,5,6)
#18: 7-1(7)-3(1,7)-5(1,3,7)-6(1,3,5,7)-0(1,3,5,6)-4(0,1,3,6)-2(0,1,4,5)
#19: 7-3(7)-1(3,7)-5(1,3,7)-6(1,3,5,7)-0(1,3,5,6)-4(0,1,3,6)-2(0,1,4,5)
#20: 7-5(7)-1(5,7)-3(1,5,7)-6(1,3,5,7)-0(1,3,5,6)-4(0,1,3,6)-2(0,1,4,5)
#21: 7-6(7)-1(6,7)-3(1,6,7)-5(1,3,6,7)-0(1,3,5,6)-4(0,1,3,6)-2(0,1,4,5)

Preprocessing: 0.21ms
--------- Incremental Matching --------
auto_tuning off:0
use 1 threads for incresemental matching 
Start with 244341 Update
Incremental Matching: 471.687ms
0 vertex updates.
244341 edge updates.
1001 unsafe updates.
18192 positive matches.
0 negative matches.

# edges in index in total: 0
# vertices in index in total: 0
Peak Virtual Memory: 125844 KB

----------------- End -----------------
