----------- Loading graphs ------------
# vertices = 8
# edges = 20
# vertices = 403394
# edges = 2199067
Load Graphs: 1484.2ms
------------ Preprocessing ------------
matching order: 
-vertex(backward neighbors)-
#0: 3-1(3)-2(1,3)-7(1,2,3)-4(1,2,3,7)-6(1,2,3,7)-0(2,3,7)-5(0,1,3)
#1: 2-1(2)-3(1,2)-7(1,2,3)-4(1,2,3,7)-6(1,2,3,7)-0(2,3,7)-5(0,1,3)
#2: 2-3(2)-1(2,3)-7(1,2,3)-4(1,2,3,7)-6(1,2,3,7)-0(2,3,7)-5(0,1,3)
#3: 7-1(7)-3(1,7)-2(1,3,7)-4(1,2,3,7)-6(1,2,3,7)-0(2,3,7)-5(0,1,3)
#4: 7-2(7)-3(2,7)-1(2,3,7)-4(1,2,3,7)-6(1,2,3,7)-0(2,3,7)-5(0,1,3)
#5: 7-3(7)-1(3,7)-2(1,3,7)-4(1,2,3,7)-6(1,2,3,7)-0(2,3,7)-5(0,1,3)
#6: 4-1(4)-3(1,4)-2(1,3,4)-7(1,2,3,4)-6(1,2,3,7)-0(2,3,7)-5(0,1,3)
#7: 4-2(4)-3(2,4)-1(2,3,4)-7(1,2,3,4)-6(1,2,3,7)-0(2,3,7)-5(0,1,3)
#8: 4-3(4)-1(3,4)-2(1,3,4)-7(1,2,3,4)-6(1,2,3,7)-0(2,3,7)-5(0,1,3)
#9: 4-7(4)-3(4,7)-1(3,4,7)-2(1,3,4,7)-6(1,2,3,7)-0(2,3,7)-5(0,1,3)
#10: 6-1(6)-3(1,6)-2(1,3,6)-7(1,2,3,6)-4(1,2,3,7)-0(2,3,7)-5(0,1,3)
#11: 6-2(6)-3(2,6)-1(2,3,6)-7(1,2,3,6)-4(1,2,3,7)-0(2,3,7)-5(0,1,3)
#12: 6-3(6)-1(3,6)-2(1,3,6)-7(1,2,3,6)-4(1,2,3,7)-0(2,3,7)-5(0,1,3)
#13: 6-7(6)-3(6,7)-1(3,6,7)-2(1,3,6,7)-4(1,2,3,7)-0(2,3,7)-5(0,1,3)
#14: 0-2(0)-3(0,2)-7(0,2,3)-1(2,3,7)-4(1,2,3,7)-6(1,2,3,7)-5(0,1,3)
#15: 0-3(0)-2(0,3)-7(0,2,3)-1(2,3,7)-4(1,2,3,7)-6(1,2,3,7)-5(0,1,3)
#16: 0-7(0)-3(0,7)-2(0,3,7)-1(2,3,7)-4(1,2,3,7)-6(1,2,3,7)-5(0,1,3)
#17: 5-0(5)-3(0,5)-1(3,5)-2(0,1,3)-7(0,1,2,3)-4(1,2,3,7)-6(1,2,3,7)
#18: 5-1(5)-3(1,5)-2(1,3)-7(1,2,3)-0(2,3,5,7)-4(1,2,3,7)-6(1,2,3,7)
#19: 5-3(5)-1(3,5)-2(1,3)-7(1,2,3)-0(2,3,5,7)-4(1,2,3,7)-6(1,2,3,7)

Preprocessing: 0.201ms
--------- Incremental Matching --------
auto_tuning off:0
use 1 threads for incresemental matching 
Start with 244341 Update
Incremental Matching: 439.07ms
0 vertex updates.
244341 edge updates.
814 unsafe updates.
26888 positive matches.
0 negative matches.

# edges in index in total: 0
# vertices in index in total: 0
Peak Virtual Memory: 125864 KB

----------------- End -----------------
