----------- Loading graphs ------------
# vertices = 8
# edges = 13
# vertices = 403394
# edges = 2199067
Load Graphs: 1513.85ms
------------ Preprocessing ------------
matching order: 
-vertex(backward neighbors)-
#0: 3-4(3)-2(3,4)-0(2,3)-6(3,4)-1(3,6)-5(0,1)-7(4,5)
#1: 2-3(2)-4(2,3)-0(2,3)-6(3,4)-1(3,6)-5(0,1)-7(4,5)
#2: 2-4(2)-3(2,4)-0(2,3)-6(3,4)-1(3,6)-5(0,1)-7(4,5)
#3: 0-2(0)-3(0,2)-4(2,3)-6(3,4)-1(3,6)-5(0,1)-7(4,5)
#4: 0-3(0)-2(0,3)-4(2,3)-6(3,4)-1(3,6)-5(0,1)-7(4,5)
#5: 6-3(6)-4(3,6)-1(3,6)-2(3,4)-0(2,3)-5(0,1)-7(4,5)
#6: 6-4(6)-3(4,6)-1(3,6)-2(3,4)-0(2,3)-5(0,1)-7(4,5)
#7: 1-3(1)-6(1,3)-4(3,6)-2(3,4)-0(2,3)-5(0,1)-7(4,5)
#8: 1-6(1)-3(1,6)-4(3,6)-2(3,4)-0(2,3)-5(0,1)-7(4,5)
#9: 5-0(5)-3(0)-1(3,5)-2(0,3)-4(2,3)-6(1,3,4)-7(4,5)
#10: 5-1(5)-3(1)-0(3,5)-2(0,3)-4(2,3)-6(1,3,4)-7(4,5)
#11: 7-4(7)-3(4)-2(3,4)-0(2,3)-5(0,7)-1(3,5)-6(1,3,4)
#12: 7-5(7)-4(7)-3(4)-0(3,5)-2(0,3,4)-1(3,5)-6(1,3,4)

Preprocessing: 0.148ms
--------- Incremental Matching --------
auto_tuning off:0
use 1 threads for incresemental matching 
Start with 244341 Update
Incremental Matching: 674.348ms
0 vertex updates.
244341 edge updates.
5977 unsafe updates.
172047 positive matches.
0 negative matches.

# edges in index in total: 0
# vertices in index in total: 0
Peak Virtual Memory: 125848 KB

----------------- End -----------------
