----------- Loading graphs ------------
# vertices = 8
# edges = 10
# vertices = 403394
# edges = 2199067
Load Graphs: 1492.12ms
------------ Preprocessing ------------
matching order: 
-vertex(backward neighbors)-
#0: 3-1(3)-2(1,3)-7(1,2,3)-0(3)-4(1)-5(3)-6(3)
#1: 2-1(2)-3(1,2)-7(1,2,3)-0(3)-4(1)-5(3)-6(3)
#2: 2-3(2)-1(2,3)-7(1,2,3)-0(3)-4(1)-5(3)-6(3)
#3: 7-1(7)-3(1,7)-2(1,3,7)-0(3)-4(1)-5(3)-6(3)
#4: 7-2(7)-3(2,7)-1(2,3,7)-0(3)-4(1)-5(3)-6(3)
#5: 7-3(7)-1(3,7)-2(1,3,7)-0(3)-4(1)-5(3)-6(3)
#6: 0-3(0)-1(3)-2(1,3)-7(1,2,3)-4(1)-5(3)-6(3)
#7: 4-1(4)-3(1)-2(1,3)-7(1,2,3)-0(3)-5(3)-6(3)
#8: 5-3(5)-1(3)-2(1,3)-7(1,2,3)-0(3)-4(1)-6(3)
#9: 6-3(6)-1(3)-2(1,3)-7(1,2,3)-0(3)-4(1)-5(3)

Preprocessing: 1.189ms
--------- Incremental Matching --------
auto_tuning off:0
use 8 threads for incresemental matching 
Start with 244341 Update
