----------- Loading graphs ------------
# vertices = 8
# edges = 16
# vertices = 403394
# edges = 2199067
Load Graphs: 1486.38ms
------------ Preprocessing ------------
matching order: 
-vertex(backward neighbors)-
#0: 3-6(3)-7(3,6)-0(3,7)-1(0,6,7)-4(1,6,7)-2(0,3)-5(2,3,6)
#1: 7-3(7)-6(3,7)-0(3,7)-1(0,6,7)-4(1,6,7)-2(0,3)-5(2,3,6)
#2: 7-6(7)-3(6,7)-0(3,7)-1(0,6,7)-4(1,6,7)-2(0,3)-5(2,3,6)
#3: 0-3(0)-7(0,3)-6(3,7)-1(0,6,7)-4(1,6,7)-2(0,3)-5(2,3,6)
#4: 0-7(0)-3(0,7)-6(3,7)-1(0,6,7)-4(1,6,7)-2(0,3)-5(2,3,6)
#5: 1-0(1)-7(0,1)-3(0,7)-6(1,3,7)-4(1,6,7)-2(0,3)-5(2,3,6)
#6: 1-6(1)-7(1,6)-4(1,6,7)-3(6,7)-0(1,3,7)-2(0,3)-5(2,3,6)
#7: 1-7(1)-6(1,7)-4(1,6,7)-3(6,7)-0(1,3,7)-2(0,3)-5(2,3,6)
#8: 4-1(4)-6(1,4)-7(1,4,6)-3(6,7)-0(1,3,7)-2(0,3)-5(2,3,6)
#9: 4-6(4)-7(4,6)-1(4,6,7)-3(6,7)-0(1,3,7)-2(0,3)-5(2,3,6)
#10: 4-7(4)-6(4,7)-1(4,6,7)-3(6,7)-0(1,3,7)-2(0,3)-5(2,3,6)
#11: 2-0(2)-3(0,2)-7(0,3)-6(3,7)-1(0,6,7)-4(1,6,7)-5(2,3,6)
#12: 2-3(2)-0(2,3)-7(0,3)-6(3,7)-1(0,6,7)-4(1,6,7)-5(2,3,6)
#13: 5-2(5)-3(2,5)-6(3,5)-7(3,6)-0(2,3,7)-1(0,6,7)-4(1,6,7)
#14: 5-3(5)-6(3,5)-7(3,6)-0(3,7)-1(0,6,7)-2(0,3,5)-4(1,6,7)
#15: 5-6(5)-3(5,6)-7(3,6)-0(3,7)-1(0,6,7)-2(0,3,5)-4(1,6,7)

Preprocessing: 1.211ms
--------- Incremental Matching --------
auto_tuning off:0
use 8 threads for incresemental matching 
Start with 244341 Update
Incremental Matching: 789.317ms
0 vertex updates.
244341 edge updates.
3605 unsafe updates.
51073 positive matches.
0 negative matches.

# edges in index in total: 0
# vertices in index in total: 0
Peak Virtual Memory: 835644 KB

----------------- End -----------------
