----------- Loading graphs ------------
# vertices = 8
# edges = 16
# vertices = 403394
# edges = 2199067
Load Graphs: 1524.21ms
------------ Preprocessing ------------
matching order: 
-vertex(backward neighbors)-
#0: 3-5(3)-6(3,5)-4(3,5,6)-7(3,4,6)-0(3,5)-2(0,6,7)-1(0,5)
#1: 6-3(6)-5(3,6)-4(3,5,6)-7(3,4,6)-0(3,5)-2(0,6,7)-1(0,5)
#2: 6-5(6)-3(5,6)-4(3,5,6)-7(3,4,6)-0(3,5)-2(0,6,7)-1(0,5)
#3: 4-3(4)-5(3,4)-6(3,4,5)-7(3,4,6)-0(3,5)-2(0,6,7)-1(0,5)
#4: 4-5(4)-3(4,5)-6(3,4,5)-7(3,4,6)-0(3,5)-2(0,6,7)-1(0,5)
#5: 4-6(4)-3(4,6)-5(3,4,6)-7(3,4,6)-0(3,5)-2(0,6,7)-1(0,5)
#6: 7-3(7)-6(3,7)-4(3,6,7)-5(3,4,6)-0(3,5)-2(0,6,7)-1(0,5)
#7: 7-4(7)-3(4,7)-6(3,4,7)-5(3,4,6)-0(3,5)-2(0,6,7)-1(0,5)
#8: 7-6(7)-3(6,7)-4(3,6,7)-5(3,4,6)-0(3,5)-2(0,6,7)-1(0,5)
#9: 0-3(0)-5(0,3)-6(3,5)-4(3,5,6)-7(3,4,6)-2(0,6,7)-1(0,5)
#10: 0-5(0)-3(0,5)-6(3,5)-4(3,5,6)-7(3,4,6)-2(0,6,7)-1(0,5)
#11: 2-0(2)-3(0)-5(0,3)-6(2,3,5)-4(3,5,6)-7(2,3,4,6)-1(0,5)
#12: 2-6(2)-7(2,6)-3(6,7)-4(3,6,7)-5(3,4,6)-0(2,3,5)-1(0,5)
#13: 2-7(2)-6(2,7)-3(6,7)-4(3,6,7)-5(3,4,6)-0(2,3,5)-1(0,5)
#14: 1-0(1)-5(0,1)-3(0,5)-6(3,5)-4(3,5,6)-7(3,4,6)-2(0,6,7)
#15: 1-5(1)-0(1,5)-3(0,5)-6(3,5)-4(3,5,6)-7(3,4,6)-2(0,6,7)

Preprocessing: 1.231ms
--------- Incremental Matching --------
auto_tuning off:0
use 8 threads for incresemental matching 
Start with 244341 Update
Incremental Matching: 951.592ms
0 vertex updates.
244341 edge updates.
3515 unsafe updates.
69980 positive matches.
0 negative matches.

# edges in index in total: 0
# vertices in index in total: 0
Peak Virtual Memory: 770764 KB

----------------- End -----------------
