----------- Loading graphs ------------
# vertices = 8
# edges = 19
# vertices = 403394
# edges = 2199067
Load Graphs: 1487.9ms
------------ Preprocessing ------------
matching order: 
-vertex(backward neighbors)-
#0: 4-1(4)-5(1,4)-6(1,4,5)-7(1,4,5,6)-2(1,5,6)-0(2,4,7)-3(0,2,4)
#1: 5-1(5)-4(1,5)-6(1,4,5)-7(1,4,5,6)-2(1,5,6)-0(2,4,7)-3(0,2,4)
#2: 5-4(5)-1(4,5)-6(1,4,5)-7(1,4,5,6)-2(1,5,6)-0(2,4,7)-3(0,2,4)
#3: 6-1(6)-4(1,6)-5(1,4,6)-7(1,4,5,6)-2(1,5,6)-0(2,4,7)-3(0,2,4)
#4: 6-4(6)-1(4,6)-5(1,4,6)-7(1,4,5,6)-2(1,5,6)-0(2,4,7)-3(0,2,4)
#5: 6-5(6)-4(5,6)-1(4,5,6)-7(1,4,5,6)-2(1,5,6)-0(2,4,7)-3(0,2,4)
#6: 7-1(7)-4(1,7)-5(1,4,7)-6(1,4,5,7)-2(1,5,6)-0(2,4,7)-3(0,2,4)
#7: 7-4(7)-1(4,7)-5(1,4,7)-6(1,4,5,7)-2(1,5,6)-0(2,4,7)-3(0,2,4)
#8: 7-5(7)-4(5,7)-1(4,5,7)-6(1,4,5,7)-2(1,5,6)-0(2,4,7)-3(0,2,4)
#9: 7-6(7)-4(6,7)-1(4,6,7)-5(1,4,6,7)-2(1,5,6)-0(2,4,7)-3(0,2,4)
#10: 2-1(2)-5(1,2)-6(1,2,5)-4(1,5,6)-7(1,4,5,6)-0(2,4,7)-3(0,2,4)
#11: 2-5(2)-1(2,5)-6(1,2,5)-4(1,5,6)-7(1,4,5,6)-0(2,4,7)-3(0,2,4)
#12: 2-6(2)-1(2,6)-5(1,2,6)-4(1,5,6)-7(1,4,5,6)-0(2,4,7)-3(0,2,4)
#13: 0-2(0)-3(0,2)-4(0,3)-1(2,4)-5(1,2,4)-6(1,2,4,5)-7(0,1,4,5,6)
#14: 0-4(0)-7(0,4)-1(4,7)-5(1,4,7)-6(1,4,5,7)-2(0,1,5,6)-3(0,2,4)
#15: 0-7(0)-4(0,7)-1(4,7)-5(1,4,7)-6(1,4,5,7)-2(0,1,5,6)-3(0,2,4)
#16: 3-0(3)-4(0,3)-2(0,3)-1(2,4)-5(1,2,4)-6(1,2,4,5)-7(0,1,4,5,6)
#17: 3-2(3)-0(2,3)-4(0,3)-1(2,4)-5(1,2,4)-6(1,2,4,5)-7(0,1,4,5,6)
#18: 3-4(3)-0(3,4)-2(0,3)-1(2,4)-5(1,2,4)-6(1,2,4,5)-7(0,1,4,5,6)

Preprocessing: 0.201ms
--------- Incremental Matching --------
auto_tuning off:0
use 1 threads for incresemental matching 
Start with 244341 Update
Incremental Matching: 462.806ms
0 vertex updates.
244341 edge updates.
1699 unsafe updates.
27508 positive matches.
0 negative matches.

# edges in index in total: 0
# vertices in index in total: 0
Peak Virtual Memory: 125864 KB

----------------- End -----------------
