----------- Loading graphs ------------
# vertices = 8
# edges = 19
# vertices = 403394
# edges = 2199067
Load Graphs: 1536.75ms
------------ Preprocessing ------------
matching order: 
-vertex(backward neighbors)-
#0: 2-3(2)-4(2,3)-5(2,3,4)-7(2,4,5)-1(2,3,7)-6(1,2,3,7)-0(2,4,5)
#1: 4-2(4)-3(2,4)-5(2,3,4)-7(2,4,5)-1(2,3,7)-6(1,2,3,7)-0(2,4,5)
#2: 4-3(4)-2(3,4)-5(2,3,4)-7(2,4,5)-1(2,3,7)-6(1,2,3,7)-0(2,4,5)
#3: 5-2(5)-3(2,5)-4(2,3,5)-7(2,4,5)-1(2,3,7)-6(1,2,3,7)-0(2,4,5)
#4: 5-3(5)-2(3,5)-4(2,3,5)-7(2,4,5)-1(2,3,7)-6(1,2,3,7)-0(2,4,5)
#5: 5-4(5)-2(4,5)-3(2,4,5)-7(2,4,5)-1(2,3,7)-6(1,2,3,7)-0(2,4,5)
#6: 7-2(7)-4(2,7)-5(2,4,7)-3(2,4,5)-1(2,3,7)-6(1,2,3,7)-0(2,4,5)
#7: 7-4(7)-2(4,7)-5(2,4,7)-3(2,4,5)-1(2,3,7)-6(1,2,3,7)-0(2,4,5)
#8: 7-5(7)-2(5,7)-4(2,5,7)-3(2,4,5)-1(2,3,7)-6(1,2,3,7)-0(2,4,5)
#9: 1-2(1)-3(1,2)-6(1,2,3)-7(1,2,6)-4(2,3,7)-5(2,3,4,7)-0(2,4,5)
#10: 1-3(1)-2(1,3)-6(1,2,3)-7(1,2,6)-4(2,3,7)-5(2,3,4,7)-0(2,4,5)
#11: 1-7(1)-2(1,7)-6(1,2,7)-3(1,2,6)-4(2,3,7)-5(2,3,4,7)-0(2,4,5)
#12: 6-1(6)-2(1,6)-3(1,2,6)-7(1,2,6)-4(2,3,7)-5(2,3,4,7)-0(2,4,5)
#13: 6-2(6)-3(2,6)-1(2,3,6)-7(1,2,6)-4(2,3,7)-5(2,3,4,7)-0(2,4,5)
#14: 6-3(6)-2(3,6)-1(2,3,6)-7(1,2,6)-4(2,3,7)-5(2,3,4,7)-0(2,4,5)
#15: 6-7(6)-2(6,7)-1(2,6,7)-3(1,2,6)-4(2,3,7)-5(2,3,4,7)-0(2,4,5)
#16: 0-2(0)-4(0,2)-5(0,2,4)-3(2,4,5)-7(2,4,5)-1(2,3,7)-6(1,2,3,7)
#17: 0-4(0)-2(0,4)-5(0,2,4)-3(2,4,5)-7(2,4,5)-1(2,3,7)-6(1,2,3,7)
#18: 0-5(0)-2(0,5)-4(0,2,5)-3(2,4,5)-7(2,4,5)-1(2,3,7)-6(1,2,3,7)

Preprocessing: 1.308ms
--------- Incremental Matching --------
auto_tuning off:0
use 8 threads for incresemental matching 
Start with 244341 Update
Incremental Matching: 711.41ms
0 vertex updates.
244341 edge updates.
2379 unsafe updates.
30744 positive matches.
0 negative matches.

# edges in index in total: 0
# vertices in index in total: 0
Peak Virtual Memory: 835672 KB

----------------- End -----------------
