----------- Loading graphs ------------
# vertices = 8
# edges = 13
# vertices = 403394
# edges = 2199067
Load Graphs: 1490.18ms
------------ Preprocessing ------------
matching order: 
-vertex(backward neighbors)-
#0: 0-4(0)-6(0,4)-3(0,4,6)-7(0,4)-1(0,4)-2(6,7)-5(6)
#1: 6-0(6)-4(0,6)-3(0,4,6)-7(0,4)-1(0,4)-2(6,7)-5(6)
#2: 6-4(6)-0(4,6)-3(0,4,6)-7(0,4)-1(0,4)-2(6,7)-5(6)
#3: 3-0(3)-4(0,3)-6(0,3,4)-7(0,4)-1(0,4)-2(6,7)-5(6)
#4: 3-4(3)-0(3,4)-6(0,3,4)-7(0,4)-1(0,4)-2(6,7)-5(6)
#5: 3-6(3)-0(3,6)-4(0,3,6)-7(0,4)-1(0,4)-2(6,7)-5(6)
#6: 7-0(7)-4(0,7)-6(0,4)-3(0,4,6)-1(0,4)-2(6,7)-5(6)
#7: 7-4(7)-0(4,7)-6(0,4)-3(0,4,6)-1(0,4)-2(6,7)-5(6)
#8: 1-0(1)-4(0,1)-6(0,4)-3(0,4,6)-7(0,4)-2(6,7)-5(6)
#9: 1-4(1)-0(1,4)-6(0,4)-3(0,4,6)-7(0,4)-2(6,7)-5(6)
#10: 2-6(2)-0(6)-4(0,6)-3(0,4,6)-7(0,2,4)-1(0,4)-5(6)
#11: 2-7(2)-0(7)-4(0,7)-6(0,2,4)-3(0,4,6)-1(0,4)-5(6)
#12: 5-6(5)-0(6)-4(0,6)-3(0,4,6)-7(0,4)-1(0,4)-2(6,7)

Preprocessing: 1.184ms
--------- Incremental Matching --------
auto_tuning off:0
use 8 threads for incresemental matching 
Start with 244341 Update
Incremental Matching: 1224.8ms
0 vertex updates.
244341 edge updates.
6206 unsafe updates.
2704105 positive matches.
0 negative matches.

# edges in index in total: 0
# vertices in index in total: 0
Peak Virtual Memory: 835640 KB

----------------- End -----------------
