----------- Loading graphs ------------
# vertices = 8
# edges = 23
# vertices = 403394
# edges = 2199067
Load Graphs: 1510.72ms
------------ Preprocessing ------------
matching order: 
-vertex(backward neighbors)-
#0: 4-2(4)-5(2,4)-6(2,4,5)-3(2,4,5,6)-7(2,3,4,5)-0(4,5,6,7)-1(0,2,4,6,7)
#1: 5-2(5)-4(2,5)-6(2,4,5)-3(2,4,5,6)-7(2,3,4,5)-0(4,5,6,7)-1(0,2,4,6,7)
#2: 5-4(5)-2(4,5)-6(2,4,5)-3(2,4,5,6)-7(2,3,4,5)-0(4,5,6,7)-1(0,2,4,6,7)
#3: 6-2(6)-4(2,6)-5(2,4,6)-3(2,4,5,6)-7(2,3,4,5)-0(4,5,6,7)-1(0,2,4,6,7)
#4: 6-4(6)-2(4,6)-5(2,4,6)-3(2,4,5,6)-7(2,3,4,5)-0(4,5,6,7)-1(0,2,4,6,7)
#5: 6-5(6)-4(5,6)-2(4,5,6)-3(2,4,5,6)-7(2,3,4,5)-0(4,5,6,7)-1(0,2,4,6,7)
#6: 3-2(3)-4(2,3)-5(2,3,4)-6(2,3,4,5)-7(2,3,4,5)-0(4,5,6,7)-1(0,2,4,6,7)
#7: 3-4(3)-2(3,4)-5(2,3,4)-6(2,3,4,5)-7(2,3,4,5)-0(4,5,6,7)-1(0,2,4,6,7)
#8: 3-5(3)-4(3,5)-2(3,4,5)-6(2,3,4,5)-7(2,3,4,5)-0(4,5,6,7)-1(0,2,4,6,7)
#9: 3-6(3)-4(3,6)-2(3,4,6)-5(2,3,4,6)-7(2,3,4,5)-0(4,5,6,7)-1(0,2,4,6,7)
#10: 7-2(7)-4(2,7)-5(2,4,7)-3(2,4,5,7)-6(2,3,4,5)-0(4,5,6,7)-1(0,2,4,6,7)
#11: 7-3(7)-4(3,7)-2(3,4,7)-5(2,3,4,7)-6(2,3,4,5)-0(4,5,6,7)-1(0,2,4,6,7)
#12: 7-4(7)-2(4,7)-5(2,4,7)-3(2,4,5,7)-6(2,3,4,5)-0(4,5,6,7)-1(0,2,4,6,7)
#13: 7-5(7)-4(5,7)-2(4,5,7)-3(2,4,5,7)-6(2,3,4,5)-0(4,5,6,7)-1(0,2,4,6,7)
#14: 0-4(0)-5(0,4)-6(0,4,5)-2(4,5,6)-7(0,2,4,5)-1(0,2,4,6,7)-3(2,4,5,6,7)
#15: 0-5(0)-4(0,5)-6(0,4,5)-2(4,5,6)-7(0,2,4,5)-1(0,2,4,6,7)-3(2,4,5,6,7)
#16: 0-6(0)-4(0,6)-5(0,4,6)-2(4,5,6)-7(0,2,4,5)-1(0,2,4,6,7)-3(2,4,5,6,7)
#17: 0-7(0)-4(0,7)-5(0,4,7)-2(4,5,7)-6(0,2,4,5)-1(0,2,4,6,7)-3(2,4,5,6,7)
#18: 1-0(1)-4(0,1)-6(0,1,4)-2(1,4,6)-5(0,2,4,6)-7(0,1,2,4,5)-3(2,4,5,6,7)
#19: 1-2(1)-4(1,2)-6(1,2,4)-5(2,4,6)-7(1,2,4,5)-0(1,4,5,6,7)-3(2,4,5,6,7)
#20: 1-4(1)-2(1,4)-6(1,2,4)-5(2,4,6)-7(1,2,4,5)-0(1,4,5,6,7)-3(2,4,5,6,7)
#21: 1-6(1)-4(1,6)-2(1,4,6)-5(2,4,6)-7(1,2,4,5)-0(1,4,5,6,7)-3(2,4,5,6,7)
#22: 1-7(1)-4(1,7)-2(1,4,7)-5(2,4,7)-6(1,2,4,5)-0(1,4,5,6,7)-3(2,4,5,6,7)

Preprocessing: 1.298ms
--------- Incremental Matching --------
auto_tuning off:0
use 8 threads for incresemental matching 
Start with 244341 Update
Incremental Matching: 732.455ms
0 vertex updates.
244341 edge updates.
572 unsafe updates.
11458 positive matches.
0 negative matches.

# edges in index in total: 0
# vertices in index in total: 0
Peak Virtual Memory: 835668 KB

----------------- End -----------------
