----------- Loading graphs ------------
# vertices = 8
# edges = 7
# vertices = 403394
# edges = 2199067
Load Graphs: 1423.4ms
------------ Preprocessing ------------
matching order: 
-vertex(backward neighbors)-
#0: 2-0(2)-3(2)-4(2)-1(4)-5(3)-6(0)-7(2)
#1: 3-2(3)-0(2)-4(2)-1(4)-5(3)-6(0)-7(2)
#2: 4-2(4)-0(2)-3(2)-1(4)-5(3)-6(0)-7(2)
#3: 1-4(1)-2(4)-0(2)-3(2)-5(3)-6(0)-7(2)
#4: 5-3(5)-2(3)-0(2)-4(2)-1(4)-6(0)-7(2)
#5: 6-0(6)-2(0)-3(2)-4(2)-1(4)-5(3)-7(2)
#6: 7-2(7)-0(2)-3(2)-4(2)-1(4)-5(3)-6(0)

Preprocessing: 1.094ms
--------- Incremental Matching --------
auto_tuning off:0
use 8 threads for incresemental matching 
Start with 244341 Update
