----------- Loading graphs ------------
# vertices = 8
# edges = 20
# vertices = 403394
# edges = 2199067
Load Graphs: 1270.41ms
------------ Preprocessing ------------
matching order: 
-vertex(backward neighbors)-
#0: 4-7(4)-1(4,7)-2(1,4,7)-3(1,2,4,7)-5(2,4,7)-0(4,5,7)-6(0,1,4,5)
#1: 1-4(1)-7(1,4)-2(1,4,7)-3(1,2,4,7)-5(2,4,7)-0(4,5,7)-6(0,1,4,5)
#2: 1-7(1)-4(1,7)-2(1,4,7)-3(1,2,4,7)-5(2,4,7)-0(4,5,7)-6(0,1,4,5)
#3: 2-1(2)-4(1,2)-7(1,2,4)-3(1,2,4,7)-5(2,4,7)-0(4,5,7)-6(0,1,4,5)
#4: 2-4(2)-7(2,4)-1(2,4,7)-3(1,2,4,7)-5(2,4,7)-0(4,5,7)-6(0,1,4,5)
#5: 2-7(2)-4(2,7)-1(2,4,7)-3(1,2,4,7)-5(2,4,7)-0(4,5,7)-6(0,1,4,5)
#6: 3-1(3)-4(1,3)-7(1,3,4)-2(1,3,4,7)-5(2,4,7)-0(4,5,7)-6(0,1,4,5)
#7: 3-2(3)-4(2,3)-7(2,3,4)-1(2,3,4,7)-5(2,4,7)-0(4,5,7)-6(0,1,4,5)
#8: 3-4(3)-7(3,4)-1(3,4,7)-2(1,3,4,7)-5(2,4,7)-0(4,5,7)-6(0,1,4,5)
#9: 3-7(3)-4(3,7)-1(3,4,7)-2(1,3,4,7)-5(2,4,7)-0(4,5,7)-6(0,1,4,5)
#10: 5-2(5)-4(2,5)-7(2,4,5)-1(2,4,7)-3(1,2,4,7)-0(4,5,7)-6(0,1,4,5)
#11: 5-4(5)-7(4,5)-2(4,5,7)-1(2,4,7)-3(1,2,4,7)-0(4,5,7)-6(0,1,4,5)
#12: 5-7(5)-4(5,7)-2(4,5,7)-1(2,4,7)-3(1,2,4,7)-0(4,5,7)-6(0,1,4,5)
#13: 0-4(0)-7(0,4)-5(0,4,7)-2(4,5,7)-1(2,4,7)-3(1,2,4,7)-6(0,1,4,5)
#14: 0-5(0)-4(0,5)-7(0,4,5)-2(4,5,7)-1(2,4,7)-3(1,2,4,7)-6(0,1,4,5)
#15: 0-7(0)-4(0,7)-5(0,4,7)-2(4,5,7)-1(2,4,7)-3(1,2,4,7)-6(0,1,4,5)
#16: 6-0(6)-4(0,6)-5(0,4,6)-7(0,4,5)-1(4,6,7)-2(1,4,5,7)-3(1,2,4,7)
#17: 6-1(6)-4(1,6)-7(1,4)-2(1,4,7)-5(2,4,6,7)-0(4,5,6,7)-3(1,2,4,7)
#18: 6-4(6)-1(4,6)-7(1,4)-2(1,4,7)-5(2,4,6,7)-0(4,5,6,7)-3(1,2,4,7)
#19: 6-5(6)-4(5,6)-0(4,5,6)-7(0,4,5)-1(4,6,7)-2(1,4,5,7)-3(1,2,4,7)

Preprocessing: 1.464ms
--------- Incremental Matching --------
auto_tuning off:0
use 8 threads for incresemental matching 
Start with 244341 Update
Incremental Matching: 698.376ms
0 vertex updates.
244341 edge updates.
1536 unsafe updates.
25121 positive matches.
0 negative matches.

# edges in index in total: 0
# vertices in index in total: 0
Peak Virtual Memory: 835664 KB

----------------- End -----------------
