----------- Loading graphs ------------
# vertices = 8
# edges = 10
# vertices = 403394
# edges = 2199067
Load Graphs: 1503.66ms
------------ Preprocessing ------------
matching order: 
-vertex(backward neighbors)-
#0: 1-4(1)-6(1)-7(1,6)-0(4)-2(0,6)-3(4)-5(1,3)
#1: 6-1(6)-7(1,6)-4(1)-0(4)-2(0,6)-3(4)-5(1,3)
#2: 7-1(7)-6(1,7)-4(1)-0(4)-2(0,6)-3(4)-5(1,3)
#3: 7-6(7)-1(6,7)-4(1)-0(4)-2(0,6)-3(4)-5(1,3)
#4: 0-4(0)-1(4)-6(1)-2(0,6)-7(1,6)-3(4)-5(1,3)
#5: 2-0(2)-4(0)-1(4)-6(1,2)-7(1,6)-3(4)-5(1,3)
#6: 2-6(2)-1(6)-7(1,6)-4(1)-0(2,4)-3(4)-5(1,3)
#7: 3-4(3)-1(4)-5(1,3)-6(1)-7(1,6)-0(4)-2(0,6)
#8: 5-1(5)-4(1)-3(4,5)-6(1)-7(1,6)-0(4)-2(0,6)
#9: 5-3(5)-1(5)-4(1,3)-6(1)-7(1,6)-0(4)-2(0,6)

Preprocessing: 1.211ms
--------- Incremental Matching --------
auto_tuning off:0
use 8 threads for incresemental matching 
Start with 244341 Update
Incremental Matching: 2595.95ms
0 vertex updates.
244341 edge updates.
17246 unsafe updates.
2173740 positive matches.
0 negative matches.

# edges in index in total: 0
# vertices in index in total: 0
Peak Virtual Memory: 835632 KB

----------------- End -----------------
