----------- Loading graphs ------------
# vertices = 8
# edges = 14
# vertices = 403394
# edges = 2199067
Load Graphs: 1473.29ms
------------ Preprocessing ------------
matching order: 
-vertex(backward neighbors)-
#0: 1-4(1)-5(1,4)-7(1,4,5)-3(1,5)-6(1,3,4)-2(1,4)-0(3)
#1: 5-1(5)-4(1,5)-7(1,4,5)-3(1,5)-6(1,3,4)-2(1,4)-0(3)
#2: 5-4(5)-1(4,5)-7(1,4,5)-3(1,5)-6(1,3,4)-2(1,4)-0(3)
#3: 7-1(7)-4(1,7)-5(1,4,7)-3(1,5)-6(1,3,4)-2(1,4)-0(3)
#4: 7-4(7)-1(4,7)-5(1,4,7)-3(1,5)-6(1,3,4)-2(1,4)-0(3)
#5: 7-5(7)-1(5,7)-4(1,5,7)-3(1,5)-6(1,3,4)-2(1,4)-0(3)
#6: 3-1(3)-5(1,3)-4(1,5)-6(1,3,4)-7(1,4,5)-2(1,4)-0(3)
#7: 3-5(3)-1(3,5)-4(1,5)-6(1,3,4)-7(1,4,5)-2(1,4)-0(3)
#8: 6-1(6)-4(1,6)-3(1,6)-5(1,3,4)-7(1,4,5)-2(1,4)-0(3)
#9: 6-3(6)-1(3,6)-4(1,6)-5(1,3,4)-7(1,4,5)-2(1,4)-0(3)
#10: 6-4(6)-1(4,6)-3(1,6)-5(1,3,4)-7(1,4,5)-2(1,4)-0(3)
#11: 2-1(2)-4(1,2)-5(1,4)-7(1,4,5)-3(1,5)-6(1,3,4)-0(3)
#12: 2-4(2)-1(2,4)-5(1,4)-7(1,4,5)-3(1,5)-6(1,3,4)-0(3)
#13: 0-3(0)-1(3)-5(1,3)-4(1,5)-6(1,3,4)-7(1,4,5)-2(1,4)

Preprocessing: 0.151ms
--------- Incremental Matching --------
auto_tuning off:0
use 1 threads for incresemental matching 
Start with 244341 Update
Incremental Matching: 508.865ms
0 vertex updates.
244341 edge updates.
5969 unsafe updates.
1355617 positive matches.
0 negative matches.

# edges in index in total: 0
# vertices in index in total: 0
Peak Virtual Memory: 125852 KB

----------------- End -----------------
