----------- Loading graphs ------------
# vertices = 8
# edges = 22
# vertices = 403394
# edges = 2199067
Load Graphs: 1440.83ms
------------ Preprocessing ------------
matching order: 
-vertex(backward neighbors)-
#0: 0-4(0)-5(0,4)-7(0,4,5)-1(0,4,5,7)-2(0,1,4,7)-3(0,2,4,5)-6(0,4,5,7)
#1: 5-0(5)-4(0,5)-7(0,4,5)-1(0,4,5,7)-2(0,1,4,7)-3(0,2,4,5)-6(0,4,5,7)
#2: 5-4(5)-0(4,5)-7(0,4,5)-1(0,4,5,7)-2(0,1,4,7)-3(0,2,4,5)-6(0,4,5,7)
#3: 7-0(7)-4(0,7)-5(0,4,7)-1(0,4,5,7)-2(0,1,4,7)-3(0,2,4,5)-6(0,4,5,7)
#4: 7-4(7)-0(4,7)-5(0,4,7)-1(0,4,5,7)-2(0,1,4,7)-3(0,2,4,5)-6(0,4,5,7)
#5: 7-5(7)-0(5,7)-4(0,5,7)-1(0,4,5,7)-2(0,1,4,7)-3(0,2,4,5)-6(0,4,5,7)
#6: 1-0(1)-4(0,1)-5(0,1,4)-7(0,1,4,5)-2(0,1,4,7)-3(0,2,4,5)-6(0,4,5,7)
#7: 1-4(1)-0(1,4)-5(0,1,4)-7(0,1,4,5)-2(0,1,4,7)-3(0,2,4,5)-6(0,4,5,7)
#8: 1-5(1)-0(1,5)-4(0,1,5)-7(0,1,4,5)-2(0,1,4,7)-3(0,2,4,5)-6(0,4,5,7)
#9: 1-7(1)-0(1,7)-4(0,1,7)-5(0,1,4,7)-2(0,1,4,7)-3(0,2,4,5)-6(0,4,5,7)
#10: 2-0(2)-4(0,2)-7(0,2,4)-1(0,2,4,7)-5(0,1,4,7)-3(0,2,4,5)-6(0,4,5,7)
#11: 2-1(2)-0(1,2)-4(0,1,2)-7(0,1,2,4)-5(0,1,4,7)-3(0,2,4,5)-6(0,4,5,7)
#12: 2-4(2)-0(2,4)-7(0,2,4)-1(0,2,4,7)-5(0,1,4,7)-3(0,2,4,5)-6(0,4,5,7)
#13: 2-7(2)-0(2,7)-4(0,2,7)-1(0,2,4,7)-5(0,1,4,7)-3(0,2,4,5)-6(0,4,5,7)
#14: 3-0(3)-4(0,3)-5(0,3,4)-7(0,4,5)-1(0,4,5,7)-2(0,1,3,4,7)-6(0,4,5,7)
#15: 3-2(3)-0(2,3)-4(0,2,3)-5(0,3,4)-7(0,2,4,5)-1(0,2,4,5,7)-6(0,4,5,7)
#16: 3-4(3)-0(3,4)-5(0,3,4)-7(0,4,5)-1(0,4,5,7)-2(0,1,3,4,7)-6(0,4,5,7)
#17: 3-5(3)-0(3,5)-4(0,3,5)-7(0,4,5)-1(0,4,5,7)-2(0,1,3,4,7)-6(0,4,5,7)
#18: 6-0(6)-4(0,6)-5(0,4,6)-7(0,4,5,6)-1(0,4,5,7)-2(0,1,4,7)-3(0,2,4,5)
#19: 6-4(6)-0(4,6)-5(0,4,6)-7(0,4,5,6)-1(0,4,5,7)-2(0,1,4,7)-3(0,2,4,5)
#20: 6-5(6)-0(5,6)-4(0,5,6)-7(0,4,5,6)-1(0,4,5,7)-2(0,1,4,7)-3(0,2,4,5)
#21: 6-7(6)-0(6,7)-4(0,6,7)-5(0,4,6,7)-1(0,4,5,7)-2(0,1,4,7)-3(0,2,4,5)

Preprocessing: 1.242ms
--------- Incremental Matching --------
auto_tuning off:0
use 8 threads for incresemental matching 
Start with 244341 Update
Incremental Matching: 630.869ms
0 vertex updates.
244341 edge updates.
358 unsafe updates.
17158 positive matches.
0 negative matches.

# edges in index in total: 0
# vertices in index in total: 0
Peak Virtual Memory: 770796 KB

----------------- End -----------------
