----------- Loading graphs ------------
# vertices = 8
# edges = 8
# vertices = 403394
# edges = 2199067
Load Graphs: 1511.97ms
------------ Preprocessing ------------
matching order: 
-vertex(backward neighbors)-
#0: 3-5(3)-7(3,5)-4(5)-0(4)-1(3)-2(0)-6(3)
#1: 7-3(7)-5(3,7)-4(5)-0(4)-1(3)-2(0)-6(3)
#2: 7-5(7)-3(5,7)-4(5)-0(4)-1(3)-2(0)-6(3)
#3: 4-5(4)-3(5)-7(3,5)-0(4)-1(3)-2(0)-6(3)
#4: 0-4(0)-5(4)-3(5)-7(3,5)-1(3)-2(0)-6(3)
#5: 1-3(1)-5(3)-7(3,5)-4(5)-0(4)-2(0)-6(3)
#6: 2-0(2)-4(0)-5(4)-3(5)-7(3,5)-1(3)-6(3)
#7: 6-3(6)-5(3)-7(3,5)-4(5)-0(4)-1(3)-2(0)

Preprocessing: 1.297ms
--------- Incremental Matching --------
auto_tuning off:0
use 8 threads for incresemental matching 
Start with 244341 Update
Incremental Matching: 41327.2ms
0 vertex updates.
244341 edge updates.
32678 unsafe updates.
2371319405 positive matches.
0 negative matches.

# edges in index in total: 0
# vertices in index in total: 0
Peak Virtual Memory: 771220 KB

----------------- End -----------------
