----------- Loading graphs ------------
# vertices = 8
# edges = 19
# vertices = 403394
# edges = 2199067
Load Graphs: 1566.9ms
------------ Preprocessing ------------
matching order: 
-vertex(backward neighbors)-
#0: 1-2(1)-0(1,2)-3(0,1,2)-6(0,1,3)-5(0,1,2,6)-4(1,2,6)-7(1,2,6)
#1: 0-1(0)-2(0,1)-3(0,1,2)-6(0,1,3)-5(0,1,2,6)-4(1,2,6)-7(1,2,6)
#2: 0-2(0)-1(0,2)-3(0,1,2)-6(0,1,3)-5(0,1,2,6)-4(1,2,6)-7(1,2,6)
#3: 3-0(3)-1(0,3)-2(0,1,3)-6(0,1,3)-5(0,1,2,6)-4(1,2,6)-7(1,2,6)
#4: 3-1(3)-2(1,3)-0(1,2,3)-6(0,1,3)-5(0,1,2,6)-4(1,2,6)-7(1,2,6)
#5: 3-2(3)-1(2,3)-0(1,2,3)-6(0,1,3)-5(0,1,2,6)-4(1,2,6)-7(1,2,6)
#6: 6-0(6)-1(0,6)-3(0,1,6)-2(0,1,3)-5(0,1,2,6)-4(1,2,6)-7(1,2,6)
#7: 6-1(6)-0(1,6)-3(0,1,6)-2(0,1,3)-5(0,1,2,6)-4(1,2,6)-7(1,2,6)
#8: 6-3(6)-1(3,6)-0(1,3,6)-2(0,1,3)-5(0,1,2,6)-4(1,2,6)-7(1,2,6)
#9: 5-0(5)-1(0,5)-2(0,1,5)-6(0,1,5)-3(0,1,2,6)-4(1,2,6)-7(1,2,6)
#10: 5-1(5)-2(1,5)-0(1,2,5)-6(0,1,5)-3(0,1,2,6)-4(1,2,6)-7(1,2,6)
#11: 5-2(5)-1(2,5)-0(1,2,5)-6(0,1,5)-3(0,1,2,6)-4(1,2,6)-7(1,2,6)
#12: 5-6(5)-1(5,6)-0(1,5,6)-2(0,1,5)-3(0,1,2,6)-4(1,2,6)-7(1,2,6)
#13: 4-1(4)-2(1,4)-6(1,4)-0(1,2,6)-3(0,1,2,6)-5(0,1,2,6)-7(1,2,6)
#14: 4-2(4)-1(2,4)-6(1,4)-0(1,2,6)-3(0,1,2,6)-5(0,1,2,6)-7(1,2,6)
#15: 4-6(4)-1(4,6)-2(1,4)-0(1,2,6)-3(0,1,2,6)-5(0,1,2,6)-7(1,2,6)
#16: 7-1(7)-2(1,7)-6(1,7)-0(1,2,6)-3(0,1,2,6)-5(0,1,2,6)-4(1,2,6)
#17: 7-2(7)-1(2,7)-6(1,7)-0(1,2,6)-3(0,1,2,6)-5(0,1,2,6)-4(1,2,6)
#18: 7-6(7)-1(6,7)-2(1,7)-0(1,2,6)-3(0,1,2,6)-5(0,1,2,6)-4(1,2,6)

Preprocessing: 1.26ms
--------- Incremental Matching --------
auto_tuning off:0
use 8 threads for incresemental matching 
Start with 244341 Update
Incremental Matching: 714.656ms
0 vertex updates.
244341 edge updates.
1786 unsafe updates.
39778 positive matches.
0 negative matches.

# edges in index in total: 0
# vertices in index in total: 0
Peak Virtual Memory: 835632 KB

----------------- End -----------------
