----------- Loading graphs ------------
# vertices = 8
# edges = 17
# vertices = 403394
# edges = 2199067
Load Graphs: 1480.68ms
------------ Preprocessing ------------
matching order: 
-vertex(backward neighbors)-
#0: 4-6(4)-1(4,6)-5(1,4,6)-7(1,4,5)-3(6,7)-0(3,4,6)-2(3,4,7)
#1: 1-4(1)-6(1,4)-5(1,4,6)-7(1,4,5)-3(6,7)-0(3,4,6)-2(3,4,7)
#2: 1-6(1)-4(1,6)-5(1,4,6)-7(1,4,5)-3(6,7)-0(3,4,6)-2(3,4,7)
#3: 5-1(5)-4(1,5)-6(1,4,5)-7(1,4,5)-3(6,7)-0(3,4,6)-2(3,4,7)
#4: 5-4(5)-6(4,5)-1(4,5,6)-7(1,4,5)-3(6,7)-0(3,4,6)-2(3,4,7)
#5: 5-6(5)-4(5,6)-1(4,5,6)-7(1,4,5)-3(6,7)-0(3,4,6)-2(3,4,7)
#6: 7-1(7)-4(1,7)-5(1,4,7)-6(1,4,5)-3(6,7)-0(3,4,6)-2(3,4,7)
#7: 7-4(7)-1(4,7)-5(1,4,7)-6(1,4,5)-3(6,7)-0(3,4,6)-2(3,4,7)
#8: 7-5(7)-4(5,7)-1(4,5,7)-6(1,4,5)-3(6,7)-0(3,4,6)-2(3,4,7)
#9: 3-6(3)-0(3,6)-4(0,6)-7(3,4)-1(4,6,7)-5(1,4,6,7)-2(3,4,7)
#10: 3-7(3)-2(3,7)-4(2,7)-6(3,4)-1(4,6,7)-5(1,4,6,7)-0(3,4,6)
#11: 0-3(0)-6(0,3)-4(0,6)-7(3,4)-1(4,6,7)-5(1,4,6,7)-2(3,4,7)
#12: 0-4(0)-6(0,4)-1(4,6)-5(1,4,6)-7(1,4,5)-3(0,6,7)-2(3,4,7)
#13: 0-6(0)-4(0,6)-1(4,6)-5(1,4,6)-7(1,4,5)-3(0,6,7)-2(3,4,7)
#14: 2-3(2)-7(2,3)-4(2,7)-6(3,4)-1(4,6,7)-5(1,4,6,7)-0(3,4,6)
#15: 2-4(2)-7(2,4)-1(4,7)-5(1,4,7)-6(1,4,5)-3(2,6,7)-0(3,4,6)
#16: 2-7(2)-4(2,7)-1(4,7)-5(1,4,7)-6(1,4,5)-3(2,6,7)-0(3,4,6)

Preprocessing: 1.297ms
--------- Incremental Matching --------
auto_tuning off:0
use 8 threads for incresemental matching 
Start with 244341 Update
Incremental Matching: 781.808ms
0 vertex updates.
244341 edge updates.
2352 unsafe updates.
64869 positive matches.
0 negative matches.

# edges in index in total: 0
# vertices in index in total: 0
Peak Virtual Memory: 835644 KB

----------------- End -----------------
