----------- Loading graphs ------------
# vertices = 8
# edges = 16
# vertices = 403394
# edges = 2199067
Load Graphs: 1510.09ms
------------ Preprocessing ------------
matching order: 
-vertex(backward neighbors)-
#0: 0-3(0)-4(0,3)-1(3,4)-2(1,3,4)-6(0,2)-7(0,1,6)-5(0,6,7)
#1: 4-0(4)-3(0,4)-1(3,4)-2(1,3,4)-6(0,2)-7(0,1,6)-5(0,6,7)
#2: 4-3(4)-0(3,4)-1(3,4)-2(1,3,4)-6(0,2)-7(0,1,6)-5(0,6,7)
#3: 1-3(1)-2(1,3)-4(1,2,3)-0(3,4)-6(0,2)-7(0,1,6)-5(0,6,7)
#4: 1-4(1)-2(1,4)-3(1,2,4)-0(3,4)-6(0,2)-7(0,1,6)-5(0,6,7)
#5: 2-1(2)-3(1,2)-4(1,2,3)-0(3,4)-6(0,2)-7(0,1,6)-5(0,6,7)
#6: 2-3(2)-1(2,3)-4(1,2,3)-0(3,4)-6(0,2)-7(0,1,6)-5(0,6,7)
#7: 2-4(2)-1(2,4)-3(1,2,4)-0(3,4)-6(0,2)-7(0,1,6)-5(0,6,7)
#8: 6-0(6)-7(0,6)-5(0,6,7)-1(7)-2(1,6)-3(0,1,2)-4(0,1,2,3)
#9: 6-2(6)-0(6)-3(0,2)-4(0,2,3)-1(2,3,4)-7(0,1,6)-5(0,6,7)
#10: 7-0(7)-6(0,7)-5(0,6,7)-1(7)-2(1,6)-3(0,1,2)-4(0,1,2,3)
#11: 7-1(7)-0(7)-3(0,1)-4(0,1,3)-2(1,3,4)-6(0,2,7)-5(0,6,7)
#12: 7-6(7)-0(6,7)-5(0,6,7)-1(7)-2(1,6)-3(0,1,2)-4(0,1,2,3)
#13: 5-0(5)-6(0,5)-7(0,5,6)-1(7)-2(1,6)-3(0,1,2)-4(0,1,2,3)
#14: 5-6(5)-0(5,6)-7(0,5,6)-1(7)-2(1,6)-3(0,1,2)-4(0,1,2,3)
#15: 5-7(5)-0(5,7)-6(0,5,7)-1(7)-2(1,6)-3(0,1,2)-4(0,1,2,3)

Preprocessing: 1.406ms
--------- Incremental Matching --------
auto_tuning off:0
use 8 threads for incresemental matching 
Start with 244341 Update
Incremental Matching: 1039.23ms
0 vertex updates.
244341 edge updates.
4480 unsafe updates.
49072 positive matches.
0 negative matches.

# edges in index in total: 0
# vertices in index in total: 0
Peak Virtual Memory: 835656 KB

----------------- End -----------------
