----------- Loading graphs ------------
# vertices = 8
# edges = 23
# vertices = 403394
# edges = 2199067
Load Graphs: 1316.66ms
------------ Preprocessing ------------
matching order: 
-vertex(backward neighbors)-
#0: 0-5(0)-2(0,5)-4(0,2,5)-3(0,2,4,5)-6(0,2,4,5)-1(0,3,5,6)-7(0,1,2,4,5)
#1: 2-0(2)-5(0,2)-4(0,2,5)-3(0,2,4,5)-6(0,2,4,5)-1(0,3,5,6)-7(0,1,2,4,5)
#2: 2-5(2)-0(2,5)-4(0,2,5)-3(0,2,4,5)-6(0,2,4,5)-1(0,3,5,6)-7(0,1,2,4,5)
#3: 4-0(4)-5(0,4)-2(0,4,5)-3(0,2,4,5)-6(0,2,4,5)-1(0,3,5,6)-7(0,1,2,4,5)
#4: 4-2(4)-0(2,4)-5(0,2,4)-3(0,2,4,5)-6(0,2,4,5)-1(0,3,5,6)-7(0,1,2,4,5)
#5: 4-5(4)-0(4,5)-2(0,4,5)-3(0,2,4,5)-6(0,2,4,5)-1(0,3,5,6)-7(0,1,2,4,5)
#6: 3-0(3)-5(0,3)-2(0,3,5)-4(0,2,3,5)-6(0,2,4,5)-1(0,3,5,6)-7(0,1,2,4,5)
#7: 3-2(3)-0(2,3)-5(0,2,3)-4(0,2,3,5)-6(0,2,4,5)-1(0,3,5,6)-7(0,1,2,4,5)
#8: 3-4(3)-0(3,4)-5(0,3,4)-2(0,3,4,5)-6(0,2,4,5)-1(0,3,5,6)-7(0,1,2,4,5)
#9: 3-5(3)-0(3,5)-2(0,3,5)-4(0,2,3,5)-6(0,2,4,5)-1(0,3,5,6)-7(0,1,2,4,5)
#10: 6-0(6)-5(0,6)-2(0,5,6)-4(0,2,5,6)-3(0,2,4,5)-1(0,3,5,6)-7(0,1,2,4,5)
#11: 6-2(6)-0(2,6)-5(0,2,6)-4(0,2,5,6)-3(0,2,4,5)-1(0,3,5,6)-7(0,1,2,4,5)
#12: 6-4(6)-0(4,6)-5(0,4,6)-2(0,4,5,6)-3(0,2,4,5)-1(0,3,5,6)-7(0,1,2,4,5)
#13: 6-5(6)-0(5,6)-2(0,5,6)-4(0,2,5,6)-3(0,2,4,5)-1(0,3,5,6)-7(0,1,2,4,5)
#14: 1-0(1)-5(0,1)-3(0,1,5)-2(0,3,5)-4(0,2,3,5)-6(0,1,2,4,5)-7(0,1,2,4,5)
#15: 1-3(1)-0(1,3)-5(0,1,3)-2(0,3,5)-4(0,2,3,5)-6(0,1,2,4,5)-7(0,1,2,4,5)
#16: 1-5(1)-0(1,5)-3(0,1,5)-2(0,3,5)-4(0,2,3,5)-6(0,1,2,4,5)-7(0,1,2,4,5)
#17: 1-6(1)-0(1,6)-5(0,1,6)-2(0,5,6)-4(0,2,5,6)-3(0,1,2,4,5)-7(0,1,2,4,5)
#18: 7-0(7)-5(0,7)-2(0,5,7)-4(0,2,5,7)-3(0,2,4,5)-1(0,3,5,7)-6(0,1,2,4,5)
#19: 7-1(7)-0(1,7)-5(0,1,7)-2(0,5,7)-4(0,2,5,7)-3(0,1,2,4,5)-6(0,1,2,4,5)
#20: 7-2(7)-0(2,7)-5(0,2,7)-4(0,2,5,7)-3(0,2,4,5)-1(0,3,5,7)-6(0,1,2,4,5)
#21: 7-4(7)-0(4,7)-5(0,4,7)-2(0,4,5,7)-3(0,2,4,5)-1(0,3,5,7)-6(0,1,2,4,5)
#22: 7-5(7)-0(5,7)-2(0,5,7)-4(0,2,5,7)-3(0,2,4,5)-1(0,3,5,7)-6(0,1,2,4,5)

Preprocessing: 0.212ms
--------- Incremental Matching --------
auto_tuning off:0
use 1 threads for incresemental matching 
Start with 244341 Update
Incremental Matching: 456.356ms
0 vertex updates.
244341 edge updates.
971 unsafe updates.
12380 positive matches.
0 negative matches.

# edges in index in total: 0
# vertices in index in total: 0
Peak Virtual Memory: 125872 KB

----------------- End -----------------
