----------- Loading graphs ------------
# vertices = 8
# edges = 8
# vertices = 403394
# edges = 2199067
Load Graphs: 1521.52ms
------------ Preprocessing ------------
matching order: 
-vertex(backward neighbors)-
#0: 1-6(1)-2(1,6)-0(6)-3(1)-4(1)-5(1)-7(1)
#1: 2-1(2)-6(1,2)-0(6)-3(1)-4(1)-5(1)-7(1)
#2: 2-6(2)-1(2,6)-0(6)-3(1)-4(1)-5(1)-7(1)
#3: 0-6(0)-1(6)-2(1,6)-3(1)-4(1)-5(1)-7(1)
#4: 3-1(3)-6(1)-2(1,6)-0(6)-4(1)-5(1)-7(1)
#5: 4-1(4)-6(1)-2(1,6)-0(6)-3(1)-5(1)-7(1)
#6: 5-1(5)-6(1)-2(1,6)-0(6)-3(1)-4(1)-7(1)
#7: 7-1(7)-6(1)-2(1,6)-0(6)-3(1)-4(1)-5(1)

Preprocessing: 1.182ms
--------- Incremental Matching --------
auto_tuning off:0
use 8 threads for incresemental matching 
Start with 244341 Update
