----------- Loading graphs ------------
# vertices = 8
# edges = 14
# vertices = 403394
# edges = 2199067
Load Graphs: 1555.35ms
------------ Preprocessing ------------
matching order: 
-vertex(backward neighbors)-
#0: 2-1(2)-3(1,2)-7(1,3)-4(1,3)-5(2,4,7)-0(2,7)-6(2,7)
#1: 3-1(3)-2(1,3)-7(1,3)-4(1,3)-5(2,4,7)-0(2,7)-6(2,7)
#2: 3-2(3)-1(2,3)-7(1,3)-4(1,3)-5(2,4,7)-0(2,7)-6(2,7)
#3: 7-1(7)-3(1,7)-2(1,3)-4(1,3)-5(2,4,7)-0(2,7)-6(2,7)
#4: 7-3(7)-1(3,7)-2(1,3)-4(1,3)-5(2,4,7)-0(2,7)-6(2,7)
#5: 4-1(4)-3(1,4)-2(1,3)-7(1,3)-5(2,4,7)-0(2,7)-6(2,7)
#6: 4-3(4)-1(3,4)-2(1,3)-7(1,3)-5(2,4,7)-0(2,7)-6(2,7)
#7: 5-2(5)-7(5)-1(2,7)-3(1,2,7)-4(1,3,5)-0(2,7)-6(2,7)
#8: 5-4(5)-2(5)-1(2,4)-3(1,2,4)-7(1,3,5)-0(2,7)-6(2,7)
#9: 5-7(5)-2(5)-1(2,7)-3(1,2,7)-4(1,3,5)-0(2,7)-6(2,7)
#10: 0-2(0)-7(0)-1(2,7)-3(1,2,7)-4(1,3)-5(2,4,7)-6(2,7)
#11: 0-7(0)-2(0)-1(2,7)-3(1,2,7)-4(1,3)-5(2,4,7)-6(2,7)
#12: 6-2(6)-7(6)-1(2,7)-3(1,2,7)-4(1,3)-5(2,4,7)-0(2,7)
#13: 6-7(6)-2(6)-1(2,7)-3(1,2,7)-4(1,3)-5(2,4,7)-0(2,7)

Preprocessing: 1.267ms
--------- Incremental Matching --------
auto_tuning off:0
use 8 threads for incresemental matching 
Start with 244341 Update
Incremental Matching: 1610.95ms
0 vertex updates.
244341 edge updates.
7910 unsafe updates.
447332 positive matches.
0 negative matches.

# edges in index in total: 0
# vertices in index in total: 0
Peak Virtual Memory: 770780 KB

----------------- End -----------------
