----------- Loading graphs ------------
# vertices = 8
# edges = 23
# vertices = 403394
# edges = 2199067
Load Graphs: 1475.66ms
------------ Preprocessing ------------
matching order: 
-vertex(backward neighbors)-
#0: 1-7(1)-0(1,7)-4(0,1,7)-6(0,1,4,7)-2(0,1,4,7)-3(1,2,4,6,7)-5(0,1,6,7)
#1: 0-1(0)-7(0,1)-4(0,1,7)-6(0,1,4,7)-2(0,1,4,7)-3(1,2,4,6,7)-5(0,1,6,7)
#2: 0-7(0)-1(0,7)-4(0,1,7)-6(0,1,4,7)-2(0,1,4,7)-3(1,2,4,6,7)-5(0,1,6,7)
#3: 4-0(4)-1(0,4)-7(0,1,4)-6(0,1,4,7)-2(0,1,4,7)-3(1,2,4,6,7)-5(0,1,6,7)
#4: 4-1(4)-7(1,4)-0(1,4,7)-6(0,1,4,7)-2(0,1,4,7)-3(1,2,4,6,7)-5(0,1,6,7)
#5: 4-7(4)-1(4,7)-0(1,4,7)-6(0,1,4,7)-2(0,1,4,7)-3(1,2,4,6,7)-5(0,1,6,7)
#6: 6-0(6)-1(0,6)-7(0,1,6)-4(0,1,6,7)-2(0,1,4,7)-3(1,2,4,6,7)-5(0,1,6,7)
#7: 6-1(6)-7(1,6)-0(1,6,7)-4(0,1,6,7)-2(0,1,4,7)-3(1,2,4,6,7)-5(0,1,6,7)
#8: 6-4(6)-1(4,6)-7(1,4,6)-0(1,4,6,7)-2(0,1,4,7)-3(1,2,4,6,7)-5(0,1,6,7)
#9: 6-7(6)-1(6,7)-0(1,6,7)-4(0,1,6,7)-2(0,1,4,7)-3(1,2,4,6,7)-5(0,1,6,7)
#10: 2-0(2)-1(0,2)-7(0,1,2)-4(0,1,2,7)-6(0,1,4,7)-3(1,2,4,6,7)-5(0,1,6,7)
#11: 2-1(2)-7(1,2)-0(1,2,7)-4(0,1,2,7)-6(0,1,4,7)-3(1,2,4,6,7)-5(0,1,6,7)
#12: 2-4(2)-1(2,4)-7(1,2,4)-0(1,2,4,7)-6(0,1,4,7)-3(1,2,4,6,7)-5(0,1,6,7)
#13: 2-7(2)-1(2,7)-0(1,2,7)-4(0,1,2,7)-6(0,1,4,7)-3(1,2,4,6,7)-5(0,1,6,7)
#14: 3-1(3)-7(1,3)-4(1,3,7)-6(1,3,4,7)-0(1,4,6,7)-2(0,1,3,4,7)-5(0,1,6,7)
#15: 3-2(3)-1(2,3)-7(1,2,3)-4(1,2,3,7)-0(1,2,4,7)-6(0,1,3,4,7)-5(0,1,6,7)
#16: 3-4(3)-1(3,4)-7(1,3,4)-6(1,3,4,7)-0(1,4,6,7)-2(0,1,3,4,7)-5(0,1,6,7)
#17: 3-6(3)-1(3,6)-7(1,3,6)-4(1,3,6,7)-0(1,4,6,7)-2(0,1,3,4,7)-5(0,1,6,7)
#18: 3-7(3)-1(3,7)-4(1,3,7)-6(1,3,4,7)-0(1,4,6,7)-2(0,1,3,4,7)-5(0,1,6,7)
#19: 5-0(5)-1(0,5)-7(0,1,5)-6(0,1,5,7)-4(0,1,6,7)-2(0,1,4,7)-3(1,2,4,6,7)
#20: 5-1(5)-7(1,5)-0(1,5,7)-6(0,1,5,7)-4(0,1,6,7)-2(0,1,4,7)-3(1,2,4,6,7)
#21: 5-6(5)-1(5,6)-7(1,5,6)-0(1,5,6,7)-4(0,1,6,7)-2(0,1,4,7)-3(1,2,4,6,7)
#22: 5-7(5)-1(5,7)-0(1,5,7)-6(0,1,5,7)-4(0,1,6,7)-2(0,1,4,7)-3(1,2,4,6,7)

Preprocessing: 1.531ms
--------- Incremental Matching --------
auto_tuning off:0
use 8 threads for incresemental matching 
Start with 244341 Update
Incremental Matching: 715.809ms
0 vertex updates.
244341 edge updates.
748 unsafe updates.
14818 positive matches.
0 negative matches.

# edges in index in total: 0
# vertices in index in total: 0
Peak Virtual Memory: 770780 KB

----------------- End -----------------
