----------- Loading graphs ------------
# vertices = 8
# edges = 13
# vertices = 403394
# edges = 2199067
Load Graphs: 1293.96ms
------------ Preprocessing ------------
matching order: 
-vertex(backward neighbors)-
#0: 5-0(5)-7(0,5)-2(0,5)-1(2,7)-4(1,5,7)-3(0)-6(3,5)
#1: 7-0(7)-5(0,7)-2(0,5)-1(2,7)-4(1,5,7)-3(0)-6(3,5)
#2: 7-5(7)-0(5,7)-2(0,5)-1(2,7)-4(1,5,7)-3(0)-6(3,5)
#3: 2-0(2)-5(0,2)-7(0,5)-1(2,7)-4(1,5,7)-3(0)-6(3,5)
#4: 2-5(2)-0(2,5)-7(0,5)-1(2,7)-4(1,5,7)-3(0)-6(3,5)
#5: 1-2(1)-5(2)-0(2,5)-7(0,1,5)-4(1,5,7)-3(0)-6(3,5)
#6: 1-7(1)-4(1,7)-5(4,7)-0(5,7)-2(0,1,5)-3(0)-6(3,5)
#7: 4-1(4)-7(1,4)-5(4,7)-0(5,7)-2(0,1,5)-3(0)-6(3,5)
#8: 4-5(4)-7(4,5)-0(5,7)-1(4,7)-2(0,1,5)-3(0)-6(3,5)
#9: 4-7(4)-5(4,7)-0(5,7)-1(4,7)-2(0,1,5)-3(0)-6(3,5)
#10: 3-0(3)-5(0)-7(0,5)-2(0,5)-1(2,7)-4(1,5,7)-6(3,5)
#11: 6-3(6)-5(6)-0(3,5)-7(0,5)-2(0,5)-1(2,7)-4(1,5,7)
#12: 6-5(6)-0(5)-7(0,5)-2(0,5)-1(2,7)-4(1,5,7)-3(0,6)

Preprocessing: 0.131ms
--------- Incremental Matching --------
auto_tuning off:0
use 1 threads for incresemental matching 
Start with 244341 Update
Incremental Matching: 683.509ms
0 vertex updates.
244341 edge updates.
7085 unsafe updates.
277069 positive matches.
0 negative matches.

# edges in index in total: 0
# vertices in index in total: 0
Peak Virtual Memory: 125852 KB

----------------- End -----------------
