----------- Loading graphs ------------
# vertices = 8
# edges = 23
# vertices = 403394
# edges = 2199067
Load Graphs: 1505.78ms
------------ Preprocessing ------------
matching order: 
-vertex(backward neighbors)-
#0: 0-1(0)-2(0,1)-4(0,1,2)-5(0,1,2,4)-6(0,1,2,4)-7(0,1,4,5,6)-3(2,5,6,7)
#1: 2-0(2)-1(0,2)-4(0,1,2)-5(0,1,2,4)-6(0,1,2,4)-7(0,1,4,5,6)-3(2,5,6,7)
#2: 2-1(2)-0(1,2)-4(0,1,2)-5(0,1,2,4)-6(0,1,2,4)-7(0,1,4,5,6)-3(2,5,6,7)
#3: 4-0(4)-1(0,4)-2(0,1,4)-5(0,1,2,4)-6(0,1,2,4)-7(0,1,4,5,6)-3(2,5,6,7)
#4: 4-1(4)-0(1,4)-2(0,1,4)-5(0,1,2,4)-6(0,1,2,4)-7(0,1,4,5,6)-3(2,5,6,7)
#5: 4-2(4)-0(2,4)-1(0,2,4)-5(0,1,2,4)-6(0,1,2,4)-7(0,1,4,5,6)-3(2,5,6,7)
#6: 5-0(5)-1(0,5)-2(0,1,5)-4(0,1,2,5)-6(0,1,2,4)-7(0,1,4,5,6)-3(2,5,6,7)
#7: 5-1(5)-0(1,5)-2(0,1,5)-4(0,1,2,5)-6(0,1,2,4)-7(0,1,4,5,6)-3(2,5,6,7)
#8: 5-2(5)-0(2,5)-1(0,2,5)-4(0,1,2,5)-6(0,1,2,4)-7(0,1,4,5,6)-3(2,5,6,7)
#9: 5-4(5)-0(4,5)-1(0,4,5)-2(0,1,4,5)-6(0,1,2,4)-7(0,1,4,5,6)-3(2,5,6,7)
#10: 6-0(6)-1(0,6)-2(0,1,6)-4(0,1,2,6)-5(0,1,2,4)-7(0,1,4,5,6)-3(2,5,6,7)
#11: 6-1(6)-0(1,6)-2(0,1,6)-4(0,1,2,6)-5(0,1,2,4)-7(0,1,4,5,6)-3(2,5,6,7)
#12: 6-2(6)-0(2,6)-1(0,2,6)-4(0,1,2,6)-5(0,1,2,4)-7(0,1,4,5,6)-3(2,5,6,7)
#13: 6-4(6)-0(4,6)-1(0,4,6)-2(0,1,4,6)-5(0,1,2,4)-7(0,1,4,5,6)-3(2,5,6,7)
#14: 7-0(7)-1(0,7)-4(0,1,7)-5(0,1,4,7)-2(0,1,4,5)-6(0,1,2,4,7)-3(2,5,6,7)
#15: 7-1(7)-0(1,7)-4(0,1,7)-5(0,1,4,7)-2(0,1,4,5)-6(0,1,2,4,7)-3(2,5,6,7)
#16: 7-4(7)-0(4,7)-1(0,4,7)-5(0,1,4,7)-2(0,1,4,5)-6(0,1,2,4,7)-3(2,5,6,7)
#17: 7-5(7)-0(5,7)-1(0,5,7)-4(0,1,5,7)-2(0,1,4,5)-6(0,1,2,4,7)-3(2,5,6,7)
#18: 7-6(7)-0(6,7)-1(0,6,7)-4(0,1,6,7)-2(0,1,4,6)-5(0,1,2,4,7)-3(2,5,6,7)
#19: 3-2(3)-5(2,3)-0(2,5)-1(0,2,5)-4(0,1,2,5)-6(0,1,2,3,4)-7(0,1,3,4,5,6)
#20: 3-5(3)-2(3,5)-0(2,5)-1(0,2,5)-4(0,1,2,5)-6(0,1,2,3,4)-7(0,1,3,4,5,6)
#21: 3-6(3)-2(3,6)-0(2,6)-1(0,2,6)-4(0,1,2,6)-5(0,1,2,3,4)-7(0,1,3,4,5,6)
#22: 3-7(3)-5(3,7)-0(5,7)-1(0,5,7)-2(0,1,3,5)-4(0,1,2,5,7)-6(0,1,2,3,4,7)

Preprocessing: 0.214ms
--------- Incremental Matching --------
auto_tuning off:0
use 1 threads for incresemental matching 
Start with 244341 Update
Incremental Matching: 500.724ms
0 vertex updates.
244341 edge updates.
1602 unsafe updates.
11300 positive matches.
0 negative matches.

# edges in index in total: 0
# vertices in index in total: 0
Peak Virtual Memory: 125852 KB

----------------- End -----------------
