----------- Loading graphs ------------
# vertices = 8
# edges = 14
# vertices = 403394
# edges = 2199067
Load Graphs: 1526.03ms
------------ Preprocessing ------------
matching order: 
-vertex(backward neighbors)-
#0: 2-5(2)-1(2,5)-3(1,5)-0(2,3)-6(0,3)-7(2,5,6)-4(2,6)
#1: 1-2(1)-5(1,2)-3(1,5)-0(2,3)-6(0,3)-7(2,5,6)-4(2,6)
#2: 1-5(1)-2(1,5)-3(1,5)-0(2,3)-6(0,3)-7(2,5,6)-4(2,6)
#3: 3-1(3)-5(1,3)-2(1,5)-0(2,3)-6(0,3)-7(2,5,6)-4(2,6)
#4: 3-5(3)-1(3,5)-2(1,5)-0(2,3)-6(0,3)-7(2,5,6)-4(2,6)
#5: 0-2(0)-3(0)-5(2,3)-1(2,3,5)-6(0,3)-7(2,5,6)-4(2,6)
#6: 0-3(0)-6(0,3)-2(0)-5(2,3)-1(2,3,5)-7(2,5,6)-4(2,6)
#7: 6-0(6)-3(0,6)-2(0)-5(2,3)-1(2,3,5)-7(2,5,6)-4(2,6)
#8: 6-3(6)-0(3,6)-2(0)-5(2,3)-1(2,3,5)-7(2,5,6)-4(2,6)
#9: 7-2(7)-5(2,7)-1(2,5)-3(1,5)-6(3,7)-0(2,3,6)-4(2,6)
#10: 7-5(7)-2(5,7)-1(2,5)-3(1,5)-6(3,7)-0(2,3,6)-4(2,6)
#11: 7-6(7)-2(7)-5(2,7)-3(5,6)-0(2,3,6)-1(2,3,5)-4(2,6)
#12: 4-2(4)-5(2)-1(2,5)-3(1,5)-6(3,4)-0(2,3,6)-7(2,5,6)
#13: 4-6(4)-2(4)-0(2,6)-3(0,6)-5(2,3)-1(2,3,5)-7(2,5,6)

Preprocessing: 0.151ms
--------- Incremental Matching --------
auto_tuning off:0
use 1 threads for incresemental matching 
Start with 244341 Update
Incremental Matching: 702.706ms
0 vertex updates.
244341 edge updates.
4348 unsafe updates.
445291 positive matches.
0 negative matches.

# edges in index in total: 0
# vertices in index in total: 0
Peak Virtual Memory: 125848 KB

----------------- End -----------------
