----------- Loading graphs ------------
# vertices = 8
# edges = 19
# vertices = 403394
# edges = 2199067
Load Graphs: 1526.04ms
------------ Preprocessing ------------
matching order: 
-vertex(backward neighbors)-
#0: 5-0(5)-1(0,5)-2(0,1,5)-4(1,2,5)-6(0,2,4,5)-7(0,1,5)-3(4,6,7)
#1: 1-0(1)-5(0,1)-2(0,1,5)-4(1,2,5)-6(0,2,4,5)-7(0,1,5)-3(4,6,7)
#2: 1-5(1)-0(1,5)-2(0,1,5)-4(1,2,5)-6(0,2,4,5)-7(0,1,5)-3(4,6,7)
#3: 2-0(2)-5(0,2)-1(0,2,5)-4(1,2,5)-6(0,2,4,5)-7(0,1,5)-3(4,6,7)
#4: 2-1(2)-5(1,2)-0(1,2,5)-4(1,2,5)-6(0,2,4,5)-7(0,1,5)-3(4,6,7)
#5: 2-5(2)-0(2,5)-1(0,2,5)-4(1,2,5)-6(0,2,4,5)-7(0,1,5)-3(4,6,7)
#6: 4-1(4)-5(1,4)-2(1,4,5)-0(1,2,5)-6(0,2,4,5)-7(0,1,5)-3(4,6,7)
#7: 4-2(4)-5(2,4)-1(2,4,5)-0(1,2,5)-6(0,2,4,5)-7(0,1,5)-3(4,6,7)
#8: 4-5(4)-1(4,5)-2(1,4,5)-0(1,2,5)-6(0,2,4,5)-7(0,1,5)-3(4,6,7)
#9: 6-0(6)-5(0,6)-2(0,5,6)-1(0,2,5)-4(1,2,5,6)-7(0,1,5)-3(4,6,7)
#10: 6-2(6)-5(2,6)-0(2,5,6)-1(0,2,5)-4(1,2,5,6)-7(0,1,5)-3(4,6,7)
#11: 6-4(6)-5(4,6)-2(4,5,6)-0(2,5,6)-1(0,2,4,5)-7(0,1,5)-3(4,6,7)
#12: 6-5(6)-0(5,6)-2(0,5,6)-1(0,2,5)-4(1,2,5,6)-7(0,1,5)-3(4,6,7)
#13: 7-0(7)-5(0,7)-1(0,5,7)-2(0,1,5)-4(1,2,5)-6(0,2,4,5)-3(4,6,7)
#14: 7-1(7)-5(1,7)-0(1,5,7)-2(0,1,5)-4(1,2,5)-6(0,2,4,5)-3(4,6,7)
#15: 7-5(7)-0(5,7)-1(0,5,7)-2(0,1,5)-4(1,2,5)-6(0,2,4,5)-3(4,6,7)
#16: 3-4(3)-6(3,4)-5(4,6)-2(4,5,6)-0(2,5,6)-1(0,2,4,5)-7(0,1,3,5)
#17: 3-6(3)-4(3,6)-5(4,6)-2(4,5,6)-0(2,5,6)-1(0,2,4,5)-7(0,1,3,5)
#18: 3-7(3)-5(7)-0(5,7)-1(0,5,7)-2(0,1,5)-4(1,2,3,5)-6(0,2,3,4,5)

Preprocessing: 1.222ms
--------- Incremental Matching --------
auto_tuning off:0
use 8 threads for incresemental matching 
Start with 244341 Update
Incremental Matching: 871.964ms
0 vertex updates.
244341 edge updates.
3134 unsafe updates.
24071 positive matches.
0 negative matches.

# edges in index in total: 0
# vertices in index in total: 0
Peak Virtual Memory: 770780 KB

----------------- End -----------------
