----------- Loading graphs ------------
# vertices = 8
# edges = 23
# vertices = 403394
# edges = 2199067
Load Graphs: 1542.35ms
------------ Preprocessing ------------
matching order: 
-vertex(backward neighbors)-
#0: 0-5(0)-3(0,5)-4(0,3,5)-7(0,3,4,5)-2(0,3,4,5,7)-1(0,3,4,5)-6(0,1,5,7)
#1: 3-0(3)-5(0,3)-4(0,3,5)-7(0,3,4,5)-2(0,3,4,5,7)-1(0,3,4,5)-6(0,1,5,7)
#2: 3-5(3)-0(3,5)-4(0,3,5)-7(0,3,4,5)-2(0,3,4,5,7)-1(0,3,4,5)-6(0,1,5,7)
#3: 4-0(4)-5(0,4)-3(0,4,5)-7(0,3,4,5)-2(0,3,4,5,7)-1(0,3,4,5)-6(0,1,5,7)
#4: 4-3(4)-0(3,4)-5(0,3,4)-7(0,3,4,5)-2(0,3,4,5,7)-1(0,3,4,5)-6(0,1,5,7)
#5: 4-5(4)-0(4,5)-3(0,4,5)-7(0,3,4,5)-2(0,3,4,5,7)-1(0,3,4,5)-6(0,1,5,7)
#6: 7-0(7)-5(0,7)-3(0,5,7)-4(0,3,5,7)-2(0,3,4,5,7)-1(0,3,4,5)-6(0,1,5,7)
#7: 7-3(7)-0(3,7)-5(0,3,7)-4(0,3,5,7)-2(0,3,4,5,7)-1(0,3,4,5)-6(0,1,5,7)
#8: 7-4(7)-0(4,7)-5(0,4,7)-3(0,4,5,7)-2(0,3,4,5,7)-1(0,3,4,5)-6(0,1,5,7)
#9: 7-5(7)-0(5,7)-3(0,5,7)-4(0,3,5,7)-2(0,3,4,5,7)-1(0,3,4,5)-6(0,1,5,7)
#10: 2-0(2)-5(0,2)-3(0,2,5)-4(0,2,3,5)-7(0,2,3,4,5)-1(0,3,4,5)-6(0,1,5,7)
#11: 2-3(2)-0(2,3)-5(0,2,3)-4(0,2,3,5)-7(0,2,3,4,5)-1(0,3,4,5)-6(0,1,5,7)
#12: 2-4(2)-0(2,4)-5(0,2,4)-3(0,2,4,5)-7(0,2,3,4,5)-1(0,3,4,5)-6(0,1,5,7)
#13: 2-5(2)-0(2,5)-3(0,2,5)-4(0,2,3,5)-7(0,2,3,4,5)-1(0,3,4,5)-6(0,1,5,7)
#14: 2-7(2)-0(2,7)-5(0,2,7)-3(0,2,5,7)-4(0,2,3,5,7)-1(0,3,4,5)-6(0,1,5,7)
#15: 1-0(1)-5(0,1)-3(0,1,5)-4(0,1,3,5)-7(0,3,4,5)-2(0,3,4,5,7)-6(0,1,5,7)
#16: 1-3(1)-0(1,3)-5(0,1,3)-4(0,1,3,5)-7(0,3,4,5)-2(0,3,4,5,7)-6(0,1,5,7)
#17: 1-4(1)-0(1,4)-5(0,1,4)-3(0,1,4,5)-7(0,3,4,5)-2(0,3,4,5,7)-6(0,1,5,7)
#18: 1-5(1)-0(1,5)-3(0,1,5)-4(0,1,3,5)-7(0,3,4,5)-2(0,3,4,5,7)-6(0,1,5,7)
#19: 6-0(6)-5(0,6)-7(0,5,6)-3(0,5,7)-4(0,3,5,7)-1(0,3,4,5,6)-2(0,3,4,5,7)
#20: 6-1(6)-0(1,6)-5(0,1,6)-3(0,1,5)-4(0,1,3,5)-7(0,3,4,5,6)-2(0,3,4,5,7)
#21: 6-5(6)-0(5,6)-7(0,5,6)-3(0,5,7)-4(0,3,5,7)-1(0,3,4,5,6)-2(0,3,4,5,7)
#22: 6-7(6)-0(6,7)-5(0,6,7)-3(0,5,7)-4(0,3,5,7)-1(0,3,4,5,6)-2(0,3,4,5,7)

Preprocessing: 1.267ms
--------- Incremental Matching --------
auto_tuning off:0
use 8 threads for incresemental matching 
Start with 244341 Update
Incremental Matching: 701.651ms
0 vertex updates.
244341 edge updates.
496 unsafe updates.
14071 positive matches.
0 negative matches.

# edges in index in total: 0
# vertices in index in total: 0
Peak Virtual Memory: 835648 KB

----------------- End -----------------
