----------- Loading graphs ------------
# vertices = 8
# edges = 22
# vertices = 403394
# edges = 2199067
Load Graphs: 1496.06ms
------------ Preprocessing ------------
matching order: 
-vertex(backward neighbors)-
#0: 1-2(1)-6(1,2)-0(1,2,6)-4(0,1,2,6)-3(1,2,4,6)-7(0,1,2,6)-5(1,2,3,7)
#1: 6-1(6)-2(1,6)-0(1,2,6)-4(0,1,2,6)-3(1,2,4,6)-7(0,1,2,6)-5(1,2,3,7)
#2: 6-2(6)-1(2,6)-0(1,2,6)-4(0,1,2,6)-3(1,2,4,6)-7(0,1,2,6)-5(1,2,3,7)
#3: 0-1(0)-2(0,1)-6(0,1,2)-4(0,1,2,6)-3(1,2,4,6)-7(0,1,2,6)-5(1,2,3,7)
#4: 0-2(0)-1(0,2)-6(0,1,2)-4(0,1,2,6)-3(1,2,4,6)-7(0,1,2,6)-5(1,2,3,7)
#5: 0-6(0)-1(0,6)-2(0,1,6)-4(0,1,2,6)-3(1,2,4,6)-7(0,1,2,6)-5(1,2,3,7)
#6: 4-0(4)-1(0,4)-2(0,1,4)-6(0,1,2,4)-3(1,2,4,6)-7(0,1,2,6)-5(1,2,3,7)
#7: 4-1(4)-2(1,4)-6(1,2,4)-0(1,2,4,6)-3(1,2,4,6)-7(0,1,2,6)-5(1,2,3,7)
#8: 4-2(4)-1(2,4)-6(1,2,4)-0(1,2,4,6)-3(1,2,4,6)-7(0,1,2,6)-5(1,2,3,7)
#9: 4-6(4)-1(4,6)-2(1,4,6)-0(1,2,4,6)-3(1,2,4,6)-7(0,1,2,6)-5(1,2,3,7)
#10: 3-1(3)-2(1,3)-6(1,2,3)-4(1,2,3,6)-0(1,2,4,6)-7(0,1,2,6)-5(1,2,3,7)
#11: 3-2(3)-1(2,3)-6(1,2,3)-4(1,2,3,6)-0(1,2,4,6)-7(0,1,2,6)-5(1,2,3,7)
#12: 3-4(3)-1(3,4)-2(1,3,4)-6(1,2,3,4)-0(1,2,4,6)-7(0,1,2,6)-5(1,2,3,7)
#13: 3-6(3)-1(3,6)-2(1,3,6)-4(1,2,3,6)-0(1,2,4,6)-7(0,1,2,6)-5(1,2,3,7)
#14: 7-0(7)-1(0,7)-2(0,1,7)-6(0,1,2,7)-4(0,1,2,6)-3(1,2,4,6)-5(1,2,3,7)
#15: 7-1(7)-2(1,7)-6(1,2,7)-0(1,2,6,7)-4(0,1,2,6)-3(1,2,4,6)-5(1,2,3,7)
#16: 7-2(7)-1(2,7)-6(1,2,7)-0(1,2,6,7)-4(0,1,2,6)-3(1,2,4,6)-5(1,2,3,7)
#17: 7-6(7)-1(6,7)-2(1,6,7)-0(1,2,6,7)-4(0,1,2,6)-3(1,2,4,6)-5(1,2,3,7)
#18: 5-1(5)-2(1,5)-3(1,2,5)-6(1,2,3)-4(1,2,3,6)-0(1,2,4,6)-7(0,1,2,5,6)
#19: 5-2(5)-1(2,5)-3(1,2,5)-6(1,2,3)-4(1,2,3,6)-0(1,2,4,6)-7(0,1,2,5,6)
#20: 5-3(5)-1(3,5)-2(1,3,5)-6(1,2,3)-4(1,2,3,6)-0(1,2,4,6)-7(0,1,2,5,6)
#21: 5-7(5)-1(5,7)-2(1,5,7)-6(1,2,7)-0(1,2,6,7)-3(1,2,5,6)-4(0,1,2,3,6)

Preprocessing: 1.524ms
--------- Incremental Matching --------
auto_tuning off:0
use 8 threads for incresemental matching 
Start with 244341 Update
Incremental Matching: 725.641ms
0 vertex updates.
244341 edge updates.
1372 unsafe updates.
15387 positive matches.
0 negative matches.

# edges in index in total: 0
# vertices in index in total: 0
Peak Virtual Memory: 770904 KB

----------------- End -----------------
