----------- Loading graphs ------------
# vertices = 8
# edges = 16
# vertices = 403394
# edges = 2199067
Load Graphs: 1519.03ms
------------ Preprocessing ------------
matching order: 
-vertex(backward neighbors)-
#0: 1-4(1)-0(1,4)-3(0,1,4)-7(1,3,4)-5(0,1,7)-6(4,5)-2(1,6)
#1: 0-1(0)-4(0,1)-3(0,1,4)-7(1,3,4)-5(0,1,7)-6(4,5)-2(1,6)
#2: 0-4(0)-1(0,4)-3(0,1,4)-7(1,3,4)-5(0,1,7)-6(4,5)-2(1,6)
#3: 3-0(3)-1(0,3)-4(0,1,3)-7(1,3,4)-5(0,1,7)-6(4,5)-2(1,6)
#4: 3-1(3)-4(1,3)-0(1,3,4)-7(1,3,4)-5(0,1,7)-6(4,5)-2(1,6)
#5: 3-4(3)-1(3,4)-0(1,3,4)-7(1,3,4)-5(0,1,7)-6(4,5)-2(1,6)
#6: 7-1(7)-4(1,7)-3(1,4,7)-0(1,3,4)-5(0,1,7)-6(4,5)-2(1,6)
#7: 7-3(7)-1(3,7)-4(1,3,7)-0(1,3,4)-5(0,1,7)-6(4,5)-2(1,6)
#8: 7-4(7)-1(4,7)-3(1,4,7)-0(1,3,4)-5(0,1,7)-6(4,5)-2(1,6)
#9: 5-0(5)-1(0,5)-4(0,1)-3(0,1,4)-7(1,3,4,5)-6(4,5)-2(1,6)
#10: 5-1(5)-0(1,5)-4(0,1)-3(0,1,4)-7(1,3,4,5)-6(4,5)-2(1,6)
#11: 5-7(5)-1(5,7)-4(1,7)-0(1,4,5)-3(0,1,4,7)-6(4,5)-2(1,6)
#12: 6-4(6)-1(4)-0(1,4)-3(0,1,4)-5(0,1,6)-7(1,3,4,5)-2(1,6)
#13: 6-5(6)-1(5)-4(1,6)-0(1,4,5)-3(0,1,4)-7(1,3,4,5)-2(1,6)
#14: 2-1(2)-4(1)-0(1,4)-3(0,1,4)-7(1,3,4)-5(0,1,7)-6(2,4,5)
#15: 2-6(2)-1(2)-4(1,6)-0(1,4)-3(0,1,4)-5(0,1,6)-7(1,3,4,5)

Preprocessing: 1.323ms
--------- Incremental Matching --------
auto_tuning off:0
use 8 threads for incresemental matching 
Start with 244341 Update
Incremental Matching: 1294.25ms
0 vertex updates.
244341 edge updates.
3314 unsafe updates.
66629 positive matches.
0 negative matches.

# edges in index in total: 0
# vertices in index in total: 0
Peak Virtual Memory: 835644 KB

----------------- End -----------------
