----------- Loading graphs ------------
# vertices = 8
# edges = 23
# vertices = 403394
# edges = 2199067
Load Graphs: 1436.08ms
------------ Preprocessing ------------
matching order: 
-vertex(backward neighbors)-
#0: 0-6(0)-3(0,6)-4(0,3,6)-2(0,3,4,6)-1(0,2,4,6)-5(0,3,4,6)-7(0,1,3,5,6)
#1: 3-0(3)-6(0,3)-4(0,3,6)-2(0,3,4,6)-1(0,2,4,6)-5(0,3,4,6)-7(0,1,3,5,6)
#2: 3-6(3)-0(3,6)-4(0,3,6)-2(0,3,4,6)-1(0,2,4,6)-5(0,3,4,6)-7(0,1,3,5,6)
#3: 4-0(4)-6(0,4)-3(0,4,6)-2(0,3,4,6)-1(0,2,4,6)-5(0,3,4,6)-7(0,1,3,5,6)
#4: 4-3(4)-0(3,4)-6(0,3,4)-2(0,3,4,6)-1(0,2,4,6)-5(0,3,4,6)-7(0,1,3,5,6)
#5: 4-6(4)-0(4,6)-3(0,4,6)-2(0,3,4,6)-1(0,2,4,6)-5(0,3,4,6)-7(0,1,3,5,6)
#6: 2-0(2)-6(0,2)-3(0,2,6)-4(0,2,3,6)-1(0,2,4,6)-5(0,3,4,6)-7(0,1,3,5,6)
#7: 2-3(2)-0(2,3)-6(0,2,3)-4(0,2,3,6)-1(0,2,4,6)-5(0,3,4,6)-7(0,1,3,5,6)
#8: 2-4(2)-0(2,4)-6(0,2,4)-3(0,2,4,6)-1(0,2,4,6)-5(0,3,4,6)-7(0,1,3,5,6)
#9: 2-6(2)-0(2,6)-3(0,2,6)-4(0,2,3,6)-1(0,2,4,6)-5(0,3,4,6)-7(0,1,3,5,6)
#10: 1-0(1)-6(0,1)-4(0,1,6)-2(0,1,4,6)-3(0,2,4,6)-5(0,3,4,6)-7(0,1,3,5,6)
#11: 1-2(1)-0(1,2)-6(0,1,2)-4(0,1,2,6)-3(0,2,4,6)-5(0,3,4,6)-7(0,1,3,5,6)
#12: 1-4(1)-0(1,4)-6(0,1,4)-2(0,1,4,6)-3(0,2,4,6)-5(0,3,4,6)-7(0,1,3,5,6)
#13: 1-6(1)-0(1,6)-4(0,1,6)-2(0,1,4,6)-3(0,2,4,6)-5(0,3,4,6)-7(0,1,3,5,6)
#14: 5-0(5)-6(0,5)-3(0,5,6)-4(0,3,5,6)-2(0,3,4,6)-1(0,2,4,6)-7(0,1,3,5,6)
#15: 5-3(5)-0(3,5)-6(0,3,5)-4(0,3,5,6)-2(0,3,4,6)-1(0,2,4,6)-7(0,1,3,5,6)
#16: 5-4(5)-0(4,5)-6(0,4,5)-3(0,4,5,6)-2(0,3,4,6)-1(0,2,4,6)-7(0,1,3,5,6)
#17: 5-6(5)-0(5,6)-3(0,5,6)-4(0,3,5,6)-2(0,3,4,6)-1(0,2,4,6)-7(0,1,3,5,6)
#18: 7-0(7)-6(0,7)-3(0,6,7)-5(0,3,6,7)-4(0,3,5,6)-1(0,4,6,7)-2(0,1,3,4,6)
#19: 7-1(7)-0(1,7)-6(0,1,7)-3(0,6,7)-4(0,1,3,6)-2(0,1,3,4,6)-5(0,3,4,6,7)
#20: 7-3(7)-0(3,7)-6(0,3,7)-5(0,3,6,7)-4(0,3,5,6)-1(0,4,6,7)-2(0,1,3,4,6)
#21: 7-5(7)-0(5,7)-6(0,5,7)-3(0,5,6,7)-4(0,3,5,6)-1(0,4,6,7)-2(0,1,3,4,6)
#22: 7-6(7)-0(6,7)-3(0,6,7)-5(0,3,6,7)-4(0,3,5,6)-1(0,4,6,7)-2(0,1,3,4,6)

Preprocessing: 0.265ms
--------- Incremental Matching --------
auto_tuning off:0
use 1 threads for incresemental matching 
Start with 244341 Update
Incremental Matching: 470.904ms
0 vertex updates.
244341 edge updates.
582 unsafe updates.
13769 positive matches.
0 negative matches.

# edges in index in total: 0
# vertices in index in total: 0
Peak Virtual Memory: 125868 KB

----------------- End -----------------
