----------- Loading graphs ------------
# vertices = 8
# edges = 21
# vertices = 403394
# edges = 2199067
Load Graphs: 1418.81ms
------------ Preprocessing ------------
matching order: 
-vertex(backward neighbors)-
#0: 5-3(5)-4(3,5)-6(3,4,5)-7(3,4,5,6)-0(3,5,6,7)-2(3,4,5,7)-1(4,5,6)
#1: 4-3(4)-5(3,4)-6(3,4,5)-7(3,4,5,6)-0(3,5,6,7)-2(3,4,5,7)-1(4,5,6)
#2: 4-5(4)-3(4,5)-6(3,4,5)-7(3,4,5,6)-0(3,5,6,7)-2(3,4,5,7)-1(4,5,6)
#3: 6-3(6)-5(3,6)-4(3,5,6)-7(3,4,5,6)-0(3,5,6,7)-2(3,4,5,7)-1(4,5,6)
#4: 6-4(6)-5(4,6)-3(4,5,6)-7(3,4,5,6)-0(3,5,6,7)-2(3,4,5,7)-1(4,5,6)
#5: 6-5(6)-3(5,6)-4(3,5,6)-7(3,4,5,6)-0(3,5,6,7)-2(3,4,5,7)-1(4,5,6)
#6: 7-3(7)-5(3,7)-4(3,5,7)-6(3,4,5,7)-0(3,5,6,7)-2(3,4,5,7)-1(4,5,6)
#7: 7-4(7)-5(4,7)-3(4,5,7)-6(3,4,5,7)-0(3,5,6,7)-2(3,4,5,7)-1(4,5,6)
#8: 7-5(7)-3(5,7)-4(3,5,7)-6(3,4,5,7)-0(3,5,6,7)-2(3,4,5,7)-1(4,5,6)
#9: 7-6(7)-5(6,7)-3(5,6,7)-4(3,5,6,7)-0(3,5,6,7)-2(3,4,5,7)-1(4,5,6)
#10: 0-3(0)-5(0,3)-6(0,3,5)-7(0,3,5,6)-4(3,5,6,7)-2(3,4,5,7)-1(4,5,6)
#11: 0-5(0)-3(0,5)-6(0,3,5)-7(0,3,5,6)-4(3,5,6,7)-2(3,4,5,7)-1(4,5,6)
#12: 0-6(0)-5(0,6)-3(0,5,6)-7(0,3,5,6)-4(3,5,6,7)-2(3,4,5,7)-1(4,5,6)
#13: 0-7(0)-5(0,7)-3(0,5,7)-6(0,3,5,7)-4(3,5,6,7)-2(3,4,5,7)-1(4,5,6)
#14: 2-3(2)-5(2,3)-4(2,3,5)-7(2,3,4,5)-6(3,4,5,7)-0(3,5,6,7)-1(4,5,6)
#15: 2-4(2)-5(2,4)-3(2,4,5)-7(2,3,4,5)-6(3,4,5,7)-0(3,5,6,7)-1(4,5,6)
#16: 2-5(2)-3(2,5)-4(2,3,5)-7(2,3,4,5)-6(3,4,5,7)-0(3,5,6,7)-1(4,5,6)
#17: 2-7(2)-5(2,7)-3(2,5,7)-4(2,3,5,7)-6(3,4,5,7)-0(3,5,6,7)-1(4,5,6)
#18: 1-4(1)-5(1,4)-6(1,4,5)-3(4,5,6)-7(3,4,5,6)-0(3,5,6,7)-2(3,4,5,7)
#19: 1-5(1)-4(1,5)-6(1,4,5)-3(4,5,6)-7(3,4,5,6)-0(3,5,6,7)-2(3,4,5,7)
#20: 1-6(1)-5(1,6)-4(1,5,6)-3(4,5,6)-7(3,4,5,6)-0(3,5,6,7)-2(3,4,5,7)

Preprocessing: 0.192ms
--------- Incremental Matching --------
auto_tuning off:0
use 1 threads for incresemental matching 
Start with 244341 Update
Incremental Matching: 429.8ms
0 vertex updates.
244341 edge updates.
473 unsafe updates.
22918 positive matches.
0 negative matches.

# edges in index in total: 0
# vertices in index in total: 0
Peak Virtual Memory: 125848 KB

----------------- End -----------------
