----------- Loading graphs ------------
# vertices = 8
# edges = 15
# vertices = 403394
# edges = 2199067
Load Graphs: 1450.35ms
------------ Preprocessing ------------
matching order: 
-vertex(backward neighbors)-
#0: 6-7(6)-1(6,7)-2(1,7)-0(2,6,7)-4(2,6)-5(4,6,7)-3(1,6)
#1: 1-6(1)-7(1,6)-2(1,7)-0(2,6,7)-4(2,6)-5(4,6,7)-3(1,6)
#2: 1-7(1)-6(1,7)-2(1,7)-0(2,6,7)-4(2,6)-5(4,6,7)-3(1,6)
#3: 2-1(2)-7(1,2)-6(1,7)-0(2,6,7)-4(2,6)-5(4,6,7)-3(1,6)
#4: 2-7(2)-1(2,7)-6(1,7)-0(2,6,7)-4(2,6)-5(4,6,7)-3(1,6)
#5: 0-2(0)-7(0,2)-6(0,7)-1(2,6,7)-4(2,6)-5(4,6,7)-3(1,6)
#6: 0-6(0)-7(0,6)-1(6,7)-2(0,1,7)-4(2,6)-5(4,6,7)-3(1,6)
#7: 0-7(0)-6(0,7)-1(6,7)-2(0,1,7)-4(2,6)-5(4,6,7)-3(1,6)
#8: 4-2(4)-6(4)-7(2,6)-1(2,6,7)-0(2,6,7)-5(4,6,7)-3(1,6)
#9: 4-6(4)-5(4,6)-7(5,6)-1(6,7)-2(1,4,7)-0(2,6,7)-3(1,6)
#10: 5-4(5)-6(4,5)-7(5,6)-1(6,7)-2(1,4,7)-0(2,6,7)-3(1,6)
#11: 5-6(5)-7(5,6)-1(6,7)-2(1,7)-0(2,6,7)-4(2,5,6)-3(1,6)
#12: 5-7(5)-6(5,7)-1(6,7)-2(1,7)-0(2,6,7)-4(2,5,6)-3(1,6)
#13: 3-1(3)-6(1,3)-7(1,6)-2(1,7)-0(2,6,7)-4(2,6)-5(4,6,7)
#14: 3-6(3)-1(3,6)-7(1,6)-2(1,7)-0(2,6,7)-4(2,6)-5(4,6,7)

Preprocessing: 1.568ms
--------- Incremental Matching --------
auto_tuning off:0
use 8 threads for incresemental matching 
Start with 244341 Update
Incremental Matching: 875.581ms
0 vertex updates.
244341 edge updates.
3876 unsafe updates.
122284 positive matches.
0 negative matches.

# edges in index in total: 0
# vertices in index in total: 0
Peak Virtual Memory: 835640 KB

----------------- End -----------------
