----------- Loading graphs ------------
# vertices = 8
# edges = 19
# vertices = 403394
# edges = 2199067
Load Graphs: 1442.12ms
------------ Preprocessing ------------
matching order: 
-vertex(backward neighbors)-
#0: 1-3(1)-5(1,3)-0(1,3,5)-4(0,1,3,5)-6(0,1,5)-2(1,3,6)-7(2,3,5)
#1: 5-1(5)-3(1,5)-0(1,3,5)-4(0,1,3,5)-6(0,1,5)-2(1,3,6)-7(2,3,5)
#2: 5-3(5)-1(3,5)-0(1,3,5)-4(0,1,3,5)-6(0,1,5)-2(1,3,6)-7(2,3,5)
#3: 0-1(0)-3(0,1)-5(0,1,3)-4(0,1,3,5)-6(0,1,5)-2(1,3,6)-7(2,3,5)
#4: 0-3(0)-1(0,3)-5(0,1,3)-4(0,1,3,5)-6(0,1,5)-2(1,3,6)-7(2,3,5)
#5: 0-5(0)-1(0,5)-3(0,1,5)-4(0,1,3,5)-6(0,1,5)-2(1,3,6)-7(2,3,5)
#6: 4-0(4)-1(0,4)-3(0,1,4)-5(0,1,3,4)-6(0,1,5)-2(1,3,6)-7(2,3,5)
#7: 4-1(4)-3(1,4)-5(1,3,4)-0(1,3,4,5)-6(0,1,5)-2(1,3,6)-7(2,3,5)
#8: 4-3(4)-1(3,4)-5(1,3,4)-0(1,3,4,5)-6(0,1,5)-2(1,3,6)-7(2,3,5)
#9: 4-5(4)-1(4,5)-3(1,4,5)-0(1,3,4,5)-6(0,1,5)-2(1,3,6)-7(2,3,5)
#10: 6-0(6)-1(0,6)-5(0,1,6)-3(0,1,5)-4(0,1,3,5)-2(1,3,6)-7(2,3,5)
#11: 6-1(6)-5(1,6)-0(1,5,6)-3(0,1,5)-4(0,1,3,5)-2(1,3,6)-7(2,3,5)
#12: 6-5(6)-1(5,6)-0(1,5,6)-3(0,1,5)-4(0,1,3,5)-2(1,3,6)-7(2,3,5)
#13: 2-1(2)-3(1,2)-5(1,3)-0(1,3,5)-4(0,1,3,5)-6(0,1,2,5)-7(2,3,5)
#14: 2-3(2)-1(2,3)-5(1,3)-0(1,3,5)-4(0,1,3,5)-6(0,1,2,5)-7(2,3,5)
#15: 2-6(2)-1(2,6)-3(1,2)-5(1,3,6)-0(1,3,5,6)-4(0,1,3,5)-7(2,3,5)
#16: 7-2(7)-3(2,7)-1(2,3)-5(1,3,7)-0(1,3,5)-4(0,1,3,5)-6(0,1,2,5)
#17: 7-3(7)-5(3,7)-1(3,5)-0(1,3,5)-4(0,1,3,5)-2(1,3,7)-6(0,1,2,5)
#18: 7-5(7)-3(5,7)-1(3,5)-0(1,3,5)-4(0,1,3,5)-2(1,3,7)-6(0,1,2,5)

Preprocessing: 0.195ms
--------- Incremental Matching --------
auto_tuning off:0
use 1 threads for incresemental matching 
Start with 244341 Update
Incremental Matching: 458.155ms
0 vertex updates.
244341 edge updates.
552 unsafe updates.
38070 positive matches.
0 negative matches.

# edges in index in total: 0
# vertices in index in total: 0
Peak Virtual Memory: 125864 KB

----------------- End -----------------
