----------- Loading graphs ------------
# vertices = 8
# edges = 11
# vertices = 403394
# edges = 2199067
Load Graphs: 1262.72ms
------------ Preprocessing ------------
matching order: 
-vertex(backward neighbors)-
#0: 5-1(5)-4(1,5)-3(1,4)-0(3,5)-6(1,3)-2(5)-7(5)
#1: 4-1(4)-5(1,4)-3(1,4)-0(3,5)-6(1,3)-2(5)-7(5)
#2: 4-5(4)-1(4,5)-3(1,4)-0(3,5)-6(1,3)-2(5)-7(5)
#3: 3-1(3)-4(1,3)-5(1,4)-0(3,5)-6(1,3)-2(5)-7(5)
#4: 3-4(3)-1(3,4)-5(1,4)-0(3,5)-6(1,3)-2(5)-7(5)
#5: 0-3(0)-5(0)-1(3,5)-4(1,3,5)-6(1,3)-2(5)-7(5)
#6: 0-5(0)-1(5)-3(0,1)-4(1,3,5)-6(1,3)-2(5)-7(5)
#7: 6-1(6)-3(1,6)-4(1,3)-5(1,4)-0(3,5)-2(5)-7(5)
#8: 6-3(6)-1(3,6)-4(1,3)-5(1,4)-0(3,5)-2(5)-7(5)
#9: 2-5(2)-1(5)-4(1,5)-3(1,4)-0(3,5)-6(1,3)-7(5)
#10: 7-5(7)-1(5)-4(1,5)-3(1,4)-0(3,5)-6(1,3)-2(5)

Preprocessing: 0.121ms
--------- Incremental Matching --------
auto_tuning off:0
use 1 threads for incresemental matching 
Start with 244341 Update
Incremental Matching: 14152ms
0 vertex updates.
244341 edge updates.
9752 unsafe updates.
509189970 positive matches.
0 negative matches.

# edges in index in total: 0
# vertices in index in total: 0
Peak Virtual Memory: 125848 KB

----------------- End -----------------
