----------- Loading graphs ------------
# vertices = 8
# edges = 17
# vertices = 403394
# edges = 2199067
Load Graphs: 1482.83ms
------------ Preprocessing ------------
matching order: 
-vertex(backward neighbors)-
#0: 0-7(0)-3(0,7)-1(3,7)-6(0,1,7)-2(1,6,7)-5(0,1,2)-4(0,3,5)
#1: 3-0(3)-7(0,3)-1(3,7)-6(0,1,7)-2(1,6,7)-5(0,1,2)-4(0,3,5)
#2: 3-7(3)-0(3,7)-1(3,7)-6(0,1,7)-2(1,6,7)-5(0,1,2)-4(0,3,5)
#3: 1-3(1)-7(1,3)-0(3,7)-6(0,1,7)-2(1,6,7)-5(0,1,2)-4(0,3,5)
#4: 1-7(1)-2(1,7)-6(1,2,7)-0(6,7)-3(0,1,7)-5(0,1,2)-4(0,3,5)
#5: 6-0(6)-7(0,6)-1(6,7)-2(1,6,7)-3(0,1,7)-5(0,1,2)-4(0,3,5)
#6: 6-1(6)-7(1,6)-2(1,6,7)-0(6,7)-3(0,1,7)-5(0,1,2)-4(0,3,5)
#7: 6-7(6)-0(6,7)-1(6,7)-2(1,6,7)-3(0,1,7)-5(0,1,2)-4(0,3,5)
#8: 2-1(2)-7(1,2)-6(1,2,7)-0(6,7)-3(0,1,7)-5(0,1,2)-4(0,3,5)
#9: 2-6(2)-1(2,6)-7(1,2,6)-0(6,7)-3(0,1,7)-5(0,1,2)-4(0,3,5)
#10: 2-7(2)-1(2,7)-6(1,2,7)-0(6,7)-3(0,1,7)-5(0,1,2)-4(0,3,5)
#11: 5-0(5)-4(0,5)-3(0,4)-1(3,5)-7(0,1,3)-2(1,5,7)-6(0,1,2,7)
#12: 5-1(5)-2(1,5)-7(1,2)-6(1,2,7)-0(5,6,7)-3(0,1,7)-4(0,3,5)
#13: 5-2(5)-1(2,5)-7(1,2)-6(1,2,7)-0(5,6,7)-3(0,1,7)-4(0,3,5)
#14: 4-0(4)-3(0,4)-7(0,3)-1(3,7)-5(0,1,4)-2(1,5,7)-6(0,1,2,7)
#15: 4-3(4)-0(3,4)-7(0,3)-1(3,7)-5(0,1,4)-2(1,5,7)-6(0,1,2,7)
#16: 4-5(4)-0(4,5)-3(0,4)-1(3,5)-7(0,1,3)-2(1,5,7)-6(0,1,2,7)

Preprocessing: 0.173ms
--------- Incremental Matching --------
auto_tuning off:0
use 1 threads for incresemental matching 
Start with 244341 Update
Incremental Matching: 477.91ms
0 vertex updates.
244341 edge updates.
3137 unsafe updates.
36987 positive matches.
0 negative matches.

# edges in index in total: 0
# vertices in index in total: 0
Peak Virtual Memory: 125848 KB

----------------- End -----------------
