----------- Loading graphs ------------
# vertices = 8
# edges = 14
# vertices = 403394
# edges = 2199067
Load Graphs: 1494.08ms
------------ Preprocessing ------------
matching order: 
-vertex(backward neighbors)-
#0: 6-3(6)-4(3,6)-5(3,6)-7(3,4,5)-1(4,6,7)-0(5)-2(0,6)
#1: 4-3(4)-6(3,4)-5(3,6)-7(3,4,5)-1(4,6,7)-0(5)-2(0,6)
#2: 4-6(4)-3(4,6)-5(3,6)-7(3,4,5)-1(4,6,7)-0(5)-2(0,6)
#3: 5-3(5)-6(3,5)-4(3,6)-7(3,4,5)-1(4,6,7)-0(5)-2(0,6)
#4: 5-6(5)-3(5,6)-4(3,6)-7(3,4,5)-1(4,6,7)-0(5)-2(0,6)
#5: 7-3(7)-4(3,7)-6(3,4)-5(3,6,7)-1(4,6,7)-0(5)-2(0,6)
#6: 7-4(7)-3(4,7)-6(3,4)-5(3,6,7)-1(4,6,7)-0(5)-2(0,6)
#7: 7-5(7)-3(5,7)-6(3,5)-4(3,6,7)-1(4,6,7)-0(5)-2(0,6)
#8: 1-4(1)-6(1,4)-3(4,6)-7(1,3,4)-5(3,6,7)-0(5)-2(0,6)
#9: 1-6(1)-4(1,6)-3(4,6)-7(1,3,4)-5(3,6,7)-0(5)-2(0,6)
#10: 1-7(1)-4(1,7)-6(1,4)-3(4,6,7)-5(3,6,7)-0(5)-2(0,6)
#11: 0-5(0)-6(5)-3(5,6)-4(3,6)-7(3,4,5)-1(4,6,7)-2(0,6)
#12: 2-0(2)-6(2)-5(0,6)-3(5,6)-4(3,6)-7(3,4,5)-1(4,6,7)
#13: 2-6(2)-3(6)-4(3,6)-5(3,6)-7(3,4,5)-1(4,6,7)-0(2,5)

Preprocessing: 1.238ms
--------- Incremental Matching --------
auto_tuning off:0
use 8 threads for incresemental matching 
Start with 244341 Update
Incremental Matching: 1365.98ms
0 vertex updates.
244341 edge updates.
8470 unsafe updates.
150013 positive matches.
0 negative matches.

# edges in index in total: 0
# vertices in index in total: 0
Peak Virtual Memory: 835648 KB

----------------- End -----------------
