----------- Loading graphs ------------
# vertices = 8
# edges = 16
# vertices = 403394
# edges = 2199067
Load Graphs: 1437.01ms
------------ Preprocessing ------------
matching order: 
-vertex(backward neighbors)-
#0: 0-7(0)-6(0,7)-5(6,7)-1(0,5,6)-3(0,1,5)-2(5,7)-4(0,2,7)
#1: 6-0(6)-7(0,6)-5(6,7)-1(0,5,6)-3(0,1,5)-2(5,7)-4(0,2,7)
#2: 6-7(6)-0(6,7)-5(6,7)-1(0,5,6)-3(0,1,5)-2(5,7)-4(0,2,7)
#3: 5-6(5)-7(5,6)-0(6,7)-1(0,5,6)-3(0,1,5)-2(5,7)-4(0,2,7)
#4: 5-7(5)-6(5,7)-0(6,7)-1(0,5,6)-3(0,1,5)-2(5,7)-4(0,2,7)
#5: 1-0(1)-6(0,1)-5(1,6)-7(0,5,6)-3(0,1,5)-2(5,7)-4(0,2,7)
#6: 1-5(1)-6(1,5)-0(1,6)-7(0,5,6)-3(0,1,5)-2(5,7)-4(0,2,7)
#7: 1-6(1)-0(1,6)-5(1,6)-7(0,5,6)-3(0,1,5)-2(5,7)-4(0,2,7)
#8: 3-0(3)-1(0,3)-5(1,3)-6(0,1,5)-7(0,5,6)-2(5,7)-4(0,2,7)
#9: 3-1(3)-0(1,3)-5(1,3)-6(0,1,5)-7(0,5,6)-2(5,7)-4(0,2,7)
#10: 3-5(3)-1(3,5)-0(1,3)-6(0,1,5)-7(0,5,6)-2(5,7)-4(0,2,7)
#11: 2-5(2)-7(2,5)-6(5,7)-0(6,7)-1(0,5,6)-3(0,1,5)-4(0,2,7)
#12: 2-7(2)-5(2,7)-6(5,7)-0(6,7)-1(0,5,6)-3(0,1,5)-4(0,2,7)
#13: 4-0(4)-7(0,4)-6(0,7)-5(6,7)-1(0,5,6)-2(4,5,7)-3(0,1,5)
#14: 4-2(4)-7(2,4)-0(4,7)-5(2,7)-6(0,5,7)-1(0,5,6)-3(0,1,5)
#15: 4-7(4)-0(4,7)-6(0,7)-5(6,7)-1(0,5,6)-2(4,5,7)-3(0,1,5)

Preprocessing: 0.162ms
--------- Incremental Matching --------
auto_tuning off:0
use 1 threads for incresemental matching 
Start with 244341 Update
Incremental Matching: 464.492ms
0 vertex updates.
244341 edge updates.
3789 unsafe updates.
59841 positive matches.
0 negative matches.

# edges in index in total: 0
# vertices in index in total: 0
Peak Virtual Memory: 125856 KB

----------------- End -----------------
