----------- Loading graphs ------------
# vertices = 8
# edges = 20
# vertices = 403394
# edges = 2199067
Load Graphs: 1509.34ms
------------ Preprocessing ------------
matching order: 
-vertex(backward neighbors)-
#0: 4-1(4)-3(1,4)-0(1,3)-2(0,3,4)-7(0,1,2,4)-5(0,1,4,7)-6(2,3,4,5)
#1: 3-1(3)-4(1,3)-0(1,3)-2(0,3,4)-7(0,1,2,4)-5(0,1,4,7)-6(2,3,4,5)
#2: 3-4(3)-1(3,4)-0(1,3)-2(0,3,4)-7(0,1,2,4)-5(0,1,4,7)-6(2,3,4,5)
#3: 0-1(0)-3(0,1)-4(1,3)-2(0,3,4)-7(0,1,2,4)-5(0,1,4,7)-6(2,3,4,5)
#4: 0-3(0)-1(0,3)-4(1,3)-2(0,3,4)-7(0,1,2,4)-5(0,1,4,7)-6(2,3,4,5)
#5: 2-0(2)-3(0,2)-4(2,3)-1(0,3,4)-7(0,1,2,4)-5(0,1,4,7)-6(2,3,4,5)
#6: 2-3(2)-4(2,3)-6(2,3,4)-0(2,3)-1(0,3,4)-5(0,1,4,6)-7(0,1,2,4,5)
#7: 2-4(2)-3(2,4)-6(2,3,4)-0(2,3)-1(0,3,4)-5(0,1,4,6)-7(0,1,2,4,5)
#8: 7-0(7)-1(0,7)-5(0,1,7)-4(1,5,7)-2(0,4,7)-3(0,1,2,4)-6(2,3,4,5)
#9: 7-1(7)-4(1,7)-5(1,4,7)-0(1,5,7)-2(0,4,7)-3(0,1,2,4)-6(2,3,4,5)
#10: 7-2(7)-4(2,7)-0(2,7)-1(0,4,7)-3(0,1,2,4)-5(0,1,4,7)-6(2,3,4,5)
#11: 7-4(7)-1(4,7)-5(1,4,7)-0(1,5,7)-2(0,4,7)-3(0,1,2,4)-6(2,3,4,5)
#12: 5-0(5)-1(0,5)-7(0,1,5)-4(1,5,7)-2(0,4,7)-3(0,1,2,4)-6(2,3,4,5)
#13: 5-1(5)-4(1,5)-7(1,4,5)-0(1,5,7)-2(0,4,7)-3(0,1,2,4)-6(2,3,4,5)
#14: 5-4(5)-1(4,5)-7(1,4,5)-0(1,5,7)-2(0,4,7)-3(0,1,2,4)-6(2,3,4,5)
#15: 5-7(5)-4(5,7)-1(4,5,7)-0(1,5,7)-2(0,4,7)-3(0,1,2,4)-6(2,3,4,5)
#16: 6-2(6)-4(2,6)-3(2,4,6)-0(2,3)-1(0,3,4)-5(0,1,4,6)-7(0,1,2,4,5)
#17: 6-3(6)-4(3,6)-2(3,4,6)-0(2,3)-1(0,3,4)-5(0,1,4,6)-7(0,1,2,4,5)
#18: 6-4(6)-2(4,6)-3(2,4,6)-0(2,3)-1(0,3,4)-5(0,1,4,6)-7(0,1,2,4,5)
#19: 6-5(6)-4(5,6)-1(4,5)-3(1,4,6)-0(1,3,5)-2(0,3,4,6)-7(0,1,2,4,5)

Preprocessing: 0.188ms
--------- Incremental Matching --------
auto_tuning off:0
use 1 threads for incresemental matching 
Start with 244341 Update
Incremental Matching: 492.795ms
0 vertex updates.
244341 edge updates.
1930 unsafe updates.
17730 positive matches.
0 negative matches.

# edges in index in total: 0
# vertices in index in total: 0
Peak Virtual Memory: 125840 KB

----------------- End -----------------
