----------- Loading graphs ------------
# vertices = 8
# edges = 12
# vertices = 403394
# edges = 2199067
Load Graphs: 1279.87ms
------------ Preprocessing ------------
matching order: 
-vertex(backward neighbors)-
#0: 5-6(5)-7(5)-1(6,7)-3(6,7)-0(5,7)-2(1,5)-4(3,6)
#1: 7-5(7)-0(5,7)-6(5)-1(6,7)-3(6,7)-2(1,5)-4(3,6)
#2: 1-6(1)-5(6)-7(1,5)-3(6,7)-0(5,7)-2(1,5)-4(3,6)
#3: 1-7(1)-5(7)-6(1,5)-3(6,7)-0(5,7)-2(1,5)-4(3,6)
#4: 3-6(3)-4(3,6)-5(6)-7(3,5)-1(6,7)-0(5,7)-2(1,5)
#5: 3-7(3)-5(7)-6(3,5)-1(6,7)-0(5,7)-2(1,5)-4(3,6)
#6: 0-5(0)-7(0,5)-6(5)-1(6,7)-3(6,7)-2(1,5)-4(3,6)
#7: 0-7(0)-5(0,7)-6(5)-1(6,7)-3(6,7)-2(1,5)-4(3,6)
#8: 2-1(2)-5(2)-6(1,5)-7(1,5)-3(6,7)-0(5,7)-4(3,6)
#9: 2-5(2)-6(5)-1(2,6)-7(1,5)-3(6,7)-0(5,7)-4(3,6)
#10: 4-3(4)-6(3,4)-5(6)-7(3,5)-1(6,7)-0(5,7)-2(1,5)
#11: 4-6(4)-3(4,6)-5(6)-7(3,5)-1(6,7)-0(5,7)-2(1,5)

Preprocessing: 1.41ms
--------- Incremental Matching --------
auto_tuning off:0
use 8 threads for incresemental matching 
Start with 244341 Update
Incremental Matching: 1742.83ms
0 vertex updates.
244341 edge updates.
6997 unsafe updates.
939296 positive matches.
0 negative matches.

# edges in index in total: 0
# vertices in index in total: 0
Peak Virtual Memory: 771260 KB

----------------- End -----------------
