----------- Loading graphs ------------
# vertices = 8
# edges = 19
# vertices = 403394
# edges = 2199067
Load Graphs: 1502.66ms
------------ Preprocessing ------------
matching order: 
-vertex(backward neighbors)-
#0: 0-2(0)-5(0,2)-7(0,2,5)-3(0,2,5,7)-4(0,2,5)-6(0,4,5)-1(2,6,7)
#1: 5-0(5)-2(0,5)-7(0,2,5)-3(0,2,5,7)-4(0,2,5)-6(0,4,5)-1(2,6,7)
#2: 5-2(5)-0(2,5)-7(0,2,5)-3(0,2,5,7)-4(0,2,5)-6(0,4,5)-1(2,6,7)
#3: 7-0(7)-2(0,7)-5(0,2,7)-3(0,2,5,7)-4(0,2,5)-6(0,4,5)-1(2,6,7)
#4: 7-2(7)-0(2,7)-5(0,2,7)-3(0,2,5,7)-4(0,2,5)-6(0,4,5)-1(2,6,7)
#5: 7-5(7)-0(5,7)-2(0,5,7)-3(0,2,5,7)-4(0,2,5)-6(0,4,5)-1(2,6,7)
#6: 3-0(3)-2(0,3)-5(0,2,3)-7(0,2,3,5)-4(0,2,5)-6(0,4,5)-1(2,6,7)
#7: 3-2(3)-0(2,3)-5(0,2,3)-7(0,2,3,5)-4(0,2,5)-6(0,4,5)-1(2,6,7)
#8: 3-5(3)-0(3,5)-2(0,3,5)-7(0,2,3,5)-4(0,2,5)-6(0,4,5)-1(2,6,7)
#9: 3-7(3)-0(3,7)-2(0,3,7)-5(0,2,3,7)-4(0,2,5)-6(0,4,5)-1(2,6,7)
#10: 4-0(4)-2(0,4)-5(0,2,4)-7(0,2,5)-3(0,2,5,7)-6(0,4,5)-1(2,6,7)
#11: 4-2(4)-0(2,4)-5(0,2,4)-7(0,2,5)-3(0,2,5,7)-6(0,4,5)-1(2,6,7)
#12: 4-5(4)-0(4,5)-2(0,4,5)-7(0,2,5)-3(0,2,5,7)-6(0,4,5)-1(2,6,7)
#13: 6-0(6)-5(0,6)-4(0,5,6)-2(0,4,5)-7(0,2,5)-3(0,2,5,7)-1(2,6,7)
#14: 6-4(6)-0(4,6)-5(0,4,6)-2(0,4,5)-7(0,2,5)-3(0,2,5,7)-1(2,6,7)
#15: 6-5(6)-0(5,6)-4(0,5,6)-2(0,4,5)-7(0,2,5)-3(0,2,5,7)-1(2,6,7)
#16: 1-2(1)-7(1,2)-0(2,7)-5(0,2,7)-3(0,2,5,7)-4(0,2,5)-6(0,1,4,5)
#17: 1-6(1)-0(6)-2(0,1)-5(0,2,6)-7(0,1,2,5)-3(0,2,5,7)-4(0,2,5,6)
#18: 1-7(1)-2(1,7)-0(2,7)-5(0,2,7)-3(0,2,5,7)-4(0,2,5)-6(0,1,4,5)

Preprocessing: 1.217ms
--------- Incremental Matching --------
auto_tuning off:0
use 8 threads for incresemental matching 
Start with 244341 Update
Incremental Matching: 909.294ms
0 vertex updates.
244341 edge updates.
1953 unsafe updates.
27533 positive matches.
0 negative matches.

# edges in index in total: 0
# vertices in index in total: 0
Peak Virtual Memory: 770764 KB

----------------- End -----------------
