----------- Loading graphs ------------
# vertices = 8
# edges = 18
# vertices = 403394
# edges = 2199067
Load Graphs: 1434.91ms
------------ Preprocessing ------------
matching order: 
-vertex(backward neighbors)-
#0: 1-0(1)-4(0,1)-7(0,1,4)-3(1,4,7)-2(0,1,3)-5(0,1,3)-6(1,4,7)
#1: 4-0(4)-1(0,4)-7(0,1,4)-3(1,4,7)-2(0,1,3)-5(0,1,3)-6(1,4,7)
#2: 4-1(4)-0(1,4)-7(0,1,4)-3(1,4,7)-2(0,1,3)-5(0,1,3)-6(1,4,7)
#3: 7-0(7)-1(0,7)-4(0,1,7)-3(1,4,7)-2(0,1,3)-5(0,1,3)-6(1,4,7)
#4: 7-1(7)-0(1,7)-4(0,1,7)-3(1,4,7)-2(0,1,3)-5(0,1,3)-6(1,4,7)
#5: 7-4(7)-1(4,7)-0(1,4,7)-3(1,4,7)-2(0,1,3)-5(0,1,3)-6(1,4,7)
#6: 3-1(3)-4(1,3)-7(1,3,4)-0(1,4,7)-2(0,1,3)-5(0,1,3)-6(1,4,7)
#7: 3-4(3)-1(3,4)-7(1,3,4)-0(1,4,7)-2(0,1,3)-5(0,1,3)-6(1,4,7)
#8: 3-7(3)-1(3,7)-4(1,3,7)-0(1,4,7)-2(0,1,3)-5(0,1,3)-6(1,4,7)
#9: 2-0(2)-1(0,2)-3(1,2)-4(0,1,3)-7(0,1,3,4)-5(0,1,3)-6(1,4,7)
#10: 2-1(2)-0(1,2)-3(1,2)-4(0,1,3)-7(0,1,3,4)-5(0,1,3)-6(1,4,7)
#11: 2-3(2)-1(2,3)-0(1,2)-4(0,1,3)-7(0,1,3,4)-5(0,1,3)-6(1,4,7)
#12: 5-0(5)-1(0,5)-3(1,5)-4(0,1,3)-7(0,1,3,4)-2(0,1,3)-6(1,4,7)
#13: 5-1(5)-0(1,5)-3(1,5)-4(0,1,3)-7(0,1,3,4)-2(0,1,3)-6(1,4,7)
#14: 5-3(5)-1(3,5)-0(1,5)-4(0,1,3)-7(0,1,3,4)-2(0,1,3)-6(1,4,7)
#15: 6-1(6)-4(1,6)-7(1,4,6)-0(1,4,7)-3(1,4,7)-2(0,1,3)-5(0,1,3)
#16: 6-4(6)-1(4,6)-7(1,4,6)-0(1,4,7)-3(1,4,7)-2(0,1,3)-5(0,1,3)
#17: 6-7(6)-1(6,7)-4(1,6,7)-0(1,4,7)-3(1,4,7)-2(0,1,3)-5(0,1,3)

Preprocessing: 0.171ms
--------- Incremental Matching --------
auto_tuning off:0
use 1 threads for incresemental matching 
Start with 244341 Update
Incremental Matching: 460.277ms
0 vertex updates.
244341 edge updates.
3247 unsafe updates.
120408 positive matches.
0 negative matches.

# edges in index in total: 0
# vertices in index in total: 0
Peak Virtual Memory: 125840 KB

----------------- End -----------------
