----------- Loading graphs ------------
# vertices = 8
# edges = 7
# vertices = 403394
# edges = 2199067
Load Graphs: 1544.21ms
------------ Preprocessing ------------
matching order: 
-vertex(backward neighbors)-
#0: 1-0(1)-5(0)-2(5)-3(1)-4(5)-6(2)-7(1)
#1: 5-0(5)-1(0)-2(5)-3(1)-4(5)-6(2)-7(1)
#2: 2-5(2)-0(5)-1(0)-3(1)-4(5)-6(2)-7(1)
#3: 3-1(3)-0(1)-5(0)-2(5)-4(5)-6(2)-7(1)
#4: 4-5(4)-0(5)-1(0)-2(5)-3(1)-6(2)-7(1)
#5: 6-2(6)-5(2)-0(5)-1(0)-3(1)-4(5)-7(1)
#6: 7-1(7)-0(1)-5(0)-2(5)-3(1)-4(5)-6(2)

Preprocessing: 1.183ms
--------- Incremental Matching --------
auto_tuning off:0
use 8 threads for incresemental matching 
Start with 244341 Update
