----------- Loading graphs ------------
# vertices = 8
# edges = 23
# vertices = 403394
# edges = 2199067
Load Graphs: 1531.21ms
------------ Preprocessing ------------
matching order: 
-vertex(backward neighbors)-
#0: 1-5(1)-7(1,5)-4(1,5,7)-0(1,4,5,7)-2(0,1,5,7)-6(1,2,4,5,7)-3(1,4,5,7)
#1: 7-1(7)-5(1,7)-4(1,5,7)-0(1,4,5,7)-2(0,1,5,7)-6(1,2,4,5,7)-3(1,4,5,7)
#2: 7-5(7)-1(5,7)-4(1,5,7)-0(1,4,5,7)-2(0,1,5,7)-6(1,2,4,5,7)-3(1,4,5,7)
#3: 4-1(4)-5(1,4)-7(1,4,5)-0(1,4,5,7)-2(0,1,5,7)-6(1,2,4,5,7)-3(1,4,5,7)
#4: 4-5(4)-1(4,5)-7(1,4,5)-0(1,4,5,7)-2(0,1,5,7)-6(1,2,4,5,7)-3(1,4,5,7)
#5: 4-7(4)-1(4,7)-5(1,4,7)-0(1,4,5,7)-2(0,1,5,7)-6(1,2,4,5,7)-3(1,4,5,7)
#6: 0-1(0)-5(0,1)-7(0,1,5)-4(0,1,5,7)-2(0,1,5,7)-6(1,2,4,5,7)-3(1,4,5,7)
#7: 0-4(0)-1(0,4)-5(0,1,4)-7(0,1,4,5)-2(0,1,5,7)-6(1,2,4,5,7)-3(1,4,5,7)
#8: 0-5(0)-1(0,5)-7(0,1,5)-4(0,1,5,7)-2(0,1,5,7)-6(1,2,4,5,7)-3(1,4,5,7)
#9: 0-7(0)-1(0,7)-5(0,1,7)-4(0,1,5,7)-2(0,1,5,7)-6(1,2,4,5,7)-3(1,4,5,7)
#10: 2-0(2)-1(0,2)-5(0,1,2)-7(0,1,2,5)-4(0,1,5,7)-6(1,2,4,5,7)-3(1,4,5,7)
#11: 2-1(2)-5(1,2)-7(1,2,5)-0(1,2,5,7)-4(0,1,5,7)-6(1,2,4,5,7)-3(1,4,5,7)
#12: 2-5(2)-1(2,5)-7(1,2,5)-0(1,2,5,7)-4(0,1,5,7)-6(1,2,4,5,7)-3(1,4,5,7)
#13: 2-7(2)-1(2,7)-5(1,2,7)-0(1,2,5,7)-4(0,1,5,7)-6(1,2,4,5,7)-3(1,4,5,7)
#14: 6-1(6)-5(1,6)-7(1,5,6)-4(1,5,6,7)-0(1,4,5,7)-2(0,1,5,6,7)-3(1,4,5,7)
#15: 6-2(6)-1(2,6)-5(1,2,6)-7(1,2,5,6)-4(1,5,6,7)-0(1,2,4,5,7)-3(1,4,5,7)
#16: 6-4(6)-1(4,6)-5(1,4,6)-7(1,4,5,6)-0(1,4,5,7)-2(0,1,5,6,7)-3(1,4,5,7)
#17: 6-5(6)-1(5,6)-7(1,5,6)-4(1,5,6,7)-0(1,4,5,7)-2(0,1,5,6,7)-3(1,4,5,7)
#18: 6-7(6)-1(6,7)-5(1,6,7)-4(1,5,6,7)-0(1,4,5,7)-2(0,1,5,6,7)-3(1,4,5,7)
#19: 3-1(3)-5(1,3)-7(1,3,5)-4(1,3,5,7)-0(1,4,5,7)-2(0,1,5,7)-6(1,2,4,5,7)
#20: 3-4(3)-1(3,4)-5(1,3,4)-7(1,3,4,5)-0(1,4,5,7)-2(0,1,5,7)-6(1,2,4,5,7)
#21: 3-5(3)-1(3,5)-7(1,3,5)-4(1,3,5,7)-0(1,4,5,7)-2(0,1,5,7)-6(1,2,4,5,7)
#22: 3-7(3)-1(3,7)-5(1,3,7)-4(1,3,5,7)-0(1,4,5,7)-2(0,1,5,7)-6(1,2,4,5,7)

Preprocessing: 0.231ms
--------- Incremental Matching --------
auto_tuning off:0
use 1 threads for incresemental matching 
Start with 244341 Update
Incremental Matching: 488.174ms
0 vertex updates.
244341 edge updates.
1133 unsafe updates.
15634 positive matches.
0 negative matches.

# edges in index in total: 0
# vertices in index in total: 0
Peak Virtual Memory: 125868 KB

----------------- End -----------------
