----------- Loading graphs ------------
# vertices = 8
# edges = 15
# vertices = 403394
# edges = 2199067
Load Graphs: 1504.49ms
------------ Preprocessing ------------
matching order: 
-vertex(backward neighbors)-
#0: 1-3(1)-4(1,3)-5(3,4)-7(1,3,5)-0(1,5)-2(0,1,5)-6(1,5)
#1: 4-1(4)-3(1,4)-5(3,4)-7(1,3,5)-0(1,5)-2(0,1,5)-6(1,5)
#2: 4-3(4)-1(3,4)-5(3,4)-7(1,3,5)-0(1,5)-2(0,1,5)-6(1,5)
#3: 5-3(5)-4(3,5)-1(3,4)-7(1,3,5)-0(1,5)-2(0,1,5)-6(1,5)
#4: 5-4(5)-3(4,5)-1(3,4)-7(1,3,5)-0(1,5)-2(0,1,5)-6(1,5)
#5: 7-1(7)-3(1,7)-5(3,7)-4(1,3,5)-0(1,5)-2(0,1,5)-6(1,5)
#6: 7-3(7)-1(3,7)-5(3,7)-4(1,3,5)-0(1,5)-2(0,1,5)-6(1,5)
#7: 7-5(7)-3(5,7)-1(3,7)-4(1,3,5)-0(1,5)-2(0,1,5)-6(1,5)
#8: 0-1(0)-2(0,1)-5(0,2)-3(1,5)-4(1,3,5)-7(1,3,5)-6(1,5)
#9: 0-5(0)-2(0,5)-1(0,2)-3(1,5)-4(1,3,5)-7(1,3,5)-6(1,5)
#10: 2-0(2)-1(0,2)-5(0,2)-3(1,5)-4(1,3,5)-7(1,3,5)-6(1,5)
#11: 2-1(2)-0(1,2)-5(0,2)-3(1,5)-4(1,3,5)-7(1,3,5)-6(1,5)
#12: 2-5(2)-0(2,5)-1(0,2)-3(1,5)-4(1,3,5)-7(1,3,5)-6(1,5)
#13: 6-1(6)-5(6)-3(1,5)-4(1,3,5)-7(1,3,5)-0(1,5)-2(0,1,5)
#14: 6-5(6)-1(6)-3(1,5)-4(1,3,5)-7(1,3,5)-0(1,5)-2(0,1,5)

Preprocessing: 0.155ms
--------- Incremental Matching --------
auto_tuning off:0
use 1 threads for incresemental matching 
Start with 244341 Update
Incremental Matching: 553.888ms
0 vertex updates.
244341 edge updates.
3627 unsafe updates.
494340 positive matches.
0 negative matches.

# edges in index in total: 0
# vertices in index in total: 0
Peak Virtual Memory: 125852 KB

----------------- End -----------------
