----------- Loading graphs ------------
# vertices = 8
# edges = 16
# vertices = 403394
# edges = 2199067
Load Graphs: 1279.33ms
------------ Preprocessing ------------
matching order: 
-vertex(backward neighbors)-
#0: 3-5(3)-0(3,5)-4(0,5)-2(0,3,4)-6(2,4,5)-1(3,5)-7(1,3,4)
#1: 0-3(0)-5(0,3)-4(0,5)-2(0,3,4)-6(2,4,5)-1(3,5)-7(1,3,4)
#2: 0-5(0)-3(0,5)-4(0,5)-2(0,3,4)-6(2,4,5)-1(3,5)-7(1,3,4)
#3: 4-0(4)-5(0,4)-3(0,5)-2(0,3,4)-6(2,4,5)-1(3,5)-7(1,3,4)
#4: 4-5(4)-0(4,5)-3(0,5)-2(0,3,4)-6(2,4,5)-1(3,5)-7(1,3,4)
#5: 2-0(2)-3(0,2)-4(0,2)-5(0,3,4)-6(2,4,5)-1(3,5)-7(1,3,4)
#6: 2-3(2)-0(2,3)-4(0,2)-5(0,3,4)-6(2,4,5)-1(3,5)-7(1,3,4)
#7: 2-4(2)-0(2,4)-3(0,2)-5(0,3,4)-6(2,4,5)-1(3,5)-7(1,3,4)
#8: 6-2(6)-4(2,6)-5(4,6)-0(2,4,5)-3(0,2,5)-1(3,5)-7(1,3,4)
#9: 6-4(6)-5(4,6)-0(4,5)-2(0,4,6)-3(0,2,5)-1(3,5)-7(1,3,4)
#10: 6-5(6)-4(5,6)-0(4,5)-2(0,4,6)-3(0,2,5)-1(3,5)-7(1,3,4)
#11: 1-3(1)-5(1,3)-0(3,5)-4(0,5)-2(0,3,4)-6(2,4,5)-7(1,3,4)
#12: 1-5(1)-3(1,5)-0(3,5)-4(0,5)-2(0,3,4)-6(2,4,5)-7(1,3,4)
#13: 7-1(7)-3(1,7)-5(1,3)-4(5,7)-0(3,4,5)-2(0,3,4)-6(2,4,5)
#14: 7-3(7)-1(3,7)-5(1,3)-4(5,7)-0(3,4,5)-2(0,3,4)-6(2,4,5)
#15: 7-4(7)-3(7)-5(3,4)-0(3,4,5)-2(0,3,4)-1(3,5,7)-6(2,4,5)

Preprocessing: 2.338ms
--------- Incremental Matching --------
auto_tuning off:0
use 8 threads for incresemental matching 
Start with 244341 Update
Incremental Matching: 1837.41ms
0 vertex updates.
244341 edge updates.
2670 unsafe updates.
63844 positive matches.
0 negative matches.

# edges in index in total: 0
# vertices in index in total: 0
Peak Virtual Memory: 835640 KB

----------------- End -----------------
