----------- Loading graphs ------------
# vertices = 8
# edges = 19
# vertices = 403394
# edges = 2199067
Load Graphs: 1486.53ms
------------ Preprocessing ------------
matching order: 
-vertex(backward neighbors)-
#0: 1-6(1)-0(1,6)-7(0,1,6)-4(1,6,7)-3(1,4,6)-5(0,1,3,6)-2(0,1,7)
#1: 0-1(0)-6(0,1)-7(0,1,6)-4(1,6,7)-3(1,4,6)-5(0,1,3,6)-2(0,1,7)
#2: 0-6(0)-1(0,6)-7(0,1,6)-4(1,6,7)-3(1,4,6)-5(0,1,3,6)-2(0,1,7)
#3: 7-0(7)-1(0,7)-6(0,1,7)-4(1,6,7)-3(1,4,6)-5(0,1,3,6)-2(0,1,7)
#4: 7-1(7)-6(1,7)-0(1,6,7)-4(1,6,7)-3(1,4,6)-5(0,1,3,6)-2(0,1,7)
#5: 7-6(7)-1(6,7)-0(1,6,7)-4(1,6,7)-3(1,4,6)-5(0,1,3,6)-2(0,1,7)
#6: 4-1(4)-6(1,4)-7(1,4,6)-0(1,6,7)-3(1,4,6)-5(0,1,3,6)-2(0,1,7)
#7: 4-6(4)-1(4,6)-7(1,4,6)-0(1,6,7)-3(1,4,6)-5(0,1,3,6)-2(0,1,7)
#8: 4-7(4)-1(4,7)-6(1,4,7)-0(1,6,7)-3(1,4,6)-5(0,1,3,6)-2(0,1,7)
#9: 3-1(3)-6(1,3)-4(1,3,6)-7(1,4,6)-0(1,6,7)-5(0,1,3,6)-2(0,1,7)
#10: 3-4(3)-1(3,4)-6(1,3,4)-7(1,4,6)-0(1,6,7)-5(0,1,3,6)-2(0,1,7)
#11: 3-6(3)-1(3,6)-4(1,3,6)-7(1,4,6)-0(1,6,7)-5(0,1,3,6)-2(0,1,7)
#12: 5-0(5)-1(0,5)-6(0,1,5)-7(0,1,6)-3(1,5,6)-4(1,3,6,7)-2(0,1,7)
#13: 5-1(5)-6(1,5)-0(1,5,6)-7(0,1,6)-3(1,5,6)-4(1,3,6,7)-2(0,1,7)
#14: 5-3(5)-1(3,5)-6(1,3,5)-0(1,5,6)-7(0,1,6)-4(1,3,6,7)-2(0,1,7)
#15: 5-6(5)-1(5,6)-0(1,5,6)-7(0,1,6)-3(1,5,6)-4(1,3,6,7)-2(0,1,7)
#16: 2-0(2)-1(0,2)-7(0,1,2)-6(0,1,7)-4(1,6,7)-3(1,4,6)-5(0,1,3,6)
#17: 2-1(2)-0(1,2)-7(0,1,2)-6(0,1,7)-4(1,6,7)-3(1,4,6)-5(0,1,3,6)
#18: 2-7(2)-1(2,7)-0(1,2,7)-6(0,1,7)-4(1,6,7)-3(1,4,6)-5(0,1,3,6)

Preprocessing: 0.201ms
--------- Incremental Matching --------
auto_tuning off:0
use 1 threads for incresemental matching 
Start with 244341 Update
Incremental Matching: 441.748ms
0 vertex updates.
244341 edge updates.
1617 unsafe updates.
30963 positive matches.
0 negative matches.

# edges in index in total: 0
# vertices in index in total: 0
Peak Virtual Memory: 125852 KB

----------------- End -----------------
