----------- Loading graphs ------------
# vertices = 8
# edges = 11
# vertices = 403394
# edges = 2199067
Load Graphs: 1467.49ms
------------ Preprocessing ------------
matching order: 
-vertex(backward neighbors)-
#0: 2-6(2)-7(2,6)-0(2,7)-3(0,6)-1(6)-4(1,2)-5(3)
#1: 7-2(7)-6(2,7)-0(2,7)-3(0,6)-1(6)-4(1,2)-5(3)
#2: 7-6(7)-2(6,7)-0(2,7)-3(0,6)-1(6)-4(1,2)-5(3)
#3: 0-2(0)-7(0,2)-6(2,7)-3(0,6)-1(6)-4(1,2)-5(3)
#4: 0-7(0)-2(0,7)-6(2,7)-3(0,6)-1(6)-4(1,2)-5(3)
#5: 3-0(3)-2(0)-6(2,3)-7(0,2,6)-1(6)-4(1,2)-5(3)
#6: 3-6(3)-2(6)-0(2,3)-7(0,2,6)-1(6)-4(1,2)-5(3)
#7: 1-6(1)-2(6)-7(2,6)-0(2,7)-3(0,6)-4(1,2)-5(3)
#8: 4-1(4)-2(4)-6(1,2)-7(2,6)-0(2,7)-3(0,6)-5(3)
#9: 4-2(4)-6(2)-7(2,6)-0(2,7)-3(0,6)-1(4,6)-5(3)
#10: 5-3(5)-6(3)-2(6)-0(2,3)-7(0,2,6)-1(6)-4(1,2)

Preprocessing: 0.135ms
--------- Incremental Matching --------
auto_tuning off:0
use 1 threads for incresemental matching 
Start with 244341 Update
Incremental Matching: 974.926ms
0 vertex updates.
244341 edge updates.
12515 unsafe updates.
2033087 positive matches.
0 negative matches.

# edges in index in total: 0
# vertices in index in total: 0
Peak Virtual Memory: 125848 KB

----------------- End -----------------
