----------- Loading graphs ------------
# vertices = 8
# edges = 20
# vertices = 403394
# edges = 2199067
Load Graphs: 1271.37ms
------------ Preprocessing ------------
matching order: 
-vertex(backward neighbors)-
#0: 0-2(0)-6(0,2)-7(0,2,6)-5(0,2,6,7)-1(0,5,6,7)-4(0,2,6,7)-3(0,2)
#1: 6-0(6)-2(0,6)-7(0,2,6)-5(0,2,6,7)-1(0,5,6,7)-4(0,2,6,7)-3(0,2)
#2: 6-2(6)-0(2,6)-7(0,2,6)-5(0,2,6,7)-1(0,5,6,7)-4(0,2,6,7)-3(0,2)
#3: 7-0(7)-2(0,7)-6(0,2,7)-5(0,2,6,7)-1(0,5,6,7)-4(0,2,6,7)-3(0,2)
#4: 7-2(7)-0(2,7)-6(0,2,7)-5(0,2,6,7)-1(0,5,6,7)-4(0,2,6,7)-3(0,2)
#5: 7-6(7)-0(6,7)-2(0,6,7)-5(0,2,6,7)-1(0,5,6,7)-4(0,2,6,7)-3(0,2)
#6: 5-0(5)-2(0,5)-6(0,2,5)-7(0,2,5,6)-1(0,5,6,7)-4(0,2,6,7)-3(0,2)
#7: 5-2(5)-0(2,5)-6(0,2,5)-7(0,2,5,6)-1(0,5,6,7)-4(0,2,6,7)-3(0,2)
#8: 5-6(5)-0(5,6)-2(0,5,6)-7(0,2,5,6)-1(0,5,6,7)-4(0,2,6,7)-3(0,2)
#9: 5-7(5)-0(5,7)-2(0,5,7)-6(0,2,5,7)-1(0,5,6,7)-4(0,2,6,7)-3(0,2)
#10: 1-0(1)-6(0,1)-7(0,1,6)-5(0,1,6,7)-2(0,5,6,7)-4(0,2,6,7)-3(0,2)
#11: 1-5(1)-0(1,5)-6(0,1,5)-7(0,1,5,6)-2(0,5,6,7)-4(0,2,6,7)-3(0,2)
#12: 1-6(1)-0(1,6)-7(0,1,6)-5(0,1,6,7)-2(0,5,6,7)-4(0,2,6,7)-3(0,2)
#13: 1-7(1)-0(1,7)-6(0,1,7)-5(0,1,6,7)-2(0,5,6,7)-4(0,2,6,7)-3(0,2)
#14: 4-0(4)-2(0,4)-6(0,2,4)-7(0,2,4,6)-5(0,2,6,7)-1(0,5,6,7)-3(0,2)
#15: 4-2(4)-0(2,4)-6(0,2,4)-7(0,2,4,6)-5(0,2,6,7)-1(0,5,6,7)-3(0,2)
#16: 4-6(4)-0(4,6)-2(0,4,6)-7(0,2,4,6)-5(0,2,6,7)-1(0,5,6,7)-3(0,2)
#17: 4-7(4)-0(4,7)-2(0,4,7)-6(0,2,4,7)-5(0,2,6,7)-1(0,5,6,7)-3(0,2)
#18: 3-0(3)-2(0,3)-6(0,2)-7(0,2,6)-5(0,2,6,7)-1(0,5,6,7)-4(0,2,6,7)
#19: 3-2(3)-0(2,3)-6(0,2)-7(0,2,6)-5(0,2,6,7)-1(0,5,6,7)-4(0,2,6,7)

Preprocessing: 0.195ms
--------- Incremental Matching --------
auto_tuning off:0
use 1 threads for incresemental matching 
Start with 244341 Update
Incremental Matching: 419.373ms
0 vertex updates.
244341 edge updates.
1064 unsafe updates.
64326 positive matches.
0 negative matches.

# edges in index in total: 0
# vertices in index in total: 0
Peak Virtual Memory: 125852 KB

----------------- End -----------------
