----------- Loading graphs ------------
# vertices = 8
# edges = 21
# vertices = 403394
# edges = 2199067
Load Graphs: 1319.47ms
------------ Preprocessing ------------
matching order: 
-vertex(backward neighbors)-
#0: 0-3(0)-4(0,3)-7(0,3,4)-2(0,3,4,7)-5(0,3,4,7)-6(0,2,3,5)-1(4,6,7)
#1: 4-0(4)-3(0,4)-7(0,3,4)-2(0,3,4,7)-5(0,3,4,7)-6(0,2,3,5)-1(4,6,7)
#2: 4-3(4)-0(3,4)-7(0,3,4)-2(0,3,4,7)-5(0,3,4,7)-6(0,2,3,5)-1(4,6,7)
#3: 7-0(7)-3(0,7)-4(0,3,7)-2(0,3,4,7)-5(0,3,4,7)-6(0,2,3,5)-1(4,6,7)
#4: 7-3(7)-0(3,7)-4(0,3,7)-2(0,3,4,7)-5(0,3,4,7)-6(0,2,3,5)-1(4,6,7)
#5: 7-4(7)-0(4,7)-3(0,4,7)-2(0,3,4,7)-5(0,3,4,7)-6(0,2,3,5)-1(4,6,7)
#6: 2-0(2)-3(0,2)-4(0,2,3)-7(0,2,3,4)-5(0,3,4,7)-6(0,2,3,5)-1(4,6,7)
#7: 2-3(2)-0(2,3)-4(0,2,3)-7(0,2,3,4)-5(0,3,4,7)-6(0,2,3,5)-1(4,6,7)
#8: 2-4(2)-0(2,4)-3(0,2,4)-7(0,2,3,4)-5(0,3,4,7)-6(0,2,3,5)-1(4,6,7)
#9: 2-7(2)-0(2,7)-3(0,2,7)-4(0,2,3,7)-5(0,3,4,7)-6(0,2,3,5)-1(4,6,7)
#10: 5-0(5)-3(0,5)-4(0,3,5)-7(0,3,4,5)-2(0,3,4,7)-6(0,2,3,5)-1(4,6,7)
#11: 5-3(5)-0(3,5)-4(0,3,5)-7(0,3,4,5)-2(0,3,4,7)-6(0,2,3,5)-1(4,6,7)
#12: 5-4(5)-0(4,5)-3(0,4,5)-7(0,3,4,5)-2(0,3,4,7)-6(0,2,3,5)-1(4,6,7)
#13: 5-7(5)-0(5,7)-3(0,5,7)-4(0,3,5,7)-2(0,3,4,7)-6(0,2,3,5)-1(4,6,7)
#14: 6-0(6)-3(0,6)-2(0,3,6)-4(0,2,3)-7(0,2,3,4)-5(0,3,4,6,7)-1(4,6,7)
#15: 6-2(6)-0(2,6)-3(0,2,6)-4(0,2,3)-7(0,2,3,4)-5(0,3,4,6,7)-1(4,6,7)
#16: 6-3(6)-0(3,6)-2(0,3,6)-4(0,2,3)-7(0,2,3,4)-5(0,3,4,6,7)-1(4,6,7)
#17: 6-5(6)-0(5,6)-3(0,5,6)-4(0,3,5)-7(0,3,4,5)-2(0,3,4,6,7)-1(4,6,7)
#18: 1-4(1)-7(1,4)-0(4,7)-3(0,4,7)-2(0,3,4,7)-5(0,3,4,7)-6(0,1,2,3,5)
#19: 1-6(1)-0(6)-3(0,6)-4(0,1,3)-7(0,1,3,4)-2(0,3,4,6,7)-5(0,3,4,6,7)
#20: 1-7(1)-4(1,7)-0(4,7)-3(0,4,7)-2(0,3,4,7)-5(0,3,4,7)-6(0,1,2,3,5)

Preprocessing: 1.217ms
--------- Incremental Matching --------
auto_tuning off:0
use 8 threads for incresemental matching 
Start with 244341 Update
Incremental Matching: 923.967ms
0 vertex updates.
244341 edge updates.
1344 unsafe updates.
19199 positive matches.
0 negative matches.

# edges in index in total: 0
# vertices in index in total: 0
Peak Virtual Memory: 835652 KB

----------------- End -----------------
