----------- Loading graphs ------------
# vertices = 8
# edges = 11
# vertices = 403394
# edges = 2199067
Load Graphs: 1456.86ms
------------ Preprocessing ------------
matching order: 
-vertex(backward neighbors)-
#0: 1-4(1)-5(1,4)-6(1,5)-7(1,4,6)-2(5)-0(4)-3(2)
#1: 5-1(5)-4(1,5)-6(1,5)-7(1,4,6)-2(5)-0(4)-3(2)
#2: 5-4(5)-1(4,5)-6(1,5)-7(1,4,6)-2(5)-0(4)-3(2)
#3: 6-1(6)-5(1,6)-4(1,5)-7(1,4,6)-2(5)-0(4)-3(2)
#4: 6-5(6)-1(5,6)-4(1,5)-7(1,4,6)-2(5)-0(4)-3(2)
#5: 7-1(7)-4(1,7)-5(1,4)-6(1,5,7)-2(5)-0(4)-3(2)
#6: 7-4(7)-1(4,7)-5(1,4)-6(1,5,7)-2(5)-0(4)-3(2)
#7: 7-6(7)-1(6,7)-4(1,7)-5(1,4,6)-2(5)-0(4)-3(2)
#8: 2-5(2)-1(5)-4(1,5)-6(1,5)-7(1,4,6)-0(4)-3(2)
#9: 0-4(0)-1(4)-5(1,4)-6(1,5)-7(1,4,6)-2(5)-3(2)
#10: 3-2(3)-5(2)-1(5)-4(1,5)-6(1,5)-7(1,4,6)-0(4)

Preprocessing: 0.135ms
--------- Incremental Matching --------
auto_tuning off:0
use 1 threads for incresemental matching 
Start with 244341 Update
Incremental Matching: 1085.3ms
0 vertex updates.
244341 edge updates.
18177 unsafe updates.
7942467 positive matches.
0 negative matches.

# edges in index in total: 0
# vertices in index in total: 0
Peak Virtual Memory: 125848 KB

----------------- End -----------------
