----------- Loading graphs ------------
# vertices = 8
# edges = 23
# vertices = 403394
# edges = 2199067
Load Graphs: 1273.02ms
------------ Preprocessing ------------
matching order: 
-vertex(backward neighbors)-
#0: 2-3(2)-5(2,3)-6(2,3,5)-7(2,3,5,6)-4(3,5,6,7)-0(2,3,4,6)-1(0,2,4,5,7)
#1: 5-2(5)-3(2,5)-6(2,3,5)-7(2,3,5,6)-4(3,5,6,7)-0(2,3,4,6)-1(0,2,4,5,7)
#2: 5-3(5)-2(3,5)-6(2,3,5)-7(2,3,5,6)-4(3,5,6,7)-0(2,3,4,6)-1(0,2,4,5,7)
#3: 6-2(6)-3(2,6)-5(2,3,6)-7(2,3,5,6)-4(3,5,6,7)-0(2,3,4,6)-1(0,2,4,5,7)
#4: 6-3(6)-2(3,6)-5(2,3,6)-7(2,3,5,6)-4(3,5,6,7)-0(2,3,4,6)-1(0,2,4,5,7)
#5: 6-5(6)-2(5,6)-3(2,5,6)-7(2,3,5,6)-4(3,5,6,7)-0(2,3,4,6)-1(0,2,4,5,7)
#6: 7-2(7)-3(2,7)-5(2,3,7)-6(2,3,5,7)-4(3,5,6,7)-0(2,3,4,6)-1(0,2,4,5,7)
#7: 7-3(7)-2(3,7)-5(2,3,7)-6(2,3,5,7)-4(3,5,6,7)-0(2,3,4,6)-1(0,2,4,5,7)
#8: 7-5(7)-2(5,7)-3(2,5,7)-6(2,3,5,7)-4(3,5,6,7)-0(2,3,4,6)-1(0,2,4,5,7)
#9: 7-6(7)-2(6,7)-3(2,6,7)-5(2,3,6,7)-4(3,5,6,7)-0(2,3,4,6)-1(0,2,4,5,7)
#10: 4-3(4)-5(3,4)-6(3,4,5)-7(3,4,5,6)-2(3,5,6,7)-0(2,3,4,6)-1(0,2,4,5,7)
#11: 4-5(4)-3(4,5)-6(3,4,5)-7(3,4,5,6)-2(3,5,6,7)-0(2,3,4,6)-1(0,2,4,5,7)
#12: 4-6(4)-3(4,6)-5(3,4,6)-7(3,4,5,6)-2(3,5,6,7)-0(2,3,4,6)-1(0,2,4,5,7)
#13: 4-7(4)-3(4,7)-5(3,4,7)-6(3,4,5,7)-2(3,5,6,7)-0(2,3,4,6)-1(0,2,4,5,7)
#14: 0-2(0)-3(0,2)-6(0,2,3)-4(0,3,6)-5(2,3,4,6)-7(2,3,4,5,6)-1(0,2,4,5,7)
#15: 0-3(0)-2(0,3)-6(0,2,3)-4(0,3,6)-5(2,3,4,6)-7(2,3,4,5,6)-1(0,2,4,5,7)
#16: 0-4(0)-3(0,4)-6(0,3,4)-2(0,3,6)-5(2,3,4,6)-7(2,3,4,5,6)-1(0,2,4,5,7)
#17: 0-6(0)-2(0,6)-3(0,2,6)-4(0,3,6)-5(2,3,4,6)-7(2,3,4,5,6)-1(0,2,4,5,7)
#18: 1-0(1)-2(0,1)-3(0,2)-4(0,1,3)-5(1,2,3,4)-6(0,2,3,4,5)-7(1,2,3,4,5,6)
#19: 1-2(1)-5(1,2)-7(1,2,5)-3(2,5,7)-4(1,3,5,7)-6(2,3,4,5,7)-0(1,2,3,4,6)
#20: 1-4(1)-5(1,4)-7(1,4,5)-2(1,5,7)-3(2,4,5,7)-6(2,3,4,5,7)-0(1,2,3,4,6)
#21: 1-5(1)-2(1,5)-7(1,2,5)-3(2,5,7)-4(1,3,5,7)-6(2,3,4,5,7)-0(1,2,3,4,6)
#22: 1-7(1)-2(1,7)-5(1,2,7)-3(2,5,7)-4(1,3,5,7)-6(2,3,4,5,7)-0(1,2,3,4,6)

Preprocessing: 1.226ms
--------- Incremental Matching --------
auto_tuning off:0
use 8 threads for incresemental matching 
Start with 244341 Update
Incremental Matching: 728.527ms
0 vertex updates.
244341 edge updates.
599 unsafe updates.
9527 positive matches.
0 negative matches.

# edges in index in total: 0
# vertices in index in total: 0
Peak Virtual Memory: 835660 KB

----------------- End -----------------
