----------- Loading graphs ------------
# vertices = 8
# edges = 20
# vertices = 403394
# edges = 2199067
Load Graphs: 1498.5ms
------------ Preprocessing ------------
matching order: 
-vertex(backward neighbors)-
#0: 5-6(5)-0(5,6)-2(0,5,6)-7(2,5,6)-3(2,5,6,7)-1(0,5,7)-4(0,1,5,6)
#1: 0-5(0)-6(0,5)-2(0,5,6)-7(2,5,6)-3(2,5,6,7)-1(0,5,7)-4(0,1,5,6)
#2: 0-6(0)-5(0,6)-2(0,5,6)-7(2,5,6)-3(2,5,6,7)-1(0,5,7)-4(0,1,5,6)
#3: 2-0(2)-5(0,2)-6(0,2,5)-7(2,5,6)-3(2,5,6,7)-1(0,5,7)-4(0,1,5,6)
#4: 2-5(2)-6(2,5)-0(2,5,6)-7(2,5,6)-3(2,5,6,7)-1(0,5,7)-4(0,1,5,6)
#5: 2-6(2)-5(2,6)-0(2,5,6)-7(2,5,6)-3(2,5,6,7)-1(0,5,7)-4(0,1,5,6)
#6: 7-2(7)-5(2,7)-6(2,5,7)-3(2,5,6,7)-0(2,5,6)-1(0,5,7)-4(0,1,5,6)
#7: 7-5(7)-6(5,7)-2(5,6,7)-3(2,5,6,7)-0(2,5,6)-1(0,5,7)-4(0,1,5,6)
#8: 7-6(7)-5(6,7)-2(5,6,7)-3(2,5,6,7)-0(2,5,6)-1(0,5,7)-4(0,1,5,6)
#9: 3-2(3)-5(2,3)-6(2,3,5)-7(2,3,5,6)-0(2,5,6)-1(0,5,7)-4(0,1,5,6)
#10: 3-5(3)-6(3,5)-2(3,5,6)-7(2,3,5,6)-0(2,5,6)-1(0,5,7)-4(0,1,5,6)
#11: 3-6(3)-5(3,6)-2(3,5,6)-7(2,3,5,6)-0(2,5,6)-1(0,5,7)-4(0,1,5,6)
#12: 3-7(3)-5(3,7)-6(3,5,7)-2(3,5,6,7)-0(2,5,6)-1(0,5,7)-4(0,1,5,6)
#13: 1-0(1)-5(0,1)-4(0,1,5)-6(0,4,5)-2(0,5,6)-7(1,2,5,6)-3(2,5,6,7)
#14: 1-5(1)-0(1,5)-4(0,1,5)-6(0,4,5)-2(0,5,6)-7(1,2,5,6)-3(2,5,6,7)
#15: 1-7(1)-5(1,7)-6(5,7)-0(1,5,6)-2(0,5,6,7)-3(2,5,6,7)-4(0,1,5,6)
#16: 4-0(4)-5(0,4)-6(0,4,5)-2(0,5,6)-7(2,5,6)-1(0,4,5,7)-3(2,5,6,7)
#17: 4-1(4)-5(1,4)-0(1,4,5)-6(0,4,5)-2(0,5,6)-7(1,2,5,6)-3(2,5,6,7)
#18: 4-5(4)-6(4,5)-0(4,5,6)-2(0,5,6)-7(2,5,6)-1(0,4,5,7)-3(2,5,6,7)
#19: 4-6(4)-5(4,6)-0(4,5,6)-2(0,5,6)-7(2,5,6)-1(0,4,5,7)-3(2,5,6,7)

Preprocessing: 0.197ms
--------- Incremental Matching --------
auto_tuning off:0
use 1 threads for incresemental matching 
Start with 244341 Update
Incremental Matching: 445.169ms
0 vertex updates.
244341 edge updates.
1358 unsafe updates.
21679 positive matches.
0 negative matches.

# edges in index in total: 0
# vertices in index in total: 0
Peak Virtual Memory: 125856 KB

----------------- End -----------------
