----------- Loading graphs ------------
# vertices = 8
# edges = 7
# vertices = 403394
# edges = 2199067
Load Graphs: 1248.78ms
------------ Preprocessing ------------
matching order: 
-vertex(backward neighbors)-
#0: 7-4(7)-5(4)-1(5)-0(7)-2(1)-3(7)-6(7)
#1: 5-4(5)-7(4)-1(5)-0(7)-2(1)-3(7)-6(7)
#2: 1-5(1)-4(5)-7(4)-0(7)-2(1)-3(7)-6(7)
#3: 0-7(0)-4(7)-5(4)-1(5)-2(1)-3(7)-6(7)
#4: 2-1(2)-5(1)-4(5)-7(4)-0(7)-3(7)-6(7)
#5: 3-7(3)-4(7)-5(4)-1(5)-0(7)-2(1)-6(7)
#6: 6-7(6)-4(7)-5(4)-1(5)-0(7)-2(1)-3(7)

Preprocessing: 1.104ms
--------- Incremental Matching --------
auto_tuning off:0
use 8 threads for incresemental matching 
Start with 244341 Update
