----------- Loading graphs ------------
# vertices = 8
# edges = 18
# vertices = 403394
# edges = 2199067
Load Graphs: 1471.16ms
------------ Preprocessing ------------
matching order: 
-vertex(backward neighbors)-
#0: 0-1(0)-3(0,1)-7(0,1,3)-2(0,7)-6(0,2,3)-4(1,2,6)-5(1,2,4,6)
#1: 3-0(3)-1(0,3)-7(0,1,3)-2(0,7)-6(0,2,3)-4(1,2,6)-5(1,2,4,6)
#2: 3-1(3)-0(1,3)-7(0,1,3)-2(0,7)-6(0,2,3)-4(1,2,6)-5(1,2,4,6)
#3: 7-0(7)-1(0,7)-3(0,1,7)-2(0,7)-6(0,2,3)-4(1,2,6)-5(1,2,4,6)
#4: 7-1(7)-0(1,7)-3(0,1,7)-2(0,7)-6(0,2,3)-4(1,2,6)-5(1,2,4,6)
#5: 7-3(7)-0(3,7)-1(0,3,7)-2(0,7)-6(0,2,3)-4(1,2,6)-5(1,2,4,6)
#6: 2-0(2)-6(0,2)-3(0,6)-7(0,2,3)-1(0,3,7)-4(1,2,6)-5(1,2,4,6)
#7: 2-7(2)-0(2,7)-1(0,7)-3(0,1,7)-6(0,2,3)-4(1,2,6)-5(1,2,4,6)
#8: 6-0(6)-2(0,6)-3(0,6)-7(0,2,3)-1(0,3,7)-4(1,2,6)-5(1,2,4,6)
#9: 6-2(6)-0(2,6)-3(0,6)-7(0,2,3)-1(0,3,7)-4(1,2,6)-5(1,2,4,6)
#10: 6-3(6)-0(3,6)-1(0,3)-7(0,1,3)-2(0,6,7)-4(1,2,6)-5(1,2,4,6)
#11: 4-1(4)-5(1,4)-2(4,5)-6(2,4,5)-0(1,2,6)-3(0,1,6)-7(0,1,2,3)
#12: 4-2(4)-6(2,4)-5(2,4,6)-0(2,6)-1(0,4,5)-3(0,1,6)-7(0,1,2,3)
#13: 4-6(4)-2(4,6)-5(2,4,6)-0(2,6)-1(0,4,5)-3(0,1,6)-7(0,1,2,3)
#14: 5-1(5)-4(1,5)-2(4,5)-6(2,4,5)-0(1,2,6)-3(0,1,6)-7(0,1,2,3)
#15: 5-2(5)-6(2,5)-4(2,5,6)-0(2,6)-1(0,4,5)-3(0,1,6)-7(0,1,2,3)
#16: 5-4(5)-1(4,5)-2(4,5)-6(2,4,5)-0(1,2,6)-3(0,1,6)-7(0,1,2,3)
#17: 5-6(5)-2(5,6)-4(2,5,6)-0(2,6)-1(0,4,5)-3(0,1,6)-7(0,1,2,3)

Preprocessing: 0.189ms
--------- Incremental Matching --------
auto_tuning off:0
use 1 threads for incresemental matching 
Start with 244341 Update
Incremental Matching: 458.435ms
0 vertex updates.
244341 edge updates.
1184 unsafe updates.
42030 positive matches.
0 negative matches.

# edges in index in total: 0
# vertices in index in total: 0
Peak Virtual Memory: 125852 KB

----------------- End -----------------
