----------- Loading graphs ------------
# vertices = 8
# edges = 18
# vertices = 403394
# edges = 2199067
Load Graphs: 1480.59ms
------------ Preprocessing ------------
matching order: 
-vertex(backward neighbors)-
#0: 0-2(0)-7(0,2)-4(0,2,7)-1(2,7)-5(0,1,7)-3(0,1,5)-6(1,2,3,4)
#1: 7-0(7)-2(0,7)-4(0,2,7)-1(2,7)-5(0,1,7)-3(0,1,5)-6(1,2,3,4)
#2: 7-2(7)-0(2,7)-4(0,2,7)-1(2,7)-5(0,1,7)-3(0,1,5)-6(1,2,3,4)
#3: 4-0(4)-2(0,4)-7(0,2,4)-1(2,7)-5(0,1,7)-3(0,1,5)-6(1,2,3,4)
#4: 4-2(4)-0(2,4)-7(0,2,4)-1(2,7)-5(0,1,7)-3(0,1,5)-6(1,2,3,4)
#5: 4-7(4)-0(4,7)-2(0,4,7)-1(2,7)-5(0,1,7)-3(0,1,5)-6(1,2,3,4)
#6: 1-2(1)-7(1,2)-0(2,7)-4(0,2,7)-5(0,1,7)-3(0,1,5)-6(1,2,3,4)
#7: 1-7(1)-2(1,7)-0(2,7)-4(0,2,7)-5(0,1,7)-3(0,1,5)-6(1,2,3,4)
#8: 5-0(5)-7(0,5)-1(5,7)-2(0,1,7)-3(0,1,5)-4(0,2,7)-6(1,2,3,4)
#9: 5-1(5)-7(1,5)-0(5,7)-2(0,1,7)-3(0,1,5)-4(0,2,7)-6(1,2,3,4)
#10: 5-7(5)-0(5,7)-1(5,7)-2(0,1,7)-3(0,1,5)-4(0,2,7)-6(1,2,3,4)
#11: 3-0(3)-5(0,3)-1(3,5)-7(0,1,5)-2(0,1,7)-4(0,2,7)-6(1,2,3,4)
#12: 3-1(3)-5(1,3)-0(3,5)-7(0,1,5)-2(0,1,7)-4(0,2,7)-6(1,2,3,4)
#13: 3-5(3)-0(3,5)-1(3,5)-7(0,1,5)-2(0,1,7)-4(0,2,7)-6(1,2,3,4)
#14: 6-1(6)-2(1,6)-7(1,2)-4(2,6,7)-0(2,4,7)-3(0,1,6)-5(0,1,3,7)
#15: 6-2(6)-1(2,6)-7(1,2)-4(2,6,7)-0(2,4,7)-3(0,1,6)-5(0,1,3,7)
#16: 6-3(6)-1(3,6)-2(1,6)-0(2,3)-7(0,1,2)-4(0,2,6,7)-5(0,1,3,7)
#17: 6-4(6)-2(4,6)-0(2,4)-7(0,2,4)-1(2,6,7)-3(0,1,6)-5(0,1,3,7)

Preprocessing: 1.24ms
--------- Incremental Matching --------
auto_tuning off:0
use 8 threads for incresemental matching 
Start with 244341 Update
Incremental Matching: 794.627ms
0 vertex updates.
244341 edge updates.
2372 unsafe updates.
29490 positive matches.
0 negative matches.

# edges in index in total: 0
# vertices in index in total: 0
Peak Virtual Memory: 835628 KB

----------------- End -----------------
