----------- Loading graphs ------------
# vertices = 8
# edges = 12
# vertices = 403394
# edges = 2199067
Load Graphs: 1523.05ms
------------ Preprocessing ------------
matching order: 
-vertex(backward neighbors)-
#0: 1-3(1)-6(1,3)-0(1,6)-4(0,3)-5(1,4)-2(3,6)-7(5)
#1: 6-1(6)-3(1,6)-0(1,6)-4(0,3)-5(1,4)-2(3,6)-7(5)
#2: 6-3(6)-1(3,6)-0(1,6)-4(0,3)-5(1,4)-2(3,6)-7(5)
#3: 0-1(0)-6(0,1)-3(1,6)-4(0,3)-5(1,4)-2(3,6)-7(5)
#4: 0-6(0)-1(0,6)-3(1,6)-4(0,3)-5(1,4)-2(3,6)-7(5)
#5: 4-0(4)-1(0)-3(1,4)-6(0,1,3)-5(1,4)-2(3,6)-7(5)
#6: 4-3(4)-1(3)-6(1,3)-0(1,4,6)-5(1,4)-2(3,6)-7(5)
#7: 5-1(5)-3(1)-6(1,3)-0(1,6)-4(0,3,5)-2(3,6)-7(5)
#8: 5-4(5)-1(5)-3(1,4)-6(1,3)-0(1,4,6)-2(3,6)-7(5)
#9: 2-3(2)-6(2,3)-1(3,6)-0(1,6)-4(0,3)-5(1,4)-7(5)
#10: 2-6(2)-3(2,6)-1(3,6)-0(1,6)-4(0,3)-5(1,4)-7(5)
#11: 7-5(7)-1(5)-3(1)-6(1,3)-0(1,6)-4(0,3,5)-2(3,6)

Preprocessing: 1.262ms
--------- Incremental Matching --------
auto_tuning off:0
use 8 threads for incresemental matching 
Start with 244341 Update
Incremental Matching: 1628.3ms
0 vertex updates.
244341 edge updates.
8432 unsafe updates.
1301056 positive matches.
0 negative matches.

# edges in index in total: 0
# vertices in index in total: 0
Peak Virtual Memory: 770900 KB

----------------- End -----------------
