----------- Loading graphs ------------
# vertices = 8
# edges = 15
# vertices = 403394
# edges = 2199067
Load Graphs: 1554.29ms
------------ Preprocessing ------------
matching order: 
-vertex(backward neighbors)-
#0: 2-4(2)-7(2,4)-3(4,7)-0(3,4,7)-6(2,3,4)-1(2,7)-5(1,2)
#1: 7-2(7)-4(2,7)-3(4,7)-0(3,4,7)-6(2,3,4)-1(2,7)-5(1,2)
#2: 7-4(7)-2(4,7)-3(4,7)-0(3,4,7)-6(2,3,4)-1(2,7)-5(1,2)
#3: 3-4(3)-7(3,4)-0(3,4,7)-2(4,7)-6(2,3,4)-1(2,7)-5(1,2)
#4: 3-7(3)-4(3,7)-0(3,4,7)-2(4,7)-6(2,3,4)-1(2,7)-5(1,2)
#5: 0-3(0)-4(0,3)-7(0,3,4)-2(4,7)-6(2,3,4)-1(2,7)-5(1,2)
#6: 0-4(0)-7(0,4)-3(0,4,7)-2(4,7)-6(2,3,4)-1(2,7)-5(1,2)
#7: 0-7(0)-4(0,7)-3(0,4,7)-2(4,7)-6(2,3,4)-1(2,7)-5(1,2)
#8: 6-2(6)-4(2,6)-7(2,4)-3(4,6,7)-0(3,4,7)-1(2,7)-5(1,2)
#9: 6-3(6)-4(3,6)-2(4,6)-7(2,3,4)-0(3,4,7)-1(2,7)-5(1,2)
#10: 6-4(6)-2(4,6)-7(2,4)-3(4,6,7)-0(3,4,7)-1(2,7)-5(1,2)
#11: 1-2(1)-7(1,2)-4(2,7)-3(4,7)-0(3,4,7)-6(2,3,4)-5(1,2)
#12: 1-7(1)-2(1,7)-4(2,7)-3(4,7)-0(3,4,7)-6(2,3,4)-5(1,2)
#13: 5-1(5)-2(1,5)-7(1,2)-4(2,7)-3(4,7)-0(3,4,7)-6(2,3,4)
#14: 5-2(5)-1(2,5)-7(1,2)-4(2,7)-3(4,7)-0(3,4,7)-6(2,3,4)

Preprocessing: 1.331ms
--------- Incremental Matching --------
auto_tuning off:0
use 8 threads for incresemental matching 
Start with 244341 Update
Incremental Matching: 794.03ms
0 vertex updates.
244341 edge updates.
6144 unsafe updates.
121955 positive matches.
0 negative matches.

# edges in index in total: 0
# vertices in index in total: 0
Peak Virtual Memory: 835640 KB

----------------- End -----------------
