----------- Loading graphs ------------
# vertices = 8
# edges = 19
# vertices = 403394
# edges = 2199067
Load Graphs: 1487.92ms
------------ Preprocessing ------------
matching order: 
-vertex(backward neighbors)-
#0: 3-6(3)-1(3,6)-5(1,3,6)-7(1,3,5,6)-4(3,5,7)-2(3,4,6)-0(1,2,6)
#1: 1-3(1)-6(1,3)-5(1,3,6)-7(1,3,5,6)-4(3,5,7)-2(3,4,6)-0(1,2,6)
#2: 1-6(1)-3(1,6)-5(1,3,6)-7(1,3,5,6)-4(3,5,7)-2(3,4,6)-0(1,2,6)
#3: 5-1(5)-3(1,5)-6(1,3,5)-7(1,3,5,6)-4(3,5,7)-2(3,4,6)-0(1,2,6)
#4: 5-3(5)-6(3,5)-1(3,5,6)-7(1,3,5,6)-4(3,5,7)-2(3,4,6)-0(1,2,6)
#5: 5-6(5)-3(5,6)-1(3,5,6)-7(1,3,5,6)-4(3,5,7)-2(3,4,6)-0(1,2,6)
#6: 7-1(7)-3(1,7)-6(1,3,7)-5(1,3,6,7)-4(3,5,7)-2(3,4,6)-0(1,2,6)
#7: 7-3(7)-6(3,7)-1(3,6,7)-5(1,3,6,7)-4(3,5,7)-2(3,4,6)-0(1,2,6)
#8: 7-5(7)-3(5,7)-6(3,5,7)-1(3,5,6,7)-4(3,5,7)-2(3,4,6)-0(1,2,6)
#9: 7-6(7)-3(6,7)-1(3,6,7)-5(1,3,6,7)-4(3,5,7)-2(3,4,6)-0(1,2,6)
#10: 4-3(4)-5(3,4)-7(3,4,5)-6(3,5,7)-1(3,5,6,7)-2(3,4,6)-0(1,2,6)
#11: 4-5(4)-3(4,5)-7(3,4,5)-6(3,5,7)-1(3,5,6,7)-2(3,4,6)-0(1,2,6)
#12: 4-7(4)-3(4,7)-5(3,4,7)-6(3,5,7)-1(3,5,6,7)-2(3,4,6)-0(1,2,6)
#13: 2-3(2)-6(2,3)-1(3,6)-5(1,3,6)-7(1,3,5,6)-4(2,3,5,7)-0(1,2,6)
#14: 2-4(2)-3(2,4)-6(2,3)-5(3,4,6)-7(3,4,5,6)-1(3,5,6,7)-0(1,2,6)
#15: 2-6(2)-3(2,6)-1(3,6)-5(1,3,6)-7(1,3,5,6)-4(2,3,5,7)-0(1,2,6)
#16: 0-1(0)-6(0,1)-3(1,6)-5(1,3,6)-7(1,3,5,6)-2(0,3,6)-4(2,3,5,7)
#17: 0-2(0)-6(0,2)-3(2,6)-1(0,3,6)-5(1,3,6)-7(1,3,5,6)-4(2,3,5,7)
#18: 0-6(0)-1(0,6)-3(1,6)-5(1,3,6)-7(1,3,5,6)-2(0,3,6)-4(2,3,5,7)

Preprocessing: 1.236ms
--------- Incremental Matching --------
auto_tuning off:0
use 8 threads for incresemental matching 
Start with 244341 Update
Incremental Matching: 778.095ms
0 vertex updates.
244341 edge updates.
3197 unsafe updates.
22884 positive matches.
0 negative matches.

# edges in index in total: 0
# vertices in index in total: 0
Peak Virtual Memory: 770916 KB

----------------- End -----------------
