----------- Loading graphs ------------
# vertices = 8
# edges = 17
# vertices = 403394
# edges = 2199067
Load Graphs: 1459.93ms
------------ Preprocessing ------------
matching order: 
-vertex(backward neighbors)-
#0: 0-4(0)-6(0,4)-5(0,4,6)-2(4,5,6)-1(0,2)-7(0,1,4)-3(1,6,7)
#1: 6-0(6)-4(0,6)-5(0,4,6)-2(4,5,6)-1(0,2)-7(0,1,4)-3(1,6,7)
#2: 6-4(6)-0(4,6)-5(0,4,6)-2(4,5,6)-1(0,2)-7(0,1,4)-3(1,6,7)
#3: 5-0(5)-4(0,5)-6(0,4,5)-2(4,5,6)-1(0,2)-7(0,1,4)-3(1,6,7)
#4: 5-4(5)-0(4,5)-6(0,4,5)-2(4,5,6)-1(0,2)-7(0,1,4)-3(1,6,7)
#5: 5-6(5)-0(5,6)-4(0,5,6)-2(4,5,6)-1(0,2)-7(0,1,4)-3(1,6,7)
#6: 2-4(2)-6(2,4)-5(2,4,6)-0(4,5,6)-1(0,2)-7(0,1,4)-3(1,6,7)
#7: 2-5(2)-4(2,5)-6(2,4,5)-0(4,5,6)-1(0,2)-7(0,1,4)-3(1,6,7)
#8: 2-6(2)-4(2,6)-5(2,4,6)-0(4,5,6)-1(0,2)-7(0,1,4)-3(1,6,7)
#9: 1-0(1)-7(0,1)-4(0,7)-6(0,4)-2(1,4,6)-5(0,2,4,6)-3(1,6,7)
#10: 1-2(1)-0(1)-4(0,2)-6(0,2,4)-5(0,2,4,6)-7(0,1,4)-3(1,6,7)
#11: 7-0(7)-4(0,7)-6(0,4)-5(0,4,6)-2(4,5,6)-1(0,2,7)-3(1,6,7)
#12: 7-1(7)-0(1,7)-4(0,7)-6(0,4)-2(1,4,6)-5(0,2,4,6)-3(1,6,7)
#13: 7-4(7)-0(4,7)-6(0,4)-5(0,4,6)-2(4,5,6)-1(0,2,7)-3(1,6,7)
#14: 3-1(3)-7(1,3)-0(1,7)-4(0,7)-6(0,3,4)-2(1,4,6)-5(0,2,4,6)
#15: 3-6(3)-0(6)-4(0,6)-5(0,4,6)-2(4,5,6)-1(0,2,3)-7(0,1,3,4)
#16: 3-7(3)-1(3,7)-0(1,7)-4(0,7)-6(0,3,4)-2(1,4,6)-5(0,2,4,6)

Preprocessing: 1.492ms
--------- Incremental Matching --------
auto_tuning off:0
use 8 threads for incresemental matching 
Start with 244341 Update
Incremental Matching: 1156.08ms
0 vertex updates.
244341 edge updates.
3079 unsafe updates.
38780 positive matches.
0 negative matches.

# edges in index in total: 0
# vertices in index in total: 0
Peak Virtual Memory: 770896 KB

----------------- End -----------------
