----------- Loading graphs ------------
# vertices = 8
# edges = 21
# vertices = 403394
# edges = 2199067
Load Graphs: 1483.63ms
------------ Preprocessing ------------
matching order: 
-vertex(backward neighbors)-
#0: 3-5(3)-7(3,5)-0(3,5,7)-2(0,3,5,7)-4(2,3,5)-6(0,3,4,7)-1(4,5,6,7)
#1: 7-3(7)-5(3,7)-0(3,5,7)-2(0,3,5,7)-4(2,3,5)-6(0,3,4,7)-1(4,5,6,7)
#2: 7-5(7)-3(5,7)-0(3,5,7)-2(0,3,5,7)-4(2,3,5)-6(0,3,4,7)-1(4,5,6,7)
#3: 0-3(0)-5(0,3)-7(0,3,5)-2(0,3,5,7)-4(2,3,5)-6(0,3,4,7)-1(4,5,6,7)
#4: 0-5(0)-3(0,5)-7(0,3,5)-2(0,3,5,7)-4(2,3,5)-6(0,3,4,7)-1(4,5,6,7)
#5: 0-7(0)-3(0,7)-5(0,3,7)-2(0,3,5,7)-4(2,3,5)-6(0,3,4,7)-1(4,5,6,7)
#6: 2-0(2)-3(0,2)-5(0,2,3)-7(0,2,3,5)-4(2,3,5)-6(0,3,4,7)-1(4,5,6,7)
#7: 2-3(2)-5(2,3)-7(2,3,5)-0(2,3,5,7)-4(2,3,5)-6(0,3,4,7)-1(4,5,6,7)
#8: 2-5(2)-3(2,5)-7(2,3,5)-0(2,3,5,7)-4(2,3,5)-6(0,3,4,7)-1(4,5,6,7)
#9: 2-7(2)-3(2,7)-5(2,3,7)-0(2,3,5,7)-4(2,3,5)-6(0,3,4,7)-1(4,5,6,7)
#10: 4-2(4)-3(2,4)-5(2,3,4)-7(2,3,5)-0(2,3,5,7)-6(0,3,4,7)-1(4,5,6,7)
#11: 4-3(4)-5(3,4)-2(3,4,5)-7(2,3,5)-0(2,3,5,7)-6(0,3,4,7)-1(4,5,6,7)
#12: 4-5(4)-3(4,5)-2(3,4,5)-7(2,3,5)-0(2,3,5,7)-6(0,3,4,7)-1(4,5,6,7)
#13: 6-0(6)-3(0,6)-7(0,3,6)-5(0,3,7)-2(0,3,5,7)-4(2,3,5,6)-1(4,5,6,7)
#14: 6-3(6)-7(3,6)-0(3,6,7)-5(0,3,7)-2(0,3,5,7)-4(2,3,5,6)-1(4,5,6,7)
#15: 6-4(6)-3(4,6)-5(3,4)-7(3,5,6)-0(3,5,6,7)-2(0,3,4,5,7)-1(4,5,6,7)
#16: 6-7(6)-3(6,7)-0(3,6,7)-5(0,3,7)-2(0,3,5,7)-4(2,3,5,6)-1(4,5,6,7)
#17: 1-4(1)-5(1,4)-3(4,5)-7(1,3,5)-2(3,4,5,7)-0(2,3,5,7)-6(0,1,3,4,7)
#18: 1-5(1)-7(1,5)-3(5,7)-0(3,5,7)-2(0,3,5,7)-4(1,2,3,5)-6(0,1,3,4,7)
#19: 1-6(1)-7(1,6)-3(6,7)-5(1,3,7)-0(3,5,6,7)-2(0,3,5,7)-4(1,2,3,5,6)
#20: 1-7(1)-5(1,7)-3(5,7)-0(3,5,7)-2(0,3,5,7)-4(1,2,3,5)-6(0,1,3,4,7)

Preprocessing: 0.201ms
--------- Incremental Matching --------
auto_tuning off:0
use 1 threads for incresemental matching 
Start with 244341 Update
Incremental Matching: 465.878ms
0 vertex updates.
244341 edge updates.
549 unsafe updates.
13871 positive matches.
0 negative matches.

# edges in index in total: 0
# vertices in index in total: 0
Peak Virtual Memory: 125852 KB

----------------- End -----------------
