----------- Loading graphs ------------
# vertices = 8
# edges = 18
# vertices = 403394
# edges = 2199067
Load Graphs: 1321.67ms
------------ Preprocessing ------------
matching order: 
-vertex(backward neighbors)-
#0: 2-0(2)-1(0,2)-3(0,1,2)-4(1,2,3)-6(0,1,2,4)-5(0,3,4)-7(2,6)
#1: 1-0(1)-2(0,1)-3(0,1,2)-4(1,2,3)-6(0,1,2,4)-5(0,3,4)-7(2,6)
#2: 1-2(1)-0(1,2)-3(0,1,2)-4(1,2,3)-6(0,1,2,4)-5(0,3,4)-7(2,6)
#3: 3-0(3)-2(0,3)-1(0,2,3)-4(1,2,3)-6(0,1,2,4)-5(0,3,4)-7(2,6)
#4: 3-1(3)-2(1,3)-0(1,2,3)-4(1,2,3)-6(0,1,2,4)-5(0,3,4)-7(2,6)
#5: 3-2(3)-0(2,3)-1(0,2,3)-4(1,2,3)-6(0,1,2,4)-5(0,3,4)-7(2,6)
#6: 4-1(4)-2(1,4)-3(1,2,4)-0(1,2,3)-6(0,1,2,4)-5(0,3,4)-7(2,6)
#7: 4-2(4)-1(2,4)-3(1,2,4)-0(1,2,3)-6(0,1,2,4)-5(0,3,4)-7(2,6)
#8: 4-3(4)-2(3,4)-1(2,3,4)-0(1,2,3)-6(0,1,2,4)-5(0,3,4)-7(2,6)
#9: 6-0(6)-2(0,6)-1(0,2,6)-3(0,1,2)-4(1,2,3,6)-5(0,3,4)-7(2,6)
#10: 6-1(6)-2(1,6)-0(1,2,6)-3(0,1,2)-4(1,2,3,6)-5(0,3,4)-7(2,6)
#11: 6-2(6)-0(2,6)-1(0,2,6)-3(0,1,2)-4(1,2,3,6)-5(0,3,4)-7(2,6)
#12: 6-4(6)-2(4,6)-1(2,4,6)-0(1,2,6)-3(0,1,2,4)-5(0,3,4)-7(2,6)
#13: 5-0(5)-3(0,5)-2(0,3)-1(0,2,3)-4(1,2,3,5)-6(0,1,2,4)-7(2,6)
#14: 5-3(5)-0(3,5)-2(0,3)-1(0,2,3)-4(1,2,3,5)-6(0,1,2,4)-7(2,6)
#15: 5-4(5)-3(4,5)-2(3,4)-0(2,3,5)-1(0,2,3,4)-6(0,1,2,4)-7(2,6)
#16: 7-2(7)-6(2,7)-0(2,6)-1(0,2,6)-3(0,1,2)-4(1,2,3,6)-5(0,3,4)
#17: 7-6(7)-2(6,7)-0(2,6)-1(0,2,6)-3(0,1,2)-4(1,2,3,6)-5(0,3,4)

Preprocessing: 1.413ms
--------- Incremental Matching --------
auto_tuning off:0
use 8 threads for incresemental matching 
Start with 244341 Update
Incremental Matching: 686.797ms
0 vertex updates.
244341 edge updates.
2828 unsafe updates.
65775 positive matches.
0 negative matches.

# edges in index in total: 0
# vertices in index in total: 0
Peak Virtual Memory: 835660 KB

----------------- End -----------------
