----------- Loading graphs ------------
# vertices = 8
# edges = 17
# vertices = 403394
# edges = 2199067
Load Graphs: 1527.68ms
------------ Preprocessing ------------
matching order: 
-vertex(backward neighbors)-
#0: 5-0(5)-3(0,5)-6(0,3,5)-1(0,5)-2(1,5,6)-4(0,2,3)-7(1,3,5)
#1: 3-0(3)-5(0,3)-6(0,3,5)-1(0,5)-2(1,5,6)-4(0,2,3)-7(1,3,5)
#2: 3-5(3)-0(3,5)-6(0,3,5)-1(0,5)-2(1,5,6)-4(0,2,3)-7(1,3,5)
#3: 6-0(6)-5(0,6)-3(0,5,6)-1(0,5)-2(1,5,6)-4(0,2,3)-7(1,3,5)
#4: 6-3(6)-5(3,6)-0(3,5,6)-1(0,5)-2(1,5,6)-4(0,2,3)-7(1,3,5)
#5: 6-5(6)-0(5,6)-3(0,5,6)-1(0,5)-2(1,5,6)-4(0,2,3)-7(1,3,5)
#6: 1-0(1)-5(0,1)-3(0,5)-6(0,3,5)-2(1,5,6)-4(0,2,3)-7(1,3,5)
#7: 1-5(1)-0(1,5)-3(0,5)-6(0,3,5)-2(1,5,6)-4(0,2,3)-7(1,3,5)
#8: 2-1(2)-5(1,2)-0(1,5)-6(0,2,5)-3(0,5,6)-4(0,2,3)-7(1,3,5)
#9: 2-5(2)-1(2,5)-0(1,5)-6(0,2,5)-3(0,5,6)-4(0,2,3)-7(1,3,5)
#10: 2-6(2)-5(2,6)-0(5,6)-3(0,5,6)-1(0,2,5)-4(0,2,3)-7(1,3,5)
#11: 4-0(4)-3(0,4)-5(0,3)-6(0,3,5)-2(4,5,6)-1(0,2,5)-7(1,3,5)
#12: 4-2(4)-5(2)-0(4,5)-3(0,4,5)-6(0,2,3,5)-1(0,2,5)-7(1,3,5)
#13: 4-3(4)-0(3,4)-5(0,3)-6(0,3,5)-2(4,5,6)-1(0,2,5)-7(1,3,5)
#14: 7-1(7)-5(1,7)-0(1,5)-3(0,5,7)-6(0,3,5)-2(1,5,6)-4(0,2,3)
#15: 7-3(7)-5(3,7)-0(3,5)-1(0,5,7)-6(0,3,5)-2(1,5,6)-4(0,2,3)
#16: 7-5(7)-3(5,7)-0(3,5)-1(0,5,7)-6(0,3,5)-2(1,5,6)-4(0,2,3)

Preprocessing: 0.191ms
--------- Incremental Matching --------
auto_tuning off:0
use 1 threads for incresemental matching 
Start with 244341 Update
Incremental Matching: 509.08ms
0 vertex updates.
244341 edge updates.
1651 unsafe updates.
44189 positive matches.
0 negative matches.

# edges in index in total: 0
# vertices in index in total: 0
Peak Virtual Memory: 125852 KB

----------------- End -----------------
