----------- Loading graphs ------------
# vertices = 8
# edges = 7
# vertices = 403394
# edges = 2199067
Load Graphs: 1485.82ms
------------ Preprocessing ------------
matching order: 
-vertex(backward neighbors)-
#0: 3-1(3)-4(3)-7(1)-6(7)-0(4)-2(6)-5(3)
#1: 4-3(4)-1(3)-7(1)-6(7)-0(4)-2(6)-5(3)
#2: 7-1(7)-3(1)-4(3)-6(7)-0(4)-2(6)-5(3)
#3: 6-7(6)-1(7)-3(1)-4(3)-0(4)-2(6)-5(3)
#4: 0-4(0)-3(4)-1(3)-7(1)-6(7)-2(6)-5(3)
#5: 2-6(2)-7(6)-1(7)-3(1)-4(3)-0(4)-5(3)
#6: 5-3(5)-1(3)-4(3)-7(1)-6(7)-0(4)-2(6)

Preprocessing: 1.203ms
--------- Incremental Matching --------
auto_tuning off:0
use 8 threads for incresemental matching 
Start with 244341 Update
