----------- Loading graphs ------------
# vertices = 8
# edges = 17
# vertices = 403394
# edges = 2199067
Load Graphs: 1454.72ms
------------ Preprocessing ------------
matching order: 
-vertex(backward neighbors)-
#0: 0-1(0)-3(0,1)-7(0,1,3)-6(0,3,7)-2(0,1,6)-4(0,7)-5(1,3,4)
#1: 3-0(3)-1(0,3)-7(0,1,3)-6(0,3,7)-2(0,1,6)-4(0,7)-5(1,3,4)
#2: 3-1(3)-0(1,3)-7(0,1,3)-6(0,3,7)-2(0,1,6)-4(0,7)-5(1,3,4)
#3: 7-0(7)-1(0,7)-3(0,1,7)-6(0,3,7)-2(0,1,6)-4(0,7)-5(1,3,4)
#4: 7-1(7)-0(1,7)-3(0,1,7)-6(0,3,7)-2(0,1,6)-4(0,7)-5(1,3,4)
#5: 7-3(7)-0(3,7)-1(0,3,7)-6(0,3,7)-2(0,1,6)-4(0,7)-5(1,3,4)
#6: 6-0(6)-3(0,6)-7(0,3,6)-1(0,3,7)-2(0,1,6)-4(0,7)-5(1,3,4)
#7: 6-3(6)-0(3,6)-7(0,3,6)-1(0,3,7)-2(0,1,6)-4(0,7)-5(1,3,4)
#8: 6-7(6)-0(6,7)-3(0,6,7)-1(0,3,7)-2(0,1,6)-4(0,7)-5(1,3,4)
#9: 2-0(2)-1(0,2)-3(0,1)-7(0,1,3)-6(0,2,3,7)-4(0,7)-5(1,3,4)
#10: 2-1(2)-0(1,2)-3(0,1)-7(0,1,3)-6(0,2,3,7)-4(0,7)-5(1,3,4)
#11: 2-6(2)-0(2,6)-1(0,2)-3(0,1,6)-7(0,1,3,6)-4(0,7)-5(1,3,4)
#12: 4-0(4)-7(0,4)-1(0,7)-3(0,1,7)-6(0,3,7)-2(0,1,6)-5(1,3,4)
#13: 4-7(4)-0(4,7)-1(0,7)-3(0,1,7)-6(0,3,7)-2(0,1,6)-5(1,3,4)
#14: 5-1(5)-3(1,5)-0(1,3)-7(0,1,3)-6(0,3,7)-2(0,1,6)-4(0,5,7)
#15: 5-3(5)-1(3,5)-0(1,3)-7(0,1,3)-6(0,3,7)-2(0,1,6)-4(0,5,7)
#16: 5-4(5)-0(4)-1(0,5)-3(0,1,5)-7(0,1,3,4)-6(0,3,7)-2(0,1,6)

Preprocessing: 1.403ms
--------- Incremental Matching --------
auto_tuning off:0
use 8 threads for incresemental matching 
Start with 244341 Update
Incremental Matching: 918.636ms
0 vertex updates.
244341 edge updates.
3185 unsafe updates.
48698 positive matches.
0 negative matches.

# edges in index in total: 0
# vertices in index in total: 0
Peak Virtual Memory: 835640 KB

----------------- End -----------------
