----------- Loading graphs ------------
# vertices = 8
# edges = 16
# vertices = 403394
# edges = 2199067
Load Graphs: 1539.99ms
------------ Preprocessing ------------
matching order: 
-vertex(backward neighbors)-
#0: 0-1(0)-5(0,1)-2(1,5)-7(0,2,5)-3(1,2,7)-6(0,1,2)-4(0,3)
#1: 5-0(5)-1(0,5)-2(1,5)-7(0,2,5)-3(1,2,7)-6(0,1,2)-4(0,3)
#2: 5-1(5)-0(1,5)-2(1,5)-7(0,2,5)-3(1,2,7)-6(0,1,2)-4(0,3)
#3: 2-1(2)-3(1,2)-5(1,2)-7(2,3,5)-0(1,5,7)-6(0,1,2)-4(0,3)
#4: 2-5(2)-1(2,5)-0(1,5)-7(0,2,5)-3(1,2,7)-6(0,1,2)-4(0,3)
#5: 7-0(7)-5(0,7)-1(0,5)-2(1,5,7)-3(1,2,7)-6(0,1,2)-4(0,3)
#6: 7-2(7)-3(2,7)-1(2,3)-5(1,2,7)-0(1,5,7)-6(0,1,2)-4(0,3)
#7: 7-5(7)-0(5,7)-1(0,5)-2(1,5,7)-3(1,2,7)-6(0,1,2)-4(0,3)
#8: 3-1(3)-2(1,3)-5(1,2)-7(2,3,5)-0(1,5,7)-6(0,1,2)-4(0,3)
#9: 3-2(3)-1(2,3)-5(1,2)-7(2,3,5)-0(1,5,7)-6(0,1,2)-4(0,3)
#10: 3-7(3)-2(3,7)-1(2,3)-5(1,2,7)-0(1,5,7)-6(0,1,2)-4(0,3)
#11: 6-0(6)-1(0,6)-2(1,6)-5(0,1,2)-7(0,2,5)-3(1,2,7)-4(0,3)
#12: 6-1(6)-0(1,6)-2(1,6)-5(0,1,2)-7(0,2,5)-3(1,2,7)-4(0,3)
#13: 6-2(6)-1(2,6)-0(1,6)-5(0,1,2)-7(0,2,5)-3(1,2,7)-4(0,3)
#14: 4-0(4)-1(0)-3(1,4)-2(1,3)-5(0,1,2)-7(0,2,3,5)-6(0,1,2)
#15: 4-3(4)-0(4)-1(0,3)-2(1,3)-5(0,1,2)-7(0,2,3,5)-6(0,1,2)

Preprocessing: 1.165ms
--------- Incremental Matching --------
auto_tuning off:0
use 8 threads for incresemental matching 
Start with 244341 Update
Incremental Matching: 1065.71ms
0 vertex updates.
244341 edge updates.
2174 unsafe updates.
76247 positive matches.
0 negative matches.

# edges in index in total: 0
# vertices in index in total: 0
Peak Virtual Memory: 770768 KB

----------------- End -----------------
