----------- Loading graphs ------------
# vertices = 8
# edges = 20
# vertices = 403394
# edges = 2199067
Load Graphs: 1523.09ms
------------ Preprocessing ------------
matching order: 
-vertex(backward neighbors)-
#0: 6-1(6)-4(1,6)-2(4,6)-3(1,2,4)-5(1,2,3,6)-7(1,2,3,6)-0(4,5,6,7)
#1: 4-1(4)-6(1,4)-2(4,6)-3(1,2,4)-5(1,2,3,6)-7(1,2,3,6)-0(4,5,6,7)
#2: 4-6(4)-1(4,6)-2(4,6)-3(1,2,4)-5(1,2,3,6)-7(1,2,3,6)-0(4,5,6,7)
#3: 2-4(2)-6(2,4)-1(4,6)-3(1,2,4)-5(1,2,3,6)-7(1,2,3,6)-0(4,5,6,7)
#4: 2-6(2)-4(2,6)-1(4,6)-3(1,2,4)-5(1,2,3,6)-7(1,2,3,6)-0(4,5,6,7)
#5: 3-1(3)-4(1,3)-6(1,4)-2(3,4,6)-5(1,2,3,6)-7(1,2,3,6)-0(4,5,6,7)
#6: 3-2(3)-4(2,3)-6(2,4)-1(3,4,6)-5(1,2,3,6)-7(1,2,3,6)-0(4,5,6,7)
#7: 3-4(3)-1(3,4)-6(1,4)-2(3,4,6)-5(1,2,3,6)-7(1,2,3,6)-0(4,5,6,7)
#8: 5-1(5)-6(1,5)-2(5,6)-3(1,2,5)-4(1,2,3,6)-7(1,2,3,6)-0(4,5,6,7)
#9: 5-2(5)-6(2,5)-1(5,6)-3(1,2,5)-4(1,2,3,6)-7(1,2,3,6)-0(4,5,6,7)
#10: 5-3(5)-1(3,5)-6(1,5)-2(3,5,6)-4(1,2,3,6)-7(1,2,3,6)-0(4,5,6,7)
#11: 5-6(5)-1(5,6)-2(5,6)-3(1,2,5)-4(1,2,3,6)-7(1,2,3,6)-0(4,5,6,7)
#12: 7-1(7)-6(1,7)-2(6,7)-3(1,2,7)-4(1,2,3,6)-5(1,2,3,6)-0(4,5,6,7)
#13: 7-2(7)-6(2,7)-1(6,7)-3(1,2,7)-4(1,2,3,6)-5(1,2,3,6)-0(4,5,6,7)
#14: 7-3(7)-1(3,7)-6(1,7)-2(3,6,7)-4(1,2,3,6)-5(1,2,3,6)-0(4,5,6,7)
#15: 7-6(7)-1(6,7)-2(6,7)-3(1,2,7)-4(1,2,3,6)-5(1,2,3,6)-0(4,5,6,7)
#16: 0-4(0)-6(0,4)-1(4,6)-5(0,1,6)-2(4,5,6)-3(1,2,4,5)-7(0,1,2,3,6)
#17: 0-5(0)-6(0,5)-1(5,6)-4(0,1,6)-2(4,5,6)-3(1,2,4,5)-7(0,1,2,3,6)
#18: 0-6(0)-4(0,6)-1(4,6)-5(0,1,6)-2(4,5,6)-3(1,2,4,5)-7(0,1,2,3,6)
#19: 0-7(0)-6(0,7)-1(6,7)-4(0,1,6)-2(4,6,7)-3(1,2,4,7)-5(0,1,2,3,6)

Preprocessing: 0.193ms
--------- Incremental Matching --------
auto_tuning off:0
use 1 threads for incresemental matching 
Start with 244341 Update
Incremental Matching: 515.046ms
0 vertex updates.
244341 edge updates.
93 unsafe updates.
23904 positive matches.
0 negative matches.

# edges in index in total: 0
# vertices in index in total: 0
Peak Virtual Memory: 125848 KB

----------------- End -----------------
