----------- Loading graphs ------------
# vertices = 8
# edges = 13
# vertices = 403394
# edges = 2199067
Load Graphs: 1519.43ms
------------ Preprocessing ------------
matching order: 
-vertex(backward neighbors)-
#0: 7-0(7)-3(0,7)-6(0,3,7)-5(0,6)-2(5,7)-1(2,3)-4(7)
#1: 3-0(3)-7(0,3)-6(0,3,7)-5(0,6)-2(5,7)-1(2,3)-4(7)
#2: 3-7(3)-0(3,7)-6(0,3,7)-5(0,6)-2(5,7)-1(2,3)-4(7)
#3: 6-0(6)-7(0,6)-3(0,6,7)-5(0,6)-2(5,7)-1(2,3)-4(7)
#4: 6-3(6)-7(3,6)-0(3,6,7)-5(0,6)-2(5,7)-1(2,3)-4(7)
#5: 6-7(6)-0(6,7)-3(0,6,7)-5(0,6)-2(5,7)-1(2,3)-4(7)
#6: 5-0(5)-6(0,5)-7(0,6)-3(0,6,7)-2(5,7)-1(2,3)-4(7)
#7: 5-6(5)-0(5,6)-7(0,6)-3(0,6,7)-2(5,7)-1(2,3)-4(7)
#8: 2-5(2)-7(2)-0(5,7)-6(0,5,7)-3(0,6,7)-1(2,3)-4(7)
#9: 2-7(2)-0(7)-3(0,7)-6(0,3,7)-5(0,2,6)-1(2,3)-4(7)
#10: 1-2(1)-7(2)-3(1,7)-0(3,7)-6(0,3,7)-5(0,2,6)-4(7)
#11: 1-3(1)-7(3)-0(3,7)-6(0,3,7)-2(1,7)-5(0,2,6)-4(7)
#12: 4-7(4)-0(7)-3(0,7)-6(0,3,7)-5(0,6)-2(5,7)-1(2,3)

Preprocessing: 0.147ms
--------- Incremental Matching --------
auto_tuning off:0
use 1 threads for incresemental matching 
Start with 244341 Update
Incremental Matching: 614.267ms
0 vertex updates.
244341 edge updates.
6690 unsafe updates.
518062 positive matches.
0 negative matches.

# edges in index in total: 0
# vertices in index in total: 0
Peak Virtual Memory: 125852 KB

----------------- End -----------------
