----------- Loading graphs ------------
# vertices = 8
# edges = 14
# vertices = 403394
# edges = 2199067
Load Graphs: 1472.47ms
------------ Preprocessing ------------
matching order: 
-vertex(backward neighbors)-
#0: 0-2(0)-4(0,2)-7(0,2,4)-1(2,7)-5(0,4)-3(0,1)-6(1,5)
#1: 4-0(4)-2(0,4)-7(0,2,4)-1(2,7)-5(0,4)-3(0,1)-6(1,5)
#2: 4-2(4)-0(2,4)-7(0,2,4)-1(2,7)-5(0,4)-3(0,1)-6(1,5)
#3: 7-0(7)-2(0,7)-4(0,2,7)-1(2,7)-5(0,4)-3(0,1)-6(1,5)
#4: 7-2(7)-0(2,7)-4(0,2,7)-1(2,7)-5(0,4)-3(0,1)-6(1,5)
#5: 7-4(7)-0(4,7)-2(0,4,7)-1(2,7)-5(0,4)-3(0,1)-6(1,5)
#6: 1-2(1)-7(1,2)-0(2,7)-4(0,2,7)-5(0,4)-3(0,1)-6(1,5)
#7: 1-7(1)-2(1,7)-0(2,7)-4(0,2,7)-5(0,4)-3(0,1)-6(1,5)
#8: 5-0(5)-4(0,5)-2(0,4)-7(0,2,4)-1(2,7)-3(0,1)-6(1,5)
#9: 5-4(5)-0(4,5)-2(0,4)-7(0,2,4)-1(2,7)-3(0,1)-6(1,5)
#10: 3-0(3)-1(3)-2(0,1)-7(0,1,2)-4(0,2,7)-5(0,4)-6(1,5)
#11: 3-1(3)-0(3)-2(0,1)-7(0,1,2)-4(0,2,7)-5(0,4)-6(1,5)
#12: 6-1(6)-2(1)-7(1,2)-0(2,7)-4(0,2,7)-5(0,4,6)-3(0,1)
#13: 6-5(6)-0(5)-4(0,5)-2(0,4)-7(0,2,4)-1(2,6,7)-3(0,1)

Preprocessing: 0.148ms
--------- Incremental Matching --------
auto_tuning off:0
use 1 threads for incresemental matching 
Start with 244341 Update
Incremental Matching: 642.328ms
0 vertex updates.
244341 edge updates.
5971 unsafe updates.
298840 positive matches.
0 negative matches.

# edges in index in total: 0
# vertices in index in total: 0
Peak Virtual Memory: 125848 KB

----------------- End -----------------
