----------- Loading graphs ------------
# vertices = 8
# edges = 13
# vertices = 403394
# edges = 2199067
Load Graphs: 1535.36ms
------------ Preprocessing ------------
matching order: 
-vertex(backward neighbors)-
#0: 6-5(6)-0(5,6)-4(0,5)-1(4,6)-7(1,5,6)-2(5,6)-3(6)
#1: 0-5(0)-6(0,5)-4(0,5)-1(4,6)-7(1,5,6)-2(5,6)-3(6)
#2: 0-6(0)-5(0,6)-4(0,5)-1(4,6)-7(1,5,6)-2(5,6)-3(6)
#3: 4-0(4)-5(0,4)-6(0,5)-1(4,6)-7(1,5,6)-2(5,6)-3(6)
#4: 4-5(4)-0(4,5)-6(0,5)-1(4,6)-7(1,5,6)-2(5,6)-3(6)
#5: 1-4(1)-6(1)-5(4,6)-0(4,5,6)-7(1,5,6)-2(5,6)-3(6)
#6: 1-6(1)-7(1,6)-5(6,7)-0(5,6)-4(0,1,5)-2(5,6)-3(6)
#7: 7-1(7)-6(1,7)-5(6,7)-0(5,6)-4(0,1,5)-2(5,6)-3(6)
#8: 7-5(7)-6(5,7)-0(5,6)-1(6,7)-4(0,1,5)-2(5,6)-3(6)
#9: 7-6(7)-5(6,7)-0(5,6)-1(6,7)-4(0,1,5)-2(5,6)-3(6)
#10: 2-5(2)-6(2,5)-0(5,6)-4(0,5)-1(4,6)-7(1,5,6)-3(6)
#11: 2-6(2)-5(2,6)-0(5,6)-4(0,5)-1(4,6)-7(1,5,6)-3(6)
#12: 3-6(3)-5(6)-0(5,6)-4(0,5)-1(4,6)-7(1,5,6)-2(5,6)

Preprocessing: 1.201ms
--------- Incremental Matching --------
auto_tuning off:0
use 8 threads for incresemental matching 
Start with 244341 Update
Incremental Matching: 1173.92ms
0 vertex updates.
244341 edge updates.
4915 unsafe updates.
2479548 positive matches.
0 negative matches.

# edges in index in total: 0
# vertices in index in total: 0
Peak Virtual Memory: 835652 KB

----------------- End -----------------
