----------- Loading graphs ------------
# vertices = 8
# edges = 17
# vertices = 403394
# edges = 2199067
Load Graphs: 1317.37ms
------------ Preprocessing ------------
matching order: 
-vertex(backward neighbors)-
#0: 1-5(1)-4(1,5)-7(1,4,5)-3(4,5,7)-2(1,3)-0(1,2,5)-6(1,2,5)
#1: 4-1(4)-5(1,4)-7(1,4,5)-3(4,5,7)-2(1,3)-0(1,2,5)-6(1,2,5)
#2: 4-5(4)-1(4,5)-7(1,4,5)-3(4,5,7)-2(1,3)-0(1,2,5)-6(1,2,5)
#3: 7-1(7)-5(1,7)-4(1,5,7)-3(4,5,7)-2(1,3)-0(1,2,5)-6(1,2,5)
#4: 7-4(7)-1(4,7)-5(1,4,7)-3(4,5,7)-2(1,3)-0(1,2,5)-6(1,2,5)
#5: 7-5(7)-1(5,7)-4(1,5,7)-3(4,5,7)-2(1,3)-0(1,2,5)-6(1,2,5)
#6: 3-4(3)-5(3,4)-7(3,4,5)-1(4,5,7)-2(1,3)-0(1,2,5)-6(1,2,5)
#7: 3-5(3)-4(3,5)-7(3,4,5)-1(4,5,7)-2(1,3)-0(1,2,5)-6(1,2,5)
#8: 3-7(3)-5(3,7)-4(3,5,7)-1(4,5,7)-2(1,3)-0(1,2,5)-6(1,2,5)
#9: 2-1(2)-0(1,2)-5(0,1)-6(1,2,5)-3(2,5)-4(1,3,5)-7(1,3,4,5)
#10: 2-3(2)-1(2)-5(1,3)-4(1,3,5)-7(1,3,4,5)-0(1,2,5)-6(1,2,5)
#11: 0-1(0)-5(0,1)-2(0,1)-6(1,2,5)-3(2,5)-4(1,3,5)-7(1,3,4,5)
#12: 0-2(0)-1(0,2)-5(0,1)-6(1,2,5)-3(2,5)-4(1,3,5)-7(1,3,4,5)
#13: 0-5(0)-1(0,5)-2(0,1)-6(1,2,5)-3(2,5)-4(1,3,5)-7(1,3,4,5)
#14: 6-1(6)-5(1,6)-2(1,6)-0(1,2,5)-3(2,5)-4(1,3,5)-7(1,3,4,5)
#15: 6-2(6)-1(2,6)-5(1,6)-0(1,2,5)-3(2,5)-4(1,3,5)-7(1,3,4,5)
#16: 6-5(6)-1(5,6)-2(1,6)-0(1,2,5)-3(2,5)-4(1,3,5)-7(1,3,4,5)

Preprocessing: 1.269ms
--------- Incremental Matching --------
auto_tuning off:0
use 8 threads for incresemental matching 
Start with 244341 Update
Incremental Matching: 845.31ms
0 vertex updates.
244341 edge updates.
2681 unsafe updates.
56136 positive matches.
0 negative matches.

# edges in index in total: 0
# vertices in index in total: 0
Peak Virtual Memory: 835656 KB

----------------- End -----------------
