----------- Loading graphs ------------
# vertices = 8
# edges = 19
# vertices = 403394
# edges = 2199067
Load Graphs: 1294.61ms
------------ Preprocessing ------------
matching order: 
-vertex(backward neighbors)-
#0: 6-1(6)-2(1,6)-7(1,2,6)-3(1,6,7)-5(1,2,3,6)-0(2,6,7)-4(0,3,6)
#1: 2-1(2)-6(1,2)-7(1,2,6)-3(1,6,7)-5(1,2,3,6)-0(2,6,7)-4(0,3,6)
#2: 2-6(2)-1(2,6)-7(1,2,6)-3(1,6,7)-5(1,2,3,6)-0(2,6,7)-4(0,3,6)
#3: 7-1(7)-6(1,7)-2(1,6,7)-3(1,6,7)-5(1,2,3,6)-0(2,6,7)-4(0,3,6)
#4: 7-2(7)-6(2,7)-1(2,6,7)-3(1,6,7)-5(1,2,3,6)-0(2,6,7)-4(0,3,6)
#5: 7-6(7)-1(6,7)-2(1,6,7)-3(1,6,7)-5(1,2,3,6)-0(2,6,7)-4(0,3,6)
#6: 3-1(3)-6(1,3)-7(1,3,6)-2(1,6,7)-5(1,2,3,6)-0(2,6,7)-4(0,3,6)
#7: 3-6(3)-1(3,6)-7(1,3,6)-2(1,6,7)-5(1,2,3,6)-0(2,6,7)-4(0,3,6)
#8: 3-7(3)-6(3,7)-1(3,6,7)-2(1,6,7)-5(1,2,3,6)-0(2,6,7)-4(0,3,6)
#9: 5-1(5)-6(1,5)-2(1,5,6)-3(1,5,6)-7(1,2,3,6)-0(2,6,7)-4(0,3,6)
#10: 5-2(5)-6(2,5)-1(2,5,6)-3(1,5,6)-7(1,2,3,6)-0(2,6,7)-4(0,3,6)
#11: 5-3(5)-6(3,5)-1(3,5,6)-2(1,5,6)-7(1,2,3,6)-0(2,6,7)-4(0,3,6)
#12: 5-6(5)-1(5,6)-2(1,5,6)-3(1,5,6)-7(1,2,3,6)-0(2,6,7)-4(0,3,6)
#13: 0-2(0)-6(0,2)-7(0,2,6)-1(2,6,7)-3(1,6,7)-5(1,2,3,6)-4(0,3,6)
#14: 0-6(0)-2(0,6)-7(0,2,6)-1(2,6,7)-3(1,6,7)-5(1,2,3,6)-4(0,3,6)
#15: 0-7(0)-6(0,7)-2(0,6,7)-1(2,6,7)-3(1,6,7)-5(1,2,3,6)-4(0,3,6)
#16: 4-0(4)-6(0,4)-2(0,6)-7(0,2,6)-1(2,6,7)-3(1,4,6,7)-5(1,2,3,6)
#17: 4-3(4)-6(3,4)-1(3,6)-7(1,3,6)-2(1,6,7)-0(2,4,6,7)-5(1,2,3,6)
#18: 4-6(4)-3(4,6)-1(3,6)-7(1,3,6)-2(1,6,7)-0(2,4,6,7)-5(1,2,3,6)

Preprocessing: 0.168ms
--------- Incremental Matching --------
auto_tuning off:0
use 1 threads for incresemental matching 
Start with 244341 Update
Incremental Matching: 419.22ms
0 vertex updates.
244341 edge updates.
2093 unsafe updates.
28463 positive matches.
0 negative matches.

# edges in index in total: 0
# vertices in index in total: 0
Peak Virtual Memory: 125844 KB

----------------- End -----------------
