----------- Loading graphs ------------
# vertices = 8
# edges = 7
# vertices = 403394
# edges = 2199067
Load Graphs: 1476.24ms
------------ Preprocessing ------------
matching order: 
-vertex(backward neighbors)-
#0: 1-3(1)-6(1)-5(6)-7(1)-0(7)-2(3)-4(5)
#1: 6-1(6)-3(1)-5(6)-7(1)-0(7)-2(3)-4(5)
#2: 5-6(5)-1(6)-3(1)-7(1)-0(7)-2(3)-4(5)
#3: 7-1(7)-3(1)-6(1)-5(6)-0(7)-2(3)-4(5)
#4: 0-7(0)-1(7)-3(1)-6(1)-5(6)-2(3)-4(5)
#5: 2-3(2)-1(3)-6(1)-5(6)-7(1)-0(7)-4(5)
#6: 4-5(4)-6(5)-1(6)-3(1)-7(1)-0(7)-2(3)

Preprocessing: 0.112ms
--------- Incremental Matching --------
auto_tuning off:0
use 1 threads for incresemental matching 
Start with 244341 Update
Incremental Matching: 158855ms
0 vertex updates.
244341 edge updates.
41686 unsafe updates.
3348071039 positive matches.
0 negative matches.

# edges in index in total: 0
# vertices in index in total: 0
Peak Virtual Memory: 125848 KB

----------------- End -----------------
