----------- Loading graphs ------------
# vertices = 8
# edges = 19
# vertices = 403394
# edges = 2199067
Load Graphs: 1547.74ms
------------ Preprocessing ------------
matching order: 
-vertex(backward neighbors)-
#0: 3-7(3)-0(3,7)-6(0,3,7)-4(0,3,6)-5(3,4,6,7)-1(3,4,7)-2(0,1,7)
#1: 0-3(0)-7(0,3)-6(0,3,7)-4(0,3,6)-5(3,4,6,7)-1(3,4,7)-2(0,1,7)
#2: 0-7(0)-3(0,7)-6(0,3,7)-4(0,3,6)-5(3,4,6,7)-1(3,4,7)-2(0,1,7)
#3: 6-0(6)-3(0,6)-7(0,3,6)-4(0,3,6)-5(3,4,6,7)-1(3,4,7)-2(0,1,7)
#4: 6-3(6)-7(3,6)-0(3,6,7)-4(0,3,6)-5(3,4,6,7)-1(3,4,7)-2(0,1,7)
#5: 6-7(6)-3(6,7)-0(3,6,7)-4(0,3,6)-5(3,4,6,7)-1(3,4,7)-2(0,1,7)
#6: 4-0(4)-3(0,4)-6(0,3,4)-7(0,3,6)-5(3,4,6,7)-1(3,4,7)-2(0,1,7)
#7: 4-3(4)-0(3,4)-6(0,3,4)-7(0,3,6)-5(3,4,6,7)-1(3,4,7)-2(0,1,7)
#8: 4-6(4)-3(4,6)-0(3,4,6)-7(0,3,6)-5(3,4,6,7)-1(3,4,7)-2(0,1,7)
#9: 5-3(5)-7(3,5)-6(3,5,7)-0(3,6,7)-4(0,3,5,6)-1(3,4,7)-2(0,1,7)
#10: 5-4(5)-3(4,5)-6(3,4,5)-7(3,5,6)-0(3,4,6,7)-1(3,4,7)-2(0,1,7)
#11: 5-6(5)-3(5,6)-7(3,5,6)-0(3,6,7)-4(0,3,5,6)-1(3,4,7)-2(0,1,7)
#12: 5-7(5)-3(5,7)-6(3,5,7)-0(3,6,7)-4(0,3,5,6)-1(3,4,7)-2(0,1,7)
#13: 1-3(1)-7(1,3)-0(3,7)-4(0,1,3)-6(0,3,4,7)-5(3,4,6,7)-2(0,1,7)
#14: 1-4(1)-3(1,4)-7(1,3)-0(3,4,7)-6(0,3,4,7)-5(3,4,6,7)-2(0,1,7)
#15: 1-7(1)-3(1,7)-0(3,7)-4(0,1,3)-6(0,3,4,7)-5(3,4,6,7)-2(0,1,7)
#16: 2-0(2)-7(0,2)-3(0,7)-6(0,3,7)-4(0,3,6)-1(2,3,4,7)-5(3,4,6,7)
#17: 2-1(2)-7(1,2)-3(1,7)-0(2,3,7)-4(0,1,3)-6(0,3,4,7)-5(3,4,6,7)
#18: 2-7(2)-0(2,7)-3(0,7)-6(0,3,7)-4(0,3,6)-1(2,3,4,7)-5(3,4,6,7)

Preprocessing: 0.199ms
--------- Incremental Matching --------
auto_tuning off:0
use 1 threads for incresemental matching 
Start with 244341 Update
Incremental Matching: 455.579ms
0 vertex updates.
244341 edge updates.
1511 unsafe updates.
26334 positive matches.
0 negative matches.

# edges in index in total: 0
# vertices in index in total: 0
Peak Virtual Memory: 125848 KB

----------------- End -----------------
