----------- Loading graphs ------------
# vertices = 8
# edges = 13
# vertices = 403394
# edges = 2199067
Load Graphs: 1507ms
------------ Preprocessing ------------
matching order: 
-vertex(backward neighbors)-
#0: 6-4(6)-5(4,6)-1(5,6)-0(1,6)-2(4,5)-3(2,4,6)-7(0)
#1: 5-4(5)-6(4,5)-1(5,6)-0(1,6)-2(4,5)-3(2,4,6)-7(0)
#2: 5-6(5)-4(5,6)-1(5,6)-0(1,6)-2(4,5)-3(2,4,6)-7(0)
#3: 1-5(1)-6(1,5)-4(5,6)-0(1,6)-2(4,5)-3(2,4,6)-7(0)
#4: 1-6(1)-5(1,6)-4(5,6)-0(1,6)-2(4,5)-3(2,4,6)-7(0)
#5: 0-1(0)-6(0,1)-5(1,6)-4(5,6)-2(4,5)-3(2,4,6)-7(0)
#6: 0-6(0)-1(0,6)-5(1,6)-4(5,6)-2(4,5)-3(2,4,6)-7(0)
#7: 2-4(2)-5(2,4)-6(4,5)-3(2,4,6)-1(5,6)-0(1,6)-7(0)
#8: 2-5(2)-4(2,5)-6(4,5)-3(2,4,6)-1(5,6)-0(1,6)-7(0)
#9: 3-2(3)-4(2,3)-6(3,4)-5(2,4,6)-1(5,6)-0(1,6)-7(0)
#10: 3-4(3)-6(3,4)-5(4,6)-2(3,4,5)-1(5,6)-0(1,6)-7(0)
#11: 3-6(3)-4(3,6)-5(4,6)-2(3,4,5)-1(5,6)-0(1,6)-7(0)
#12: 7-0(7)-6(0)-1(0,6)-5(1,6)-4(5,6)-2(4,5)-3(2,4,6)

Preprocessing: 1.191ms
--------- Incremental Matching --------
auto_tuning off:0
use 8 threads for incresemental matching 
Start with 244341 Update
Incremental Matching: 965.028ms
0 vertex updates.
244341 edge updates.
8360 unsafe updates.
628777 positive matches.
0 negative matches.

# edges in index in total: 0
# vertices in index in total: 0
Peak Virtual Memory: 835648 KB

----------------- End -----------------
