----------- Loading graphs ------------
# vertices = 8
# edges = 16
# vertices = 403394
# edges = 2199067
Load Graphs: 1513.47ms
------------ Preprocessing ------------
matching order: 
-vertex(backward neighbors)-
#0: 7-1(7)-2(1,7)-3(1,2,7)-4(1,2)-0(3,4,7)-5(4,7)-6(4,5,7)
#1: 2-1(2)-7(1,2)-3(1,2,7)-4(1,2)-0(3,4,7)-5(4,7)-6(4,5,7)
#2: 2-7(2)-1(2,7)-3(1,2,7)-4(1,2)-0(3,4,7)-5(4,7)-6(4,5,7)
#3: 3-1(3)-7(1,3)-2(1,3,7)-4(1,2)-0(3,4,7)-5(4,7)-6(4,5,7)
#4: 3-2(3)-7(2,3)-1(2,3,7)-4(1,2)-0(3,4,7)-5(4,7)-6(4,5,7)
#5: 3-7(3)-1(3,7)-2(1,3,7)-4(1,2)-0(3,4,7)-5(4,7)-6(4,5,7)
#6: 4-1(4)-2(1,4)-7(1,2)-3(1,2,7)-0(3,4,7)-5(4,7)-6(4,5,7)
#7: 4-2(4)-1(2,4)-7(1,2)-3(1,2,7)-0(3,4,7)-5(4,7)-6(4,5,7)
#8: 0-3(0)-7(0,3)-1(3,7)-2(1,3,7)-4(0,1,2)-5(4,7)-6(4,5,7)
#9: 0-4(0)-7(0)-1(4,7)-2(1,4,7)-3(0,1,2,7)-5(4,7)-6(4,5,7)
#10: 0-7(0)-3(0,7)-1(3,7)-2(1,3,7)-4(0,1,2)-5(4,7)-6(4,5,7)
#11: 5-4(5)-6(4,5)-7(5,6)-1(4,7)-2(1,4,7)-3(1,2,7)-0(3,4,7)
#12: 5-7(5)-6(5,7)-4(5,6)-1(4,7)-2(1,4,7)-3(1,2,7)-0(3,4,7)
#13: 6-4(6)-5(4,6)-7(5,6)-1(4,7)-2(1,4,7)-3(1,2,7)-0(3,4,7)
#14: 6-5(6)-7(5,6)-4(5,6)-1(4,7)-2(1,4,7)-3(1,2,7)-0(3,4,7)
#15: 6-7(6)-5(6,7)-4(5,6)-1(4,7)-2(1,4,7)-3(1,2,7)-0(3,4,7)

Preprocessing: 0.165ms
--------- Incremental Matching --------
auto_tuning off:0
use 1 threads for incresemental matching 
Start with 244341 Update
Incremental Matching: 495.822ms
0 vertex updates.
244341 edge updates.
4597 unsafe updates.
90365 positive matches.
0 negative matches.

# edges in index in total: 0
# vertices in index in total: 0
Peak Virtual Memory: 125848 KB

----------------- End -----------------
