----------- Loading graphs ------------
# vertices = 8
# edges = 8
# vertices = 403394
# edges = 2199067
Load Graphs: 1496.09ms
------------ Preprocessing ------------
matching order: 
-vertex(backward neighbors)-
#0: 5-6(5)-7(5)-1(6,7)-2(7)-0(2)-3(6)-4(5)
#1: 7-5(7)-6(5)-1(6,7)-2(7)-0(2)-3(6)-4(5)
#2: 1-6(1)-5(6)-7(1,5)-2(7)-0(2)-3(6)-4(5)
#3: 1-7(1)-5(7)-6(1,5)-2(7)-0(2)-3(6)-4(5)
#4: 2-7(2)-5(7)-6(5)-1(6,7)-0(2)-3(6)-4(5)
#5: 0-2(0)-7(2)-5(7)-6(5)-1(6,7)-3(6)-4(5)
#6: 3-6(3)-5(6)-7(5)-1(6,7)-2(7)-0(2)-4(5)
#7: 4-5(4)-6(5)-7(5)-1(6,7)-2(7)-0(2)-3(6)

Preprocessing: 0.138ms
--------- Incremental Matching --------
auto_tuning off:0
use 1 threads for incresemental matching 
Start with 244341 Update
Incremental Matching: 75616.3ms
0 vertex updates.
244341 edge updates.
35061 unsafe updates.
1374740198 positive matches.
0 negative matches.

# edges in index in total: 0
# vertices in index in total: 0
Peak Virtual Memory: 125848 KB

----------------- End -----------------
