----------- Loading graphs ------------
# vertices = 8
# edges = 10
# vertices = 403394
# edges = 2199067
Load Graphs: 1521.58ms
------------ Preprocessing ------------
matching order: 
-vertex(backward neighbors)-
#0: 2-1(2)-4(1,2)-5(2)-3(2,5)-7(2,5)-6(1)-0(6)
#1: 4-1(4)-2(1,4)-5(2)-3(2,5)-7(2,5)-6(1)-0(6)
#2: 4-2(4)-1(2,4)-5(2)-3(2,5)-7(2,5)-6(1)-0(6)
#3: 5-2(5)-3(2,5)-7(2,5)-1(2)-4(1,2)-6(1)-0(6)
#4: 3-2(3)-5(2,3)-7(2,5)-1(2)-4(1,2)-6(1)-0(6)
#5: 3-5(3)-2(3,5)-7(2,5)-1(2)-4(1,2)-6(1)-0(6)
#6: 7-2(7)-5(2,7)-3(2,5)-1(2)-4(1,2)-6(1)-0(6)
#7: 7-5(7)-2(5,7)-3(2,5)-1(2)-4(1,2)-6(1)-0(6)
#8: 6-1(6)-2(1)-4(1,2)-5(2)-3(2,5)-7(2,5)-0(6)
#9: 0-6(0)-1(6)-2(1)-4(1,2)-5(2)-3(2,5)-7(2,5)

Preprocessing: 0.132ms
--------- Incremental Matching --------
auto_tuning off:0
use 1 threads for incresemental matching 
Start with 244341 Update
Incremental Matching: 3040.01ms
0 vertex updates.
244341 edge updates.
23521 unsafe updates.
36900183 positive matches.
0 negative matches.

# edges in index in total: 0
# vertices in index in total: 0
Peak Virtual Memory: 125848 KB

----------------- End -----------------
