----------- Loading graphs ------------
# vertices = 8
# edges = 9
# vertices = 403394
# edges = 2199067
Load Graphs: 1504.29ms
------------ Preprocessing ------------
matching order: 
-vertex(backward neighbors)-
#0: 7-0(7)-5(0,7)-2(5,7)-4(0)-3(4)-1(3)-6(7)
#1: 5-0(5)-7(0,5)-2(5,7)-4(0)-3(4)-1(3)-6(7)
#2: 5-7(5)-0(5,7)-2(5,7)-4(0)-3(4)-1(3)-6(7)
#3: 2-5(2)-7(2,5)-0(5,7)-4(0)-3(4)-1(3)-6(7)
#4: 2-7(2)-5(2,7)-0(5,7)-4(0)-3(4)-1(3)-6(7)
#5: 4-0(4)-7(0)-5(0,7)-2(5,7)-3(4)-1(3)-6(7)
#6: 3-4(3)-0(4)-7(0)-5(0,7)-2(5,7)-1(3)-6(7)
#7: 1-3(1)-4(3)-0(4)-7(0)-5(0,7)-2(5,7)-6(7)
#8: 6-7(6)-0(7)-5(0,7)-2(5,7)-4(0)-3(4)-1(3)

Preprocessing: 1.211ms
--------- Incremental Matching --------
auto_tuning off:0
use 8 threads for incresemental matching 
Start with 244341 Update
Incremental Matching: 4832.05ms
0 vertex updates.
244341 edge updates.
27009 unsafe updates.
151367916 positive matches.
0 negative matches.

# edges in index in total: 0
# vertices in index in total: 0
Peak Virtual Memory: 770900 KB

----------------- End -----------------
