----------- Loading graphs ------------
# vertices = 8
# edges = 17
# vertices = 403394
# edges = 2199067
Load Graphs: 1288.2ms
------------ Preprocessing ------------
matching order: 
-vertex(backward neighbors)-
#0: 4-5(4)-0(4,5)-7(0,4)-1(0,5,7)-2(4,5,7)-6(1,4,5)-3(2,6,7)
#1: 0-4(0)-5(0,4)-7(0,4)-1(0,5,7)-2(4,5,7)-6(1,4,5)-3(2,6,7)
#2: 0-5(0)-4(0,5)-7(0,4)-1(0,5,7)-2(4,5,7)-6(1,4,5)-3(2,6,7)
#3: 7-0(7)-4(0,7)-5(0,4)-1(0,5,7)-2(4,5,7)-6(1,4,5)-3(2,6,7)
#4: 7-4(7)-0(4,7)-5(0,4)-1(0,5,7)-2(4,5,7)-6(1,4,5)-3(2,6,7)
#5: 1-0(1)-5(0,1)-4(0,5)-7(0,1,4)-2(4,5,7)-6(1,4,5)-3(2,6,7)
#6: 1-5(1)-0(1,5)-4(0,5)-7(0,1,4)-2(4,5,7)-6(1,4,5)-3(2,6,7)
#7: 1-7(1)-0(1,7)-4(0,7)-5(0,1,4)-2(4,5,7)-6(1,4,5)-3(2,6,7)
#8: 2-4(2)-5(2,4)-7(2,4)-0(4,5,7)-1(0,5,7)-6(1,4,5)-3(2,6,7)
#9: 2-5(2)-4(2,5)-7(2,4)-0(4,5,7)-1(0,5,7)-6(1,4,5)-3(2,6,7)
#10: 2-7(2)-4(2,7)-5(2,4)-0(4,5,7)-1(0,5,7)-6(1,4,5)-3(2,6,7)
#11: 6-1(6)-5(1,6)-4(5,6)-0(1,4,5)-7(0,1,4)-2(4,5,7)-3(2,6,7)
#12: 6-4(6)-5(4,6)-0(4,5)-1(0,5,6)-7(0,1,4)-2(4,5,7)-3(2,6,7)
#13: 6-5(6)-4(5,6)-0(4,5)-1(0,5,6)-7(0,1,4)-2(4,5,7)-3(2,6,7)
#14: 3-2(3)-7(2,3)-4(2,7)-5(2,4)-0(4,5,7)-1(0,5,7)-6(1,3,4,5)
#15: 3-6(3)-4(6)-5(4,6)-2(3,4,5)-7(2,3,4)-0(4,5,7)-1(0,5,6,7)
#16: 3-7(3)-2(3,7)-4(2,7)-5(2,4)-0(4,5,7)-1(0,5,7)-6(1,3,4,5)

Preprocessing: 0.148ms
--------- Incremental Matching --------
auto_tuning off:0
use 1 threads for incresemental matching 
Start with 244341 Update
Incremental Matching: 467.298ms
0 vertex updates.
244341 edge updates.
2985 unsafe updates.
38544 positive matches.
0 negative matches.

# edges in index in total: 0
# vertices in index in total: 0
Peak Virtual Memory: 125860 KB

----------------- End -----------------
