----------- Loading graphs ------------
# vertices = 8
# edges = 19
# vertices = 403394
# edges = 2199067
Load Graphs: 1490.7ms
------------ Preprocessing ------------
matching order: 
-vertex(backward neighbors)-
#0: 5-7(5)-0(5,7)-1(0,5,7)-2(1,7)-3(0,2,5)-4(2,3,5,7)-6(2,3,5,7)
#1: 0-5(0)-7(0,5)-1(0,5,7)-2(1,7)-3(0,2,5)-4(2,3,5,7)-6(2,3,5,7)
#2: 0-7(0)-5(0,7)-1(0,5,7)-2(1,7)-3(0,2,5)-4(2,3,5,7)-6(2,3,5,7)
#3: 1-0(1)-5(0,1)-7(0,1,5)-2(1,7)-3(0,2,5)-4(2,3,5,7)-6(2,3,5,7)
#4: 1-5(1)-7(1,5)-0(1,5,7)-2(1,7)-3(0,2,5)-4(2,3,5,7)-6(2,3,5,7)
#5: 1-7(1)-5(1,7)-0(1,5,7)-2(1,7)-3(0,2,5)-4(2,3,5,7)-6(2,3,5,7)
#6: 2-1(2)-7(1,2)-5(1,7)-0(1,5,7)-3(0,2,5)-4(2,3,5,7)-6(2,3,5,7)
#7: 2-7(2)-1(2,7)-5(1,7)-0(1,5,7)-3(0,2,5)-4(2,3,5,7)-6(2,3,5,7)
#8: 3-0(3)-5(0,3)-7(0,5)-1(0,5,7)-2(1,3,7)-4(2,3,5,7)-6(2,3,5,7)
#9: 3-2(3)-4(2,3)-5(3,4)-7(2,4,5)-6(2,3,5,7)-0(3,5,7)-1(0,2,5,7)
#10: 3-5(3)-0(3,5)-7(0,5)-1(0,5,7)-2(1,3,7)-4(2,3,5,7)-6(2,3,5,7)
#11: 4-2(4)-7(2,4)-5(4,7)-3(2,4,5)-6(2,3,5,7)-0(3,5,7)-1(0,2,5,7)
#12: 4-3(4)-5(3,4)-7(4,5)-2(3,4,7)-6(2,3,5,7)-0(3,5,7)-1(0,2,5,7)
#13: 4-5(4)-7(4,5)-2(4,7)-3(2,4,5)-6(2,3,5,7)-0(3,5,7)-1(0,2,5,7)
#14: 4-7(4)-5(4,7)-2(4,7)-3(2,4,5)-6(2,3,5,7)-0(3,5,7)-1(0,2,5,7)
#15: 6-2(6)-7(2,6)-5(6,7)-3(2,5,6)-4(2,3,5,7)-0(3,5,7)-1(0,2,5,7)
#16: 6-3(6)-5(3,6)-7(5,6)-2(3,6,7)-4(2,3,5,7)-0(3,5,7)-1(0,2,5,7)
#17: 6-5(6)-7(5,6)-2(6,7)-3(2,5,6)-4(2,3,5,7)-0(3,5,7)-1(0,2,5,7)
#18: 6-7(6)-5(6,7)-2(6,7)-3(2,5,6)-4(2,3,5,7)-0(3,5,7)-1(0,2,5,7)

Preprocessing: 1.241ms
--------- Incremental Matching --------
auto_tuning off:0
use 8 threads for incresemental matching 
Start with 244341 Update
Incremental Matching: 814.962ms
0 vertex updates.
244341 edge updates.
2255 unsafe updates.
28506 positive matches.
0 negative matches.

# edges in index in total: 0
# vertices in index in total: 0
Peak Virtual Memory: 771024 KB

----------------- End -----------------
