----------- Loading graphs ------------
# vertices = 8
# edges = 21
# vertices = 403394
# edges = 2199067
Load Graphs: 1492.13ms
------------ Preprocessing ------------
matching order: 
-vertex(backward neighbors)-
#0: 1-2(1)-4(1,2)-0(1,2,4)-5(0,1,4)-6(0,1,2,5)-3(2,4,5,6)-7(1,2,3,4)
#1: 4-1(4)-2(1,4)-0(1,2,4)-5(0,1,4)-6(0,1,2,5)-3(2,4,5,6)-7(1,2,3,4)
#2: 4-2(4)-1(2,4)-0(1,2,4)-5(0,1,4)-6(0,1,2,5)-3(2,4,5,6)-7(1,2,3,4)
#3: 0-1(0)-2(0,1)-4(0,1,2)-5(0,1,4)-6(0,1,2,5)-3(2,4,5,6)-7(1,2,3,4)
#4: 0-2(0)-1(0,2)-4(0,1,2)-5(0,1,4)-6(0,1,2,5)-3(2,4,5,6)-7(1,2,3,4)
#5: 0-4(0)-1(0,4)-2(0,1,4)-5(0,1,4)-6(0,1,2,5)-3(2,4,5,6)-7(1,2,3,4)
#6: 5-0(5)-1(0,5)-4(0,1,5)-2(0,1,4)-6(0,1,2,5)-3(2,4,5,6)-7(1,2,3,4)
#7: 5-1(5)-4(1,5)-0(1,4,5)-2(0,1,4)-6(0,1,2,5)-3(2,4,5,6)-7(1,2,3,4)
#8: 5-4(5)-1(4,5)-0(1,4,5)-2(0,1,4)-6(0,1,2,5)-3(2,4,5,6)-7(1,2,3,4)
#9: 6-0(6)-1(0,6)-2(0,1,6)-4(0,1,2)-5(0,1,4,6)-3(2,4,5,6)-7(1,2,3,4)
#10: 6-1(6)-2(1,6)-0(1,2,6)-4(0,1,2)-5(0,1,4,6)-3(2,4,5,6)-7(1,2,3,4)
#11: 6-2(6)-1(2,6)-0(1,2,6)-4(0,1,2)-5(0,1,4,6)-3(2,4,5,6)-7(1,2,3,4)
#12: 6-5(6)-1(5,6)-0(1,5,6)-2(0,1,6)-4(0,1,2,5)-3(2,4,5,6)-7(1,2,3,4)
#13: 3-2(3)-4(2,3)-7(2,3,4)-1(2,4,7)-0(1,2,4)-5(0,1,3,4)-6(0,1,2,3,5)
#14: 3-4(3)-2(3,4)-7(2,3,4)-1(2,4,7)-0(1,2,4)-5(0,1,3,4)-6(0,1,2,3,5)
#15: 3-5(3)-4(3,5)-1(4,5)-2(1,3,4)-0(1,2,4,5)-6(0,1,2,3,5)-7(1,2,3,4)
#16: 3-6(3)-2(3,6)-1(2,6)-4(1,2,3)-0(1,2,4,6)-5(0,1,3,4,6)-7(1,2,3,4)
#17: 7-1(7)-2(1,7)-4(1,2,7)-0(1,2,4)-3(2,4,7)-5(0,1,3,4)-6(0,1,2,3,5)
#18: 7-2(7)-1(2,7)-4(1,2,7)-0(1,2,4)-3(2,4,7)-5(0,1,3,4)-6(0,1,2,3,5)
#19: 7-3(7)-2(3,7)-4(2,3,7)-1(2,4,7)-0(1,2,4)-5(0,1,3,4)-6(0,1,2,3,5)
#20: 7-4(7)-1(4,7)-2(1,4,7)-0(1,2,4)-3(2,4,7)-5(0,1,3,4)-6(0,1,2,3,5)

Preprocessing: 0.201ms
--------- Incremental Matching --------
auto_tuning off:0
use 1 threads for incresemental matching 
Start with 244341 Update
Incremental Matching: 497.609ms
0 vertex updates.
244341 edge updates.
1258 unsafe updates.
14764 positive matches.
0 negative matches.

# edges in index in total: 0
# vertices in index in total: 0
Peak Virtual Memory: 125852 KB

----------------- End -----------------
