----------- Loading graphs ------------
# vertices = 8
# edges = 16
# vertices = 403394
# edges = 2199067
Load Graphs: 1502.23ms
------------ Preprocessing ------------
matching order: 
-vertex(backward neighbors)-
#0: 2-1(2)-4(1,2)-6(1,4)-5(1,2,6)-3(2,6)-0(2,3,5)-7(3,4,6)
#1: 4-1(4)-2(1,4)-6(1,4)-5(1,2,6)-3(2,6)-0(2,3,5)-7(3,4,6)
#2: 4-2(4)-1(2,4)-6(1,4)-5(1,2,6)-3(2,6)-0(2,3,5)-7(3,4,6)
#3: 6-1(6)-4(1,6)-2(1,4)-5(1,2,6)-3(2,6)-0(2,3,5)-7(3,4,6)
#4: 6-4(6)-1(4,6)-2(1,4)-5(1,2,6)-3(2,6)-0(2,3,5)-7(3,4,6)
#5: 5-1(5)-2(1,5)-6(1,5)-4(1,2,6)-3(2,6)-0(2,3,5)-7(3,4,6)
#6: 5-2(5)-1(2,5)-6(1,5)-4(1,2,6)-3(2,6)-0(2,3,5)-7(3,4,6)
#7: 5-6(5)-1(5,6)-2(1,5)-4(1,2,6)-3(2,6)-0(2,3,5)-7(3,4,6)
#8: 3-2(3)-0(2,3)-5(0,2)-6(3,5)-1(2,5,6)-4(1,2,6)-7(3,4,6)
#9: 3-6(3)-7(3,6)-4(6,7)-2(3,4)-1(2,4,6)-5(1,2,6)-0(2,3,5)
#10: 0-2(0)-3(0,2)-5(0,2)-6(3,5)-1(2,5,6)-4(1,2,6)-7(3,4,6)
#11: 0-3(0)-2(0,3)-5(0,2)-6(3,5)-1(2,5,6)-4(1,2,6)-7(3,4,6)
#12: 0-5(0)-2(0,5)-1(2,5)-6(1,5)-3(0,2,6)-4(1,2,6)-7(3,4,6)
#13: 7-3(7)-6(3,7)-4(6,7)-2(3,4)-1(2,4,6)-5(1,2,6)-0(2,3,5)
#14: 7-4(7)-6(4,7)-1(4,6)-2(1,4)-3(2,6,7)-5(1,2,6)-0(2,3,5)
#15: 7-6(7)-3(6,7)-4(6,7)-2(3,4)-1(2,4,6)-5(1,2,6)-0(2,3,5)

Preprocessing: 1.489ms
--------- Incremental Matching --------
auto_tuning off:0
use 8 threads for incresemental matching 
Start with 244341 Update
Incremental Matching: 766.478ms
0 vertex updates.
244341 edge updates.
2137 unsafe updates.
48372 positive matches.
0 negative matches.

# edges in index in total: 0
# vertices in index in total: 0
Peak Virtual Memory: 835656 KB

----------------- End -----------------
