----------- Loading graphs ------------
# vertices = 8
# edges = 16
# vertices = 403394
# edges = 2199067
Load Graphs: 1309.24ms
------------ Preprocessing ------------
matching order: 
-vertex(backward neighbors)-
#0: 7-3(7)-5(3,7)-6(3,7)-1(5,6,7)-4(5,6,7)-0(3,5)-2(0,3,7)
#1: 5-3(5)-7(3,5)-6(3,7)-1(5,6,7)-4(5,6,7)-0(3,5)-2(0,3,7)
#2: 5-7(5)-3(5,7)-6(3,7)-1(5,6,7)-4(5,6,7)-0(3,5)-2(0,3,7)
#3: 6-3(6)-7(3,6)-5(3,7)-1(5,6,7)-4(5,6,7)-0(3,5)-2(0,3,7)
#4: 6-7(6)-3(6,7)-5(3,7)-1(5,6,7)-4(5,6,7)-0(3,5)-2(0,3,7)
#5: 1-5(1)-7(1,5)-3(5,7)-6(1,3,7)-4(5,6,7)-0(3,5)-2(0,3,7)
#6: 1-6(1)-7(1,6)-3(6,7)-5(1,3,7)-4(5,6,7)-0(3,5)-2(0,3,7)
#7: 1-7(1)-5(1,7)-3(5,7)-6(1,3,7)-4(5,6,7)-0(3,5)-2(0,3,7)
#8: 4-5(4)-7(4,5)-3(5,7)-6(3,4,7)-1(5,6,7)-0(3,5)-2(0,3,7)
#9: 4-6(4)-7(4,6)-3(6,7)-5(3,4,7)-1(5,6,7)-0(3,5)-2(0,3,7)
#10: 4-7(4)-5(4,7)-3(5,7)-6(3,4,7)-1(5,6,7)-0(3,5)-2(0,3,7)
#11: 0-3(0)-5(0,3)-7(3,5)-2(0,3,7)-6(3,7)-1(5,6,7)-4(5,6,7)
#12: 0-5(0)-3(0,5)-7(3,5)-2(0,3,7)-6(3,7)-1(5,6,7)-4(5,6,7)
#13: 2-0(2)-3(0,2)-7(2,3)-5(0,3,7)-6(3,7)-1(5,6,7)-4(5,6,7)
#14: 2-3(2)-7(2,3)-5(3,7)-0(2,3,5)-6(3,7)-1(5,6,7)-4(5,6,7)
#15: 2-7(2)-3(2,7)-5(3,7)-0(2,3,5)-6(3,7)-1(5,6,7)-4(5,6,7)

Preprocessing: 1.164ms
--------- Incremental Matching --------
auto_tuning off:0
use 8 threads for incresemental matching 
Start with 244341 Update
Incremental Matching: 741.723ms
0 vertex updates.
244341 edge updates.
2282 unsafe updates.
77478 positive matches.
0 negative matches.

# edges in index in total: 0
# vertices in index in total: 0
Peak Virtual Memory: 770892 KB

----------------- End -----------------
