----------- Loading graphs ------------
# vertices = 8
# edges = 10
# vertices = 403394
# edges = 2199067
Load Graphs: 1486.86ms
------------ Preprocessing ------------
matching order: 
-vertex(backward neighbors)-
#0: 0-1(0)-2(0,1)-3(1)-5(0,3)-4(2,5)-6(4)-7(3)
#1: 2-0(2)-1(0,2)-3(1)-5(0,3)-4(2,5)-6(4)-7(3)
#2: 2-1(2)-0(1,2)-3(1)-5(0,3)-4(2,5)-6(4)-7(3)
#3: 3-1(3)-0(1)-2(0,1)-5(0,3)-4(2,5)-6(4)-7(3)
#4: 5-0(5)-1(0)-2(0,1)-3(1,5)-4(2,5)-6(4)-7(3)
#5: 5-3(5)-0(5)-1(0,3)-2(0,1)-4(2,5)-6(4)-7(3)
#6: 4-2(4)-0(2)-1(0,2)-5(0,4)-3(1,5)-6(4)-7(3)
#7: 4-5(4)-0(5)-2(0,4)-1(0,2)-3(1,5)-6(4)-7(3)
#8: 6-4(6)-2(4)-0(2)-1(0,2)-5(0,4)-3(1,5)-7(3)
#9: 7-3(7)-1(3)-0(1)-2(0,1)-5(0,3)-4(2,5)-6(4)

Preprocessing: 1.066ms
--------- Incremental Matching --------
auto_tuning off:0
use 8 threads for incresemental matching 
Start with 244341 Update
Incremental Matching: 2496.81ms
0 vertex updates.
244341 edge updates.
15360 unsafe updates.
10297448 positive matches.
0 negative matches.

# edges in index in total: 0
# vertices in index in total: 0
Peak Virtual Memory: 770768 KB

----------------- End -----------------
