----------- Loading graphs ------------
# vertices = 8
# edges = 20
# vertices = 403394
# edges = 2199067
Load Graphs: 1510.19ms
------------ Preprocessing ------------
matching order: 
-vertex(backward neighbors)-
#0: 0-2(0)-1(0,2)-6(0,1,2)-3(1,2,6)-7(0,1,2,3)-4(0,2,3)-5(0,3,4,6)
#1: 1-0(1)-2(0,1)-6(0,1,2)-3(1,2,6)-7(0,1,2,3)-4(0,2,3)-5(0,3,4,6)
#2: 1-2(1)-0(1,2)-6(0,1,2)-3(1,2,6)-7(0,1,2,3)-4(0,2,3)-5(0,3,4,6)
#3: 6-0(6)-2(0,6)-1(0,2,6)-3(1,2,6)-7(0,1,2,3)-4(0,2,3)-5(0,3,4,6)
#4: 6-1(6)-0(1,6)-2(0,1,6)-3(1,2,6)-7(0,1,2,3)-4(0,2,3)-5(0,3,4,6)
#5: 6-2(6)-0(2,6)-1(0,2,6)-3(1,2,6)-7(0,1,2,3)-4(0,2,3)-5(0,3,4,6)
#6: 3-1(3)-2(1,3)-6(1,2,3)-0(1,2,6)-7(0,1,2,3)-4(0,2,3)-5(0,3,4,6)
#7: 3-2(3)-1(2,3)-6(1,2,3)-0(1,2,6)-7(0,1,2,3)-4(0,2,3)-5(0,3,4,6)
#8: 3-6(3)-2(3,6)-1(2,3,6)-0(1,2,6)-7(0,1,2,3)-4(0,2,3)-5(0,3,4,6)
#9: 7-0(7)-2(0,7)-1(0,2,7)-3(1,2,7)-6(0,1,2,3)-4(0,2,3)-5(0,3,4,6)
#10: 7-1(7)-0(1,7)-2(0,1,7)-3(1,2,7)-6(0,1,2,3)-4(0,2,3)-5(0,3,4,6)
#11: 7-2(7)-0(2,7)-1(0,2,7)-3(1,2,7)-6(0,1,2,3)-4(0,2,3)-5(0,3,4,6)
#12: 7-3(7)-2(3,7)-1(2,3,7)-0(1,2,7)-6(0,1,2,3)-4(0,2,3)-5(0,3,4,6)
#13: 4-0(4)-2(0,4)-3(2,4)-1(0,2,3)-6(0,1,2,3)-5(0,3,4,6)-7(0,1,2,3)
#14: 4-2(4)-0(2,4)-3(2,4)-1(0,2,3)-6(0,1,2,3)-5(0,3,4,6)-7(0,1,2,3)
#15: 4-3(4)-2(3,4)-0(2,4)-1(0,2,3)-6(0,1,2,3)-5(0,3,4,6)-7(0,1,2,3)
#16: 5-0(5)-6(0,5)-2(0,6)-3(2,5,6)-1(0,2,3,6)-4(0,2,3,5)-7(0,1,2,3)
#17: 5-3(5)-6(3,5)-0(5,6)-2(0,3,6)-1(0,2,3,6)-4(0,2,3,5)-7(0,1,2,3)
#18: 5-4(5)-0(4,5)-2(0,4)-3(2,4,5)-6(0,2,3,5)-1(0,2,3,6)-7(0,1,2,3)
#19: 5-6(5)-0(5,6)-2(0,6)-3(2,5,6)-1(0,2,3,6)-4(0,2,3,5)-7(0,1,2,3)

Preprocessing: 0.183ms
--------- Incremental Matching --------
auto_tuning off:0
use 1 threads for incresemental matching 
Start with 244341 Update
Incremental Matching: 473.721ms
0 vertex updates.
244341 edge updates.
1622 unsafe updates.
18697 positive matches.
0 negative matches.

# edges in index in total: 0
# vertices in index in total: 0
Peak Virtual Memory: 125844 KB

----------------- End -----------------
