----------- Loading graphs ------------
# vertices = 8
# edges = 14
# vertices = 403394
# edges = 2199067
Load Graphs: 1492.86ms
------------ Preprocessing ------------
matching order: 
-vertex(backward neighbors)-
#0: 4-1(4)-6(1,4)-3(4,6)-2(1,3)-7(1,2,4)-5(2,4)-0(3,5)
#1: 6-1(6)-4(1,6)-3(4,6)-2(1,3)-7(1,2,4)-5(2,4)-0(3,5)
#2: 6-4(6)-1(4,6)-3(4,6)-2(1,3)-7(1,2,4)-5(2,4)-0(3,5)
#3: 3-4(3)-6(3,4)-1(4,6)-2(1,3)-7(1,2,4)-5(2,4)-0(3,5)
#4: 3-6(3)-4(3,6)-1(4,6)-2(1,3)-7(1,2,4)-5(2,4)-0(3,5)
#5: 2-1(2)-7(1,2)-4(1,7)-3(2,4)-6(1,3,4)-5(2,4)-0(3,5)
#6: 2-3(2)-4(3)-1(2,4)-6(1,3,4)-7(1,2,4)-5(2,4)-0(3,5)
#7: 7-1(7)-4(1,7)-2(1,7)-3(2,4)-6(1,3,4)-5(2,4)-0(3,5)
#8: 7-2(7)-1(2,7)-4(1,7)-3(2,4)-6(1,3,4)-5(2,4)-0(3,5)
#9: 7-4(7)-1(4,7)-2(1,7)-3(2,4)-6(1,3,4)-5(2,4)-0(3,5)
#10: 5-2(5)-4(5)-1(2,4)-7(1,2,4)-3(2,4)-6(1,3,4)-0(3,5)
#11: 5-4(5)-1(4)-2(1,5)-7(1,2,4)-3(2,4)-6(1,3,4)-0(3,5)
#12: 0-3(0)-4(3)-5(0,4)-2(3,5)-1(2,4)-6(1,3,4)-7(1,2,4)
#13: 0-5(0)-4(5)-3(0,4)-2(3,5)-1(2,4)-6(1,3,4)-7(1,2,4)

Preprocessing: 0.158ms
--------- Incremental Matching --------
auto_tuning off:0
use 1 threads for incresemental matching 
Start with 244341 Update
Incremental Matching: 594.633ms
0 vertex updates.
244341 edge updates.
5620 unsafe updates.
204021 positive matches.
0 negative matches.

# edges in index in total: 0
# vertices in index in total: 0
Peak Virtual Memory: 125852 KB

----------------- End -----------------
