----------- Loading graphs ------------
# vertices = 8
# edges = 23
# vertices = 403394
# edges = 2199067
Load Graphs: 1468.38ms
------------ Preprocessing ------------
matching order: 
-vertex(backward neighbors)-
#0: 0-1(0)-2(0,1)-7(0,1,2)-3(1,2,7)-5(0,2,3,7)-4(0,1,2,3,5)-6(0,1,3,5,7)
#1: 2-0(2)-1(0,2)-7(0,1,2)-3(1,2,7)-5(0,2,3,7)-4(0,1,2,3,5)-6(0,1,3,5,7)
#2: 2-1(2)-0(1,2)-7(0,1,2)-3(1,2,7)-5(0,2,3,7)-4(0,1,2,3,5)-6(0,1,3,5,7)
#3: 7-0(7)-1(0,7)-2(0,1,7)-3(1,2,7)-5(0,2,3,7)-4(0,1,2,3,5)-6(0,1,3,5,7)
#4: 7-1(7)-0(1,7)-2(0,1,7)-3(1,2,7)-5(0,2,3,7)-4(0,1,2,3,5)-6(0,1,3,5,7)
#5: 7-2(7)-0(2,7)-1(0,2,7)-3(1,2,7)-5(0,2,3,7)-4(0,1,2,3,5)-6(0,1,3,5,7)
#6: 3-1(3)-2(1,3)-7(1,2,3)-0(1,2,7)-5(0,2,3,7)-4(0,1,2,3,5)-6(0,1,3,5,7)
#7: 3-2(3)-1(2,3)-7(1,2,3)-0(1,2,7)-5(0,2,3,7)-4(0,1,2,3,5)-6(0,1,3,5,7)
#8: 3-7(3)-1(3,7)-2(1,3,7)-0(1,2,7)-5(0,2,3,7)-4(0,1,2,3,5)-6(0,1,3,5,7)
#9: 5-0(5)-2(0,5)-7(0,2,5)-1(0,2,7)-3(1,2,5,7)-4(0,1,2,3,5)-6(0,1,3,5,7)
#10: 5-2(5)-0(2,5)-7(0,2,5)-1(0,2,7)-3(1,2,5,7)-4(0,1,2,3,5)-6(0,1,3,5,7)
#11: 5-3(5)-2(3,5)-7(2,3,5)-0(2,5,7)-1(0,2,3,7)-4(0,1,2,3,5)-6(0,1,3,5,7)
#12: 5-7(5)-0(5,7)-2(0,5,7)-1(0,2,7)-3(1,2,5,7)-4(0,1,2,3,5)-6(0,1,3,5,7)
#13: 4-0(4)-1(0,4)-2(0,1,4)-3(1,2,4)-5(0,2,3,4)-7(0,1,2,3,5)-6(0,1,3,5,7)
#14: 4-1(4)-0(1,4)-2(0,1,4)-3(1,2,4)-5(0,2,3,4)-7(0,1,2,3,5)-6(0,1,3,5,7)
#15: 4-2(4)-0(2,4)-1(0,2,4)-3(1,2,4)-5(0,2,3,4)-7(0,1,2,3,5)-6(0,1,3,5,7)
#16: 4-3(4)-1(3,4)-2(1,3,4)-0(1,2,4)-5(0,2,3,4)-7(0,1,2,3,5)-6(0,1,3,5,7)
#17: 4-5(4)-0(4,5)-2(0,4,5)-1(0,2,4)-3(1,2,4,5)-7(0,1,2,3,5)-6(0,1,3,5,7)
#18: 6-0(6)-1(0,6)-7(0,1,6)-2(0,1,7)-3(1,2,6,7)-5(0,2,3,6,7)-4(0,1,2,3,5)
#19: 6-1(6)-0(1,6)-7(0,1,6)-2(0,1,7)-3(1,2,6,7)-5(0,2,3,6,7)-4(0,1,2,3,5)
#20: 6-3(6)-1(3,6)-7(1,3,6)-0(1,6,7)-2(0,1,3,7)-5(0,2,3,6,7)-4(0,1,2,3,5)
#21: 6-5(6)-0(5,6)-7(0,5,6)-1(0,6,7)-2(0,1,5,7)-3(1,2,5,6,7)-4(0,1,2,3,5)
#22: 6-7(6)-0(6,7)-1(0,6,7)-2(0,1,7)-3(1,2,6,7)-5(0,2,3,6,7)-4(0,1,2,3,5)

Preprocessing: 0.224ms
--------- Incremental Matching --------
auto_tuning off:0
use 1 threads for incresemental matching 
Start with 244341 Update
Incremental Matching: 490.92ms
0 vertex updates.
244341 edge updates.
1099 unsafe updates.
9979 positive matches.
0 negative matches.

# edges in index in total: 0
# vertices in index in total: 0
Peak Virtual Memory: 125872 KB

----------------- End -----------------
