----------- Loading graphs ------------
# vertices = 8
# edges = 19
# vertices = 403394
# edges = 2199067
Load Graphs: 1532.39ms
------------ Preprocessing ------------
matching order: 
-vertex(backward neighbors)-
#0: 2-5(2)-0(2,5)-3(0,2,5)-7(0,2,3,5)-6(0,2,5)-1(2,3,6)-4(2,5,7)
#1: 0-2(0)-5(0,2)-3(0,2,5)-7(0,2,3,5)-6(0,2,5)-1(2,3,6)-4(2,5,7)
#2: 0-5(0)-2(0,5)-3(0,2,5)-7(0,2,3,5)-6(0,2,5)-1(2,3,6)-4(2,5,7)
#3: 3-0(3)-2(0,3)-5(0,2,3)-7(0,2,3,5)-6(0,2,5)-1(2,3,6)-4(2,5,7)
#4: 3-2(3)-5(2,3)-0(2,3,5)-7(0,2,3,5)-6(0,2,5)-1(2,3,6)-4(2,5,7)
#5: 3-5(3)-2(3,5)-0(2,3,5)-7(0,2,3,5)-6(0,2,5)-1(2,3,6)-4(2,5,7)
#6: 7-0(7)-2(0,7)-5(0,2,7)-3(0,2,5,7)-6(0,2,5)-1(2,3,6)-4(2,5,7)
#7: 7-2(7)-5(2,7)-0(2,5,7)-3(0,2,5,7)-6(0,2,5)-1(2,3,6)-4(2,5,7)
#8: 7-3(7)-2(3,7)-5(2,3,7)-0(2,3,5,7)-6(0,2,5)-1(2,3,6)-4(2,5,7)
#9: 7-5(7)-2(5,7)-0(2,5,7)-3(0,2,5,7)-6(0,2,5)-1(2,3,6)-4(2,5,7)
#10: 6-0(6)-2(0,6)-5(0,2,6)-3(0,2,5)-7(0,2,3,5)-1(2,3,6)-4(2,5,7)
#11: 6-2(6)-5(2,6)-0(2,5,6)-3(0,2,5)-7(0,2,3,5)-1(2,3,6)-4(2,5,7)
#12: 6-5(6)-2(5,6)-0(2,5,6)-3(0,2,5)-7(0,2,3,5)-1(2,3,6)-4(2,5,7)
#13: 1-2(1)-3(1,2)-5(2,3)-0(2,3,5)-7(0,2,3,5)-6(0,1,2,5)-4(2,5,7)
#14: 1-3(1)-2(1,3)-5(2,3)-0(2,3,5)-7(0,2,3,5)-6(0,1,2,5)-4(2,5,7)
#15: 1-6(1)-2(1,6)-5(2,6)-0(2,5,6)-3(0,1,2,5)-7(0,2,3,5)-4(2,5,7)
#16: 4-2(4)-5(2,4)-7(2,4,5)-0(2,5,7)-3(0,2,5,7)-6(0,2,5)-1(2,3,6)
#17: 4-5(4)-2(4,5)-7(2,4,5)-0(2,5,7)-3(0,2,5,7)-6(0,2,5)-1(2,3,6)
#18: 4-7(4)-2(4,7)-5(2,4,7)-0(2,5,7)-3(0,2,5,7)-6(0,2,5)-1(2,3,6)

Preprocessing: 1.142ms
--------- Incremental Matching --------
auto_tuning off:0
use 8 threads for incresemental matching 
Start with 244341 Update
Incremental Matching: 678.24ms
0 vertex updates.
244341 edge updates.
2190 unsafe updates.
28608 positive matches.
0 negative matches.

# edges in index in total: 0
# vertices in index in total: 0
Peak Virtual Memory: 770772 KB

----------------- End -----------------
