----------- Loading graphs ------------
# vertices = 8
# edges = 8
# vertices = 403394
# edges = 2199067
Load Graphs: 1252.71ms
------------ Preprocessing ------------
matching order: 
-vertex(backward neighbors)-
#0: 1-6(1)-2(1)-3(6)-0(3)-4(0,6)-5(1)-7(2)
#1: 2-1(2)-6(1)-3(6)-0(3)-4(0,6)-5(1)-7(2)
#2: 3-6(3)-1(6)-0(3)-4(0,6)-2(1)-5(1)-7(2)
#3: 0-3(0)-6(3)-4(0,6)-1(6)-2(1)-5(1)-7(2)
#4: 4-0(4)-6(4)-3(0,6)-1(6)-2(1)-5(1)-7(2)
#5: 4-6(4)-1(6)-0(4)-3(0,6)-2(1)-5(1)-7(2)
#6: 5-1(5)-6(1)-2(1)-3(6)-0(3)-4(0,6)-7(2)
#7: 7-2(7)-1(2)-6(1)-3(6)-0(3)-4(0,6)-5(1)

Preprocessing: 1.151ms
--------- Incremental Matching --------
auto_tuning off:0
use 8 threads for incresemental matching 
Start with 244341 Update
Incremental Matching: 16335ms
0 vertex updates.
244341 edge updates.
34865 unsafe updates.
303656890 positive matches.
0 negative matches.

# edges in index in total: 0
# vertices in index in total: 0
Peak Virtual Memory: 963004 KB

----------------- End -----------------
