----------- Loading graphs ------------
# vertices = 8
# edges = 23
# vertices = 403394
# edges = 2199067
Load Graphs: 1547.19ms
------------ Preprocessing ------------
matching order: 
-vertex(backward neighbors)-
#0: 5-0(5)-2(0,5)-4(0,2,5)-7(0,2,4,5)-6(0,4,5,7)-3(0,2,4,5,6)-1(2,5,6,7)
#1: 2-0(2)-5(0,2)-4(0,2,5)-7(0,2,4,5)-6(0,4,5,7)-3(0,2,4,5,6)-1(2,5,6,7)
#2: 2-5(2)-0(2,5)-4(0,2,5)-7(0,2,4,5)-6(0,4,5,7)-3(0,2,4,5,6)-1(2,5,6,7)
#3: 4-0(4)-5(0,4)-2(0,4,5)-7(0,2,4,5)-6(0,4,5,7)-3(0,2,4,5,6)-1(2,5,6,7)
#4: 4-2(4)-5(2,4)-0(2,4,5)-7(0,2,4,5)-6(0,4,5,7)-3(0,2,4,5,6)-1(2,5,6,7)
#5: 4-5(4)-0(4,5)-2(0,4,5)-7(0,2,4,5)-6(0,4,5,7)-3(0,2,4,5,6)-1(2,5,6,7)
#6: 7-0(7)-5(0,7)-2(0,5,7)-4(0,2,5,7)-6(0,4,5,7)-3(0,2,4,5,6)-1(2,5,6,7)
#7: 7-2(7)-5(2,7)-0(2,5,7)-4(0,2,5,7)-6(0,4,5,7)-3(0,2,4,5,6)-1(2,5,6,7)
#8: 7-4(7)-5(4,7)-0(4,5,7)-2(0,4,5,7)-6(0,4,5,7)-3(0,2,4,5,6)-1(2,5,6,7)
#9: 7-5(7)-0(5,7)-2(0,5,7)-4(0,2,5,7)-6(0,4,5,7)-3(0,2,4,5,6)-1(2,5,6,7)
#10: 6-0(6)-5(0,6)-4(0,5,6)-7(0,4,5,6)-2(0,4,5,7)-3(0,2,4,5,6)-1(2,5,6,7)
#11: 6-4(6)-5(4,6)-0(4,5,6)-7(0,4,5,6)-2(0,4,5,7)-3(0,2,4,5,6)-1(2,5,6,7)
#12: 6-5(6)-0(5,6)-4(0,5,6)-7(0,4,5,6)-2(0,4,5,7)-3(0,2,4,5,6)-1(2,5,6,7)
#13: 6-7(6)-5(6,7)-0(5,6,7)-4(0,5,6,7)-2(0,4,5,7)-3(0,2,4,5,6)-1(2,5,6,7)
#14: 3-0(3)-5(0,3)-2(0,3,5)-4(0,2,3,5)-6(0,3,4,5)-7(0,2,4,5,6)-1(2,5,6,7)
#15: 3-2(3)-5(2,3)-0(2,3,5)-4(0,2,3,5)-6(0,3,4,5)-7(0,2,4,5,6)-1(2,5,6,7)
#16: 3-4(3)-5(3,4)-0(3,4,5)-2(0,3,4,5)-6(0,3,4,5)-7(0,2,4,5,6)-1(2,5,6,7)
#17: 3-5(3)-0(3,5)-2(0,3,5)-4(0,2,3,5)-6(0,3,4,5)-7(0,2,4,5,6)-1(2,5,6,7)
#18: 3-6(3)-5(3,6)-0(3,5,6)-4(0,3,5,6)-2(0,3,4,5)-7(0,2,4,5,6)-1(2,5,6,7)
#19: 1-2(1)-5(1,2)-7(1,2,5)-0(2,5,7)-4(0,2,5,7)-6(0,1,4,5,7)-3(0,2,4,5,6)
#20: 1-5(1)-2(1,5)-7(1,2,5)-0(2,5,7)-4(0,2,5,7)-6(0,1,4,5,7)-3(0,2,4,5,6)
#21: 1-6(1)-5(1,6)-7(1,5,6)-0(5,6,7)-2(0,1,5,7)-4(0,2,5,6,7)-3(0,2,4,5,6)
#22: 1-7(1)-5(1,7)-2(1,5,7)-0(2,5,7)-4(0,2,5,7)-6(0,1,4,5,7)-3(0,2,4,5,6)

Preprocessing: 0.232ms
--------- Incremental Matching --------
auto_tuning off:0
use 1 threads for incresemental matching 
Start with 244341 Update
Incremental Matching: 500.008ms
0 vertex updates.
244341 edge updates.
802 unsafe updates.
12552 positive matches.
0 negative matches.

# edges in index in total: 0
# vertices in index in total: 0
Peak Virtual Memory: 125844 KB

----------------- End -----------------
