----------- Loading graphs ------------
# vertices = 8
# edges = 12
# vertices = 403394
# edges = 2199067
Load Graphs: 1520.59ms
------------ Preprocessing ------------
matching order: 
-vertex(backward neighbors)-
#0: 0-2(0)-1(0)-3(1,2)-4(0,1)-5(0,3)-7(2,4,5)-6(2)
#1: 1-0(1)-4(0,1)-2(0)-3(1,2)-5(0,3)-7(2,4,5)-6(2)
#2: 3-1(3)-0(1)-2(0,3)-4(0,1)-5(0,3)-7(2,4,5)-6(2)
#3: 3-2(3)-0(2)-1(0,3)-4(0,1)-5(0,3)-7(2,4,5)-6(2)
#4: 4-0(4)-1(0,4)-2(0)-3(1,2)-5(0,3)-7(2,4,5)-6(2)
#5: 4-1(4)-0(1,4)-2(0)-3(1,2)-5(0,3)-7(2,4,5)-6(2)
#6: 5-0(5)-2(0)-3(2,5)-1(0,3)-4(0,1)-7(2,4,5)-6(2)
#7: 5-3(5)-0(5)-2(0,3)-1(0,3)-4(0,1)-7(2,4,5)-6(2)
#8: 7-2(7)-0(2)-4(0,7)-1(0,4)-3(1,2)-5(0,3,7)-6(2)
#9: 7-4(7)-0(4)-2(0,7)-1(0,4)-3(1,2)-5(0,3,7)-6(2)
#10: 7-5(7)-0(5)-2(0,7)-3(2,5)-1(0,3)-4(0,1,7)-6(2)
#11: 6-2(6)-0(2)-1(0)-3(1,2)-4(0,1)-5(0,3)-7(2,4,5)

Preprocessing: 1.176ms
--------- Incremental Matching --------
auto_tuning off:0
use 8 threads for incresemental matching 
Start with 244341 Update
Incremental Matching: 2154.56ms
0 vertex updates.
244341 edge updates.
8035 unsafe updates.
770462 positive matches.
0 negative matches.

# edges in index in total: 0
# vertices in index in total: 0
Peak Virtual Memory: 771648 KB

----------------- End -----------------
