----------- Loading graphs ------------
# vertices = 8
# edges = 20
# vertices = 403394
# edges = 2199067
Load Graphs: 1504.98ms
------------ Preprocessing ------------
matching order: 
-vertex(backward neighbors)-
#0: 1-2(1)-6(1,2)-3(1,2,6)-5(2,3,6)-4(1,2,5,6)-0(1,5,6)-7(0,1,2,5)
#1: 6-1(6)-2(1,6)-3(1,2,6)-5(2,3,6)-4(1,2,5,6)-0(1,5,6)-7(0,1,2,5)
#2: 6-2(6)-1(2,6)-3(1,2,6)-5(2,3,6)-4(1,2,5,6)-0(1,5,6)-7(0,1,2,5)
#3: 3-1(3)-2(1,3)-6(1,2,3)-5(2,3,6)-4(1,2,5,6)-0(1,5,6)-7(0,1,2,5)
#4: 3-2(3)-1(2,3)-6(1,2,3)-5(2,3,6)-4(1,2,5,6)-0(1,5,6)-7(0,1,2,5)
#5: 3-6(3)-1(3,6)-2(1,3,6)-5(2,3,6)-4(1,2,5,6)-0(1,5,6)-7(0,1,2,5)
#6: 5-2(5)-6(2,5)-3(2,5,6)-1(2,3,6)-4(1,2,5,6)-0(1,5,6)-7(0,1,2,5)
#7: 5-3(5)-2(3,5)-6(2,3,5)-1(2,3,6)-4(1,2,5,6)-0(1,5,6)-7(0,1,2,5)
#8: 5-6(5)-2(5,6)-3(2,5,6)-1(2,3,6)-4(1,2,5,6)-0(1,5,6)-7(0,1,2,5)
#9: 4-1(4)-2(1,4)-6(1,2,4)-5(2,4,6)-3(1,2,5,6)-0(1,5,6)-7(0,1,2,5)
#10: 4-2(4)-1(2,4)-6(1,2,4)-5(2,4,6)-3(1,2,5,6)-0(1,5,6)-7(0,1,2,5)
#11: 4-5(4)-2(4,5)-6(2,4,5)-1(2,4,6)-3(1,2,5,6)-0(1,5,6)-7(0,1,2,5)
#12: 4-6(4)-1(4,6)-2(1,4,6)-5(2,4,6)-3(1,2,5,6)-0(1,5,6)-7(0,1,2,5)
#13: 0-1(0)-6(0,1)-2(1,6)-5(0,2,6)-3(1,2,5,6)-4(1,2,5,6)-7(0,1,2,5)
#14: 0-5(0)-6(0,5)-1(0,6)-2(1,5,6)-3(1,2,5,6)-4(1,2,5,6)-7(0,1,2,5)
#15: 0-6(0)-1(0,6)-2(1,6)-5(0,2,6)-3(1,2,5,6)-4(1,2,5,6)-7(0,1,2,5)
#16: 7-0(7)-1(0,7)-2(1,7)-5(0,2,7)-6(0,1,2,5)-3(1,2,5,6)-4(1,2,5,6)
#17: 7-1(7)-2(1,7)-5(2,7)-6(1,2,5)-0(1,5,6,7)-3(1,2,5,6)-4(1,2,5,6)
#18: 7-2(7)-1(2,7)-5(2,7)-6(1,2,5)-0(1,5,6,7)-3(1,2,5,6)-4(1,2,5,6)
#19: 7-5(7)-2(5,7)-1(2,7)-6(1,2,5)-0(1,5,6,7)-3(1,2,5,6)-4(1,2,5,6)

Preprocessing: 0.205ms
--------- Incremental Matching --------
auto_tuning off:0
use 1 threads for incresemental matching 
Start with 244341 Update
Incremental Matching: 497.577ms
0 vertex updates.
244341 edge updates.
941 unsafe updates.
43728 positive matches.
0 negative matches.

# edges in index in total: 0
# vertices in index in total: 0
Peak Virtual Memory: 125852 KB

----------------- End -----------------
