----------- Loading graphs ------------
# vertices = 8
# edges = 21
# vertices = 403394
# edges = 2199067
Load Graphs: 1473.1ms
------------ Preprocessing ------------
matching order: 
-vertex(backward neighbors)-
#0: 0-7(0)-3(0,7)-4(0,3,7)-5(0,3,4,7)-6(0,3,7)-1(0,3,6,7)-2(0,4,6,7)
#1: 3-0(3)-7(0,3)-4(0,3,7)-5(0,3,4,7)-6(0,3,7)-1(0,3,6,7)-2(0,4,6,7)
#2: 3-7(3)-0(3,7)-4(0,3,7)-5(0,3,4,7)-6(0,3,7)-1(0,3,6,7)-2(0,4,6,7)
#3: 4-0(4)-7(0,4)-3(0,4,7)-5(0,3,4,7)-6(0,3,7)-1(0,3,6,7)-2(0,4,6,7)
#4: 4-3(4)-0(3,4)-7(0,3,4)-5(0,3,4,7)-6(0,3,7)-1(0,3,6,7)-2(0,4,6,7)
#5: 4-7(4)-0(4,7)-3(0,4,7)-5(0,3,4,7)-6(0,3,7)-1(0,3,6,7)-2(0,4,6,7)
#6: 5-0(5)-7(0,5)-3(0,5,7)-4(0,3,5,7)-6(0,3,7)-1(0,3,6,7)-2(0,4,6,7)
#7: 5-3(5)-0(3,5)-7(0,3,5)-4(0,3,5,7)-6(0,3,7)-1(0,3,6,7)-2(0,4,6,7)
#8: 5-4(5)-0(4,5)-7(0,4,5)-3(0,4,5,7)-6(0,3,7)-1(0,3,6,7)-2(0,4,6,7)
#9: 5-7(5)-0(5,7)-3(0,5,7)-4(0,3,5,7)-6(0,3,7)-1(0,3,6,7)-2(0,4,6,7)
#10: 6-0(6)-7(0,6)-3(0,6,7)-1(0,3,6,7)-4(0,3,7)-2(0,4,6,7)-5(0,3,4,7)
#11: 6-3(6)-0(3,6)-7(0,3,6)-1(0,3,6,7)-4(0,3,7)-2(0,4,6,7)-5(0,3,4,7)
#12: 6-7(6)-0(6,7)-3(0,6,7)-1(0,3,6,7)-4(0,3,7)-2(0,4,6,7)-5(0,3,4,7)
#13: 1-0(1)-7(0,1)-3(0,1,7)-6(0,1,3,7)-4(0,3,7)-2(0,4,6,7)-5(0,3,4,7)
#14: 1-3(1)-0(1,3)-7(0,1,3)-6(0,1,3,7)-4(0,3,7)-2(0,4,6,7)-5(0,3,4,7)
#15: 1-6(1)-0(1,6)-7(0,1,6)-3(0,1,6,7)-4(0,3,7)-2(0,4,6,7)-5(0,3,4,7)
#16: 1-7(1)-0(1,7)-3(0,1,7)-6(0,1,3,7)-4(0,3,7)-2(0,4,6,7)-5(0,3,4,7)
#17: 2-0(2)-7(0,2)-4(0,2,7)-3(0,4,7)-6(0,2,3,7)-1(0,3,6,7)-5(0,3,4,7)
#18: 2-4(2)-0(2,4)-7(0,2,4)-3(0,4,7)-6(0,2,3,7)-1(0,3,6,7)-5(0,3,4,7)
#19: 2-6(2)-0(2,6)-7(0,2,6)-3(0,6,7)-4(0,2,3,7)-1(0,3,6,7)-5(0,3,4,7)
#20: 2-7(2)-0(2,7)-4(0,2,7)-3(0,4,7)-6(0,2,3,7)-1(0,3,6,7)-5(0,3,4,7)

Preprocessing: 1.397ms
--------- Incremental Matching --------
auto_tuning off:0
use 8 threads for incresemental matching 
Start with 244341 Update
Incremental Matching: 673.039ms
0 vertex updates.
244341 edge updates.
1110 unsafe updates.
20150 positive matches.
0 negative matches.

# edges in index in total: 0
# vertices in index in total: 0
Peak Virtual Memory: 770780 KB

----------------- End -----------------
