----------- Loading graphs ------------
# vertices = 8
# edges = 18
# vertices = 403394
# edges = 2199067
Load Graphs: 1517.13ms
------------ Preprocessing ------------
matching order: 
-vertex(backward neighbors)-
#0: 0-2(0)-1(0,2)-5(0,1,2)-6(0,2,5)-7(0,1,5,6)-3(0,1,2)-4(0,2)
#1: 1-0(1)-2(0,1)-5(0,1,2)-6(0,2,5)-7(0,1,5,6)-3(0,1,2)-4(0,2)
#2: 1-2(1)-0(1,2)-5(0,1,2)-6(0,2,5)-7(0,1,5,6)-3(0,1,2)-4(0,2)
#3: 5-0(5)-2(0,5)-1(0,2,5)-6(0,2,5)-7(0,1,5,6)-3(0,1,2)-4(0,2)
#4: 5-1(5)-0(1,5)-2(0,1,5)-6(0,2,5)-7(0,1,5,6)-3(0,1,2)-4(0,2)
#5: 5-2(5)-0(2,5)-1(0,2,5)-6(0,2,5)-7(0,1,5,6)-3(0,1,2)-4(0,2)
#6: 6-0(6)-2(0,6)-5(0,2,6)-1(0,2,5)-7(0,1,5,6)-3(0,1,2)-4(0,2)
#7: 6-2(6)-0(2,6)-5(0,2,6)-1(0,2,5)-7(0,1,5,6)-3(0,1,2)-4(0,2)
#8: 6-5(6)-0(5,6)-2(0,5,6)-1(0,2,5)-7(0,1,5,6)-3(0,1,2)-4(0,2)
#9: 7-0(7)-1(0,7)-5(0,1,7)-2(0,1,5)-6(0,2,5,7)-3(0,1,2)-4(0,2)
#10: 7-1(7)-0(1,7)-5(0,1,7)-2(0,1,5)-6(0,2,5,7)-3(0,1,2)-4(0,2)
#11: 7-5(7)-0(5,7)-1(0,5,7)-2(0,1,5)-6(0,2,5,7)-3(0,1,2)-4(0,2)
#12: 7-6(7)-0(6,7)-5(0,6,7)-2(0,5,6)-1(0,2,5,7)-3(0,1,2)-4(0,2)
#13: 3-0(3)-2(0,3)-1(0,2,3)-5(0,1,2)-6(0,2,5)-7(0,1,5,6)-4(0,2)
#14: 3-1(3)-0(1,3)-2(0,1,3)-5(0,1,2)-6(0,2,5)-7(0,1,5,6)-4(0,2)
#15: 3-2(3)-0(2,3)-1(0,2,3)-5(0,1,2)-6(0,2,5)-7(0,1,5,6)-4(0,2)
#16: 4-0(4)-2(0,4)-1(0,2)-5(0,1,2)-6(0,2,5)-7(0,1,5,6)-3(0,1,2)
#17: 4-2(4)-0(2,4)-1(0,2)-5(0,1,2)-6(0,2,5)-7(0,1,5,6)-3(0,1,2)

Preprocessing: 0.182ms
--------- Incremental Matching --------
auto_tuning off:0
use 1 threads for incresemental matching 
Start with 244341 Update
Incremental Matching: 423.902ms
0 vertex updates.
244341 edge updates.
2746 unsafe updates.
63217 positive matches.
0 negative matches.

# edges in index in total: 0
# vertices in index in total: 0
Peak Virtual Memory: 125848 KB

----------------- End -----------------
