----------- Loading graphs ------------
# vertices = 8
# edges = 23
# vertices = 403394
# edges = 2199067
Load Graphs: 1457.21ms
------------ Preprocessing ------------
matching order: 
-vertex(backward neighbors)-
#0: 2-4(2)-5(2,4)-0(2,4,5)-3(0,2,4,5)-6(0,2,3,4)-1(2,4,5,6)-7(1,2,4,5,6)
#1: 5-2(5)-4(2,5)-0(2,4,5)-3(0,2,4,5)-6(0,2,3,4)-1(2,4,5,6)-7(1,2,4,5,6)
#2: 5-4(5)-2(4,5)-0(2,4,5)-3(0,2,4,5)-6(0,2,3,4)-1(2,4,5,6)-7(1,2,4,5,6)
#3: 0-2(0)-4(0,2)-5(0,2,4)-3(0,2,4,5)-6(0,2,3,4)-1(2,4,5,6)-7(1,2,4,5,6)
#4: 0-4(0)-2(0,4)-5(0,2,4)-3(0,2,4,5)-6(0,2,3,4)-1(2,4,5,6)-7(1,2,4,5,6)
#5: 0-5(0)-2(0,5)-4(0,2,5)-3(0,2,4,5)-6(0,2,3,4)-1(2,4,5,6)-7(1,2,4,5,6)
#6: 3-0(3)-2(0,3)-4(0,2,3)-5(0,2,3,4)-6(0,2,3,4)-1(2,4,5,6)-7(1,2,4,5,6)
#7: 3-2(3)-4(2,3)-5(2,3,4)-0(2,3,4,5)-6(0,2,3,4)-1(2,4,5,6)-7(1,2,4,5,6)
#8: 3-4(3)-2(3,4)-5(2,3,4)-0(2,3,4,5)-6(0,2,3,4)-1(2,4,5,6)-7(1,2,4,5,6)
#9: 3-5(3)-2(3,5)-4(2,3,5)-0(2,3,4,5)-6(0,2,3,4)-1(2,4,5,6)-7(1,2,4,5,6)
#10: 6-0(6)-2(0,6)-4(0,2,6)-3(0,2,4,6)-5(0,2,3,4)-1(2,4,5,6)-7(1,2,4,5,6)
#11: 6-2(6)-4(2,6)-0(2,4,6)-3(0,2,4,6)-5(0,2,3,4)-1(2,4,5,6)-7(1,2,4,5,6)
#12: 6-3(6)-2(3,6)-4(2,3,6)-0(2,3,4,6)-5(0,2,3,4)-1(2,4,5,6)-7(1,2,4,5,6)
#13: 6-4(6)-2(4,6)-0(2,4,6)-3(0,2,4,6)-5(0,2,3,4)-1(2,4,5,6)-7(1,2,4,5,6)
#14: 1-2(1)-4(1,2)-5(1,2,4)-7(1,2,4,5)-6(1,2,4,7)-0(2,4,5,6)-3(0,2,4,5,6)
#15: 1-4(1)-2(1,4)-5(1,2,4)-7(1,2,4,5)-6(1,2,4,7)-0(2,4,5,6)-3(0,2,4,5,6)
#16: 1-5(1)-2(1,5)-4(1,2,5)-7(1,2,4,5)-6(1,2,4,7)-0(2,4,5,6)-3(0,2,4,5,6)
#17: 1-6(1)-2(1,6)-4(1,2,6)-7(1,2,4,6)-5(1,2,4,7)-0(2,4,5,6)-3(0,2,4,5,6)
#18: 7-1(7)-2(1,7)-4(1,2,7)-5(1,2,4,7)-6(1,2,4,7)-0(2,4,5,6)-3(0,2,4,5,6)
#19: 7-2(7)-4(2,7)-5(2,4,7)-1(2,4,5,7)-6(1,2,4,7)-0(2,4,5,6)-3(0,2,4,5,6)
#20: 7-4(7)-2(4,7)-5(2,4,7)-1(2,4,5,7)-6(1,2,4,7)-0(2,4,5,6)-3(0,2,4,5,6)
#21: 7-5(7)-2(5,7)-4(2,5,7)-1(2,4,5,7)-6(1,2,4,7)-0(2,4,5,6)-3(0,2,4,5,6)
#22: 7-6(7)-2(6,7)-4(2,6,7)-1(2,4,6,7)-5(1,2,4,7)-0(2,4,5,6)-3(0,2,4,5,6)

Preprocessing: 1.334ms
--------- Incremental Matching --------
auto_tuning off:0
use 8 threads for incresemental matching 
Start with 244341 Update
Incremental Matching: 724.309ms
0 vertex updates.
244341 edge updates.
1009 unsafe updates.
14651 positive matches.
0 negative matches.

# edges in index in total: 0
# vertices in index in total: 0
Peak Virtual Memory: 770796 KB

----------------- End -----------------
