----------- Loading graphs ------------
# vertices = 8
# edges = 13
# vertices = 403394
# edges = 2199067
Load Graphs: 1533.48ms
------------ Preprocessing ------------
matching order: 
-vertex(backward neighbors)-
#0: 0-5(0)-7(0,5)-4(5,7)-3(0,4)-1(0,3)-2(1,5)-6(4,7)
#1: 7-0(7)-5(0,7)-4(5,7)-3(0,4)-1(0,3)-2(1,5)-6(4,7)
#2: 7-5(7)-0(5,7)-4(5,7)-3(0,4)-1(0,3)-2(1,5)-6(4,7)
#3: 4-5(4)-7(4,5)-0(5,7)-3(0,4)-1(0,3)-2(1,5)-6(4,7)
#4: 4-7(4)-5(4,7)-0(5,7)-3(0,4)-1(0,3)-2(1,5)-6(4,7)
#5: 3-0(3)-1(0,3)-4(3)-5(0,4)-7(0,4,5)-2(1,5)-6(4,7)
#6: 3-4(3)-0(3)-5(0,4)-7(0,4,5)-1(0,3)-2(1,5)-6(4,7)
#7: 1-0(1)-3(0,1)-4(3)-5(0,4)-7(0,4,5)-2(1,5)-6(4,7)
#8: 1-3(1)-0(1,3)-4(3)-5(0,4)-7(0,4,5)-2(1,5)-6(4,7)
#9: 2-1(2)-0(1)-5(0,2)-7(0,5)-4(5,7)-3(0,1,4)-6(4,7)
#10: 2-5(2)-0(5)-7(0,5)-4(5,7)-1(0,2)-3(0,1,4)-6(4,7)
#11: 6-4(6)-7(4,6)-5(4,7)-0(5,7)-3(0,4)-1(0,3)-2(1,5)
#12: 6-7(6)-4(6,7)-5(4,7)-0(5,7)-3(0,4)-1(0,3)-2(1,5)

Preprocessing: 0.145ms
--------- Incremental Matching --------
auto_tuning off:0
use 1 threads for incresemental matching 
Start with 244341 Update
Incremental Matching: 640.235ms
0 vertex updates.
244341 edge updates.
4304 unsafe updates.
350932 positive matches.
0 negative matches.

# edges in index in total: 0
# vertices in index in total: 0
Peak Virtual Memory: 125848 KB

----------------- End -----------------
