----------- Loading graphs ------------
# vertices = 8
# edges = 17
# vertices = 403394
# edges = 2199067
Load Graphs: 1518ms
------------ Preprocessing ------------
matching order: 
-vertex(backward neighbors)-
#0: 2-1(2)-4(1,2)-7(1,2,4)-0(1,7)-3(0,2,4)-6(0,2,3)-5(0,2,6)
#1: 4-1(4)-2(1,4)-7(1,2,4)-0(1,7)-3(0,2,4)-6(0,2,3)-5(0,2,6)
#2: 4-2(4)-1(2,4)-7(1,2,4)-0(1,7)-3(0,2,4)-6(0,2,3)-5(0,2,6)
#3: 7-1(7)-2(1,7)-4(1,2,7)-0(1,7)-3(0,2,4)-6(0,2,3)-5(0,2,6)
#4: 7-2(7)-1(2,7)-4(1,2,7)-0(1,7)-3(0,2,4)-6(0,2,3)-5(0,2,6)
#5: 7-4(7)-2(4,7)-1(2,4,7)-0(1,7)-3(0,2,4)-6(0,2,3)-5(0,2,6)
#6: 0-1(0)-7(0,1)-2(1,7)-4(1,2,7)-3(0,2,4)-6(0,2,3)-5(0,2,6)
#7: 0-7(0)-1(0,7)-2(1,7)-4(1,2,7)-3(0,2,4)-6(0,2,3)-5(0,2,6)
#8: 3-0(3)-6(0,3)-2(3,6)-5(0,2,6)-1(0,2)-4(1,2,3)-7(0,1,2,4)
#9: 3-2(3)-4(2,3)-1(2,4)-7(1,2,4)-0(1,3,7)-6(0,2,3)-5(0,2,6)
#10: 3-4(3)-2(3,4)-1(2,4)-7(1,2,4)-0(1,3,7)-6(0,2,3)-5(0,2,6)
#11: 6-0(6)-3(0,6)-2(3,6)-5(0,2,6)-1(0,2)-4(1,2,3)-7(0,1,2,4)
#12: 6-2(6)-3(2,6)-0(3,6)-5(0,2,6)-1(0,2)-4(1,2,3)-7(0,1,2,4)
#13: 6-3(6)-2(3,6)-0(3,6)-5(0,2,6)-1(0,2)-4(1,2,3)-7(0,1,2,4)
#14: 5-0(5)-6(0,5)-2(5,6)-3(0,2,6)-1(0,2)-4(1,2,3)-7(0,1,2,4)
#15: 5-2(5)-6(2,5)-0(5,6)-3(0,2,6)-1(0,2)-4(1,2,3)-7(0,1,2,4)
#16: 5-6(5)-2(5,6)-0(5,6)-3(0,2,6)-1(0,2)-4(1,2,3)-7(0,1,2,4)

Preprocessing: 0.17ms
--------- Incremental Matching --------
auto_tuning off:0
use 1 threads for incresemental matching 
Start with 244341 Update
Incremental Matching: 471.371ms
0 vertex updates.
244341 edge updates.
2369 unsafe updates.
35475 positive matches.
0 negative matches.

# edges in index in total: 0
# vertices in index in total: 0
Peak Virtual Memory: 125856 KB

----------------- End -----------------
