----------- Loading graphs ------------
# vertices = 8
# edges = 12
# vertices = 403394
# edges = 2199067
Load Graphs: 1317.61ms
------------ Preprocessing ------------
matching order: 
-vertex(backward neighbors)-
#0: 6-2(6)-5(2,6)-3(2,6)-1(3,5)-0(2,6)-4(1,6)-7(5)
#1: 5-2(5)-6(2,5)-3(2,6)-1(3,5)-0(2,6)-4(1,6)-7(5)
#2: 5-6(5)-2(5,6)-3(2,6)-1(3,5)-0(2,6)-4(1,6)-7(5)
#3: 3-2(3)-6(2,3)-5(2,6)-1(3,5)-0(2,6)-4(1,6)-7(5)
#4: 3-6(3)-2(3,6)-5(2,6)-1(3,5)-0(2,6)-4(1,6)-7(5)
#5: 1-3(1)-6(3)-2(3,6)-5(1,2,6)-0(2,6)-4(1,6)-7(5)
#6: 1-5(1)-6(5)-2(5,6)-3(1,2,6)-0(2,6)-4(1,6)-7(5)
#7: 0-2(0)-6(0,2)-5(2,6)-3(2,6)-1(3,5)-4(1,6)-7(5)
#8: 0-6(0)-2(0,6)-5(2,6)-3(2,6)-1(3,5)-4(1,6)-7(5)
#9: 4-1(4)-6(4)-5(1,6)-2(5,6)-3(1,2,6)-0(2,6)-7(5)
#10: 4-6(4)-2(6)-5(2,6)-1(4,5)-3(1,2,6)-0(2,6)-7(5)
#11: 7-5(7)-6(5)-2(5,6)-3(2,6)-1(3,5)-0(2,6)-4(1,6)

Preprocessing: 1.158ms
--------- Incremental Matching --------
auto_tuning off:0
use 8 threads for incresemental matching 
Start with 244341 Update
Incremental Matching: 1455.63ms
0 vertex updates.
244341 edge updates.
9349 unsafe updates.
2945063 positive matches.
0 negative matches.

# edges in index in total: 0
# vertices in index in total: 0
Peak Virtual Memory: 835656 KB

----------------- End -----------------
