----------- Loading graphs ------------
# vertices = 8
# edges = 18
# vertices = 403394
# edges = 2199067
Load Graphs: 1794.52ms
------------ Preprocessing ------------
matching order: 
-vertex(backward neighbors)-
#0: 0-1(0)-4(0,1)-2(1,4)-7(0,2,4)-6(0,1,2,7)-3(2,4,7)-5(0,1,3)
#1: 4-0(4)-1(0,4)-2(1,4)-7(0,2,4)-6(0,1,2,7)-3(2,4,7)-5(0,1,3)
#2: 4-1(4)-0(1,4)-2(1,4)-7(0,2,4)-6(0,1,2,7)-3(2,4,7)-5(0,1,3)
#3: 2-1(2)-4(1,2)-0(1,4)-7(0,2,4)-6(0,1,2,7)-3(2,4,7)-5(0,1,3)
#4: 2-4(2)-1(2,4)-0(1,4)-7(0,2,4)-6(0,1,2,7)-3(2,4,7)-5(0,1,3)
#5: 7-0(7)-4(0,7)-1(0,4)-2(1,4,7)-6(0,1,2,7)-3(2,4,7)-5(0,1,3)
#6: 7-2(7)-4(2,7)-3(2,4,7)-0(4,7)-1(0,2,4)-6(0,1,2,7)-5(0,1,3)
#7: 7-4(7)-0(4,7)-1(0,4)-2(1,4,7)-6(0,1,2,7)-3(2,4,7)-5(0,1,3)
#8: 6-0(6)-1(0,6)-2(1,6)-4(0,1,2)-7(0,2,4,6)-3(2,4,7)-5(0,1,3)
#9: 6-1(6)-0(1,6)-2(1,6)-4(0,1,2)-7(0,2,4,6)-3(2,4,7)-5(0,1,3)
#10: 6-2(6)-1(2,6)-0(1,6)-4(0,1,2)-7(0,2,4,6)-3(2,4,7)-5(0,1,3)
#11: 6-7(6)-0(6,7)-1(0,6)-2(1,6,7)-4(0,1,2,7)-3(2,4,7)-5(0,1,3)
#12: 3-2(3)-4(2,3)-7(2,3,4)-0(4,7)-1(0,2,4)-6(0,1,2,7)-5(0,1,3)
#13: 3-4(3)-2(3,4)-7(2,3,4)-0(4,7)-1(0,2,4)-6(0,1,2,7)-5(0,1,3)
#14: 3-7(3)-2(3,7)-4(2,3,7)-0(4,7)-1(0,2,4)-6(0,1,2,7)-5(0,1,3)
#15: 5-0(5)-1(0,5)-4(0,1)-2(1,4)-7(0,2,4)-3(2,4,5,7)-6(0,1,2,7)
#16: 5-1(5)-0(1,5)-4(0,1)-2(1,4)-7(0,2,4)-3(2,4,5,7)-6(0,1,2,7)
#17: 5-3(5)-0(5)-1(0,5)-4(0,1,3)-2(1,3,4)-7(0,2,3,4)-6(0,1,2,7)

Preprocessing: 0.44ms
--------- Incremental Matching --------
auto_tuning off:0
use 1 threads for incresemental matching 
Start with 244341 Update
Incremental Matching: 596.796ms
0 vertex updates.
244341 edge updates.
1314 unsafe updates.
31133 positive matches.
0 negative matches.

# edges in index in total: 0
# vertices in index in total: 0
Peak Virtual Memory: 125844 KB

----------------- End -----------------
