----------- Loading graphs ------------
# vertices = 8
# edges = 17
# vertices = 403394
# edges = 2199067
Load Graphs: 1519.73ms
------------ Preprocessing ------------
matching order: 
-vertex(backward neighbors)-
#0: 5-0(5)-2(0,5)-1(2,5)-7(0,1,5)-3(0,2,7)-4(0,1,5)-6(1,3,5)
#1: 2-0(2)-5(0,2)-1(2,5)-7(0,1,5)-3(0,2,7)-4(0,1,5)-6(1,3,5)
#2: 2-5(2)-0(2,5)-1(2,5)-7(0,1,5)-3(0,2,7)-4(0,1,5)-6(1,3,5)
#3: 1-2(1)-5(1,2)-0(2,5)-7(0,1,5)-3(0,2,7)-4(0,1,5)-6(1,3,5)
#4: 1-5(1)-2(1,5)-0(2,5)-7(0,1,5)-3(0,2,7)-4(0,1,5)-6(1,3,5)
#5: 7-0(7)-5(0,7)-1(5,7)-2(0,1,5)-3(0,2,7)-4(0,1,5)-6(1,3,5)
#6: 7-1(7)-5(1,7)-0(5,7)-2(0,1,5)-3(0,2,7)-4(0,1,5)-6(1,3,5)
#7: 7-5(7)-0(5,7)-1(5,7)-2(0,1,5)-3(0,2,7)-4(0,1,5)-6(1,3,5)
#8: 3-0(3)-2(0,3)-5(0,2)-7(0,3,5)-1(2,5,7)-4(0,1,5)-6(1,3,5)
#9: 3-2(3)-0(2,3)-5(0,2)-7(0,3,5)-1(2,5,7)-4(0,1,5)-6(1,3,5)
#10: 3-7(3)-0(3,7)-5(0,7)-2(0,3,5)-1(2,5,7)-4(0,1,5)-6(1,3,5)
#11: 4-0(4)-5(0,4)-1(4,5)-2(0,1,5)-7(0,1,5)-3(0,2,7)-6(1,3,5)
#12: 4-1(4)-5(1,4)-0(4,5)-2(0,1,5)-7(0,1,5)-3(0,2,7)-6(1,3,5)
#13: 4-5(4)-0(4,5)-1(4,5)-2(0,1,5)-7(0,1,5)-3(0,2,7)-6(1,3,5)
#14: 6-1(6)-5(1,6)-2(1,5)-0(2,5)-3(0,2,6)-7(0,1,3,5)-4(0,1,5)
#15: 6-3(6)-5(6)-0(3,5)-2(0,3,5)-1(2,5,6)-7(0,1,3,5)-4(0,1,5)
#16: 6-5(6)-1(5,6)-2(1,5)-0(2,5)-3(0,2,6)-7(0,1,3,5)-4(0,1,5)

Preprocessing: 1.177ms
--------- Incremental Matching --------
auto_tuning off:0
use 8 threads for incresemental matching 
Start with 244341 Update
Incremental Matching: 968.851ms
0 vertex updates.
244341 edge updates.
1888 unsafe updates.
52694 positive matches.
0 negative matches.

# edges in index in total: 0
# vertices in index in total: 0
Peak Virtual Memory: 775112 KB

----------------- End -----------------
