----------- Loading graphs ------------
# vertices = 8
# edges = 21
# vertices = 403394
# edges = 2199067
Load Graphs: 1484.42ms
------------ Preprocessing ------------
matching order: 
-vertex(backward neighbors)-
#0: 0-4(0)-6(0,4)-1(0,4,6)-3(1,4,6)-5(0,1,3,4)-7(0,3,4,6)-2(0,5,6,7)
#1: 6-0(6)-4(0,6)-1(0,4,6)-3(1,4,6)-5(0,1,3,4)-7(0,3,4,6)-2(0,5,6,7)
#2: 6-4(6)-0(4,6)-1(0,4,6)-3(1,4,6)-5(0,1,3,4)-7(0,3,4,6)-2(0,5,6,7)
#3: 1-0(1)-4(0,1)-6(0,1,4)-3(1,4,6)-5(0,1,3,4)-7(0,3,4,6)-2(0,5,6,7)
#4: 1-4(1)-0(1,4)-6(0,1,4)-3(1,4,6)-5(0,1,3,4)-7(0,3,4,6)-2(0,5,6,7)
#5: 1-6(1)-0(1,6)-4(0,1,6)-3(1,4,6)-5(0,1,3,4)-7(0,3,4,6)-2(0,5,6,7)
#6: 3-1(3)-4(1,3)-6(1,3,4)-0(1,4,6)-5(0,1,3,4)-7(0,3,4,6)-2(0,5,6,7)
#7: 3-4(3)-6(3,4)-1(3,4,6)-0(1,4,6)-5(0,1,3,4)-7(0,3,4,6)-2(0,5,6,7)
#8: 3-6(3)-4(3,6)-1(3,4,6)-0(1,4,6)-5(0,1,3,4)-7(0,3,4,6)-2(0,5,6,7)
#9: 5-0(5)-4(0,5)-1(0,4,5)-6(0,1,4)-3(1,4,5,6)-7(0,3,4,6)-2(0,5,6,7)
#10: 5-1(5)-0(1,5)-4(0,1,5)-6(0,1,4)-3(1,4,5,6)-7(0,3,4,6)-2(0,5,6,7)
#11: 5-3(5)-4(3,5)-1(3,4,5)-0(1,4,5)-6(0,1,3,4)-7(0,3,4,6)-2(0,5,6,7)
#12: 5-4(5)-0(4,5)-1(0,4,5)-6(0,1,4)-3(1,4,5,6)-7(0,3,4,6)-2(0,5,6,7)
#13: 7-0(7)-4(0,7)-6(0,4,7)-1(0,4,6)-3(1,4,6,7)-5(0,1,3,4)-2(0,5,6,7)
#14: 7-3(7)-4(3,7)-6(3,4,7)-0(4,6,7)-1(0,3,4,6)-5(0,1,3,4)-2(0,5,6,7)
#15: 7-4(7)-0(4,7)-6(0,4,7)-1(0,4,6)-3(1,4,6,7)-5(0,1,3,4)-2(0,5,6,7)
#16: 7-6(7)-0(6,7)-4(0,6,7)-1(0,4,6)-3(1,4,6,7)-5(0,1,3,4)-2(0,5,6,7)
#17: 2-0(2)-6(0,2)-7(0,2,6)-4(0,6,7)-1(0,4,6)-3(1,4,6,7)-5(0,1,2,3,4)
#18: 2-5(2)-0(2,5)-4(0,5)-6(0,2,4)-1(0,4,5,6)-3(1,4,5,6)-7(0,2,3,4,6)
#19: 2-6(2)-0(2,6)-7(0,2,6)-4(0,6,7)-1(0,4,6)-3(1,4,6,7)-5(0,1,2,3,4)
#20: 2-7(2)-0(2,7)-6(0,2,7)-4(0,6,7)-1(0,4,6)-3(1,4,6,7)-5(0,1,2,3,4)

Preprocessing: 1.469ms
--------- Incremental Matching --------
auto_tuning off:0
use 8 threads for incresemental matching 
Start with 244341 Update
Incremental Matching: 724.271ms
0 vertex updates.
244341 edge updates.
1206 unsafe updates.
15344 positive matches.
0 negative matches.

# edges in index in total: 0
# vertices in index in total: 0
Peak Virtual Memory: 770984 KB

----------------- End -----------------
