----------- Loading graphs ------------
# vertices = 8
# edges = 14
# vertices = 403394
# edges = 2199067
Load Graphs: 1564.13ms
------------ Preprocessing ------------
matching order: 
-vertex(backward neighbors)-
#0: 1-3(1)-6(1,3)-5(1,3,6)-4(1,6)-7(1,3)-2(4,7)-0(1,2)
#1: 6-1(6)-3(1,6)-5(1,3,6)-4(1,6)-7(1,3)-2(4,7)-0(1,2)
#2: 6-3(6)-1(3,6)-5(1,3,6)-4(1,6)-7(1,3)-2(4,7)-0(1,2)
#3: 5-1(5)-3(1,5)-6(1,3,5)-4(1,6)-7(1,3)-2(4,7)-0(1,2)
#4: 5-3(5)-1(3,5)-6(1,3,5)-4(1,6)-7(1,3)-2(4,7)-0(1,2)
#5: 5-6(5)-1(5,6)-3(1,5,6)-4(1,6)-7(1,3)-2(4,7)-0(1,2)
#6: 4-1(4)-6(1,4)-3(1,6)-5(1,3,6)-7(1,3)-2(4,7)-0(1,2)
#7: 4-6(4)-1(4,6)-3(1,6)-5(1,3,6)-7(1,3)-2(4,7)-0(1,2)
#8: 7-1(7)-3(1,7)-6(1,3)-5(1,3,6)-4(1,6)-2(4,7)-0(1,2)
#9: 7-3(7)-1(3,7)-6(1,3)-5(1,3,6)-4(1,6)-2(4,7)-0(1,2)
#10: 2-4(2)-1(4)-6(1,4)-3(1,6)-5(1,3,6)-7(1,2,3)-0(1,2)
#11: 2-7(2)-1(7)-3(1,7)-6(1,3)-4(1,2,6)-5(1,3,6)-0(1,2)
#12: 0-1(0)-3(1)-6(1,3)-5(1,3,6)-4(1,6)-2(0,4)-7(1,2,3)
#13: 0-2(0)-1(0)-4(1,2)-6(1,4)-3(1,6)-5(1,3,6)-7(1,2,3)

Preprocessing: 1.329ms
--------- Incremental Matching --------
auto_tuning off:0
use 8 threads for incresemental matching 
Start with 244341 Update
Incremental Matching: 1322.72ms
0 vertex updates.
244341 edge updates.
4832 unsafe updates.
166555 positive matches.
0 negative matches.

# edges in index in total: 0
# vertices in index in total: 0
Peak Virtual Memory: 835656 KB

----------------- End -----------------
