----------- Loading graphs ------------
# vertices = 8
# edges = 8
# vertices = 403394
# edges = 2199067
Load Graphs: 1503.28ms
------------ Preprocessing ------------
matching order: 
-vertex(backward neighbors)-
#0: 1-4(1)-2(1)-3(4)-5(1,3)-0(1)-6(4)-7(2)
#1: 2-1(2)-4(1)-3(4)-5(1,3)-0(1)-6(4)-7(2)
#2: 3-4(3)-1(4)-5(1,3)-2(1)-0(1)-6(4)-7(2)
#3: 5-1(5)-4(1)-3(4,5)-2(1)-0(1)-6(4)-7(2)
#4: 5-3(5)-1(5)-4(1,3)-2(1)-0(1)-6(4)-7(2)
#5: 0-1(0)-4(1)-2(1)-3(4)-5(1,3)-6(4)-7(2)
#6: 6-4(6)-1(4)-2(1)-3(4)-5(1,3)-0(1)-7(2)
#7: 7-2(7)-1(2)-4(1)-3(4)-5(1,3)-0(1)-6(4)

Preprocessing: 1.113ms
--------- Incremental Matching --------
auto_tuning off:0
use 8 threads for incresemental matching 
Start with 244341 Update
Incremental Matching: 40044.6ms
0 vertex updates.
244341 edge updates.
29840 unsafe updates.
1326325875 positive matches.
0 negative matches.

# edges in index in total: 0
# vertices in index in total: 0
Peak Virtual Memory: 781628 KB

----------------- End -----------------
