----------- Loading graphs ------------
# vertices = 8
# edges = 16
# vertices = 403394
# edges = 2199067
Load Graphs: 1510.38ms
------------ Preprocessing ------------
matching order: 
-vertex(backward neighbors)-
#0: 3-7(3)-0(3,7)-1(0,7)-2(1,3,7)-4(0,1,3)-6(1,3,7)-5(2,3)
#1: 0-3(0)-7(0,3)-1(0,7)-2(1,3,7)-4(0,1,3)-6(1,3,7)-5(2,3)
#2: 0-7(0)-3(0,7)-1(0,7)-2(1,3,7)-4(0,1,3)-6(1,3,7)-5(2,3)
#3: 1-0(1)-7(0,1)-3(0,7)-2(1,3,7)-4(0,1,3)-6(1,3,7)-5(2,3)
#4: 1-7(1)-0(1,7)-3(0,7)-2(1,3,7)-4(0,1,3)-6(1,3,7)-5(2,3)
#5: 2-1(2)-7(1,2)-3(2,7)-0(1,3,7)-4(0,1,3)-6(1,3,7)-5(2,3)
#6: 2-3(2)-7(2,3)-1(2,7)-0(1,3,7)-4(0,1,3)-6(1,3,7)-5(2,3)
#7: 2-7(2)-3(2,7)-1(2,7)-0(1,3,7)-4(0,1,3)-6(1,3,7)-5(2,3)
#8: 4-0(4)-3(0,4)-1(0,4)-7(0,1,3)-2(1,3,7)-6(1,3,7)-5(2,3)
#9: 4-1(4)-0(1,4)-3(0,4)-7(0,1,3)-2(1,3,7)-6(1,3,7)-5(2,3)
#10: 4-3(4)-0(3,4)-1(0,4)-7(0,1,3)-2(1,3,7)-6(1,3,7)-5(2,3)
#11: 6-1(6)-7(1,6)-3(6,7)-0(1,3,7)-2(1,3,7)-4(0,1,3)-5(2,3)
#12: 6-3(6)-7(3,6)-1(6,7)-0(1,3,7)-2(1,3,7)-4(0,1,3)-5(2,3)
#13: 6-7(6)-3(6,7)-1(6,7)-0(1,3,7)-2(1,3,7)-4(0,1,3)-5(2,3)
#14: 5-2(5)-3(2,5)-7(2,3)-1(2,7)-0(1,3,7)-4(0,1,3)-6(1,3,7)
#15: 5-3(5)-2(3,5)-7(2,3)-1(2,7)-0(1,3,7)-4(0,1,3)-6(1,3,7)

Preprocessing: 1.401ms
--------- Incremental Matching --------
auto_tuning off:0
use 8 threads for incresemental matching 
Start with 244341 Update
Incremental Matching: 863.377ms
0 vertex updates.
244341 edge updates.
3005 unsafe updates.
112664 positive matches.
0 negative matches.

# edges in index in total: 0
# vertices in index in total: 0
Peak Virtual Memory: 835640 KB

----------------- End -----------------
