----------- Loading graphs ------------
# vertices = 8
# edges = 15
# vertices = 403394
# edges = 2199067
Load Graphs: 1384.7ms
------------ Preprocessing ------------
matching order: 
-vertex(backward neighbors)-
#0: 1-2(1)-0(1,2)-3(0,1)-5(1,2,3)-6(2,3)-4(1,2,6)-7(1,6)
#1: 0-1(0)-2(0,1)-3(0,1)-5(1,2,3)-6(2,3)-4(1,2,6)-7(1,6)
#2: 0-2(0)-1(0,2)-3(0,1)-5(1,2,3)-6(2,3)-4(1,2,6)-7(1,6)
#3: 3-0(3)-1(0,3)-2(0,1)-5(1,2,3)-6(2,3)-4(1,2,6)-7(1,6)
#4: 3-1(3)-0(1,3)-2(0,1)-5(1,2,3)-6(2,3)-4(1,2,6)-7(1,6)
#5: 5-1(5)-2(1,5)-3(1,5)-0(1,2,3)-6(2,3)-4(1,2,6)-7(1,6)
#6: 5-2(5)-1(2,5)-3(1,5)-0(1,2,3)-6(2,3)-4(1,2,6)-7(1,6)
#7: 5-3(5)-1(3,5)-2(1,5)-0(1,2,3)-6(2,3)-4(1,2,6)-7(1,6)
#8: 6-2(6)-4(2,6)-1(2,4)-3(1,6)-0(1,2,3)-5(1,2,3)-7(1,6)
#9: 6-3(6)-1(3)-2(1,6)-0(1,2,3)-4(1,2,6)-5(1,2,3)-7(1,6)
#10: 4-1(4)-2(1,4)-6(2,4)-3(1,6)-0(1,2,3)-5(1,2,3)-7(1,6)
#11: 4-2(4)-1(2,4)-6(2,4)-3(1,6)-0(1,2,3)-5(1,2,3)-7(1,6)
#12: 4-6(4)-2(4,6)-1(2,4)-3(1,6)-0(1,2,3)-5(1,2,3)-7(1,6)
#13: 7-1(7)-2(1)-6(2,7)-4(1,2,6)-3(1,6)-0(1,2,3)-5(1,2,3)
#14: 7-6(7)-1(7)-2(1,6)-4(1,2,6)-3(1,6)-0(1,2,3)-5(1,2,3)

Preprocessing: 0.15ms
--------- Incremental Matching --------
auto_tuning off:0
use 1 threads for incresemental matching 
Start with 244341 Update
Incremental Matching: 573.768ms
0 vertex updates.
244341 edge updates.
2080 unsafe updates.
754710 positive matches.
0 negative matches.

# edges in index in total: 0
# vertices in index in total: 0
Peak Virtual Memory: 125844 KB

----------------- End -----------------
