----------- Loading graphs ------------
# vertices = 8
# edges = 19
# vertices = 403394
# edges = 2199067
Load Graphs: 1603.25ms
------------ Preprocessing ------------
matching order: 
-vertex(backward neighbors)-
#0: 2-7(2)-1(2,7)-6(1,2,7)-3(1,2,6,7)-5(1,2,6)-4(2,5,7)-0(4,5,7)
#1: 1-2(1)-7(1,2)-6(1,2,7)-3(1,2,6,7)-5(1,2,6)-4(2,5,7)-0(4,5,7)
#2: 1-7(1)-2(1,7)-6(1,2,7)-3(1,2,6,7)-5(1,2,6)-4(2,5,7)-0(4,5,7)
#3: 6-1(6)-2(1,6)-7(1,2,6)-3(1,2,6,7)-5(1,2,6)-4(2,5,7)-0(4,5,7)
#4: 6-2(6)-7(2,6)-1(2,6,7)-3(1,2,6,7)-5(1,2,6)-4(2,5,7)-0(4,5,7)
#5: 6-7(6)-2(6,7)-1(2,6,7)-3(1,2,6,7)-5(1,2,6)-4(2,5,7)-0(4,5,7)
#6: 3-1(3)-2(1,3)-7(1,2,3)-6(1,2,3,7)-5(1,2,6)-4(2,5,7)-0(4,5,7)
#7: 3-2(3)-7(2,3)-1(2,3,7)-6(1,2,3,7)-5(1,2,6)-4(2,5,7)-0(4,5,7)
#8: 3-6(3)-2(3,6)-7(2,3,6)-1(2,3,6,7)-5(1,2,6)-4(2,5,7)-0(4,5,7)
#9: 3-7(3)-2(3,7)-1(2,3,7)-6(1,2,3,7)-5(1,2,6)-4(2,5,7)-0(4,5,7)
#10: 5-1(5)-2(1,5)-6(1,2,5)-7(1,2,6)-3(1,2,6,7)-4(2,5,7)-0(4,5,7)
#11: 5-2(5)-1(2,5)-6(1,2,5)-7(1,2,6)-3(1,2,6,7)-4(2,5,7)-0(4,5,7)
#12: 5-6(5)-2(5,6)-1(2,5,6)-7(1,2,6)-3(1,2,6,7)-4(2,5,7)-0(4,5,7)
#13: 4-2(4)-7(2,4)-1(2,7)-5(1,2,4)-6(1,2,5,7)-3(1,2,6,7)-0(4,5,7)
#14: 4-5(4)-2(4,5)-7(2,4)-1(2,5,7)-6(1,2,5,7)-3(1,2,6,7)-0(4,5,7)
#15: 4-7(4)-2(4,7)-1(2,7)-5(1,2,4)-6(1,2,5,7)-3(1,2,6,7)-0(4,5,7)
#16: 0-4(0)-7(0,4)-2(4,7)-5(0,2,4)-1(2,5,7)-6(1,2,5,7)-3(1,2,6,7)
#17: 0-5(0)-4(0,5)-2(4,5)-7(0,2,4)-1(2,5,7)-6(1,2,5,7)-3(1,2,6,7)
#18: 0-7(0)-4(0,7)-2(4,7)-5(0,2,4)-1(2,5,7)-6(1,2,5,7)-3(1,2,6,7)

Preprocessing: 0.193ms
--------- Incremental Matching --------
auto_tuning off:0
use 1 threads for incresemental matching 
Start with 244341 Update
Incremental Matching: 470.082ms
0 vertex updates.
244341 edge updates.
1085 unsafe updates.
28166 positive matches.
0 negative matches.

# edges in index in total: 0
# vertices in index in total: 0
Peak Virtual Memory: 125844 KB

----------------- End -----------------
