----------- Loading graphs ------------
# vertices = 8
# edges = 19
# vertices = 403394
# edges = 2199067
Load Graphs: 1478.32ms
------------ Preprocessing ------------
matching order: 
-vertex(backward neighbors)-
#0: 2-3(2)-0(2,3)-5(0,2,3)-4(0,2,5)-7(2,3,4,5)-1(0,2,3,4)-6(3,7)
#1: 0-2(0)-3(0,2)-5(0,2,3)-4(0,2,5)-7(2,3,4,5)-1(0,2,3,4)-6(3,7)
#2: 0-3(0)-2(0,3)-5(0,2,3)-4(0,2,5)-7(2,3,4,5)-1(0,2,3,4)-6(3,7)
#3: 5-0(5)-2(0,5)-3(0,2,5)-4(0,2,5)-7(2,3,4,5)-1(0,2,3,4)-6(3,7)
#4: 5-2(5)-3(2,5)-0(2,3,5)-4(0,2,5)-7(2,3,4,5)-1(0,2,3,4)-6(3,7)
#5: 5-3(5)-2(3,5)-0(2,3,5)-4(0,2,5)-7(2,3,4,5)-1(0,2,3,4)-6(3,7)
#6: 4-0(4)-2(0,4)-5(0,2,4)-3(0,2,5)-7(2,3,4,5)-1(0,2,3,4)-6(3,7)
#7: 4-2(4)-0(2,4)-5(0,2,4)-3(0,2,5)-7(2,3,4,5)-1(0,2,3,4)-6(3,7)
#8: 4-5(4)-2(4,5)-0(2,4,5)-3(0,2,5)-7(2,3,4,5)-1(0,2,3,4)-6(3,7)
#9: 7-2(7)-3(2,7)-5(2,3,7)-0(2,3,5)-4(0,2,5,7)-1(0,2,3,4)-6(3,7)
#10: 7-3(7)-2(3,7)-5(2,3,7)-0(2,3,5)-4(0,2,5,7)-1(0,2,3,4)-6(3,7)
#11: 7-4(7)-2(4,7)-5(2,4,7)-3(2,5,7)-0(2,3,4,5)-1(0,2,3,4)-6(3,7)
#12: 7-5(7)-2(5,7)-3(2,5,7)-0(2,3,5)-4(0,2,5,7)-1(0,2,3,4)-6(3,7)
#13: 1-0(1)-2(0,1)-3(0,1,2)-4(0,1,2)-5(0,2,3,4)-7(2,3,4,5)-6(3,7)
#14: 1-2(1)-3(1,2)-0(1,2,3)-4(0,1,2)-5(0,2,3,4)-7(2,3,4,5)-6(3,7)
#15: 1-3(1)-2(1,3)-0(1,2,3)-4(0,1,2)-5(0,2,3,4)-7(2,3,4,5)-6(3,7)
#16: 1-4(1)-2(1,4)-0(1,2,4)-3(0,1,2)-5(0,2,3,4)-7(2,3,4,5)-6(3,7)
#17: 6-3(6)-7(3,6)-2(3,7)-5(2,3,7)-0(2,3,5)-4(0,2,5,7)-1(0,2,3,4)
#18: 6-7(6)-3(6,7)-2(3,7)-5(2,3,7)-0(2,3,5)-4(0,2,5,7)-1(0,2,3,4)

Preprocessing: 1.197ms
--------- Incremental Matching --------
auto_tuning off:0
use 8 threads for incresemental matching 
Start with 244341 Update
Incremental Matching: 686.059ms
0 vertex updates.
244341 edge updates.
1880 unsafe updates.
34813 positive matches.
0 negative matches.

# edges in index in total: 0
# vertices in index in total: 0
Peak Virtual Memory: 835664 KB

----------------- End -----------------
