----------- Loading graphs ------------
# vertices = 8
# edges = 23
# vertices = 403394
# edges = 2199067
Load Graphs: 1531.33ms
------------ Preprocessing ------------
matching order: 
-vertex(backward neighbors)-
#0: 2-6(2)-0(2,6)-1(0,2,6)-5(0,1,2,6)-7(0,1,2,5,6)-3(0,1,2,6)-4(2,3,5,6)
#1: 0-2(0)-6(0,2)-1(0,2,6)-5(0,1,2,6)-7(0,1,2,5,6)-3(0,1,2,6)-4(2,3,5,6)
#2: 0-6(0)-2(0,6)-1(0,2,6)-5(0,1,2,6)-7(0,1,2,5,6)-3(0,1,2,6)-4(2,3,5,6)
#3: 1-0(1)-2(0,1)-6(0,1,2)-5(0,1,2,6)-7(0,1,2,5,6)-3(0,1,2,6)-4(2,3,5,6)
#4: 1-2(1)-6(1,2)-0(1,2,6)-5(0,1,2,6)-7(0,1,2,5,6)-3(0,1,2,6)-4(2,3,5,6)
#5: 1-6(1)-2(1,6)-0(1,2,6)-5(0,1,2,6)-7(0,1,2,5,6)-3(0,1,2,6)-4(2,3,5,6)
#6: 5-0(5)-2(0,5)-6(0,2,5)-1(0,2,5,6)-7(0,1,2,5,6)-3(0,1,2,6)-4(2,3,5,6)
#7: 5-1(5)-2(1,5)-6(1,2,5)-0(1,2,5,6)-7(0,1,2,5,6)-3(0,1,2,6)-4(2,3,5,6)
#8: 5-2(5)-6(2,5)-0(2,5,6)-1(0,2,5,6)-7(0,1,2,5,6)-3(0,1,2,6)-4(2,3,5,6)
#9: 5-6(5)-2(5,6)-0(2,5,6)-1(0,2,5,6)-7(0,1,2,5,6)-3(0,1,2,6)-4(2,3,5,6)
#10: 7-0(7)-2(0,7)-6(0,2,7)-1(0,2,6,7)-5(0,1,2,6,7)-3(0,1,2,6)-4(2,3,5,6)
#11: 7-1(7)-2(1,7)-6(1,2,7)-0(1,2,6,7)-5(0,1,2,6,7)-3(0,1,2,6)-4(2,3,5,6)
#12: 7-2(7)-6(2,7)-0(2,6,7)-1(0,2,6,7)-5(0,1,2,6,7)-3(0,1,2,6)-4(2,3,5,6)
#13: 7-5(7)-2(5,7)-6(2,5,7)-0(2,5,6,7)-1(0,2,5,6,7)-3(0,1,2,6)-4(2,3,5,6)
#14: 7-6(7)-2(6,7)-0(2,6,7)-1(0,2,6,7)-5(0,1,2,6,7)-3(0,1,2,6)-4(2,3,5,6)
#15: 3-0(3)-2(0,3)-6(0,2,3)-1(0,2,3,6)-5(0,1,2,6)-7(0,1,2,5,6)-4(2,3,5,6)
#16: 3-1(3)-2(1,3)-6(1,2,3)-0(1,2,3,6)-5(0,1,2,6)-7(0,1,2,5,6)-4(2,3,5,6)
#17: 3-2(3)-6(2,3)-0(2,3,6)-1(0,2,3,6)-5(0,1,2,6)-7(0,1,2,5,6)-4(2,3,5,6)
#18: 3-6(3)-2(3,6)-0(2,3,6)-1(0,2,3,6)-5(0,1,2,6)-7(0,1,2,5,6)-4(2,3,5,6)
#19: 4-2(4)-6(2,4)-5(2,4,6)-0(2,5,6)-1(0,2,5,6)-3(0,1,2,4,6)-7(0,1,2,5,6)
#20: 4-3(4)-2(3,4)-6(2,3,4)-0(2,3,6)-1(0,2,3,6)-5(0,1,2,4,6)-7(0,1,2,5,6)
#21: 4-5(4)-2(4,5)-6(2,4,5)-0(2,5,6)-1(0,2,5,6)-3(0,1,2,4,6)-7(0,1,2,5,6)
#22: 4-6(4)-2(4,6)-5(2,4,6)-0(2,5,6)-1(0,2,5,6)-3(0,1,2,4,6)-7(0,1,2,5,6)

Preprocessing: 1.311ms
--------- Incremental Matching --------
auto_tuning off:0
use 8 threads for incresemental matching 
Start with 244341 Update
Incremental Matching: 736.716ms
0 vertex updates.
244341 edge updates.
1037 unsafe updates.
14295 positive matches.
0 negative matches.

# edges in index in total: 0
# vertices in index in total: 0
Peak Virtual Memory: 835668 KB

----------------- End -----------------
