----------- Loading graphs ------------
# vertices = 8
# edges = 23
# vertices = 403394
# edges = 2199067
Load Graphs: 1272.36ms
------------ Preprocessing ------------
matching order: 
-vertex(backward neighbors)-
#0: 5-0(5)-1(0,5)-2(0,1,5)-3(0,1,2,5)-7(0,1,2,3,5)-4(1,2,5,7)-6(0,3,4,5)
#1: 1-0(1)-5(0,1)-2(0,1,5)-3(0,1,2,5)-7(0,1,2,3,5)-4(1,2,5,7)-6(0,3,4,5)
#2: 1-5(1)-0(1,5)-2(0,1,5)-3(0,1,2,5)-7(0,1,2,3,5)-4(1,2,5,7)-6(0,3,4,5)
#3: 2-0(2)-5(0,2)-1(0,2,5)-3(0,1,2,5)-7(0,1,2,3,5)-4(1,2,5,7)-6(0,3,4,5)
#4: 2-1(2)-5(1,2)-0(1,2,5)-3(0,1,2,5)-7(0,1,2,3,5)-4(1,2,5,7)-6(0,3,4,5)
#5: 2-5(2)-0(2,5)-1(0,2,5)-3(0,1,2,5)-7(0,1,2,3,5)-4(1,2,5,7)-6(0,3,4,5)
#6: 3-0(3)-5(0,3)-1(0,3,5)-2(0,1,3,5)-7(0,1,2,3,5)-4(1,2,5,7)-6(0,3,4,5)
#7: 3-1(3)-5(1,3)-0(1,3,5)-2(0,1,3,5)-7(0,1,2,3,5)-4(1,2,5,7)-6(0,3,4,5)
#8: 3-2(3)-5(2,3)-0(2,3,5)-1(0,2,3,5)-7(0,1,2,3,5)-4(1,2,5,7)-6(0,3,4,5)
#9: 3-5(3)-0(3,5)-1(0,3,5)-2(0,1,3,5)-7(0,1,2,3,5)-4(1,2,5,7)-6(0,3,4,5)
#10: 7-0(7)-5(0,7)-1(0,5,7)-2(0,1,5,7)-3(0,1,2,5,7)-4(1,2,5,7)-6(0,3,4,5)
#11: 7-1(7)-5(1,7)-0(1,5,7)-2(0,1,5,7)-3(0,1,2,5,7)-4(1,2,5,7)-6(0,3,4,5)
#12: 7-2(7)-5(2,7)-0(2,5,7)-1(0,2,5,7)-3(0,1,2,5,7)-4(1,2,5,7)-6(0,3,4,5)
#13: 7-3(7)-5(3,7)-0(3,5,7)-1(0,3,5,7)-2(0,1,3,5,7)-4(1,2,5,7)-6(0,3,4,5)
#14: 7-5(7)-0(5,7)-1(0,5,7)-2(0,1,5,7)-3(0,1,2,5,7)-4(1,2,5,7)-6(0,3,4,5)
#15: 4-1(4)-5(1,4)-2(1,4,5)-7(1,2,4,5)-0(1,2,5,7)-3(0,1,2,5,7)-6(0,3,4,5)
#16: 4-2(4)-5(2,4)-1(2,4,5)-7(1,2,4,5)-0(1,2,5,7)-3(0,1,2,5,7)-6(0,3,4,5)
#17: 4-5(4)-1(4,5)-2(1,4,5)-7(1,2,4,5)-0(1,2,5,7)-3(0,1,2,5,7)-6(0,3,4,5)
#18: 4-7(4)-5(4,7)-1(4,5,7)-2(1,4,5,7)-0(1,2,5,7)-3(0,1,2,5,7)-6(0,3,4,5)
#19: 6-0(6)-5(0,6)-3(0,5,6)-1(0,3,5)-2(0,1,3,5)-7(0,1,2,3,5)-4(1,2,5,6,7)
#20: 6-3(6)-5(3,6)-0(3,5,6)-1(0,3,5)-2(0,1,3,5)-7(0,1,2,3,5)-4(1,2,5,6,7)
#21: 6-4(6)-5(4,6)-0(5,6)-1(0,4,5)-2(0,1,4,5)-3(0,1,2,5,6)-7(0,1,2,3,4,5)
#22: 6-5(6)-0(5,6)-3(0,5,6)-1(0,3,5)-2(0,1,3,5)-7(0,1,2,3,5)-4(1,2,5,6,7)

Preprocessing: 0.231ms
--------- Incremental Matching --------
auto_tuning off:0
use 1 threads for incresemental matching 
Start with 244341 Update
Incremental Matching: 455.568ms
0 vertex updates.
244341 edge updates.
1359 unsafe updates.
12096 positive matches.
0 negative matches.

# edges in index in total: 0
# vertices in index in total: 0
Peak Virtual Memory: 125880 KB

----------------- End -----------------
