----------- Loading graphs ------------
# vertices = 8
# edges = 10
# vertices = 403394
# edges = 2199067
Load Graphs: 1563.71ms
------------ Preprocessing ------------
matching order: 
-vertex(backward neighbors)-
#0: 5-4(5)-3(4,5)-6(3,5)-0(4,5)-1(6)-2(5)-7(4)
#1: 3-4(3)-5(3,4)-6(3,5)-0(4,5)-1(6)-2(5)-7(4)
#2: 3-5(3)-4(3,5)-6(3,5)-0(4,5)-1(6)-2(5)-7(4)
#3: 6-3(6)-5(3,6)-4(3,5)-0(4,5)-1(6)-2(5)-7(4)
#4: 6-5(6)-3(5,6)-4(3,5)-0(4,5)-1(6)-2(5)-7(4)
#5: 0-4(0)-5(0,4)-3(4,5)-6(3,5)-1(6)-2(5)-7(4)
#6: 0-5(0)-4(0,5)-3(4,5)-6(3,5)-1(6)-2(5)-7(4)
#7: 1-6(1)-5(6)-3(5,6)-4(3,5)-0(4,5)-2(5)-7(4)
#8: 2-5(2)-4(5)-3(4,5)-6(3,5)-0(4,5)-1(6)-7(4)
#9: 7-4(7)-5(4)-3(4,5)-6(3,5)-0(4,5)-1(6)-2(5)

Preprocessing: 0.151ms
--------- Incremental Matching --------
auto_tuning off:0
use 1 threads for incresemental matching 
Start with 244341 Update
Incremental Matching: 11343.6ms
0 vertex updates.
244341 edge updates.
22582 unsafe updates.
376357353 positive matches.
0 negative matches.

# edges in index in total: 0
# vertices in index in total: 0
Peak Virtual Memory: 125852 KB

----------------- End -----------------
