----------- Loading graphs ------------
# vertices = 8
# edges = 12
# vertices = 403394
# edges = 2199067
Load Graphs: 1475.64ms
------------ Preprocessing ------------
matching order: 
-vertex(backward neighbors)-
#0: 4-0(4)-7(0,4)-3(4,7)-5(0)-2(3,5)-1(4,5)-6(2,5)
#1: 7-0(7)-4(0,7)-3(4,7)-5(0)-2(3,5)-1(4,5)-6(2,5)
#2: 7-4(7)-0(4,7)-3(4,7)-5(0)-2(3,5)-1(4,5)-6(2,5)
#3: 3-4(3)-7(3,4)-0(4,7)-5(0)-2(3,5)-1(4,5)-6(2,5)
#4: 3-7(3)-4(3,7)-0(4,7)-5(0)-2(3,5)-1(4,5)-6(2,5)
#5: 5-0(5)-4(0)-7(0,4)-3(4,7)-2(3,5)-1(4,5)-6(2,5)
#6: 2-3(2)-4(3)-7(3,4)-0(4,7)-5(0,2)-1(4,5)-6(2,5)
#7: 2-5(2)-6(2,5)-0(5)-4(0)-3(2,4)-7(0,3,4)-1(4,5)
#8: 1-4(1)-5(1)-0(4,5)-7(0,4)-3(4,7)-2(3,5)-6(2,5)
#9: 1-5(1)-4(1)-0(4,5)-7(0,4)-3(4,7)-2(3,5)-6(2,5)
#10: 6-2(6)-5(2,6)-0(5)-4(0)-3(2,4)-7(0,3,4)-1(4,5)
#11: 6-5(6)-2(5,6)-0(5)-4(0)-3(2,4)-7(0,3,4)-1(4,5)

Preprocessing: 0.141ms
--------- Incremental Matching --------
auto_tuning off:0
use 1 threads for incresemental matching 
Start with 244341 Update
Incremental Matching: 853.932ms
0 vertex updates.
244341 edge updates.
5746 unsafe updates.
559223 positive matches.
0 negative matches.

# edges in index in total: 0
# vertices in index in total: 0
Peak Virtual Memory: 125848 KB

----------------- End -----------------
