----------- Loading graphs ------------
# vertices = 8
# edges = 14
# vertices = 403394
# edges = 2199067
Load Graphs: 1504.89ms
------------ Preprocessing ------------
matching order: 
-vertex(backward neighbors)-
#0: 0-5(0)-7(0,5)-3(5)-4(3,5)-6(0,3,4)-1(3,4,7)-2(0,6)
#1: 7-0(7)-5(0,7)-3(5)-4(3,5)-6(0,3,4)-1(3,4,7)-2(0,6)
#2: 7-5(7)-0(5,7)-3(5)-4(3,5)-6(0,3,4)-1(3,4,7)-2(0,6)
#3: 3-5(3)-4(3,5)-6(3,4)-0(5,6)-1(3,4)-7(0,1,5)-2(0,6)
#4: 4-3(4)-5(3,4)-6(3,4)-0(5,6)-1(3,4)-7(0,1,5)-2(0,6)
#5: 4-5(4)-3(4,5)-6(3,4)-0(5,6)-1(3,4)-7(0,1,5)-2(0,6)
#6: 6-0(6)-2(0,6)-3(6)-4(3,6)-5(0,3,4)-1(3,4)-7(0,1,5)
#7: 6-3(6)-4(3,6)-5(3,4)-0(5,6)-1(3,4)-7(0,1,5)-2(0,6)
#8: 6-4(6)-3(4,6)-5(3,4)-0(5,6)-1(3,4)-7(0,1,5)-2(0,6)
#9: 1-3(1)-4(1,3)-5(3,4)-6(3,4)-0(5,6)-7(0,1,5)-2(0,6)
#10: 1-4(1)-3(1,4)-5(3,4)-6(3,4)-0(5,6)-7(0,1,5)-2(0,6)
#11: 1-7(1)-0(7)-5(0,7)-3(1,5)-4(1,3,5)-6(0,3,4)-2(0,6)
#12: 2-0(2)-6(0,2)-3(6)-4(3,6)-5(0,3,4)-1(3,4)-7(0,1,5)
#13: 2-6(2)-0(2,6)-3(6)-4(3,6)-5(0,3,4)-1(3,4)-7(0,1,5)

Preprocessing: 0.157ms
--------- Incremental Matching --------
auto_tuning off:0
use 1 threads for incresemental matching 
Start with 244341 Update
Incremental Matching: 661.512ms
0 vertex updates.
244341 edge updates.
2427 unsafe updates.
195515 positive matches.
0 negative matches.

# edges in index in total: 0
# vertices in index in total: 0
Peak Virtual Memory: 125848 KB

----------------- End -----------------
