----------- Loading graphs ------------
# vertices = 8
# edges = 7
# vertices = 403394
# edges = 2199067
Load Graphs: 1482.18ms
------------ Preprocessing ------------
matching order: 
-vertex(backward neighbors)-
#0: 5-7(5)-2(7)-0(2)-1(7)-3(5)-4(5)-6(0)
#1: 2-7(2)-5(7)-0(2)-1(7)-3(5)-4(5)-6(0)
#2: 0-2(0)-7(2)-5(7)-1(7)-3(5)-4(5)-6(0)
#3: 1-7(1)-5(7)-2(7)-0(2)-3(5)-4(5)-6(0)
#4: 3-5(3)-7(5)-2(7)-0(2)-1(7)-4(5)-6(0)
#5: 4-5(4)-7(5)-2(7)-0(2)-1(7)-3(5)-6(0)
#6: 6-0(6)-2(0)-7(2)-5(7)-1(7)-3(5)-4(5)

Preprocessing: 1.144ms
--------- Incremental Matching --------
auto_tuning off:0
use 8 threads for incresemental matching 
Start with 244341 Update
