----------- Loading graphs ------------
# vertices = 8
# edges = 23
# vertices = 403394
# edges = 2199067
Load Graphs: 1490.19ms
------------ Preprocessing ------------
matching order: 
-vertex(backward neighbors)-
#0: 3-0(3)-4(0,3)-5(0,3,4)-7(0,3,4,5)-1(3,4,5,7)-2(0,1,3,4,7)-6(0,1,3,5)
#1: 4-0(4)-3(0,4)-5(0,3,4)-7(0,3,4,5)-1(3,4,5,7)-2(0,1,3,4,7)-6(0,1,3,5)
#2: 4-3(4)-0(3,4)-5(0,3,4)-7(0,3,4,5)-1(3,4,5,7)-2(0,1,3,4,7)-6(0,1,3,5)
#3: 5-0(5)-3(0,5)-4(0,3,5)-7(0,3,4,5)-1(3,4,5,7)-2(0,1,3,4,7)-6(0,1,3,5)
#4: 5-3(5)-0(3,5)-4(0,3,5)-7(0,3,4,5)-1(3,4,5,7)-2(0,1,3,4,7)-6(0,1,3,5)
#5: 5-4(5)-3(4,5)-0(3,4,5)-7(0,3,4,5)-1(3,4,5,7)-2(0,1,3,4,7)-6(0,1,3,5)
#6: 7-0(7)-3(0,7)-4(0,3,7)-5(0,3,4,7)-1(3,4,5,7)-2(0,1,3,4,7)-6(0,1,3,5)
#7: 7-3(7)-0(3,7)-4(0,3,7)-5(0,3,4,7)-1(3,4,5,7)-2(0,1,3,4,7)-6(0,1,3,5)
#8: 7-4(7)-3(4,7)-0(3,4,7)-5(0,3,4,7)-1(3,4,5,7)-2(0,1,3,4,7)-6(0,1,3,5)
#9: 7-5(7)-3(5,7)-0(3,5,7)-4(0,3,5,7)-1(3,4,5,7)-2(0,1,3,4,7)-6(0,1,3,5)
#10: 1-3(1)-4(1,3)-5(1,3,4)-7(1,3,4,5)-0(3,4,5,7)-2(0,1,3,4,7)-6(0,1,3,5)
#11: 1-4(1)-3(1,4)-5(1,3,4)-7(1,3,4,5)-0(3,4,5,7)-2(0,1,3,4,7)-6(0,1,3,5)
#12: 1-5(1)-3(1,5)-4(1,3,5)-7(1,3,4,5)-0(3,4,5,7)-2(0,1,3,4,7)-6(0,1,3,5)
#13: 1-7(1)-3(1,7)-4(1,3,7)-5(1,3,4,7)-0(3,4,5,7)-2(0,1,3,4,7)-6(0,1,3,5)
#14: 2-0(2)-3(0,2)-4(0,2,3)-7(0,2,3,4)-1(2,3,4,7)-5(0,1,3,4,7)-6(0,1,3,5)
#15: 2-1(2)-3(1,2)-4(1,2,3)-7(1,2,3,4)-0(2,3,4,7)-5(0,1,3,4,7)-6(0,1,3,5)
#16: 2-3(2)-0(2,3)-4(0,2,3)-7(0,2,3,4)-1(2,3,4,7)-5(0,1,3,4,7)-6(0,1,3,5)
#17: 2-4(2)-3(2,4)-0(2,3,4)-7(0,2,3,4)-1(2,3,4,7)-5(0,1,3,4,7)-6(0,1,3,5)
#18: 2-7(2)-3(2,7)-0(2,3,7)-4(0,2,3,7)-1(2,3,4,7)-5(0,1,3,4,7)-6(0,1,3,5)
#19: 6-0(6)-3(0,6)-5(0,3,6)-1(3,5,6)-4(0,1,3,5)-7(0,1,3,4,5)-2(0,1,3,4,7)
#20: 6-1(6)-3(1,6)-5(1,3,6)-0(3,5,6)-4(0,1,3,5)-7(0,1,3,4,5)-2(0,1,3,4,7)
#21: 6-3(6)-0(3,6)-5(0,3,6)-1(3,5,6)-4(0,1,3,5)-7(0,1,3,4,5)-2(0,1,3,4,7)
#22: 6-5(6)-3(5,6)-0(3,5,6)-1(3,5,6)-4(0,1,3,5)-7(0,1,3,4,5)-2(0,1,3,4,7)

Preprocessing: 0.207ms
--------- Incremental Matching --------
auto_tuning off:0
use 1 threads for incresemental matching 
Start with 244341 Update
Incremental Matching: 475.934ms
0 vertex updates.
244341 edge updates.
408 unsafe updates.
12363 positive matches.
0 negative matches.

# edges in index in total: 0
# vertices in index in total: 0
Peak Virtual Memory: 125844 KB

----------------- End -----------------
