----------- Loading graphs ------------
# vertices = 8
# edges = 23
# vertices = 403394
# edges = 2199067
Load Graphs: 1470.67ms
------------ Preprocessing ------------
matching order: 
-vertex(backward neighbors)-
#0: 2-7(2)-0(2,7)-1(0,2,7)-3(0,1,2,7)-6(0,1,2,3,7)-4(0,1,2,6,7)-5(2,3,7)
#1: 0-2(0)-7(0,2)-1(0,2,7)-3(0,1,2,7)-6(0,1,2,3,7)-4(0,1,2,6,7)-5(2,3,7)
#2: 0-7(0)-2(0,7)-1(0,2,7)-3(0,1,2,7)-6(0,1,2,3,7)-4(0,1,2,6,7)-5(2,3,7)
#3: 1-0(1)-2(0,1)-7(0,1,2)-3(0,1,2,7)-6(0,1,2,3,7)-4(0,1,2,6,7)-5(2,3,7)
#4: 1-2(1)-7(1,2)-0(1,2,7)-3(0,1,2,7)-6(0,1,2,3,7)-4(0,1,2,6,7)-5(2,3,7)
#5: 1-7(1)-2(1,7)-0(1,2,7)-3(0,1,2,7)-6(0,1,2,3,7)-4(0,1,2,6,7)-5(2,3,7)
#6: 3-0(3)-2(0,3)-7(0,2,3)-1(0,2,3,7)-6(0,1,2,3,7)-4(0,1,2,6,7)-5(2,3,7)
#7: 3-1(3)-2(1,3)-7(1,2,3)-0(1,2,3,7)-6(0,1,2,3,7)-4(0,1,2,6,7)-5(2,3,7)
#8: 3-2(3)-7(2,3)-0(2,3,7)-1(0,2,3,7)-6(0,1,2,3,7)-4(0,1,2,6,7)-5(2,3,7)
#9: 3-7(3)-2(3,7)-0(2,3,7)-1(0,2,3,7)-6(0,1,2,3,7)-4(0,1,2,6,7)-5(2,3,7)
#10: 6-0(6)-2(0,6)-7(0,2,6)-1(0,2,6,7)-3(0,1,2,6,7)-4(0,1,2,6,7)-5(2,3,7)
#11: 6-1(6)-2(1,6)-7(1,2,6)-0(1,2,6,7)-3(0,1,2,6,7)-4(0,1,2,6,7)-5(2,3,7)
#12: 6-2(6)-7(2,6)-0(2,6,7)-1(0,2,6,7)-3(0,1,2,6,7)-4(0,1,2,6,7)-5(2,3,7)
#13: 6-3(6)-2(3,6)-7(2,3,6)-0(2,3,6,7)-1(0,2,3,6,7)-4(0,1,2,6,7)-5(2,3,7)
#14: 6-7(6)-2(6,7)-0(2,6,7)-1(0,2,6,7)-3(0,1,2,6,7)-4(0,1,2,6,7)-5(2,3,7)
#15: 4-0(4)-2(0,4)-7(0,2,4)-1(0,2,4,7)-6(0,1,2,4,7)-3(0,1,2,6,7)-5(2,3,7)
#16: 4-1(4)-2(1,4)-7(1,2,4)-0(1,2,4,7)-6(0,1,2,4,7)-3(0,1,2,6,7)-5(2,3,7)
#17: 4-2(4)-7(2,4)-0(2,4,7)-1(0,2,4,7)-6(0,1,2,4,7)-3(0,1,2,6,7)-5(2,3,7)
#18: 4-6(4)-2(4,6)-7(2,4,6)-0(2,4,6,7)-1(0,2,4,6,7)-3(0,1,2,6,7)-5(2,3,7)
#19: 4-7(4)-2(4,7)-0(2,4,7)-1(0,2,4,7)-6(0,1,2,4,7)-3(0,1,2,6,7)-5(2,3,7)
#20: 5-2(5)-7(2,5)-3(2,5,7)-0(2,3,7)-1(0,2,3,7)-6(0,1,2,3,7)-4(0,1,2,6,7)
#21: 5-3(5)-2(3,5)-7(2,3,5)-0(2,3,7)-1(0,2,3,7)-6(0,1,2,3,7)-4(0,1,2,6,7)
#22: 5-7(5)-2(5,7)-3(2,5,7)-0(2,3,7)-1(0,2,3,7)-6(0,1,2,3,7)-4(0,1,2,6,7)

Preprocessing: 0.217ms
--------- Incremental Matching --------
auto_tuning off:0
use 1 threads for incresemental matching 
Start with 244341 Update
Incremental Matching: 460.441ms
0 vertex updates.
244341 edge updates.
443 unsafe updates.
15152 positive matches.
0 negative matches.

# edges in index in total: 0
# vertices in index in total: 0
Peak Virtual Memory: 125852 KB

----------------- End -----------------
