----------- Loading graphs ------------
# vertices = 8
# edges = 16
# vertices = 403394
# edges = 2199067
Load Graphs: 1259.38ms
------------ Preprocessing ------------
matching order: 
-vertex(backward neighbors)-
#0: 0-2(0)-1(0,2)-5(1,2)-7(0,2,5)-3(0,5)-4(0,3,7)-6(1,2,3)
#1: 1-0(1)-2(0,1)-5(1,2)-7(0,2,5)-3(0,5)-4(0,3,7)-6(1,2,3)
#2: 1-2(1)-0(1,2)-5(1,2)-7(0,2,5)-3(0,5)-4(0,3,7)-6(1,2,3)
#3: 5-1(5)-2(1,5)-0(1,2)-7(0,2,5)-3(0,5)-4(0,3,7)-6(1,2,3)
#4: 5-2(5)-1(2,5)-0(1,2)-7(0,2,5)-3(0,5)-4(0,3,7)-6(1,2,3)
#5: 7-0(7)-2(0,7)-1(0,2)-5(1,2,7)-3(0,5)-4(0,3,7)-6(1,2,3)
#6: 7-2(7)-0(2,7)-1(0,2)-5(1,2,7)-3(0,5)-4(0,3,7)-6(1,2,3)
#7: 7-5(7)-2(5,7)-0(2,7)-1(0,2,5)-3(0,5)-4(0,3,7)-6(1,2,3)
#8: 3-0(3)-4(0,3)-7(0,4)-2(0,7)-5(2,3,7)-1(0,2,5)-6(1,2,3)
#9: 3-5(3)-0(3)-2(0,5)-1(0,2,5)-7(0,2,5)-4(0,3,7)-6(1,2,3)
#10: 4-0(4)-3(0,4)-7(0,4)-2(0,7)-5(2,3,7)-1(0,2,5)-6(1,2,3)
#11: 4-3(4)-0(3,4)-7(0,4)-2(0,7)-5(2,3,7)-1(0,2,5)-6(1,2,3)
#12: 4-7(4)-0(4,7)-2(0,7)-1(0,2)-5(1,2,7)-3(0,4,5)-6(1,2,3)
#13: 6-1(6)-2(1,6)-0(1,2)-3(0,6)-5(1,2,3)-7(0,2,5)-4(0,3,7)
#14: 6-2(6)-1(2,6)-0(1,2)-3(0,6)-5(1,2,3)-7(0,2,5)-4(0,3,7)
#15: 6-3(6)-0(3)-2(0,6)-1(0,2,6)-5(1,2,3)-7(0,2,5)-4(0,3,7)

Preprocessing: 1.119ms
--------- Incremental Matching --------
auto_tuning off:0
use 8 threads for incresemental matching 
Start with 244341 Update
Incremental Matching: 1038.37ms
0 vertex updates.
244341 edge updates.
3334 unsafe updates.
49453 positive matches.
0 negative matches.

# edges in index in total: 0
# vertices in index in total: 0
Peak Virtual Memory: 774876 KB

----------------- End -----------------
