----------- Loading graphs ------------
# vertices = 8
# edges = 16
# vertices = 403394
# edges = 2199067
Load Graphs: 1445.28ms
------------ Preprocessing ------------
matching order: 
-vertex(backward neighbors)-
#0: 0-1(0)-2(0,1)-6(0,1,2)-3(0,1,6)-4(0,2)-7(1,4,6)-5(2,3)
#1: 2-0(2)-1(0,2)-6(0,1,2)-3(0,1,6)-4(0,2)-7(1,4,6)-5(2,3)
#2: 2-1(2)-0(1,2)-6(0,1,2)-3(0,1,6)-4(0,2)-7(1,4,6)-5(2,3)
#3: 6-0(6)-1(0,6)-2(0,1,6)-3(0,1,6)-4(0,2)-7(1,4,6)-5(2,3)
#4: 6-1(6)-0(1,6)-2(0,1,6)-3(0,1,6)-4(0,2)-7(1,4,6)-5(2,3)
#5: 6-2(6)-0(2,6)-1(0,2,6)-3(0,1,6)-4(0,2)-7(1,4,6)-5(2,3)
#6: 3-0(3)-1(0,3)-6(0,1,3)-2(0,1,6)-4(0,2)-7(1,4,6)-5(2,3)
#7: 3-1(3)-0(1,3)-6(0,1,3)-2(0,1,6)-4(0,2)-7(1,4,6)-5(2,3)
#8: 3-6(3)-0(3,6)-1(0,3,6)-2(0,1,6)-4(0,2)-7(1,4,6)-5(2,3)
#9: 4-0(4)-2(0,4)-1(0,2)-6(0,1,2)-3(0,1,6)-7(1,4,6)-5(2,3)
#10: 4-2(4)-0(2,4)-1(0,2)-6(0,1,2)-3(0,1,6)-7(1,4,6)-5(2,3)
#11: 7-1(7)-6(1,7)-0(1,6)-2(0,1,6)-3(0,1,6)-4(0,2,7)-5(2,3)
#12: 7-4(7)-0(4)-1(0,7)-2(0,1,4)-6(0,1,2,7)-3(0,1,6)-5(2,3)
#13: 7-6(7)-1(6,7)-0(1,6)-2(0,1,6)-3(0,1,6)-4(0,2,7)-5(2,3)
#14: 5-2(5)-0(2)-1(0,2)-6(0,1,2)-3(0,1,5,6)-4(0,2)-7(1,4,6)
#15: 5-3(5)-0(3)-1(0,3)-2(0,1,5)-6(0,1,2,3)-4(0,2)-7(1,4,6)

Preprocessing: 1.368ms
--------- Incremental Matching --------
auto_tuning off:0
use 8 threads for incresemental matching 
Start with 244341 Update
Incremental Matching: 1192.37ms
0 vertex updates.
244341 edge updates.
3559 unsafe updates.
64416 positive matches.
0 negative matches.

# edges in index in total: 0
# vertices in index in total: 0
Peak Virtual Memory: 770892 KB

----------------- End -----------------
