----------- Loading graphs ------------
# vertices = 8
# edges = 22
# vertices = 403394
# edges = 2199067
Load Graphs: 1468.56ms
------------ Preprocessing ------------
matching order: 
-vertex(backward neighbors)-
#0: 1-2(1)-5(1,2)-6(1,2,5)-0(2,5,6)-3(0,1,2,5)-4(1,2,3,6)-7(0,1,4,5,6)
#1: 5-1(5)-2(1,5)-6(1,2,5)-0(2,5,6)-3(0,1,2,5)-4(1,2,3,6)-7(0,1,4,5,6)
#2: 5-2(5)-1(2,5)-6(1,2,5)-0(2,5,6)-3(0,1,2,5)-4(1,2,3,6)-7(0,1,4,5,6)
#3: 6-1(6)-2(1,6)-5(1,2,6)-0(2,5,6)-3(0,1,2,5)-4(1,2,3,6)-7(0,1,4,5,6)
#4: 6-2(6)-1(2,6)-5(1,2,6)-0(2,5,6)-3(0,1,2,5)-4(1,2,3,6)-7(0,1,4,5,6)
#5: 6-5(6)-1(5,6)-2(1,5,6)-0(2,5,6)-3(0,1,2,5)-4(1,2,3,6)-7(0,1,4,5,6)
#6: 0-2(0)-5(0,2)-6(0,2,5)-1(2,5,6)-3(0,1,2,5)-4(1,2,3,6)-7(0,1,4,5,6)
#7: 0-5(0)-2(0,5)-6(0,2,5)-1(2,5,6)-3(0,1,2,5)-4(1,2,3,6)-7(0,1,4,5,6)
#8: 0-6(0)-2(0,6)-5(0,2,6)-1(2,5,6)-3(0,1,2,5)-4(1,2,3,6)-7(0,1,4,5,6)
#9: 3-0(3)-2(0,3)-5(0,2,3)-1(2,3,5)-6(0,1,2,5)-4(1,2,3,6)-7(0,1,4,5,6)
#10: 3-1(3)-2(1,3)-5(1,2,3)-6(1,2,5)-0(2,3,5,6)-4(1,2,3,6)-7(0,1,4,5,6)
#11: 3-2(3)-1(2,3)-5(1,2,3)-6(1,2,5)-0(2,3,5,6)-4(1,2,3,6)-7(0,1,4,5,6)
#12: 3-5(3)-1(3,5)-2(1,3,5)-6(1,2,5)-0(2,3,5,6)-4(1,2,3,6)-7(0,1,4,5,6)
#13: 4-1(4)-2(1,4)-6(1,2,4)-5(1,2,6)-3(1,2,4,5)-0(2,3,5,6)-7(0,1,4,5,6)
#14: 4-2(4)-1(2,4)-6(1,2,4)-5(1,2,6)-3(1,2,4,5)-0(2,3,5,6)-7(0,1,4,5,6)
#15: 4-3(4)-1(3,4)-2(1,3,4)-5(1,2,3)-6(1,2,4,5)-0(2,3,5,6)-7(0,1,4,5,6)
#16: 4-6(4)-1(4,6)-2(1,4,6)-5(1,2,6)-3(1,2,4,5)-0(2,3,5,6)-7(0,1,4,5,6)
#17: 7-0(7)-5(0,7)-6(0,5,7)-1(5,6,7)-2(0,1,5,6)-3(0,1,2,5)-4(1,2,3,6,7)
#18: 7-1(7)-5(1,7)-6(1,5,7)-2(1,5,6)-0(2,5,6,7)-3(0,1,2,5)-4(1,2,3,6,7)
#19: 7-4(7)-1(4,7)-6(1,4,7)-2(1,4,6)-5(1,2,6,7)-0(2,5,6,7)-3(0,1,2,4,5)
#20: 7-5(7)-1(5,7)-6(1,5,7)-2(1,5,6)-0(2,5,6,7)-3(0,1,2,5)-4(1,2,3,6,7)
#21: 7-6(7)-1(6,7)-5(1,6,7)-2(1,5,6)-0(2,5,6,7)-3(0,1,2,5)-4(1,2,3,6,7)

Preprocessing: 1.268ms
--------- Incremental Matching --------
auto_tuning off:0
use 8 threads for incresemental matching 
Start with 244341 Update
Incremental Matching: 752.878ms
0 vertex updates.
244341 edge updates.
768 unsafe updates.
14118 positive matches.
0 negative matches.

# edges in index in total: 0
# vertices in index in total: 0
Peak Virtual Memory: 835672 KB

----------------- End -----------------
