----------- Loading graphs ------------
# vertices = 8
# edges = 18
# vertices = 403394
# edges = 2199067
Load Graphs: 1515.15ms
------------ Preprocessing ------------
matching order: 
-vertex(backward neighbors)-
#0: 5-2(5)-7(2,5)-0(2,5,7)-4(5,7)-1(2,4,7)-6(1,2,4,5)-3(0,4,5)
#1: 7-2(7)-5(2,7)-0(2,5,7)-4(5,7)-1(2,4,7)-6(1,2,4,5)-3(0,4,5)
#2: 7-5(7)-2(5,7)-0(2,5,7)-4(5,7)-1(2,4,7)-6(1,2,4,5)-3(0,4,5)
#3: 0-2(0)-5(0,2)-7(0,2,5)-4(5,7)-1(2,4,7)-6(1,2,4,5)-3(0,4,5)
#4: 0-5(0)-2(0,5)-7(0,2,5)-4(5,7)-1(2,4,7)-6(1,2,4,5)-3(0,4,5)
#5: 0-7(0)-5(0,7)-2(0,5,7)-4(5,7)-1(2,4,7)-6(1,2,4,5)-3(0,4,5)
#6: 4-5(4)-7(4,5)-2(5,7)-0(2,5,7)-1(2,4,7)-6(1,2,4,5)-3(0,4,5)
#7: 4-7(4)-5(4,7)-2(5,7)-0(2,5,7)-1(2,4,7)-6(1,2,4,5)-3(0,4,5)
#8: 1-2(1)-7(1,2)-5(2,7)-4(1,5,7)-6(1,2,4,5)-0(2,5,7)-3(0,4,5)
#9: 1-4(1)-7(1,4)-5(4,7)-2(1,5,7)-6(1,2,4,5)-0(2,5,7)-3(0,4,5)
#10: 1-7(1)-2(1,7)-5(2,7)-4(1,5,7)-6(1,2,4,5)-0(2,5,7)-3(0,4,5)
#11: 6-1(6)-2(1,6)-5(2,6)-4(1,5,6)-7(1,2,4,5)-0(2,5,7)-3(0,4,5)
#12: 6-2(6)-5(2,6)-4(5,6)-7(2,4,5)-1(2,4,6,7)-0(2,5,7)-3(0,4,5)
#13: 6-4(6)-5(4,6)-2(5,6)-7(2,4,5)-1(2,4,6,7)-0(2,5,7)-3(0,4,5)
#14: 6-5(6)-2(5,6)-4(5,6)-7(2,4,5)-1(2,4,6,7)-0(2,5,7)-3(0,4,5)
#15: 3-0(3)-5(0,3)-2(0,5)-7(0,2,5)-4(3,5,7)-1(2,4,7)-6(1,2,4,5)
#16: 3-4(3)-5(3,4)-7(4,5)-0(3,5,7)-2(0,5,7)-1(2,4,7)-6(1,2,4,5)
#17: 3-5(3)-4(3,5)-7(4,5)-0(3,5,7)-2(0,5,7)-1(2,4,7)-6(1,2,4,5)

Preprocessing: 0.208ms
--------- Incremental Matching --------
auto_tuning off:0
use 1 threads for incresemental matching 
Start with 244341 Update
Incremental Matching: 476.158ms
0 vertex updates.
244341 edge updates.
2403 unsafe updates.
29407 positive matches.
0 negative matches.

# edges in index in total: 0
# vertices in index in total: 0
Peak Virtual Memory: 125860 KB

----------------- End -----------------
