----------- Loading graphs ------------
# vertices = 8
# edges = 19
# vertices = 403394
# edges = 2199067
Load Graphs: 1283.66ms
------------ Preprocessing ------------
matching order: 
-vertex(backward neighbors)-
#0: 1-7(1)-5(1,7)-2(1,5,7)-0(1,2,7)-4(0,1,7)-3(1,4,5)-6(1,3,5,7)
#1: 5-1(5)-7(1,5)-2(1,5,7)-0(1,2,7)-4(0,1,7)-3(1,4,5)-6(1,3,5,7)
#2: 5-7(5)-1(5,7)-2(1,5,7)-0(1,2,7)-4(0,1,7)-3(1,4,5)-6(1,3,5,7)
#3: 2-1(2)-7(1,2)-5(1,2,7)-0(1,2,7)-4(0,1,7)-3(1,4,5)-6(1,3,5,7)
#4: 2-5(2)-1(2,5)-7(1,2,5)-0(1,2,7)-4(0,1,7)-3(1,4,5)-6(1,3,5,7)
#5: 2-7(2)-1(2,7)-5(1,2,7)-0(1,2,7)-4(0,1,7)-3(1,4,5)-6(1,3,5,7)
#6: 0-1(0)-7(0,1)-2(0,1,7)-5(1,2,7)-4(0,1,7)-3(1,4,5)-6(1,3,5,7)
#7: 0-2(0)-1(0,2)-7(0,1,2)-5(1,2,7)-4(0,1,7)-3(1,4,5)-6(1,3,5,7)
#8: 0-7(0)-1(0,7)-2(0,1,7)-5(1,2,7)-4(0,1,7)-3(1,4,5)-6(1,3,5,7)
#9: 4-0(4)-1(0,4)-7(0,1,4)-2(0,1,7)-5(1,2,7)-3(1,4,5)-6(1,3,5,7)
#10: 4-1(4)-7(1,4)-0(1,4,7)-2(0,1,7)-5(1,2,7)-3(1,4,5)-6(1,3,5,7)
#11: 4-7(4)-1(4,7)-0(1,4,7)-2(0,1,7)-5(1,2,7)-3(1,4,5)-6(1,3,5,7)
#12: 3-1(3)-5(1,3)-6(1,3,5)-7(1,5,6)-2(1,5,7)-0(1,2,7)-4(0,1,3,7)
#13: 3-4(3)-1(3,4)-7(1,4)-5(1,3,7)-6(1,3,5,7)-0(1,4,7)-2(0,1,5,7)
#14: 3-5(3)-1(3,5)-6(1,3,5)-7(1,5,6)-2(1,5,7)-0(1,2,7)-4(0,1,3,7)
#15: 6-1(6)-7(1,6)-5(1,6,7)-2(1,5,7)-0(1,2,7)-3(1,5,6)-4(0,1,3,7)
#16: 6-3(6)-1(3,6)-5(1,3,6)-7(1,5,6)-2(1,5,7)-0(1,2,7)-4(0,1,3,7)
#17: 6-5(6)-1(5,6)-7(1,5,6)-2(1,5,7)-0(1,2,7)-3(1,5,6)-4(0,1,3,7)
#18: 6-7(6)-1(6,7)-5(1,6,7)-2(1,5,7)-0(1,2,7)-3(1,5,6)-4(0,1,3,7)

Preprocessing: 0.163ms
--------- Incremental Matching --------
auto_tuning off:0
use 1 threads for incresemental matching 
Start with 244341 Update
Incremental Matching: 414.149ms
0 vertex updates.
244341 edge updates.
3503 unsafe updates.
26437 positive matches.
0 negative matches.

# edges in index in total: 0
# vertices in index in total: 0
Peak Virtual Memory: 125852 KB

----------------- End -----------------
