----------- Loading graphs ------------
# vertices = 8
# edges = 13
# vertices = 403394
# edges = 2199067
Load Graphs: 1312.6ms
------------ Preprocessing ------------
matching order: 
-vertex(backward neighbors)-
#0: 4-2(4)-1(2,4)-5(2)-6(4,5)-3(2,6)-7(3,4,5)-0(4,5)
#1: 1-2(1)-4(1,2)-5(2)-6(4,5)-3(2,6)-7(3,4,5)-0(4,5)
#2: 1-4(1)-2(1,4)-5(2)-6(4,5)-3(2,6)-7(3,4,5)-0(4,5)
#3: 5-2(5)-4(2)-6(4,5)-3(2,6)-7(3,4,5)-0(4,5)-1(2,4)
#4: 6-4(6)-2(4)-5(2,6)-3(2,6)-7(3,4,5)-0(4,5)-1(2,4)
#5: 6-5(6)-4(6)-2(4,5)-3(2,6)-7(3,4,5)-0(4,5)-1(2,4)
#6: 3-2(3)-4(2)-6(3,4)-5(2,6)-7(3,4,5)-0(4,5)-1(2,4)
#7: 3-6(3)-4(6)-2(3,4)-5(2,6)-7(3,4,5)-0(4,5)-1(2,4)
#8: 7-3(7)-4(7)-2(3,4)-5(2,7)-6(3,4,5)-0(4,5)-1(2,4)
#9: 7-4(7)-2(4)-5(2,7)-3(2,7)-6(3,4,5)-0(4,5)-1(2,4)
#10: 7-5(7)-4(7)-2(4,5)-3(2,7)-6(3,4,5)-0(4,5)-1(2,4)
#11: 0-4(0)-2(4)-5(0,2)-6(4,5)-3(2,6)-7(3,4,5)-1(2,4)
#12: 0-5(0)-4(0)-2(4,5)-6(4,5)-3(2,6)-7(3,4,5)-1(2,4)

Preprocessing: 1.296ms
--------- Incremental Matching --------
auto_tuning off:0
use 8 threads for incresemental matching 
Start with 244341 Update
Incremental Matching: 2122.35ms
0 vertex updates.
244341 edge updates.
6741 unsafe updates.
542894 positive matches.
0 negative matches.

# edges in index in total: 0
# vertices in index in total: 0
Peak Virtual Memory: 835648 KB

----------------- End -----------------
