----------- Loading graphs ------------
# vertices = 8
# edges = 12
# vertices = 403394
# edges = 2199067
Load Graphs: 1548.33ms
------------ Preprocessing ------------
matching order: 
-vertex(backward neighbors)-
#0: 6-0(6)-1(0,6)-4(0,1)-7(0,4,6)-3(4,6)-2(1)-5(6)
#1: 1-0(1)-6(0,1)-4(0,1)-7(0,4,6)-3(4,6)-2(1)-5(6)
#2: 1-6(1)-0(1,6)-4(0,1)-7(0,4,6)-3(4,6)-2(1)-5(6)
#3: 4-0(4)-1(0,4)-6(0,1)-7(0,4,6)-3(4,6)-2(1)-5(6)
#4: 4-1(4)-0(1,4)-6(0,1)-7(0,4,6)-3(4,6)-2(1)-5(6)
#5: 7-0(7)-6(0,7)-1(0,6)-4(0,1,7)-3(4,6)-2(1)-5(6)
#6: 7-4(7)-0(4,7)-6(0,7)-1(0,4,6)-3(4,6)-2(1)-5(6)
#7: 7-6(7)-0(6,7)-1(0,6)-4(0,1,7)-3(4,6)-2(1)-5(6)
#8: 3-4(3)-6(3)-0(4,6)-1(0,4,6)-7(0,4,6)-2(1)-5(6)
#9: 3-6(3)-0(6)-1(0,6)-4(0,1,3)-7(0,4,6)-2(1)-5(6)
#10: 2-1(2)-6(1)-0(1,6)-4(0,1)-7(0,4,6)-3(4,6)-5(6)
#11: 5-6(5)-0(6)-1(0,6)-4(0,1)-7(0,4,6)-3(4,6)-2(1)

Preprocessing: 0.146ms
--------- Incremental Matching --------
auto_tuning off:0
use 1 threads for incresemental matching 
Start with 244341 Update
Incremental Matching: 1047.85ms
0 vertex updates.
244341 edge updates.
6270 unsafe updates.
15869903 positive matches.
0 negative matches.

# edges in index in total: 0
# vertices in index in total: 0
Peak Virtual Memory: 125852 KB

----------------- End -----------------
