----------- Loading graphs ------------
# vertices = 8
# edges = 14
# vertices = 403394
# edges = 2199067
Load Graphs: 1487.4ms
------------ Preprocessing ------------
matching order: 
-vertex(backward neighbors)-
#0: 3-6(3)-1(3,6)-7(1,3)-0(3,7)-4(0,6)-2(4,7)-5(2,4,6)
#1: 1-3(1)-6(1,3)-7(1,3)-0(3,7)-4(0,6)-2(4,7)-5(2,4,6)
#2: 1-6(1)-3(1,6)-7(1,3)-0(3,7)-4(0,6)-2(4,7)-5(2,4,6)
#3: 7-1(7)-3(1,7)-6(1,3)-0(3,7)-4(0,6)-2(4,7)-5(2,4,6)
#4: 7-3(7)-0(3,7)-1(3,7)-6(1,3)-4(0,6)-2(4,7)-5(2,4,6)
#5: 0-3(0)-7(0,3)-1(3,7)-6(1,3)-4(0,6)-2(4,7)-5(2,4,6)
#6: 0-7(0)-3(0,7)-1(3,7)-6(1,3)-4(0,6)-2(4,7)-5(2,4,6)
#7: 4-0(4)-3(0)-6(3,4)-7(0,3)-1(3,6,7)-2(4,7)-5(2,4,6)
#8: 4-6(4)-5(4,6)-2(4,5)-3(6)-7(2,3)-0(3,4,7)-1(3,6,7)
#9: 2-4(2)-5(2,4)-6(4,5)-3(6)-7(2,3)-0(3,4,7)-1(3,6,7)
#10: 2-7(2)-3(7)-0(3,7)-4(0,2)-6(3,4)-1(3,6,7)-5(2,4,6)
#11: 5-2(5)-4(2,5)-6(4,5)-3(6)-7(2,3)-0(3,4,7)-1(3,6,7)
#12: 5-4(5)-6(4,5)-2(4,5)-3(6)-7(2,3)-0(3,4,7)-1(3,6,7)
#13: 5-6(5)-4(5,6)-2(4,5)-3(6)-7(2,3)-0(3,4,7)-1(3,6,7)

Preprocessing: 1.149ms
--------- Incremental Matching --------
auto_tuning off:0
use 8 threads for incresemental matching 
Start with 244341 Update
Incremental Matching: 1307.41ms
0 vertex updates.
244341 edge updates.
5887 unsafe updates.
108207 positive matches.
0 negative matches.

# edges in index in total: 0
# vertices in index in total: 0
Peak Virtual Memory: 770888 KB

----------------- End -----------------
