----------- Loading graphs ------------
# vertices = 8
# edges = 18
# vertices = 403394
# edges = 2199067
Load Graphs: 1504.97ms
------------ Preprocessing ------------
matching order: 
-vertex(backward neighbors)-
#0: 5-1(5)-6(1,5)-3(1,5,6)-2(1,3,5)-4(1,2,5,6)-7(1,5,6)-0(5,6)
#1: 6-1(6)-5(1,6)-3(1,5,6)-2(1,3,5)-4(1,2,5,6)-7(1,5,6)-0(5,6)
#2: 6-5(6)-1(5,6)-3(1,5,6)-2(1,3,5)-4(1,2,5,6)-7(1,5,6)-0(5,6)
#3: 3-1(3)-5(1,3)-6(1,3,5)-2(1,3,5)-4(1,2,5,6)-7(1,5,6)-0(5,6)
#4: 3-5(3)-1(3,5)-6(1,3,5)-2(1,3,5)-4(1,2,5,6)-7(1,5,6)-0(5,6)
#5: 3-6(3)-5(3,6)-1(3,5,6)-2(1,3,5)-4(1,2,5,6)-7(1,5,6)-0(5,6)
#6: 2-1(2)-5(1,2)-3(1,2,5)-6(1,3,5)-4(1,2,5,6)-7(1,5,6)-0(5,6)
#7: 2-3(2)-5(2,3)-1(2,3,5)-6(1,3,5)-4(1,2,5,6)-7(1,5,6)-0(5,6)
#8: 2-5(2)-1(2,5)-3(1,2,5)-6(1,3,5)-4(1,2,5,6)-7(1,5,6)-0(5,6)
#9: 4-1(4)-5(1,4)-6(1,4,5)-2(1,4,5)-3(1,2,5,6)-7(1,5,6)-0(5,6)
#10: 4-2(4)-5(2,4)-1(2,4,5)-6(1,4,5)-3(1,2,5,6)-7(1,5,6)-0(5,6)
#11: 4-5(4)-1(4,5)-6(1,4,5)-2(1,4,5)-3(1,2,5,6)-7(1,5,6)-0(5,6)
#12: 4-6(4)-5(4,6)-1(4,5,6)-2(1,4,5)-3(1,2,5,6)-7(1,5,6)-0(5,6)
#13: 7-1(7)-5(1,7)-6(1,5,7)-3(1,5,6)-2(1,3,5)-4(1,2,5,6)-0(5,6)
#14: 7-5(7)-1(5,7)-6(1,5,7)-3(1,5,6)-2(1,3,5)-4(1,2,5,6)-0(5,6)
#15: 7-6(7)-5(6,7)-1(5,6,7)-3(1,5,6)-2(1,3,5)-4(1,2,5,6)-0(5,6)
#16: 0-5(0)-6(0,5)-1(5,6)-3(1,5,6)-2(1,3,5)-4(1,2,5,6)-7(1,5,6)
#17: 0-6(0)-5(0,6)-1(5,6)-3(1,5,6)-2(1,3,5)-4(1,2,5,6)-7(1,5,6)

Preprocessing: 0.183ms
--------- Incremental Matching --------
auto_tuning off:0
use 1 threads for incresemental matching 
Start with 244341 Update
Incremental Matching: 435.271ms
0 vertex updates.
244341 edge updates.
2109 unsafe updates.
91565 positive matches.
0 negative matches.

# edges in index in total: 0
# vertices in index in total: 0
Peak Virtual Memory: 125852 KB

----------------- End -----------------
