----------- Loading graphs ------------
# vertices = 8
# edges = 14
# vertices = 403394
# edges = 2199067
Load Graphs: 1556.08ms
------------ Preprocessing ------------
matching order: 
-vertex(backward neighbors)-
#0: 7-3(7)-0(3,7)-2(0,3,7)-1(2,3,7)-4(0,7)-6(1,3)-5(7)
#1: 0-3(0)-7(0,3)-2(0,3,7)-1(2,3,7)-4(0,7)-6(1,3)-5(7)
#2: 0-7(0)-3(0,7)-2(0,3,7)-1(2,3,7)-4(0,7)-6(1,3)-5(7)
#3: 2-0(2)-7(0,2)-3(0,2,7)-1(2,3,7)-4(0,7)-6(1,3)-5(7)
#4: 2-3(2)-7(2,3)-0(2,3,7)-1(2,3,7)-4(0,7)-6(1,3)-5(7)
#5: 2-7(2)-3(2,7)-0(2,3,7)-1(2,3,7)-4(0,7)-6(1,3)-5(7)
#6: 1-2(1)-7(1,2)-3(1,2,7)-0(2,3,7)-4(0,7)-6(1,3)-5(7)
#7: 1-3(1)-7(1,3)-2(1,3,7)-0(2,3,7)-4(0,7)-6(1,3)-5(7)
#8: 1-7(1)-3(1,7)-2(1,3,7)-0(2,3,7)-4(0,7)-6(1,3)-5(7)
#9: 4-0(4)-7(0,4)-3(0,7)-2(0,3,7)-1(2,3,7)-6(1,3)-5(7)
#10: 4-7(4)-0(4,7)-3(0,7)-2(0,3,7)-1(2,3,7)-6(1,3)-5(7)
#11: 6-1(6)-3(1,6)-7(1,3)-2(1,3,7)-0(2,3,7)-4(0,7)-5(7)
#12: 6-3(6)-1(3,6)-7(1,3)-2(1,3,7)-0(2,3,7)-4(0,7)-5(7)
#13: 5-7(5)-3(7)-0(3,7)-2(0,3,7)-1(2,3,7)-4(0,7)-6(1,3)

Preprocessing: 0.151ms
--------- Incremental Matching --------
auto_tuning off:0
use 1 threads for incresemental matching 
Start with 244341 Update
Incremental Matching: 513.274ms
0 vertex updates.
244341 edge updates.
7541 unsafe updates.
1437352 positive matches.
0 negative matches.

# edges in index in total: 0
# vertices in index in total: 0
Peak Virtual Memory: 125852 KB

----------------- End -----------------
