----------- Loading graphs ------------
# vertices = 8
# edges = 8
# vertices = 403394
# edges = 2199067
Load Graphs: 1524.28ms
------------ Preprocessing ------------
matching order: 
-vertex(backward neighbors)-
#0: 6-0(6)-2(6)-3(0)-4(2)-1(4)-7(1,6)-5(3)
#1: 2-6(2)-0(6)-3(0)-4(2)-1(4)-7(1,6)-5(3)
#2: 3-0(3)-6(0)-2(6)-4(2)-1(4)-7(1,6)-5(3)
#3: 4-2(4)-6(2)-0(6)-1(4)-7(1,6)-3(0)-5(3)
#4: 1-4(1)-2(4)-6(2)-7(1,6)-0(6)-3(0)-5(3)
#5: 7-1(7)-6(7)-0(6)-2(6)-4(1,2)-3(0)-5(3)
#6: 7-6(7)-0(6)-1(7)-2(6)-4(1,2)-3(0)-5(3)
#7: 5-3(5)-0(3)-6(0)-2(6)-4(2)-1(4)-7(1,6)

Preprocessing: 1.184ms
--------- Incremental Matching --------
auto_tuning off:0
use 8 threads for incresemental matching 
Start with 244341 Update
Incremental Matching: 5182.67ms
0 vertex updates.
244341 edge updates.
29713 unsafe updates.
39826054 positive matches.
0 negative matches.

# edges in index in total: 0
# vertices in index in total: 0
Peak Virtual Memory: 775532 KB

----------------- End -----------------
