----------- Loading graphs ------------
# vertices = 8
# edges = 12
# vertices = 403394
# edges = 2199067
Load Graphs: 1579.83ms
------------ Preprocessing ------------
matching order: 
-vertex(backward neighbors)-
#0: 2-0(2)-4(0)-3(2,4)-5(2,3)-6(0,4)-1(2,4)-7(5,6)
#1: 4-0(4)-6(0,4)-2(0)-3(2,4)-5(2,3)-1(2,4)-7(5,6)
#2: 3-2(3)-5(2,3)-4(3)-0(2,4)-6(0,4)-1(2,4)-7(5,6)
#3: 3-4(3)-2(3)-0(2,4)-5(2,3)-6(0,4)-1(2,4)-7(5,6)
#4: 5-2(5)-3(2,5)-4(3)-0(2,4)-6(0,4)-1(2,4)-7(5,6)
#5: 5-3(5)-2(3,5)-4(3)-0(2,4)-6(0,4)-1(2,4)-7(5,6)
#6: 6-0(6)-4(0,6)-2(0)-3(2,4)-5(2,3)-1(2,4)-7(5,6)
#7: 6-4(6)-0(4,6)-2(0)-3(2,4)-5(2,3)-1(2,4)-7(5,6)
#8: 1-2(1)-4(1)-0(2,4)-3(2,4)-5(2,3)-6(0,4)-7(5,6)
#9: 1-4(1)-2(1)-0(2,4)-3(2,4)-5(2,3)-6(0,4)-7(5,6)
#10: 7-5(7)-2(5)-3(2,5)-4(3)-0(2,4)-6(0,4,7)-1(2,4)
#11: 7-6(7)-4(6)-0(4,6)-2(0)-3(2,4)-5(2,3,7)-1(2,4)

Preprocessing: 0.146ms
--------- Incremental Matching --------
auto_tuning off:0
use 1 threads for incresemental matching 
Start with 244341 Update
Incremental Matching: 1105.87ms
0 vertex updates.
244341 edge updates.
7968 unsafe updates.
549399 positive matches.
0 negative matches.

# edges in index in total: 0
# vertices in index in total: 0
Peak Virtual Memory: 125848 KB

----------------- End -----------------
