----------- Loading graphs ------------
# vertices = 8
# edges = 9
# vertices = 403394
# edges = 2199067
Load Graphs: 1409.21ms
------------ Preprocessing ------------
matching order: 
-vertex(backward neighbors)-
#0: 1-3(1)-5(1)-0(3,5)-2(1)-4(5)-6(3,4)-7(2)
#1: 5-1(5)-3(1)-0(3,5)-2(1)-4(5)-6(3,4)-7(2)
#2: 0-3(0)-1(3)-5(0,1)-2(1)-4(5)-6(3,4)-7(2)
#3: 0-5(0)-1(5)-3(0,1)-2(1)-4(5)-6(3,4)-7(2)
#4: 2-1(2)-3(1)-5(1)-0(3,5)-4(5)-6(3,4)-7(2)
#5: 4-5(4)-1(5)-3(1)-0(3,5)-6(3,4)-2(1)-7(2)
#6: 6-3(6)-1(3)-5(1)-0(3,5)-4(5,6)-2(1)-7(2)
#7: 6-4(6)-3(6)-1(3)-5(1,4)-0(3,5)-2(1)-7(2)
#8: 7-2(7)-1(2)-3(1)-5(1)-0(3,5)-4(5)-6(3,4)

Preprocessing: 1.166ms
--------- Incremental Matching --------
auto_tuning off:0
use 8 threads for incresemental matching 
Start with 244341 Update
Incremental Matching: 7621.19ms
0 vertex updates.
244341 edge updates.
28339 unsafe updates.
13042908 positive matches.
0 negative matches.

# edges in index in total: 0
# vertices in index in total: 0
Peak Virtual Memory: 864724 KB

----------------- End -----------------
