----------- Loading graphs ------------
# vertices = 8
# edges = 19
# vertices = 403394
# edges = 2199067
Load Graphs: 1319.45ms
------------ Preprocessing ------------
matching order: 
-vertex(backward neighbors)-
#0: 6-0(6)-2(0,6)-7(0,2,6)-4(2,6,7)-5(0,6,7)-1(2,4,5,6)-3(0,4,5)
#1: 2-0(2)-6(0,2)-7(0,2,6)-4(2,6,7)-5(0,6,7)-1(2,4,5,6)-3(0,4,5)
#2: 2-6(2)-0(2,6)-7(0,2,6)-4(2,6,7)-5(0,6,7)-1(2,4,5,6)-3(0,4,5)
#3: 7-0(7)-6(0,7)-2(0,6,7)-4(2,6,7)-5(0,6,7)-1(2,4,5,6)-3(0,4,5)
#4: 7-2(7)-6(2,7)-0(2,6,7)-4(2,6,7)-5(0,6,7)-1(2,4,5,6)-3(0,4,5)
#5: 7-6(7)-0(6,7)-2(0,6,7)-4(2,6,7)-5(0,6,7)-1(2,4,5,6)-3(0,4,5)
#6: 4-2(4)-6(2,4)-7(2,4,6)-0(2,6,7)-5(0,6,7)-1(2,4,5,6)-3(0,4,5)
#7: 4-6(4)-2(4,6)-7(2,4,6)-0(2,6,7)-5(0,6,7)-1(2,4,5,6)-3(0,4,5)
#8: 4-7(4)-6(4,7)-2(4,6,7)-0(2,6,7)-5(0,6,7)-1(2,4,5,6)-3(0,4,5)
#9: 5-0(5)-6(0,5)-7(0,5,6)-2(0,6,7)-4(2,6,7)-1(2,4,5,6)-3(0,4,5)
#10: 5-6(5)-0(5,6)-7(0,5,6)-2(0,6,7)-4(2,6,7)-1(2,4,5,6)-3(0,4,5)
#11: 5-7(5)-6(5,7)-0(5,6,7)-2(0,6,7)-4(2,6,7)-1(2,4,5,6)-3(0,4,5)
#12: 1-2(1)-6(1,2)-4(1,2,6)-7(2,4,6)-0(2,6,7)-5(0,1,6,7)-3(0,4,5)
#13: 1-4(1)-6(1,4)-2(1,4,6)-7(2,4,6)-0(2,6,7)-5(0,1,6,7)-3(0,4,5)
#14: 1-5(1)-6(1,5)-0(5,6)-2(0,1,6)-7(0,2,5,6)-4(1,2,6,7)-3(0,4,5)
#15: 1-6(1)-2(1,6)-4(1,2,6)-7(2,4,6)-0(2,6,7)-5(0,1,6,7)-3(0,4,5)
#16: 3-0(3)-5(0,3)-6(0,5)-7(0,5,6)-2(0,6,7)-4(2,3,6,7)-1(2,4,5,6)
#17: 3-4(3)-6(4)-0(3,6)-2(0,4,6)-7(0,2,4,6)-5(0,3,6,7)-1(2,4,5,6)
#18: 3-5(3)-0(3,5)-6(0,5)-7(0,5,6)-2(0,6,7)-4(2,3,6,7)-1(2,4,5,6)

Preprocessing: 0.168ms
--------- Incremental Matching --------
auto_tuning off:0
use 1 threads for incresemental matching 
Start with 244341 Update
Incremental Matching: 452.69ms
0 vertex updates.
244341 edge updates.
2738 unsafe updates.
23710 positive matches.
0 negative matches.

# edges in index in total: 0
# vertices in index in total: 0
Peak Virtual Memory: 125844 KB

----------------- End -----------------
