----------- Loading graphs ------------
# vertices = 8
# edges = 17
# vertices = 403394
# edges = 2199067
Load Graphs: 1507.13ms
------------ Preprocessing ------------
matching order: 
-vertex(backward neighbors)-
#0: 7-1(7)-4(1,7)-2(1,4,7)-0(4,7)-6(0,1,7)-3(1,6,7)-5(0,2,4)
#1: 4-1(4)-7(1,4)-2(1,4,7)-0(4,7)-6(0,1,7)-3(1,6,7)-5(0,2,4)
#2: 4-7(4)-1(4,7)-2(1,4,7)-0(4,7)-6(0,1,7)-3(1,6,7)-5(0,2,4)
#3: 2-1(2)-7(1,2)-4(1,2,7)-0(4,7)-6(0,1,7)-3(1,6,7)-5(0,2,4)
#4: 2-4(2)-7(2,4)-1(2,4,7)-0(4,7)-6(0,1,7)-3(1,6,7)-5(0,2,4)
#5: 2-7(2)-1(2,7)-4(1,2,7)-0(4,7)-6(0,1,7)-3(1,6,7)-5(0,2,4)
#6: 0-4(0)-7(0,4)-1(4,7)-2(1,4,7)-6(0,1,7)-3(1,6,7)-5(0,2,4)
#7: 0-7(0)-4(0,7)-1(4,7)-2(1,4,7)-6(0,1,7)-3(1,6,7)-5(0,2,4)
#8: 6-0(6)-7(0,6)-1(6,7)-4(0,1,7)-2(1,4,7)-3(1,6,7)-5(0,2,4)
#9: 6-1(6)-7(1,6)-3(1,6,7)-4(1,7)-0(4,6,7)-2(1,4,7)-5(0,2,4)
#10: 6-7(6)-1(6,7)-3(1,6,7)-4(1,7)-0(4,6,7)-2(1,4,7)-5(0,2,4)
#11: 3-1(3)-7(1,3)-6(1,3,7)-4(1,7)-0(4,6,7)-2(1,4,7)-5(0,2,4)
#12: 3-6(3)-7(3,6)-1(3,6,7)-4(1,7)-0(4,6,7)-2(1,4,7)-5(0,2,4)
#13: 3-7(3)-1(3,7)-6(1,3,7)-4(1,7)-0(4,6,7)-2(1,4,7)-5(0,2,4)
#14: 5-0(5)-4(0,5)-7(0,4)-2(4,5,7)-1(2,4,7)-6(0,1,7)-3(1,6,7)
#15: 5-2(5)-4(2,5)-7(2,4)-1(2,4,7)-0(4,5,7)-6(0,1,7)-3(1,6,7)
#16: 5-4(5)-0(4,5)-7(0,4)-2(4,5,7)-1(2,4,7)-6(0,1,7)-3(1,6,7)

Preprocessing: 1.231ms
--------- Incremental Matching --------
auto_tuning off:0
use 8 threads for incresemental matching 
Start with 244341 Update
Incremental Matching: 709.713ms
0 vertex updates.
244341 edge updates.
2528 unsafe updates.
45778 positive matches.
0 negative matches.

# edges in index in total: 0
# vertices in index in total: 0
Peak Virtual Memory: 770764 KB

----------------- End -----------------
