----------- Loading graphs ------------
# vertices = 8
# edges = 8
# vertices = 403394
# edges = 2199067
Load Graphs: 1519.49ms
------------ Preprocessing ------------
matching order: 
-vertex(backward neighbors)-
#0: 4-5(4)-7(5)-3(4,7)-2(7)-0(4)-1(5)-6(2)
#1: 7-5(7)-4(5)-3(4,7)-2(7)-0(4)-1(5)-6(2)
#2: 3-4(3)-5(4)-7(3,5)-2(7)-0(4)-1(5)-6(2)
#3: 3-7(3)-4(3)-5(4,7)-2(7)-0(4)-1(5)-6(2)
#4: 2-7(2)-5(7)-4(5)-3(4,7)-0(4)-1(5)-6(2)
#5: 0-4(0)-5(4)-7(5)-3(4,7)-2(7)-1(5)-6(2)
#6: 1-5(1)-4(5)-7(5)-3(4,7)-2(7)-0(4)-6(2)
#7: 6-2(6)-7(2)-5(7)-4(5)-3(4,7)-0(4)-1(5)

Preprocessing: 1.256ms
--------- Incremental Matching --------
auto_tuning off:0
use 8 threads for incresemental matching 
Start with 244341 Update
Incremental Matching: 31471.4ms
0 vertex updates.
244341 edge updates.
27472 unsafe updates.
866283178 positive matches.
0 negative matches.

# edges in index in total: 0
# vertices in index in total: 0
Peak Virtual Memory: 865224 KB

----------------- End -----------------
