----------- Loading graphs ------------
# vertices = 8
# edges = 14
# vertices = 403394
# edges = 2199067
Load Graphs: 1536.59ms
------------ Preprocessing ------------
matching order: 
-vertex(backward neighbors)-
#0: 2-7(2)-3(2,7)-6(2,3,7)-1(2,6,7)-4(3,7)-0(2)-5(0,2)
#1: 3-2(3)-7(2,3)-6(2,3,7)-1(2,6,7)-4(3,7)-0(2)-5(0,2)
#2: 3-7(3)-2(3,7)-6(2,3,7)-1(2,6,7)-4(3,7)-0(2)-5(0,2)
#3: 6-2(6)-7(2,6)-3(2,6,7)-1(2,6,7)-4(3,7)-0(2)-5(0,2)
#4: 6-3(6)-2(3,6)-7(2,3,6)-1(2,6,7)-4(3,7)-0(2)-5(0,2)
#5: 6-7(6)-2(6,7)-3(2,6,7)-1(2,6,7)-4(3,7)-0(2)-5(0,2)
#6: 1-2(1)-7(1,2)-6(1,2,7)-3(2,6,7)-4(3,7)-0(2)-5(0,2)
#7: 1-6(1)-2(1,6)-7(1,2,6)-3(2,6,7)-4(3,7)-0(2)-5(0,2)
#8: 1-7(1)-2(1,7)-6(1,2,7)-3(2,6,7)-4(3,7)-0(2)-5(0,2)
#9: 4-3(4)-7(3,4)-2(3,7)-6(2,3,7)-1(2,6,7)-0(2)-5(0,2)
#10: 4-7(4)-3(4,7)-2(3,7)-6(2,3,7)-1(2,6,7)-0(2)-5(0,2)
#11: 0-2(0)-5(0,2)-7(2)-3(2,7)-6(2,3,7)-1(2,6,7)-4(3,7)
#12: 5-0(5)-2(0,5)-7(2)-3(2,7)-6(2,3,7)-1(2,6,7)-4(3,7)
#13: 5-2(5)-0(2,5)-7(2)-3(2,7)-6(2,3,7)-1(2,6,7)-4(3,7)

Preprocessing: 0.164ms
--------- Incremental Matching --------
auto_tuning off:0
use 1 threads for incresemental matching 
Start with 244341 Update
Incremental Matching: 594.67ms
0 vertex updates.
244341 edge updates.
9489 unsafe updates.
535168 positive matches.
0 negative matches.

# edges in index in total: 0
# vertices in index in total: 0
Peak Virtual Memory: 125852 KB

----------------- End -----------------
