----------- Loading graphs ------------
# vertices = 8
# edges = 20
# vertices = 403394
# edges = 2199067
Load Graphs: 1451.29ms
------------ Preprocessing ------------
matching order: 
-vertex(backward neighbors)-
#0: 3-1(3)-5(1,3)-0(1,3,5)-2(0,1,3,5)-6(0,3,5)-4(1,3,6)-7(1,3,4,5)
#1: 5-1(5)-3(1,5)-0(1,3,5)-2(0,1,3,5)-6(0,3,5)-4(1,3,6)-7(1,3,4,5)
#2: 5-3(5)-1(3,5)-0(1,3,5)-2(0,1,3,5)-6(0,3,5)-4(1,3,6)-7(1,3,4,5)
#3: 0-1(0)-3(0,1)-5(0,1,3)-2(0,1,3,5)-6(0,3,5)-4(1,3,6)-7(1,3,4,5)
#4: 0-3(0)-1(0,3)-5(0,1,3)-2(0,1,3,5)-6(0,3,5)-4(1,3,6)-7(1,3,4,5)
#5: 0-5(0)-3(0,5)-1(0,3,5)-2(0,1,3,5)-6(0,3,5)-4(1,3,6)-7(1,3,4,5)
#6: 2-0(2)-3(0,2)-1(0,2,3)-5(0,1,2,3)-6(0,3,5)-4(1,3,6)-7(1,3,4,5)
#7: 2-1(2)-3(1,2)-5(1,2,3)-0(1,2,3,5)-6(0,3,5)-4(1,3,6)-7(1,3,4,5)
#8: 2-3(2)-1(2,3)-5(1,2,3)-0(1,2,3,5)-6(0,3,5)-4(1,3,6)-7(1,3,4,5)
#9: 2-5(2)-3(2,5)-1(2,3,5)-0(1,2,3,5)-6(0,3,5)-4(1,3,6)-7(1,3,4,5)
#10: 6-0(6)-3(0,6)-5(0,3,6)-1(0,3,5)-2(0,1,3,5)-4(1,3,6)-7(1,3,4,5)
#11: 6-3(6)-5(3,6)-0(3,5,6)-1(0,3,5)-2(0,1,3,5)-4(1,3,6)-7(1,3,4,5)
#12: 6-5(6)-3(5,6)-0(3,5,6)-1(0,3,5)-2(0,1,3,5)-4(1,3,6)-7(1,3,4,5)
#13: 4-1(4)-3(1,4)-7(1,3,4)-5(1,3,7)-0(1,3,5)-2(0,1,3,5)-6(0,3,4,5)
#14: 4-3(4)-1(3,4)-7(1,3,4)-5(1,3,7)-0(1,3,5)-2(0,1,3,5)-6(0,3,4,5)
#15: 4-6(4)-3(4,6)-1(3,4)-5(1,3,6)-0(1,3,5,6)-2(0,1,3,5)-7(1,3,4,5)
#16: 7-1(7)-3(1,7)-5(1,3,7)-0(1,3,5)-2(0,1,3,5)-4(1,3,7)-6(0,3,4,5)
#17: 7-3(7)-1(3,7)-5(1,3,7)-0(1,3,5)-2(0,1,3,5)-4(1,3,7)-6(0,3,4,5)
#18: 7-4(7)-3(4,7)-1(3,4,7)-5(1,3,7)-0(1,3,5)-2(0,1,3,5)-6(0,3,4,5)
#19: 7-5(7)-3(5,7)-1(3,5,7)-0(1,3,5)-2(0,1,3,5)-4(1,3,7)-6(0,3,4,5)

Preprocessing: 1.471ms
--------- Incremental Matching --------
auto_tuning off:0
use 8 threads for incresemental matching 
Start with 244341 Update
Incremental Matching: 686.542ms
0 vertex updates.
244341 edge updates.
1387 unsafe updates.
21041 positive matches.
0 negative matches.

# edges in index in total: 0
# vertices in index in total: 0
Peak Virtual Memory: 835640 KB

----------------- End -----------------
