----------- Loading graphs ------------
# vertices = 8
# edges = 17
# vertices = 403394
# edges = 2199067
Load Graphs: 1544.9ms
------------ Preprocessing ------------
matching order: 
-vertex(backward neighbors)-
#0: 0-1(0)-4(0,1)-2(0,1,4)-7(0,1,2)-5(1,4,7)-3(0,4,5)-6(5,7)
#1: 4-0(4)-1(0,4)-2(0,1,4)-7(0,1,2)-5(1,4,7)-3(0,4,5)-6(5,7)
#2: 4-1(4)-0(1,4)-2(0,1,4)-7(0,1,2)-5(1,4,7)-3(0,4,5)-6(5,7)
#3: 2-0(2)-1(0,2)-4(0,1,2)-7(0,1,2)-5(1,4,7)-3(0,4,5)-6(5,7)
#4: 2-1(2)-0(1,2)-4(0,1,2)-7(0,1,2)-5(1,4,7)-3(0,4,5)-6(5,7)
#5: 2-4(2)-0(2,4)-1(0,2,4)-7(0,1,2)-5(1,4,7)-3(0,4,5)-6(5,7)
#6: 7-0(7)-1(0,7)-2(0,1,7)-4(0,1,2)-5(1,4,7)-3(0,4,5)-6(5,7)
#7: 7-1(7)-0(1,7)-2(0,1,7)-4(0,1,2)-5(1,4,7)-3(0,4,5)-6(5,7)
#8: 7-2(7)-0(2,7)-1(0,2,7)-4(0,1,2)-5(1,4,7)-3(0,4,5)-6(5,7)
#9: 5-1(5)-4(1,5)-0(1,4)-7(0,1,5)-2(0,1,4,7)-3(0,4,5)-6(5,7)
#10: 5-4(5)-1(4,5)-0(1,4)-7(0,1,5)-2(0,1,4,7)-3(0,4,5)-6(5,7)
#11: 5-7(5)-1(5,7)-0(1,7)-4(0,1,5)-2(0,1,4,7)-3(0,4,5)-6(5,7)
#12: 3-0(3)-4(0,3)-1(0,4)-5(1,3,4)-7(0,1,5)-2(0,1,4,7)-6(5,7)
#13: 3-4(3)-0(3,4)-1(0,4)-5(1,3,4)-7(0,1,5)-2(0,1,4,7)-6(5,7)
#14: 3-5(3)-4(3,5)-0(3,4)-1(0,4,5)-7(0,1,5)-2(0,1,4,7)-6(5,7)
#15: 6-5(6)-7(5,6)-1(5,7)-0(1,7)-4(0,1,5)-2(0,1,4,7)-3(0,4,5)
#16: 6-7(6)-5(6,7)-1(5,7)-0(1,7)-4(0,1,5)-2(0,1,4,7)-3(0,4,5)

Preprocessing: 0.172ms
--------- Incremental Matching --------
auto_tuning off:0
use 1 threads for incresemental matching 
Start with 244341 Update
Incremental Matching: 451.611ms
0 vertex updates.
244341 edge updates.
3837 unsafe updates.
56647 positive matches.
0 negative matches.

# edges in index in total: 0
# vertices in index in total: 0
Peak Virtual Memory: 125844 KB

----------------- End -----------------
