----------- Loading graphs ------------
# vertices = 8
# edges = 13
# vertices = 403394
# edges = 2199067
Load Graphs: 1290.72ms
------------ Preprocessing ------------
matching order: 
-vertex(backward neighbors)-
#0: 5-1(5)-4(1,5)-0(4,5)-3(0,5)-7(1,3,5)-2(3)-6(1,2)
#1: 4-1(4)-5(1,4)-0(4,5)-3(0,5)-7(1,3,5)-2(3)-6(1,2)
#2: 4-5(4)-1(4,5)-0(4,5)-3(0,5)-7(1,3,5)-2(3)-6(1,2)
#3: 0-4(0)-5(0,4)-1(4,5)-3(0,5)-7(1,3,5)-2(3)-6(1,2)
#4: 0-5(0)-3(0,5)-4(0,5)-1(4,5)-7(1,3,5)-2(3)-6(1,2)
#5: 3-0(3)-5(0,3)-4(0,5)-1(4,5)-7(1,3,5)-2(3)-6(1,2)
#6: 3-5(3)-0(3,5)-4(0,5)-1(4,5)-7(1,3,5)-2(3)-6(1,2)
#7: 7-1(7)-5(1,7)-3(5,7)-0(3,5)-4(0,1,5)-2(3)-6(1,2)
#8: 7-3(7)-5(3,7)-1(5,7)-0(3,5)-4(0,1,5)-2(3)-6(1,2)
#9: 7-5(7)-1(5,7)-3(5,7)-0(3,5)-4(0,1,5)-2(3)-6(1,2)
#10: 2-3(2)-5(3)-0(3,5)-4(0,5)-1(4,5)-7(1,3,5)-6(1,2)
#11: 6-1(6)-5(1)-4(1,5)-0(4,5)-3(0,5)-7(1,3,5)-2(3,6)
#12: 6-2(6)-1(6)-5(1)-3(2,5)-7(1,3,5)-0(3,5)-4(0,1,5)

Preprocessing: 1.119ms
--------- Incremental Matching --------
auto_tuning off:0
use 8 threads for incresemental matching 
Start with 244341 Update
Incremental Matching: 1382.95ms
0 vertex updates.
244341 edge updates.
6351 unsafe updates.
265736 positive matches.
0 negative matches.

# edges in index in total: 0
# vertices in index in total: 0
Peak Virtual Memory: 770892 KB

----------------- End -----------------
