----------- Loading graphs ------------
# vertices = 8
# edges = 20
# vertices = 403394
# edges = 2199067
Load Graphs: 1329.27ms
------------ Preprocessing ------------
matching order: 
-vertex(backward neighbors)-
#0: 3-4(3)-5(3,4)-0(3,4,5)-1(0,3,4,5)-7(0,1,4,5)-2(3,5,7)-6(2,3,4)
#1: 5-3(5)-4(3,5)-0(3,4,5)-1(0,3,4,5)-7(0,1,4,5)-2(3,5,7)-6(2,3,4)
#2: 5-4(5)-3(4,5)-0(3,4,5)-1(0,3,4,5)-7(0,1,4,5)-2(3,5,7)-6(2,3,4)
#3: 0-3(0)-4(0,3)-5(0,3,4)-1(0,3,4,5)-7(0,1,4,5)-2(3,5,7)-6(2,3,4)
#4: 0-4(0)-3(0,4)-5(0,3,4)-1(0,3,4,5)-7(0,1,4,5)-2(3,5,7)-6(2,3,4)
#5: 0-5(0)-3(0,5)-4(0,3,5)-1(0,3,4,5)-7(0,1,4,5)-2(3,5,7)-6(2,3,4)
#6: 1-0(1)-3(0,1)-4(0,1,3)-5(0,1,3,4)-7(0,1,4,5)-2(3,5,7)-6(2,3,4)
#7: 1-3(1)-4(1,3)-5(1,3,4)-0(1,3,4,5)-7(0,1,4,5)-2(3,5,7)-6(2,3,4)
#8: 1-4(1)-3(1,4)-5(1,3,4)-0(1,3,4,5)-7(0,1,4,5)-2(3,5,7)-6(2,3,4)
#9: 1-5(1)-3(1,5)-4(1,3,5)-0(1,3,4,5)-7(0,1,4,5)-2(3,5,7)-6(2,3,4)
#10: 7-0(7)-4(0,7)-5(0,4,7)-1(0,4,5,7)-3(0,1,4,5)-2(3,5,7)-6(2,3,4)
#11: 7-1(7)-4(1,7)-5(1,4,7)-0(1,4,5,7)-3(0,1,4,5)-2(3,5,7)-6(2,3,4)
#12: 7-4(7)-5(4,7)-0(4,5,7)-1(0,4,5,7)-3(0,1,4,5)-2(3,5,7)-6(2,3,4)
#13: 7-5(7)-4(5,7)-0(4,5,7)-1(0,4,5,7)-3(0,1,4,5)-2(3,5,7)-6(2,3,4)
#14: 2-3(2)-5(2,3)-4(3,5)-0(3,4,5)-1(0,3,4,5)-7(0,1,2,4,5)-6(2,3,4)
#15: 2-5(2)-3(2,5)-4(3,5)-0(3,4,5)-1(0,3,4,5)-7(0,1,2,4,5)-6(2,3,4)
#16: 2-7(2)-5(2,7)-3(2,5)-4(3,5,7)-0(3,4,5,7)-1(0,3,4,5,7)-6(2,3,4)
#17: 6-2(6)-3(2,6)-4(3,6)-5(2,3,4)-0(3,4,5)-1(0,3,4,5)-7(0,1,2,4,5)
#18: 6-3(6)-4(3,6)-5(3,4)-0(3,4,5)-1(0,3,4,5)-7(0,1,4,5)-2(3,5,6,7)
#19: 6-4(6)-3(4,6)-5(3,4)-0(3,4,5)-1(0,3,4,5)-7(0,1,4,5)-2(3,5,6,7)

Preprocessing: 0.17ms
--------- Incremental Matching --------
auto_tuning off:0
use 1 threads for incresemental matching 
Start with 244341 Update
Incremental Matching: 431.615ms
0 vertex updates.
244341 edge updates.
951 unsafe updates.
20779 positive matches.
0 negative matches.

# edges in index in total: 0
# vertices in index in total: 0
Peak Virtual Memory: 125844 KB

----------------- End -----------------
