----------- Loading graphs ------------
# vertices = 8
# edges = 20
# vertices = 403394
# edges = 2199067
Load Graphs: 1523.76ms
------------ Preprocessing ------------
matching order: 
-vertex(backward neighbors)-
#0: 7-0(7)-4(0,7)-6(0,4,7)-1(6,7)-2(0,1,4)-3(1,2,4,7)-5(0,1,2,3,7)
#1: 4-0(4)-7(0,4)-6(0,4,7)-1(6,7)-2(0,1,4)-3(1,2,4,7)-5(0,1,2,3,7)
#2: 4-7(4)-0(4,7)-6(0,4,7)-1(6,7)-2(0,1,4)-3(1,2,4,7)-5(0,1,2,3,7)
#3: 6-0(6)-7(0,6)-4(0,6,7)-1(6,7)-2(0,1,4)-3(1,2,4,7)-5(0,1,2,3,7)
#4: 6-4(6)-7(4,6)-0(4,6,7)-1(6,7)-2(0,1,4)-3(1,2,4,7)-5(0,1,2,3,7)
#5: 6-7(6)-0(6,7)-4(0,6,7)-1(6,7)-2(0,1,4)-3(1,2,4,7)-5(0,1,2,3,7)
#6: 1-6(1)-7(1,6)-0(6,7)-4(0,6,7)-2(0,1,4)-3(1,2,4,7)-5(0,1,2,3,7)
#7: 1-7(1)-3(1,7)-5(1,3,7)-2(1,3,5)-0(2,5,7)-4(0,2,3,7)-6(0,1,4,7)
#8: 2-0(2)-4(0,2)-7(0,4)-3(2,4,7)-5(0,2,3,7)-1(2,3,5,7)-6(0,1,4,7)
#9: 2-1(2)-3(1,2)-5(1,2,3)-7(1,3,5)-0(2,5,7)-4(0,2,3,7)-6(0,1,4,7)
#10: 2-4(2)-0(2,4)-7(0,4)-3(2,4,7)-5(0,2,3,7)-1(2,3,5,7)-6(0,1,4,7)
#11: 3-1(3)-7(1,3)-5(1,3,7)-2(1,3,5)-0(2,5,7)-4(0,2,3,7)-6(0,1,4,7)
#12: 3-2(3)-1(2,3)-5(1,2,3)-7(1,3,5)-0(2,5,7)-4(0,2,3,7)-6(0,1,4,7)
#13: 3-4(3)-7(3,4)-0(4,7)-2(0,3,4)-5(0,2,3,7)-1(2,3,5,7)-6(0,1,4,7)
#14: 3-7(3)-1(3,7)-5(1,3,7)-2(1,3,5)-0(2,5,7)-4(0,2,3,7)-6(0,1,4,7)
#15: 5-0(5)-7(0,5)-1(5,7)-2(0,1,5)-3(1,2,5,7)-4(0,2,3,7)-6(0,1,4,7)
#16: 5-1(5)-7(1,5)-3(1,5,7)-2(1,3,5)-0(2,5,7)-4(0,2,3,7)-6(0,1,4,7)
#17: 5-2(5)-0(2,5)-7(0,5)-1(2,5,7)-3(1,2,5,7)-4(0,2,3,7)-6(0,1,4,7)
#18: 5-3(5)-7(3,5)-1(3,5,7)-2(1,3,5)-0(2,5,7)-4(0,2,3,7)-6(0,1,4,7)
#19: 5-7(5)-0(5,7)-1(5,7)-2(0,1,5)-3(1,2,5,7)-4(0,2,3,7)-6(0,1,4,7)

Preprocessing: 1.285ms
--------- Incremental Matching --------
auto_tuning off:0
use 8 threads for incresemental matching 
Start with 244341 Update
Incremental Matching: 741.353ms
0 vertex updates.
244341 edge updates.
998 unsafe updates.
15812 positive matches.
0 negative matches.

# edges in index in total: 0
# vertices in index in total: 0
Peak Virtual Memory: 835644 KB

----------------- End -----------------
