----------- Loading graphs ------------
# vertices = 8
# edges = 7
# vertices = 403394
# edges = 2199067
Load Graphs: 1431.3ms
------------ Preprocessing ------------
matching order: 
-vertex(backward neighbors)-
#0: 0-1(0)-2(1)-5(2)-4(5)-6(4)-3(0)-7(6)
#1: 2-1(2)-0(1)-5(2)-4(5)-6(4)-3(0)-7(6)
#2: 5-2(5)-1(2)-0(1)-4(5)-6(4)-3(0)-7(6)
#3: 4-5(4)-2(5)-1(2)-0(1)-6(4)-3(0)-7(6)
#4: 6-4(6)-5(4)-2(5)-1(2)-0(1)-3(0)-7(6)
#5: 3-0(3)-1(0)-2(1)-5(2)-4(5)-6(4)-7(6)
#6: 7-6(7)-4(6)-5(4)-2(5)-1(2)-0(1)-3(0)

Preprocessing: 0.12ms
----------- Initial Matching ----------
Initial Matching: 56082.8ms
1191280581 matches. 
--------- Incremental Matching --------
auto_tuning off:0
use 1 threads for incresemental matching 
Incremental Matching: 66944.7ms
0 vertex updates.
244341 edge updates.
33941 unsafe updates.
1369813884 positive matches.
0 negative matches.

# edges in index in total: 0
# vertices in index in total: 0
Peak Virtual Memory: 254312 KB

----------------- End -----------------
