----------- Loading graphs ------------
# vertices = 8
# edges = 7
# vertices = 403394
# edges = 2199067
Load Graphs: 1739.51ms
------------ Preprocessing ------------
matching order: 
-vertex(backward neighbors)-
#0: 3-0(3)-1(0)-6(3)-4(6)-2(1)-5(4)-7(3)
#1: 1-0(1)-3(0)-6(3)-4(6)-2(1)-5(4)-7(3)
#2: 6-3(6)-0(3)-1(0)-4(6)-2(1)-5(4)-7(3)
#3: 4-6(4)-3(6)-0(3)-1(0)-2(1)-5(4)-7(3)
#4: 2-1(2)-0(1)-3(0)-6(3)-4(6)-5(4)-7(3)
#5: 5-4(5)-6(4)-3(6)-0(3)-1(0)-2(1)-7(3)
#6: 7-3(7)-0(3)-1(0)-6(3)-4(6)-2(1)-5(4)

Preprocessing: 0.114ms
----------- Initial Matching ----------
Timeout 180s
Initial Matching: 190315ms
7151357106 matches. 
