----------- Loading graphs ------------
# vertices = 8
# edges = 7
# vertices = 403394
# edges = 2199067
Load Graphs: 1572.97ms
------------ Preprocessing ------------
matching order: 
-vertex(backward neighbors)-
#0: 3-6(3)-1(3)-4(6)-0(3)-2(1)-5(4)-7(6)
#1: 1-3(1)-6(3)-4(6)-0(3)-2(1)-5(4)-7(6)
#2: 4-6(4)-3(6)-1(3)-0(3)-2(1)-5(4)-7(6)
#3: 0-3(0)-6(3)-1(3)-4(6)-2(1)-5(4)-7(6)
#4: 2-1(2)-3(1)-6(3)-4(6)-0(3)-5(4)-7(6)
#5: 5-4(5)-6(4)-3(6)-1(3)-0(3)-2(1)-7(6)
#6: 7-6(7)-3(6)-1(3)-4(6)-0(3)-2(1)-5(4)

Preprocessing: 0.103ms
----------- Initial Matching ----------
Timeout 180s
Timeout 180s
Initial Matching: 531979ms
17970163099 matches. 
