----------- Loading graphs ------------
# vertices = 7
# edges = 6
# vertices = 4847571
# edges = 38566113
Load Graphs: 39364.5ms
------------ Preprocessing ------------
matching order: 
-vertex(backward neighbors)-
#0: 0-1(0)-2(0)-3(1)-6(3)-4(6)-5(2)
#1: 2-0(2)-1(0)-3(1)-6(3)-4(6)-5(2)
#2: 3-1(3)-0(1)-2(0)-6(3)-4(6)-5(2)
#3: 6-3(6)-1(3)-0(1)-2(0)-4(6)-5(2)
#4: 4-6(4)-3(6)-1(3)-0(1)-2(0)-5(2)
#5: 5-2(5)-0(2)-1(0)-3(1)-6(3)-4(6)

Preprocessing: 4.35ms
--------- Incremental Matching --------
auto_tuning off:0
use 8 threads for incresemental matching 
Incremental Matching: 148579ms
0 vertex updates.
4285124 edge updates.
27454 unsafe updates.
3244921560 positive matches.
0 negative matches.

# edges in index in total: 0
# vertices in index in total: 0
Peak Virtual Memory: 2806696 KB

----------------- End -----------------
