----------- Loading graphs ------------
# vertices = 7
# edges = 7
# vertices = 4847571
# edges = 38566113
Load Graphs: 53845.4ms
------------ Preprocessing ------------
matching order: 
-vertex(backward neighbors)-
#0: 1-3(1)-2(1,3)-5(3)-0(5)-4(0)-6(1)
#1: 2-1(2)-3(1,2)-5(3)-0(5)-4(0)-6(1)
#2: 2-3(2)-1(2,3)-5(3)-0(5)-4(0)-6(1)
#3: 5-3(5)-1(3)-2(1,3)-0(5)-4(0)-6(1)
#4: 0-5(0)-3(5)-1(3)-2(1,3)-4(0)-6(1)
#5: 4-0(4)-5(0)-3(5)-1(3)-2(1,3)-6(1)
#6: 6-1(6)-3(1)-2(1,3)-5(3)-0(5)-4(0)

Preprocessing: 4.139ms
----------- Initial Matching ----------
Timeout 120s
Initial Matching: 120044ms
523403171 matches. 
