----------- Loading graphs ------------
# vertices = 7
# edges = 7
# vertices = 4847571
# edges = 38566113
Load Graphs: 40664.5ms
------------ Preprocessing ------------
matching order: 
-vertex(backward neighbors)-
#0: 1-3(1)-2(1,3)-5(3)-0(5)-4(0)-6(1)
#1: 2-1(2)-3(1,2)-5(3)-0(5)-4(0)-6(1)
#2: 2-3(2)-1(2,3)-5(3)-0(5)-4(0)-6(1)
#3: 5-3(5)-1(3)-2(1,3)-0(5)-4(0)-6(1)
#4: 0-5(0)-3(5)-1(3)-2(1,3)-4(0)-6(1)
#5: 4-0(4)-5(0)-3(5)-1(3)-2(1,3)-6(1)
#6: 6-1(6)-3(1)-2(1,3)-5(3)-0(5)-4(0)

Preprocessing: 0.506ms
--------- Incremental Matching --------
auto_tuning off:0
use 1 threads for incresemental matching 
Start with 4285124 Update
Incremental Matching: 96844.9ms
0 vertex updates.
4285124 edge updates.
17667 unsafe updates.
640687663 positive matches.
0 negative matches.

# edges in index in total: 0
# vertices in index in total: 0
Peak Virtual Memory: 1657460 KB

----------------- End -----------------
