----------- Loading graphs ------------
# vertices = 7
# edges = 7
# vertices = 4847571
# edges = 38566113
Load Graphs: 39840.1ms
------------ Preprocessing ------------
matching order: 
-vertex(backward neighbors)-
#0: 0-3(0)-1(0,3)-2(0)-5(3)-4(2)-6(5)
#1: 1-0(1)-3(0,1)-2(0)-5(3)-4(2)-6(5)
#2: 1-3(1)-0(1,3)-2(0)-5(3)-4(2)-6(5)
#3: 2-0(2)-3(0)-1(0,3)-5(3)-4(2)-6(5)
#4: 5-3(5)-0(3)-1(0,3)-2(0)-4(2)-6(5)
#5: 4-2(4)-0(2)-3(0)-1(0,3)-5(3)-6(5)
#6: 6-5(6)-3(5)-0(3)-1(0,3)-2(0)-4(2)

Preprocessing: 0.35ms
--------- Incremental Matching --------
auto_tuning off:0
use 1 threads for incresemental matching 
Start with 4285124 Update
Incremental Matching: 216079ms
0 vertex updates.
4285124 edge updates.
17922 unsafe updates.
1562685443 positive matches.
0 negative matches.

# edges in index in total: 0
# vertices in index in total: 0
Peak Virtual Memory: 1657408 KB

----------------- End -----------------
