----------- Loading graphs ------------
# vertices = 7
# edges = 7
# vertices = 4847571
# edges = 38566113
Load Graphs: 48705.9ms
------------ Preprocessing ------------
matching order: 
-vertex(backward neighbors)-
#0: 3-0(3)-1(0)-2(3)-5(2,3)-4(1)-6(4)
#1: 1-0(1)-3(0)-2(3)-5(2,3)-4(1)-6(4)
#2: 2-3(2)-5(2,3)-0(3)-1(0)-4(1)-6(4)
#3: 5-2(5)-3(2,5)-0(3)-1(0)-4(1)-6(4)
#4: 5-3(5)-2(3,5)-0(3)-1(0)-4(1)-6(4)
#5: 4-1(4)-0(1)-3(0)-2(3)-5(2,3)-6(4)
#6: 6-4(6)-1(4)-0(1)-3(0)-2(3)-5(2,3)

Preprocessing: 5.284ms
--------- Incremental Matching --------
auto_tuning off:0
use 8 threads for incresemental matching 
Start with 4285124 Update
Incremental Matching: 104236ms
0 vertex updates.
4285124 edge updates.
18953 unsafe updates.
605721999 positive matches.
0 negative matches.

# edges in index in total: 0
# vertices in index in total: 0
Peak Virtual Memory: 2322584 KB

----------------- End -----------------
