----------- Loading graphs ------------
# vertices = 7
# edges = 6
# vertices = 4847571
# edges = 38566113
Load Graphs: 40280.4ms
------------ Preprocessing ------------
matching order: 
-vertex(backward neighbors)-
#0: 0-2(0)-1(0)-3(0)-4(1)-5(2)-6(2)
#1: 1-0(1)-2(0)-3(0)-4(1)-5(2)-6(2)
#2: 3-0(3)-2(0)-1(0)-4(1)-5(2)-6(2)
#3: 4-1(4)-0(1)-2(0)-3(0)-5(2)-6(2)
#4: 5-2(5)-0(2)-1(0)-3(0)-4(1)-6(2)
#5: 6-2(6)-0(2)-1(0)-3(0)-4(1)-5(2)

Preprocessing: 0.369ms
--------- Incremental Matching --------
auto_tuning off:0
use 1 threads for incresemental matching 
Start with 4285124 Update
