----------- Loading graphs ------------
# vertices = 7
# edges = 6
# vertices = 4847571
# edges = 38566113
Load Graphs: 39207.4ms
------------ Preprocessing ------------
matching order: 
-vertex(backward neighbors)-
#0: 0-1(0)-2(0)-3(1)-6(3)-4(6)-5(2)
#1: 2-0(2)-1(0)-3(1)-6(3)-4(6)-5(2)
#2: 3-1(3)-0(1)-2(0)-6(3)-4(6)-5(2)
#3: 6-3(6)-1(3)-0(1)-2(0)-4(6)-5(2)
#4: 4-6(4)-3(6)-1(3)-0(1)-2(0)-5(2)
#5: 5-2(5)-0(2)-1(0)-3(1)-6(3)-4(6)

Preprocessing: 0.363ms
--------- Incremental Matching --------
auto_tuning off:0
use 1 threads for incresemental matching 
Start with 4285124 Update
