----------- Loading graphs ------------
# vertices = 7
# edges = 12
# vertices = 4847571
# edges = 38566113
Load Graphs: 39964.7ms
------------ Preprocessing ------------
matching order: 
-vertex(backward neighbors)-
#0: 4-0(4)-5(0,4)-6(0,4,5)-3(4,5,6)-2(0,3)-1(4)
#1: 5-0(5)-4(0,5)-6(0,4,5)-3(4,5,6)-2(0,3)-1(4)
#2: 5-4(5)-0(4,5)-6(0,4,5)-3(4,5,6)-2(0,3)-1(4)
#3: 6-0(6)-4(0,6)-5(0,4,6)-3(4,5,6)-2(0,3)-1(4)
#4: 6-4(6)-0(4,6)-5(0,4,6)-3(4,5,6)-2(0,3)-1(4)
#5: 6-5(6)-4(5,6)-0(4,5,6)-3(4,5,6)-2(0,3)-1(4)
#6: 3-4(3)-5(3,4)-6(3,4,5)-0(4,5,6)-2(0,3)-1(4)
#7: 3-5(3)-4(3,5)-6(3,4,5)-0(4,5,6)-2(0,3)-1(4)
#8: 3-6(3)-4(3,6)-5(3,4,6)-0(4,5,6)-2(0,3)-1(4)
#9: 2-0(2)-4(0)-3(2,4)-5(0,3,4)-6(0,3,4,5)-1(4)
#10: 2-3(2)-4(3)-0(2,4)-5(0,3,4)-6(0,3,4,5)-1(4)
#11: 1-4(1)-0(4)-5(0,4)-6(0,4,5)-3(4,5,6)-2(0,3)

Preprocessing: 0.391ms
--------- Incremental Matching --------
auto_tuning off:0
use 1 threads for incresemental matching 
Start with 4285124 Update
Incremental Matching: 55083.2ms
0 vertex updates.
4285124 edge updates.
8055 unsafe updates.
369284700 positive matches.
0 negative matches.

# edges in index in total: 0
# vertices in index in total: 0
Peak Virtual Memory: 1657484 KB

----------------- End -----------------
