----------- Loading graphs ------------
# vertices = 7
# edges = 10
# vertices = 4847571
# edges = 38566113
Load Graphs: 40990.7ms
------------ Preprocessing ------------
matching order: 
-vertex(backward neighbors)-
#0: 0-5(0)-3(0,5)-2(0,3)-4(0,5)-6(0,5)-1(2)
#1: 3-0(3)-5(0,3)-2(0,3)-4(0,5)-6(0,5)-1(2)
#2: 3-5(3)-0(3,5)-2(0,3)-4(0,5)-6(0,5)-1(2)
#3: 2-0(2)-3(0,2)-5(0,3)-4(0,5)-6(0,5)-1(2)
#4: 2-3(2)-0(2,3)-5(0,3)-4(0,5)-6(0,5)-1(2)
#5: 4-0(4)-5(0,4)-3(0,5)-2(0,3)-6(0,5)-1(2)
#6: 4-5(4)-0(4,5)-3(0,5)-2(0,3)-6(0,5)-1(2)
#7: 6-0(6)-5(0,6)-3(0,5)-2(0,3)-4(0,5)-1(2)
#8: 6-5(6)-0(5,6)-3(0,5)-2(0,3)-4(0,5)-1(2)
#9: 1-2(1)-0(2)-3(0,2)-5(0,3)-4(0,5)-6(0,5)

Preprocessing: 0.382ms
--------- Incremental Matching --------
auto_tuning off:0
use 1 threads for incresemental matching 
Start with 4285124 Update
Incremental Matching: 63584.1ms
0 vertex updates.
4285124 edge updates.
7105 unsafe updates.
383881773 positive matches.
0 negative matches.

# edges in index in total: 0
# vertices in index in total: 0
Peak Virtual Memory: 1657408 KB

----------------- End -----------------
