----------- Loading graphs ------------
# vertices = 7
# edges = 6
# vertices = 4847571
# edges = 38566113
Load Graphs: 38687.8ms
------------ Preprocessing ------------
matching order: 
-vertex(backward neighbors)-
#0: 0-3(0)-6(3)-5(6)-2(5)-1(0)-4(2)
#1: 6-3(6)-0(3)-5(6)-2(5)-1(0)-4(2)
#2: 5-6(5)-2(5)-3(6)-0(3)-1(0)-4(2)
#3: 2-5(2)-6(5)-3(6)-0(3)-1(0)-4(2)
#4: 1-0(1)-3(0)-6(3)-5(6)-2(5)-4(2)
#5: 4-2(4)-5(2)-6(5)-3(6)-0(3)-1(0)

Preprocessing: 4.78ms
--------- Incremental Matching --------
auto_tuning off:0
use 8 threads for incresemental matching 
Start with 4285124 Update
