----------- Loading graphs ------------
# vertices = 7
# edges = 6
# vertices = 4847571
# edges = 38566113
Load Graphs: 39976.3ms
------------ Preprocessing ------------
matching order: 
-vertex(backward neighbors)-
#0: 0-2(0)-4(0)-6(4)-5(6)-1(5)-3(2)
#1: 4-0(4)-2(0)-6(4)-5(6)-1(5)-3(2)
#2: 6-4(6)-0(4)-2(0)-5(6)-1(5)-3(2)
#3: 5-6(5)-4(6)-0(4)-2(0)-1(5)-3(2)
#4: 1-5(1)-6(5)-4(6)-0(4)-2(0)-3(2)
#5: 3-2(3)-0(2)-4(0)-6(4)-5(6)-1(5)

Preprocessing: 0.354ms
--------- Incremental Matching --------
auto_tuning off:0
use 1 threads for incresemental matching 
Start with 4285124 Update
