----------- Loading graphs ------------
# vertices = 7
# edges = 6
# vertices = 4847571
# edges = 38566113
Load Graphs: 40560.4ms
------------ Preprocessing ------------
matching order: 
-vertex(backward neighbors)-
#0: 0-2(0)-4(0)-6(4)-5(6)-1(5)-3(2)
#1: 4-0(4)-2(0)-6(4)-5(6)-1(5)-3(2)
#2: 6-4(6)-0(4)-2(0)-5(6)-1(5)-3(2)
#3: 5-6(5)-4(6)-0(4)-2(0)-1(5)-3(2)
#4: 1-5(1)-6(5)-4(6)-0(4)-2(0)-3(2)
#5: 3-2(3)-0(2)-4(0)-6(4)-5(6)-1(5)

Preprocessing: 4.577ms
--------- Incremental Matching --------
auto_tuning off:0
use 8 threads for incresemental matching 
Start with 4285124 Update
Incremental Matching: 289719ms
0 vertex updates.
4285124 edge updates.
27185 unsafe updates.
4522093244 positive matches.
0 negative matches.

# edges in index in total: 0
# vertices in index in total: 0
Peak Virtual Memory: 2324360 KB

----------------- End -----------------
