----------- Loading graphs ------------
# vertices = 7
# edges = 8
# vertices = 4847571
# edges = 38566113
Load Graphs: 40791.1ms
------------ Preprocessing ------------
matching order: 
-vertex(backward neighbors)-
#0: 0-2(0)-1(0,2)-3(0)-4(3)-5(3,4)-6(2)
#1: 1-0(1)-2(0,1)-3(0)-4(3)-5(3,4)-6(2)
#2: 1-2(1)-0(1,2)-3(0)-4(3)-5(3,4)-6(2)
#3: 3-0(3)-2(0)-1(0,2)-4(3)-5(3,4)-6(2)
#4: 4-3(4)-5(3,4)-0(3)-2(0)-1(0,2)-6(2)
#5: 5-3(5)-4(3,5)-0(3)-2(0)-1(0,2)-6(2)
#6: 5-4(5)-3(4,5)-0(3)-2(0)-1(0,2)-6(2)
#7: 6-2(6)-0(2)-1(0,2)-3(0)-4(3)-5(3,4)

Preprocessing: 4.504ms
--------- Incremental Matching --------
auto_tuning off:0
use 8 threads for incresemental matching 
Start with 4285124 Update
Incremental Matching: 54670.3ms
0 vertex updates.
4285124 edge updates.
12747 unsafe updates.
520240104 positive matches.
0 negative matches.

# edges in index in total: 0
# vertices in index in total: 0
Peak Virtual Memory: 2408524 KB

----------------- End -----------------
