----------- Loading graphs ------------
# vertices = 7
# edges = 7
# vertices = 4847571
# edges = 38566113
Load Graphs: 43305.7ms
------------ Preprocessing ------------
matching order: 
-vertex(backward neighbors)-
#0: 3-2(3)-4(2)-1(4)-5(3)-6(3,5)-0(1)
#1: 4-2(4)-3(2)-1(4)-5(3)-6(3,5)-0(1)
#2: 1-4(1)-2(4)-3(2)-5(3)-6(3,5)-0(1)
#3: 5-3(5)-6(3,5)-2(3)-4(2)-1(4)-0(1)
#4: 6-3(6)-5(3,6)-2(3)-4(2)-1(4)-0(1)
#5: 6-5(6)-3(5,6)-2(3)-4(2)-1(4)-0(1)
#6: 0-1(0)-4(1)-2(4)-3(2)-5(3)-6(3,5)

Preprocessing: 1.422ms
--------- Incremental Matching --------
auto_tuning off:0
use 1 threads for incresemental matching 
Start with 4285124 Update
Incremental Matching: 254155ms
0 vertex updates.
4285124 edge updates.
16056 unsafe updates.
1271549636 positive matches.
0 negative matches.

# edges in index in total: 0
# vertices in index in total: 0
Peak Virtual Memory: 1657404 KB

----------------- End -----------------
