----------- Loading graphs ------------
# vertices = 7
# edges = 7
# vertices = 4847571
# edges = 38566113
Load Graphs: 38528ms
------------ Preprocessing ------------
matching order: 
-vertex(backward neighbors)-
#0: 0-1(0)-6(0,1)-2(0)-3(2)-4(3)-5(1)
#1: 6-0(6)-1(0,6)-2(0)-3(2)-4(3)-5(1)
#2: 6-1(6)-0(1,6)-2(0)-3(2)-4(3)-5(1)
#3: 2-0(2)-1(0)-6(0,1)-3(2)-4(3)-5(1)
#4: 3-2(3)-0(2)-1(0)-6(0,1)-4(3)-5(1)
#5: 4-3(4)-2(3)-0(2)-1(0)-6(0,1)-5(1)
#6: 5-1(5)-0(1)-6(0,1)-2(0)-3(2)-4(3)

Preprocessing: 4.239ms
--------- Incremental Matching --------
auto_tuning off:0
use 8 threads for incresemental matching 
Start with 4285124 Update
Incremental Matching: 57450.3ms
0 vertex updates.
4285124 edge updates.
18416 unsafe updates.
1380963298 positive matches.
0 negative matches.

# edges in index in total: 0
# vertices in index in total: 0
Peak Virtual Memory: 2316692 KB

----------------- End -----------------
