----------- Loading graphs ------------
# vertices = 7
# edges = 17
# vertices = 4847571
# edges = 38566113
Load Graphs: 41163.8ms
------------ Preprocessing ------------
matching order: 
-vertex(backward neighbors)-
#0: 0-3(0)-1(0,3)-4(0,1,3)-6(0,1,3,4)-5(0,1,3,4)-2(0,3,6)
#1: 1-0(1)-3(0,1)-4(0,1,3)-6(0,1,3,4)-5(0,1,3,4)-2(0,3,6)
#2: 1-3(1)-0(1,3)-4(0,1,3)-6(0,1,3,4)-5(0,1,3,4)-2(0,3,6)
#3: 4-0(4)-3(0,4)-1(0,3,4)-6(0,1,3,4)-5(0,1,3,4)-2(0,3,6)
#4: 4-1(4)-0(1,4)-3(0,1,4)-6(0,1,3,4)-5(0,1,3,4)-2(0,3,6)
#5: 4-3(4)-0(3,4)-1(0,3,4)-6(0,1,3,4)-5(0,1,3,4)-2(0,3,6)
#6: 6-0(6)-3(0,6)-1(0,3,6)-4(0,1,3,6)-5(0,1,3,4)-2(0,3,6)
#7: 6-1(6)-0(1,6)-3(0,1,6)-4(0,1,3,6)-5(0,1,3,4)-2(0,3,6)
#8: 6-3(6)-0(3,6)-1(0,3,6)-4(0,1,3,6)-5(0,1,3,4)-2(0,3,6)
#9: 6-4(6)-0(4,6)-3(0,4,6)-1(0,3,4,6)-5(0,1,3,4)-2(0,3,6)
#10: 5-0(5)-3(0,5)-1(0,3,5)-4(0,1,3,5)-6(0,1,3,4)-2(0,3,6)
#11: 5-1(5)-0(1,5)-3(0,1,5)-4(0,1,3,5)-6(0,1,3,4)-2(0,3,6)
#12: 5-3(5)-0(3,5)-1(0,3,5)-4(0,1,3,5)-6(0,1,3,4)-2(0,3,6)
#13: 5-4(5)-0(4,5)-3(0,4,5)-1(0,3,4,5)-6(0,1,3,4)-2(0,3,6)
#14: 2-0(2)-3(0,2)-6(0,2,3)-1(0,3,6)-4(0,1,3,6)-5(0,1,3,4)
#15: 2-3(2)-0(2,3)-6(0,2,3)-1(0,3,6)-4(0,1,3,6)-5(0,1,3,4)
#16: 2-6(2)-0(2,6)-3(0,2,6)-1(0,3,6)-4(0,1,3,6)-5(0,1,3,4)

Preprocessing: 4.399ms
--------- Incremental Matching --------
auto_tuning off:0
use 8 threads for incresemental matching 
Start with 4285124 Update
Incremental Matching: 16229.1ms
0 vertex updates.
4285124 edge updates.
6390 unsafe updates.
113632557 positive matches.
0 negative matches.

# edges in index in total: 0
# vertices in index in total: 0
Peak Virtual Memory: 2308868 KB

----------------- End -----------------
