----------- Loading graphs ------------
# vertices = 8
# edges = 20
# vertices = 4847571
# edges = 38566113
Load Graphs: 42878.2ms
------------ Preprocessing ------------
matching order: 
-vertex(backward neighbors)-
#0: 1-2(1)-3(1,2)-5(1,2,3)-7(1,2,5)-0(1,2,3,7)-6(1,3,5,7)-4(1,2,3)
#1: 3-1(3)-2(1,3)-5(1,2,3)-7(1,2,5)-0(1,2,3,7)-6(1,3,5,7)-4(1,2,3)
#2: 3-2(3)-1(2,3)-5(1,2,3)-7(1,2,5)-0(1,2,3,7)-6(1,3,5,7)-4(1,2,3)
#3: 5-1(5)-2(1,5)-3(1,2,5)-7(1,2,5)-0(1,2,3,7)-6(1,3,5,7)-4(1,2,3)
#4: 5-2(5)-1(2,5)-3(1,2,5)-7(1,2,5)-0(1,2,3,7)-6(1,3,5,7)-4(1,2,3)
#5: 5-3(5)-1(3,5)-2(1,3,5)-7(1,2,5)-0(1,2,3,7)-6(1,3,5,7)-4(1,2,3)
#6: 7-1(7)-2(1,7)-5(1,2,7)-3(1,2,5)-0(1,2,3,7)-6(1,3,5,7)-4(1,2,3)
#7: 7-2(7)-1(2,7)-5(1,2,7)-3(1,2,5)-0(1,2,3,7)-6(1,3,5,7)-4(1,2,3)
#8: 7-5(7)-1(5,7)-2(1,5,7)-3(1,2,5)-0(1,2,3,7)-6(1,3,5,7)-4(1,2,3)
#9: 0-1(0)-2(0,1)-3(0,1,2)-5(1,2,3)-7(0,1,2,5)-6(1,3,5,7)-4(1,2,3)
#10: 0-2(0)-1(0,2)-3(0,1,2)-5(1,2,3)-7(0,1,2,5)-6(1,3,5,7)-4(1,2,3)
#11: 0-3(0)-1(0,3)-2(0,1,3)-5(1,2,3)-7(0,1,2,5)-6(1,3,5,7)-4(1,2,3)
#12: 0-7(0)-1(0,7)-2(0,1,7)-3(0,1,2)-5(1,2,3,7)-6(1,3,5,7)-4(1,2,3)
#13: 6-1(6)-3(1,6)-5(1,3,6)-2(1,3,5)-7(1,2,5,6)-0(1,2,3,7)-4(1,2,3)
#14: 6-3(6)-1(3,6)-5(1,3,6)-2(1,3,5)-7(1,2,5,6)-0(1,2,3,7)-4(1,2,3)
#15: 6-5(6)-1(5,6)-3(1,5,6)-2(1,3,5)-7(1,2,5,6)-0(1,2,3,7)-4(1,2,3)
#16: 6-7(6)-1(6,7)-5(1,6,7)-2(1,5,7)-3(1,2,5,6)-0(1,2,3,7)-4(1,2,3)
#17: 4-1(4)-2(1,4)-3(1,2,4)-5(1,2,3)-7(1,2,5)-0(1,2,3,7)-6(1,3,5,7)
#18: 4-2(4)-1(2,4)-3(1,2,4)-5(1,2,3)-7(1,2,5)-0(1,2,3,7)-6(1,3,5,7)
#19: 4-3(4)-1(3,4)-2(1,3,4)-5(1,2,3)-7(1,2,5)-0(1,2,3,7)-6(1,3,5,7)

Preprocessing: 0.597ms
--------- Incremental Matching --------
auto_tuning off:0
use 1 threads for incresemental matching 
Start with 4285124 Update
